192.168.0.2 - - [08/Dec/2024:22:58:50 +0000] "GET /api/v1/login HTTP/1.1" 400 2736 "https://vasquez-jones.com" "Mozilla/5.0 (Windows NT 10.0; Win64; x64) AppleWebKit/537.36 (KHTML, like Gecko) Chrome/89.0.4389.82 Safari/537.36" "203.220.142.91"
192.168.0.1 - - [08/Dec/2024:22:58:50 +0000] "GET /api/v1/status HTTP/1.1" 400 1650 "https://lam.net" "Mozilla/5.0 (Windows NT 10.0; Win64; x64) AppleWebKit/537.36 (KHTML, like Gecko) Chrome/90.0.4430.85 Safari/537.36" "192.107.120.222"
192.168.0.1 - - [14/Nov/2024:22:58:50 +0000] "GET /api/v1/login HTTP/1.1" 301 230 "https://brock.com" "Mozilla/5.0 (Windows NT 10.0; Win64; x64) AppleWebKit/537.36 (KHTML, like Gecko) Chrome/89.0.4389.82 Safari/537.36" "47.64.119.95"
192.168.0.1 - - [10/Nov/2024:22:58:50 +0000] "GET /api/v1/data HTTP/1.1" 500 3497 "https://jones-chan.info" "Mozilla/5.0 (Windows NT 10.0; Win64; x64) AppleWebKit/537.36 (KHTML, like Gecko) Chrome/89.0.4389.82 Safari/537.36" "72.106.6.98"
192.168.0.2 - - [01/Dec/2024:22:58:50 +0000] "GET /api/v1/user HTTP/1.1" 404 1070 "https://frazier.net" "Mozilla/5.0 (Windows NT 10.0; Win64; x64) AppleWebKit/537.36 (KHTML, like Gecko) Chrome/89.0.4389.82 Safari/537.36" "203.63.164.56"
192.168.0.3 - - [02/Dec/2024:22:58:50 +0000] "GET /api/v1/user HTTP/1.1" 401 3688 "https://carrillo-mccarthy.info" "Mozilla/5.0 (Windows NT 6.1; WOW64; rv:33.0) Gecko/20100101 Firefox/33.0" "39.12.168.23"
192.168.0.1 - - [28/Nov/2024:22:58:50 +0000] "GET /api/v1/data HTTP/1.1" 401 4928 "https://torres-nolan.info" "Mozilla/5.0 (Windows NT 6.1; WOW64; rv:33.0) Gecko/20100101 Firefox/33.0" "205.86.184.204"
192.168.0.1 - - [24/Nov/2024:22:58:50 +0000] "GET /api/v1/status HTTP/1.1" 400 4349 "https://jackson-keith.com" "Mozilla/5.0 (Windows NT 10.0; Win64; x64) AppleWebKit/537.36 (KHTML, like Gecko) Chrome/89.0.4389.82 Safari/537.36" "98.62.29.75"
192.168.0.3 - - [20/Nov/2024:22:58:50 +0000] "GET /api/v1/resource HTTP/1.1" 404 1177 "https://harris-coleman.info" "Mozilla/5.0 (Windows NT 10.0; Win64; x64) AppleWebKit/537.36 (KHTML, like Gecko) Chrome/90.0.4430.85 Safari/537.36" "210.252.89.48"
192.168.0.1 - - [24/Nov/2024:22:58:50 +0000] "GET /api/v1/resource HTTP/1.1" 301 316 "https://mason.com" "Mozilla/5.0 (Windows NT 10.0; Win64; x64) AppleWebKit/537.36 (KHTML, like Gecko) Chrome/90.0.4430.85 Safari/537.36" "130.192.234.255"
192.168.0.1 - - [29/Nov/2024:22:58:50 +0000] "GET /api/v1/user HTTP/1.1" 301 275 "https://roberts.com" "Mozilla/5.0 (Windows NT 6.1; WOW64; rv:33.0) Gecko/20100101 Firefox/33.0" "85.36.229.65"
192.168.0.2 - - [08/Dec/2024:22:58:50 +0000] "GET /api/v1/data HTTP/1.1" 200 2526 "https://jackson.com" "Mozilla/5.0 (Windows NT 10.0; Win64; x64) AppleWebKit/537.36 (KHTML, like Gecko) Chrome/90.0.4430.85 Safari/537.36" "99.20.235.173"
192.168.0.1 - - [10/Nov/2024:22:58:50 +0000] "GET /api/v1/login HTTP/1.1" 500 1493 "https://elliott-hernandez.com" "Mozilla/5.0 (Windows NT 10.0; Win64; x64) AppleWebKit/537.36 (KHTML, like Gecko) Chrome/90.0.4430.85 Safari/537.36" "79.232.209.85"
192.168.0.3 - - [15/Nov/2024:22:58:50 +0000] "GET /api/v1/resource HTTP/1.1" 500 4315 "https://williams-nguyen.com" "Mozilla/5.0 (Windows NT 6.1; WOW64; rv:33.0) Gecko/20100101 Firefox/33.0" "63.54.203.83"
192.168.0.2 - - [22/Nov/2024:22:58:50 +0000] "GET /api/v1/user HTTP/1.1" 401 4588 "https://wilkins.com" "Mozilla/5.0 (Windows NT 10.0; Win64; x64) AppleWebKit/537.36 (KHTML, like Gecko) Chrome/90.0.4430.85 Safari/537.36" "160.250.4.32"
192.168.0.1 - - [08/Nov/2024:22:58:50 +0000] "GET /api/v1/data HTTP/1.1" 500 1920 "https://hernandez-glenn.com" "Mozilla/5.0 (Windows NT 6.1; WOW64; rv:33.0) Gecko/20100101 Firefox/33.0" "168.71.144.128"
192.168.0.2 - - [13/Nov/2024:22:58:50 +0000] "GET /api/v1/status HTTP/1.1" 301 977 "https://rhodes.com" "Mozilla/5.0 (Windows NT 10.0; Win64; x64) AppleWebKit/537.36 (KHTML, like Gecko) Chrome/89.0.4389.82 Safari/537.36" "9.82.17.121"
192.168.0.2 - - [26/Nov/2024:22:58:50 +0000] "GET /api/v1/login HTTP/1.1" 200 3710 "https://stafford.net" "Mozilla/5.0 (Windows NT 10.0; Win64; x64) AppleWebKit/537.36 (KHTML, like Gecko) Chrome/89.0.4389.82 Safari/537.36" "184.125.226.50"
192.168.0.1 - - [11/Nov/2024:22:58:50 +0000] "GET /api/v1/status HTTP/1.1" 400 3731 "https://webb-galloway.com" "Mozilla/5.0 (Windows NT 10.0; Win64; x64) AppleWebKit/537.36 (KHTML, like Gecko) Chrome/89.0.4389.82 Safari/537.36" "113.198.212.90"
192.168.0.1 - - [22/Nov/2024:22:58:50 +0000] "GET /api/v1/login HTTP/1.1" 400 4718 "https://martin.info" "Mozilla/5.0 (Windows NT 6.1; WOW64; rv:33.0) Gecko/20100101 Firefox/33.0" "167.83.246.42"
192.168.0.3 - - [08/Dec/2024:22:58:50 +0000] "GET /api/v1/data HTTP/1.1" 401 1028 "https://martinez-williams.com" "Mozilla/5.0 (Windows NT 10.0; Win64; x64) AppleWebKit/537.36 (KHTML, like Gecko) Chrome/89.0.4389.82 Safari/537.36" "91.180.157.188"
192.168.0.3 - - [30/Nov/2024:22:58:50 +0000] "GET /api/v1/user HTTP/1.1" 401 3422 "https://cooper-rice.net" "Mozilla/5.0 (Windows NT 6.1; WOW64; rv:33.0) Gecko/20100101 Firefox/33.0" "8.53.161.187"
192.168.0.1 - - [18/Nov/2024:22:58:50 +0000] "GET /api/v1/user HTTP/1.1" 200 1272 "https://olson.com" "Mozilla/5.0 (Windows NT 10.0; Win64; x64) AppleWebKit/537.36 (KHTML, like Gecko) Chrome/89.0.4389.82 Safari/537.36" "20.57.12.169"
192.168.0.2 - - [21/Nov/2024:22:58:50 +0000] "GET /api/v1/status HTTP/1.1" 401 2270 "https://hughes.com" "Mozilla/5.0 (Windows NT 10.0; Win64; x64) AppleWebKit/537.36 (KHTML, like Gecko) Chrome/89.0.4389.82 Safari/537.36" "120.53.47.68"
192.168.0.3 - - [04/Dec/2024:22:58:50 +0000] "GET /api/v1/data HTTP/1.1" 400 4813 "https://cummings.com" "Mozilla/5.0 (Windows NT 6.1; WOW64; rv:33.0) Gecko/20100101 Firefox/33.0" "54.50.116.254"
192.168.0.2 - - [17/Nov/2024:22:58:50 +0000] "GET /api/v1/login HTTP/1.1" 401 723 "https://cooke-rangel.com" "Mozilla/5.0 (Windows NT 6.1; WOW64; rv:33.0) Gecko/20100101 Firefox/33.0" "57.58.129.194"
192.168.0.1 - - [01/Dec/2024:22:58:50 +0000] "GET /api/v1/user HTTP/1.1" 500 4355 "https://mckay.com" "Mozilla/5.0 (Windows NT 10.0; Win64; x64) AppleWebKit/537.36 (KHTML, like Gecko) Chrome/90.0.4430.85 Safari/537.36" "181.62.223.112"
192.168.0.1 - - [15/Nov/2024:22:58:50 +0000] "GET /api/v1/resource HTTP/1.1" 200 2934 "https://gibson.biz" "Mozilla/5.0 (Windows NT 10.0; Win64; x64) AppleWebKit/537.36 (KHTML, like Gecko) Chrome/90.0.4430.85 Safari/537.36" "122.91.190.7"
192.168.0.1 - - [13/Nov/2024:22:58:50 +0000] "GET /api/v1/status HTTP/1.1" 401 2976 "https://stewart.com" "Mozilla/5.0 (Windows NT 6.1; WOW64; rv:33.0) Gecko/20100101 Firefox/33.0" "159.207.204.103"
192.168.0.3 - - [26/Nov/2024:22:58:50 +0000] "GET /api/v1/resource HTTP/1.1" 400 1019 "https://smith.com" "Mozilla/5.0 (Windows NT 10.0; Win64; x64) AppleWebKit/537.36 (KHTML, like Gecko) Chrome/90.0.4430.85 Safari/537.36" "83.116.237.44"
192.168.0.3 - - [07/Dec/2024:22:58:50 +0000] "GET /api/v1/login HTTP/1.1" 200 4705 "https://mitchell.com" "Mozilla/5.0 (Windows NT 10.0; Win64; x64) AppleWebKit/537.36 (KHTML, like Gecko) Chrome/90.0.4430.85 Safari/537.36" "120.29.99.187"
192.168.0.2 - - [08/Nov/2024:22:58:50 +0000] "GET /api/v1/resource HTTP/1.1" 500 2600 "https://jordan.com" "Mozilla/5.0 (Windows NT 10.0; Win64; x64) AppleWebKit/537.36 (KHTML, like Gecko) Chrome/89.0.4389.82 Safari/537.36" "54.235.86.191"
192.168.0.2 - - [25/Nov/2024:22:58:50 +0000] "GET /api/v1/data HTTP/1.1" 200 309 "https://randall-nguyen.info" "Mozilla/5.0 (Windows NT 6.1; WOW64; rv:33.0) Gecko/20100101 Firefox/33.0" "153.235.233.0"
192.168.0.1 - - [28/Nov/2024:22:58:50 +0000] "GET /api/v1/login HTTP/1.1" 404 2003 "https://smith.info" "Mozilla/5.0 (Windows NT 10.0; Win64; x64) AppleWebKit/537.36 (KHTML, like Gecko) Chrome/90.0.4430.85 Safari/537.36" "162.211.99.145"
192.168.0.1 - - [19/Nov/2024:22:58:50 +0000] "GET /api/v1/resource HTTP/1.1" 401 424 "https://mcgee-richard.biz" "Mozilla/5.0 (Windows NT 10.0; Win64; x64) AppleWebKit/537.36 (KHTML, like Gecko) Chrome/90.0.4430.85 Safari/537.36" "62.47.33.179"
192.168.0.1 - - [19/Nov/2024:22:58:50 +0000] "GET /api/v1/resource HTTP/1.1" 401 933 "https://oconnell.biz" "Mozilla/5.0 (Windows NT 6.1; WOW64; rv:33.0) Gecko/20100101 Firefox/33.0" "103.159.167.119"
192.168.0.3 - - [24/Nov/2024:22:58:50 +0000] "GET /api/v1/data HTTP/1.1" 404 3005 "https://forbes-marshall.com" "Mozilla/5.0 (Windows NT 6.1; WOW64; rv:33.0) Gecko/20100101 Firefox/33.0" "21.249.127.245"
192.168.0.1 - - [16/Nov/2024:22:58:50 +0000] "GET /api/v1/user HTTP/1.1" 500 4476 "https://patrick-lee.com" "Mozilla/5.0 (Windows NT 10.0; Win64; x64) AppleWebKit/537.36 (KHTML, like Gecko) Chrome/90.0.4430.85 Safari/537.36" "108.181.36.50"
192.168.0.2 - - [29/Nov/2024:22:58:50 +0000] "GET /api/v1/data HTTP/1.1" 500 143 "https://bailey.org" "Mozilla/5.0 (Windows NT 10.0; Win64; x64) AppleWebKit/537.36 (KHTML, like Gecko) Chrome/89.0.4389.82 Safari/537.36" "126.111.110.193"
192.168.0.3 - - [13/Nov/2024:22:58:50 +0000] "GET /api/v1/data HTTP/1.1" 500 4891 "https://garcia.info" "Mozilla/5.0 (Windows NT 10.0; Win64; x64) AppleWebKit/537.36 (KHTML, like Gecko) Chrome/89.0.4389.82 Safari/537.36" "197.196.134.181"
192.168.0.3 - - [04/Dec/2024:22:58:50 +0000] "GET /api/v1/user HTTP/1.1" 404 3339 "https://chavez.com" "Mozilla/5.0 (Windows NT 10.0; Win64; x64) AppleWebKit/537.36 (KHTML, like Gecko) Chrome/90.0.4430.85 Safari/537.36" "218.49.217.23"
192.168.0.2 - - [13/Nov/2024:22:58:50 +0000] "GET /api/v1/resource HTTP/1.1" 500 3760 "https://washington.biz" "Mozilla/5.0 (Windows NT 10.0; Win64; x64) AppleWebKit/537.36 (KHTML, like Gecko) Chrome/90.0.4430.85 Safari/537.36" "124.247.105.161"
192.168.0.1 - - [27/Nov/2024:22:58:50 +0000] "GET /api/v1/resource HTTP/1.1" 200 2755 "https://castro.com" "Mozilla/5.0 (Windows NT 10.0; Win64; x64) AppleWebKit/537.36 (KHTML, like Gecko) Chrome/89.0.4389.82 Safari/537.36" "120.76.226.121"
192.168.0.2 - - [13/Nov/2024:22:58:50 +0000] "GET /api/v1/status HTTP/1.1" 500 1325 "https://cervantes.com" "Mozilla/5.0 (Windows NT 10.0; Win64; x64) AppleWebKit/537.36 (KHTML, like Gecko) Chrome/89.0.4389.82 Safari/537.36" "155.179.110.109"
192.168.0.1 - - [14/Nov/2024:22:58:50 +0000] "GET /api/v1/data HTTP/1.1" 200 2712 "https://clark-powell.com" "Mozilla/5.0 (Windows NT 10.0; Win64; x64) AppleWebKit/537.36 (KHTML, like Gecko) Chrome/90.0.4430.85 Safari/537.36" "179.228.227.162"
192.168.0.1 - - [23/Nov/2024:22:58:50 +0000] "GET /api/v1/data HTTP/1.1" 404 1230 "https://andrews.com" "Mozilla/5.0 (Windows NT 6.1; WOW64; rv:33.0) Gecko/20100101 Firefox/33.0" "208.81.242.215"
192.168.0.1 - - [05/Dec/2024:22:58:50 +0000] "GET /api/v1/data HTTP/1.1" 404 1446 "https://gonzalez-gross.net" "Mozilla/5.0 (Windows NT 10.0; Win64; x64) AppleWebKit/537.36 (KHTML, like Gecko) Chrome/89.0.4389.82 Safari/537.36" "5.98.212.197"
192.168.0.1 - - [20/Nov/2024:22:58:50 +0000] "GET /api/v1/login HTTP/1.1" 500 3285 "https://williams-lara.com" "Mozilla/5.0 (Windows NT 10.0; Win64; x64) AppleWebKit/537.36 (KHTML, like Gecko) Chrome/89.0.4389.82 Safari/537.36" "177.255.128.237"
192.168.0.1 - - [15/Nov/2024:22:58:50 +0000] "GET /api/v1/resource HTTP/1.1" 200 3036 "https://daniel.com" "Mozilla/5.0 (Windows NT 10.0; Win64; x64) AppleWebKit/537.36 (KHTML, like Gecko) Chrome/90.0.4430.85 Safari/537.36" "12.116.43.193"
192.168.0.2 - - [15/Nov/2024:22:58:50 +0000] "GET /api/v1/resource HTTP/1.1" 400 697 "https://gonzales-christensen.net" "Mozilla/5.0 (Windows NT 6.1; WOW64; rv:33.0) Gecko/20100101 Firefox/33.0" "146.11.35.156"
192.168.0.3 - - [07/Dec/2024:22:58:50 +0000] "GET /api/v1/login HTTP/1.1" 401 2652 "https://cruz-torres.net" "Mozilla/5.0 (Windows NT 10.0; Win64; x64) AppleWebKit/537.36 (KHTML, like Gecko) Chrome/89.0.4389.82 Safari/537.36" "134.158.131.92"
192.168.0.3 - - [05/Dec/2024:22:58:50 +0000] "GET /api/v1/login HTTP/1.1" 200 3423 "https://shelton.com" "Mozilla/5.0 (Windows NT 6.1; WOW64; rv:33.0) Gecko/20100101 Firefox/33.0" "165.17.239.254"
192.168.0.3 - - [01/Dec/2024:22:58:50 +0000] "GET /api/v1/data HTTP/1.1" 301 4475 "https://chapman-wilcox.com" "Mozilla/5.0 (Windows NT 10.0; Win64; x64) AppleWebKit/537.36 (KHTML, like Gecko) Chrome/89.0.4389.82 Safari/537.36" "82.16.145.155"
192.168.0.3 - - [01/Dec/2024:22:58:50 +0000] "GET /api/v1/status HTTP/1.1" 401 2284 "https://calderon.info" "Mozilla/5.0 (Windows NT 10.0; Win64; x64) AppleWebKit/537.36 (KHTML, like Gecko) Chrome/90.0.4430.85 Safari/537.36" "50.86.73.217"
192.168.0.2 - - [09/Nov/2024:22:58:50 +0000] "GET /api/v1/resource HTTP/1.1" 404 144 "https://sullivan.biz" "Mozilla/5.0 (Windows NT 10.0; Win64; x64) AppleWebKit/537.36 (KHTML, like Gecko) Chrome/89.0.4389.82 Safari/537.36" "72.154.176.58"
192.168.0.1 - - [20/Nov/2024:22:58:50 +0000] "GET /api/v1/data HTTP/1.1" 400 764 "https://kaiser.org" "Mozilla/5.0 (Windows NT 6.1; WOW64; rv:33.0) Gecko/20100101 Firefox/33.0" "47.30.98.162"
192.168.0.1 - - [26/Nov/2024:22:58:50 +0000] "GET /api/v1/data HTTP/1.1" 301 1120 "https://smith.com" "Mozilla/5.0 (Windows NT 6.1; WOW64; rv:33.0) Gecko/20100101 Firefox/33.0" "63.175.55.241"
192.168.0.1 - - [23/Nov/2024:22:58:50 +0000] "GET /api/v1/user HTTP/1.1" 301 985 "https://owens.org" "Mozilla/5.0 (Windows NT 10.0; Win64; x64) AppleWebKit/537.36 (KHTML, like Gecko) Chrome/89.0.4389.82 Safari/537.36" "43.171.224.123"
192.168.0.1 - - [17/Nov/2024:22:58:50 +0000] "GET /api/v1/user HTTP/1.1" 301 3693 "https://wade-bautista.com" "Mozilla/5.0 (Windows NT 10.0; Win64; x64) AppleWebKit/537.36 (KHTML, like Gecko) Chrome/90.0.4430.85 Safari/537.36" "156.147.93.78"
192.168.0.3 - - [01/Dec/2024:22:58:50 +0000] "GET /api/v1/resource HTTP/1.1" 500 784 "https://heath.info" "Mozilla/5.0 (Windows NT 10.0; Win64; x64) AppleWebKit/537.36 (KHTML, like Gecko) Chrome/90.0.4430.85 Safari/537.36" "154.251.196.12"
192.168.0.1 - - [17/Nov/2024:22:58:50 +0000] "GET /api/v1/status HTTP/1.1" 400 2957 "https://vaughn.info" "Mozilla/5.0 (Windows NT 10.0; Win64; x64) AppleWebKit/537.36 (KHTML, like Gecko) Chrome/89.0.4389.82 Safari/537.36" "218.212.172.164"
192.168.0.3 - - [14/Nov/2024:22:58:50 +0000] "GET /api/v1/user HTTP/1.1" 200 3203 "https://shelton.com" "Mozilla/5.0 (Windows NT 10.0; Win64; x64) AppleWebKit/537.36 (KHTML, like Gecko) Chrome/90.0.4430.85 Safari/537.36" "7.126.255.193"
192.168.0.2 - - [02/Dec/2024:22:58:50 +0000] "GET /api/v1/status HTTP/1.1" 401 4913 "https://allen.net" "Mozilla/5.0 (Windows NT 10.0; Win64; x64) AppleWebKit/537.36 (KHTML, like Gecko) Chrome/89.0.4389.82 Safari/537.36" "145.193.88.235"
192.168.0.2 - - [28/Nov/2024:22:58:50 +0000] "GET /api/v1/login HTTP/1.1" 301 1746 "https://rose.com" "Mozilla/5.0 (Windows NT 10.0; Win64; x64) AppleWebKit/537.36 (KHTML, like Gecko) Chrome/90.0.4430.85 Safari/537.36" "6.17.238.227"
192.168.0.2 - - [08/Nov/2024:22:58:50 +0000] "GET /api/v1/status HTTP/1.1" 200 1969 "https://powell-white.biz" "Mozilla/5.0 (Windows NT 6.1; WOW64; rv:33.0) Gecko/20100101 Firefox/33.0" "53.89.71.64"
192.168.0.3 - - [12/Nov/2024:22:58:50 +0000] "GET /api/v1/resource HTTP/1.1" 404 2593 "https://harper.com" "Mozilla/5.0 (Windows NT 10.0; Win64; x64) AppleWebKit/537.36 (KHTML, like Gecko) Chrome/89.0.4389.82 Safari/537.36" "48.17.104.154"
192.168.0.1 - - [08/Nov/2024:22:58:50 +0000] "GET /api/v1/user HTTP/1.1" 404 2824 "https://austin.net" "Mozilla/5.0 (Windows NT 6.1; WOW64; rv:33.0) Gecko/20100101 Firefox/33.0" "140.181.45.175"
192.168.0.1 - - [05/Dec/2024:22:58:50 +0000] "GET /api/v1/user HTTP/1.1" 200 3109 "https://good.com" "Mozilla/5.0 (Windows NT 10.0; Win64; x64) AppleWebKit/537.36 (KHTML, like Gecko) Chrome/89.0.4389.82 Safari/537.36" "9.232.53.128"
192.168.0.2 - - [08/Dec/2024:22:58:50 +0000] "GET /api/v1/data HTTP/1.1" 200 3518 "https://wilkinson-ayers.net" "Mozilla/5.0 (Windows NT 10.0; Win64; x64) AppleWebKit/537.36 (KHTML, like Gecko) Chrome/89.0.4389.82 Safari/537.36" "137.205.253.117"
192.168.0.2 - - [04/Dec/2024:22:58:50 +0000] "GET /api/v1/user HTTP/1.1" 500 1523 "https://ortiz-stewart.biz" "Mozilla/5.0 (Windows NT 6.1; WOW64; rv:33.0) Gecko/20100101 Firefox/33.0" "44.16.146.97"
192.168.0.3 - - [10/Nov/2024:22:58:50 +0000] "GET /api/v1/resource HTTP/1.1" 404 2358 "https://hale-moore.com" "Mozilla/5.0 (Windows NT 10.0; Win64; x64) AppleWebKit/537.36 (KHTML, like Gecko) Chrome/90.0.4430.85 Safari/537.36" "53.170.4.145"
192.168.0.1 - - [10/Nov/2024:22:58:50 +0000] "GET /api/v1/resource HTTP/1.1" 200 2619 "https://taylor.com" "Mozilla/5.0 (Windows NT 10.0; Win64; x64) AppleWebKit/537.36 (KHTML, like Gecko) Chrome/89.0.4389.82 Safari/537.36" "155.100.239.159"
192.168.0.1 - - [24/Nov/2024:22:58:50 +0000] "GET /api/v1/data HTTP/1.1" 500 664 "https://williams-moore.com" "Mozilla/5.0 (Windows NT 6.1; WOW64; rv:33.0) Gecko/20100101 Firefox/33.0" "201.81.29.123"
192.168.0.3 - - [28/Nov/2024:22:58:50 +0000] "GET /api/v1/resource HTTP/1.1" 301 3133 "https://wallace.com" "Mozilla/5.0 (Windows NT 10.0; Win64; x64) AppleWebKit/537.36 (KHTML, like Gecko) Chrome/90.0.4430.85 Safari/537.36" "83.72.253.252"
192.168.0.2 - - [13/Nov/2024:22:58:50 +0000] "GET /api/v1/login HTTP/1.1" 500 2142 "https://mendoza-simpson.com" "Mozilla/5.0 (Windows NT 10.0; Win64; x64) AppleWebKit/537.36 (KHTML, like Gecko) Chrome/90.0.4430.85 Safari/537.36" "93.21.40.51"
192.168.0.3 - - [23/Nov/2024:22:58:50 +0000] "GET /api/v1/status HTTP/1.1" 404 2838 "https://lopez.com" "Mozilla/5.0 (Windows NT 10.0; Win64; x64) AppleWebKit/537.36 (KHTML, like Gecko) Chrome/90.0.4430.85 Safari/537.36" "71.229.143.216"
192.168.0.3 - - [22/Nov/2024:22:58:50 +0000] "GET /api/v1/data HTTP/1.1" 301 4537 "https://west.net" "Mozilla/5.0 (Windows NT 6.1; WOW64; rv:33.0) Gecko/20100101 Firefox/33.0" "25.229.231.223"
192.168.0.2 - - [26/Nov/2024:22:58:50 +0000] "GET /api/v1/data HTTP/1.1" 500 1328 "https://norris.org" "Mozilla/5.0 (Windows NT 6.1; WOW64; rv:33.0) Gecko/20100101 Firefox/33.0" "52.129.52.39"
192.168.0.2 - - [19/Nov/2024:22:58:50 +0000] "GET /api/v1/user HTTP/1.1" 400 2765 "https://scott.com" "Mozilla/5.0 (Windows NT 10.0; Win64; x64) AppleWebKit/537.36 (KHTML, like Gecko) Chrome/89.0.4389.82 Safari/537.36" "58.19.191.94"
192.168.0.3 - - [09/Nov/2024:22:58:50 +0000] "GET /api/v1/login HTTP/1.1" 301 4682 "https://glover.info" "Mozilla/5.0 (Windows NT 10.0; Win64; x64) AppleWebKit/537.36 (KHTML, like Gecko) Chrome/90.0.4430.85 Safari/537.36" "218.187.55.98"
192.168.0.1 - - [23/Nov/2024:22:58:50 +0000] "GET /api/v1/user HTTP/1.1" 400 3454 "https://martinez.com" "Mozilla/5.0 (Windows NT 10.0; Win64; x64) AppleWebKit/537.36 (KHTML, like Gecko) Chrome/89.0.4389.82 Safari/537.36" "139.223.144.110"
192.168.0.2 - - [23/Nov/2024:22:58:50 +0000] "GET /api/v1/resource HTTP/1.1" 301 2909 "https://little-huff.com" "Mozilla/5.0 (Windows NT 10.0; Win64; x64) AppleWebKit/537.36 (KHTML, like Gecko) Chrome/90.0.4430.85 Safari/537.36" "134.13.195.106"
192.168.0.1 - - [07/Dec/2024:22:58:50 +0000] "GET /api/v1/status HTTP/1.1" 500 2694 "https://stone.info" "Mozilla/5.0 (Windows NT 10.0; Win64; x64) AppleWebKit/537.36 (KHTML, like Gecko) Chrome/89.0.4389.82 Safari/537.36" "32.200.58.203"
192.168.0.1 - - [08/Dec/2024:22:58:50 +0000] "GET /api/v1/status HTTP/1.1" 400 936 "https://meyers.net" "Mozilla/5.0 (Windows NT 10.0; Win64; x64) AppleWebKit/537.36 (KHTML, like Gecko) Chrome/90.0.4430.85 Safari/537.36" "191.247.170.181"
192.168.0.3 - - [05/Dec/2024:22:58:50 +0000] "GET /api/v1/login HTTP/1.1" 200 4362 "https://riley-parker.com" "Mozilla/5.0 (Windows NT 6.1; WOW64; rv:33.0) Gecko/20100101 Firefox/33.0" "157.15.168.253"
192.168.0.2 - - [08/Dec/2024:22:58:50 +0000] "GET /api/v1/resource HTTP/1.1" 200 293 "https://warner.biz" "Mozilla/5.0 (Windows NT 10.0; Win64; x64) AppleWebKit/537.36 (KHTML, like Gecko) Chrome/90.0.4430.85 Safari/537.36" "208.196.130.32"
192.168.0.2 - - [10/Nov/2024:22:58:50 +0000] "GET /api/v1/resource HTTP/1.1" 301 592 "https://ramos.com" "Mozilla/5.0 (Windows NT 10.0; Win64; x64) AppleWebKit/537.36 (KHTML, like Gecko) Chrome/90.0.4430.85 Safari/537.36" "174.60.175.189"
192.168.0.3 - - [08/Dec/2024:22:58:50 +0000] "GET /api/v1/data HTTP/1.1" 404 1793 "https://hill-perez.com" "Mozilla/5.0 (Windows NT 10.0; Win64; x64) AppleWebKit/537.36 (KHTML, like Gecko) Chrome/90.0.4430.85 Safari/537.36" "48.174.160.36"
192.168.0.1 - - [17/Nov/2024:22:58:50 +0000] "GET /api/v1/resource HTTP/1.1" 200 4043 "https://huerta.com" "Mozilla/5.0 (Windows NT 6.1; WOW64; rv:33.0) Gecko/20100101 Firefox/33.0" "45.40.139.41"
192.168.0.3 - - [15/Nov/2024:22:58:50 +0000] "GET /api/v1/status HTTP/1.1" 500 3213 "https://daniels.com" "Mozilla/5.0 (Windows NT 10.0; Win64; x64) AppleWebKit/537.36 (KHTML, like Gecko) Chrome/89.0.4389.82 Safari/537.36" "155.168.232.255"
192.168.0.3 - - [02/Dec/2024:22:58:50 +0000] "GET /api/v1/resource HTTP/1.1" 401 801 "https://mccarty.com" "Mozilla/5.0 (Windows NT 10.0; Win64; x64) AppleWebKit/537.36 (KHTML, like Gecko) Chrome/89.0.4389.82 Safari/537.36" "164.67.102.176"
192.168.0.1 - - [21/Nov/2024:22:58:50 +0000] "GET /api/v1/data HTTP/1.1" 404 3231 "https://boyd.com" "Mozilla/5.0 (Windows NT 10.0; Win64; x64) AppleWebKit/537.36 (KHTML, like Gecko) Chrome/90.0.4430.85 Safari/537.36" "29.166.16.75"
192.168.0.2 - - [02/Dec/2024:22:58:50 +0000] "GET /api/v1/resource HTTP/1.1" 301 2627 "https://joseph.biz" "Mozilla/5.0 (Windows NT 10.0; Win64; x64) AppleWebKit/537.36 (KHTML, like Gecko) Chrome/90.0.4430.85 Safari/537.36" "54.75.147.109"
192.168.0.1 - - [28/Nov/2024:22:58:50 +0000] "GET /api/v1/resource HTTP/1.1" 401 3743 "https://richardson-lewis.org" "Mozilla/5.0 (Windows NT 6.1; WOW64; rv:33.0) Gecko/20100101 Firefox/33.0" "96.84.38.122"
192.168.0.3 - - [01/Dec/2024:22:58:50 +0000] "GET /api/v1/status HTTP/1.1" 301 285 "https://silva.com" "Mozilla/5.0 (Windows NT 10.0; Win64; x64) AppleWebKit/537.36 (KHTML, like Gecko) Chrome/89.0.4389.82 Safari/537.36" "103.6.65.252"
192.168.0.2 - - [06/Dec/2024:22:58:50 +0000] "GET /api/v1/status HTTP/1.1" 400 4980 "https://brown.org" "Mozilla/5.0 (Windows NT 10.0; Win64; x64) AppleWebKit/537.36 (KHTML, like Gecko) Chrome/90.0.4430.85 Safari/537.36" "6.205.180.10"
192.168.0.3 - - [13/Nov/2024:22:58:50 +0000] "GET /api/v1/login HTTP/1.1" 401 630 "https://cruz-mills.com" "Mozilla/5.0 (Windows NT 6.1; WOW64; rv:33.0) Gecko/20100101 Firefox/33.0" "102.16.82.85"
192.168.0.3 - - [03/Dec/2024:22:58:50 +0000] "GET /api/v1/resource HTTP/1.1" 404 3745 "https://castillo.net" "Mozilla/5.0 (Windows NT 10.0; Win64; x64) AppleWebKit/537.36 (KHTML, like Gecko) Chrome/89.0.4389.82 Safari/537.36" "34.179.158.222"
192.168.0.2 - - [30/Nov/2024:22:58:50 +0000] "GET /api/v1/status HTTP/1.1" 200 1436 "https://woods.com" "Mozilla/5.0 (Windows NT 6.1; WOW64; rv:33.0) Gecko/20100101 Firefox/33.0" "56.11.124.131"
192.168.0.3 - - [13/Nov/2024:22:58:50 +0000] "GET /api/v1/status HTTP/1.1" 200 3496 "https://jones-adams.info" "Mozilla/5.0 (Windows NT 10.0; Win64; x64) AppleWebKit/537.36 (KHTML, like Gecko) Chrome/90.0.4430.85 Safari/537.36" "147.177.26.1"
192.168.0.2 - - [25/Nov/2024:22:58:50 +0000] "GET /api/v1/resource HTTP/1.1" 200 2386 "https://castillo-johnston.com" "Mozilla/5.0 (Windows NT 10.0; Win64; x64) AppleWebKit/537.36 (KHTML, like Gecko) Chrome/90.0.4430.85 Safari/537.36" "38.23.31.220"
192.168.0.2 - - [18/Nov/2024:22:58:50 +0000] "GET /api/v1/user HTTP/1.1" 200 881 "https://johnson.com" "Mozilla/5.0 (Windows NT 10.0; Win64; x64) AppleWebKit/537.36 (KHTML, like Gecko) Chrome/90.0.4430.85 Safari/537.36" "196.53.23.240"
192.168.0.3 - - [02/Dec/2024:22:58:50 +0000] "GET /api/v1/resource HTTP/1.1" 301 405 "https://johnson.net" "Mozilla/5.0 (Windows NT 10.0; Win64; x64) AppleWebKit/537.36 (KHTML, like Gecko) Chrome/89.0.4389.82 Safari/537.36" "112.211.218.225"
192.168.0.1 - - [12/Nov/2024:22:58:50 +0000] "GET /api/v1/login HTTP/1.1" 400 807 "https://paul-buchanan.biz" "Mozilla/5.0 (Windows NT 10.0; Win64; x64) AppleWebKit/537.36 (KHTML, like Gecko) Chrome/89.0.4389.82 Safari/537.36" "194.246.99.119"
192.168.0.1 - - [24/Nov/2024:22:58:50 +0000] "GET /api/v1/data HTTP/1.1" 404 1098 "https://pittman.com" "Mozilla/5.0 (Windows NT 6.1; WOW64; rv:33.0) Gecko/20100101 Firefox/33.0" "55.96.208.64"
192.168.0.1 - - [25/Nov/2024:22:58:50 +0000] "GET /api/v1/data HTTP/1.1" 404 3671 "https://jones.com" "Mozilla/5.0 (Windows NT 6.1; WOW64; rv:33.0) Gecko/20100101 Firefox/33.0" "208.34.165.19"
192.168.0.2 - - [06/Dec/2024:22:58:50 +0000] "GET /api/v1/login HTTP/1.1" 404 1683 "https://perez-weber.com" "Mozilla/5.0 (Windows NT 10.0; Win64; x64) AppleWebKit/537.36 (KHTML, like Gecko) Chrome/89.0.4389.82 Safari/537.36" "6.197.69.44"
192.168.0.2 - - [03/Dec/2024:22:58:50 +0000] "GET /api/v1/status HTTP/1.1" 200 4642 "https://montoya-davis.com" "Mozilla/5.0 (Windows NT 6.1; WOW64; rv:33.0) Gecko/20100101 Firefox/33.0" "110.232.186.77"
192.168.0.3 - - [06/Dec/2024:22:58:50 +0000] "GET /api/v1/login HTTP/1.1" 401 142 "https://garcia.info" "Mozilla/5.0 (Windows NT 10.0; Win64; x64) AppleWebKit/537.36 (KHTML, like Gecko) Chrome/90.0.4430.85 Safari/537.36" "89.114.200.231"
192.168.0.2 - - [03/Dec/2024:22:58:50 +0000] "GET /api/v1/login HTTP/1.1" 200 2838 "https://wagner.com" "Mozilla/5.0 (Windows NT 10.0; Win64; x64) AppleWebKit/537.36 (KHTML, like Gecko) Chrome/89.0.4389.82 Safari/537.36" "152.104.43.24"
192.168.0.3 - - [28/Nov/2024:22:58:50 +0000] "GET /api/v1/login HTTP/1.1" 500 3252 "https://allen.org" "Mozilla/5.0 (Windows NT 10.0; Win64; x64) AppleWebKit/537.36 (KHTML, like Gecko) Chrome/90.0.4430.85 Safari/537.36" "123.121.80.223"
192.168.0.1 - - [26/Nov/2024:22:58:50 +0000] "GET /api/v1/login HTTP/1.1" 200 1550 "https://jackson.biz" "Mozilla/5.0 (Windows NT 6.1; WOW64; rv:33.0) Gecko/20100101 Firefox/33.0" "84.58.2.149"
192.168.0.3 - - [04/Dec/2024:22:58:50 +0000] "GET /api/v1/status HTTP/1.1" 500 4959 "https://willis-turner.com" "Mozilla/5.0 (Windows NT 10.0; Win64; x64) AppleWebKit/537.36 (KHTML, like Gecko) Chrome/90.0.4430.85 Safari/537.36" "123.216.116.104"
192.168.0.1 - - [18/Nov/2024:22:58:50 +0000] "GET /api/v1/status HTTP/1.1" 404 1789 "https://russell-henderson.com" "Mozilla/5.0 (Windows NT 10.0; Win64; x64) AppleWebKit/537.36 (KHTML, like Gecko) Chrome/89.0.4389.82 Safari/537.36" "23.189.98.70"
192.168.0.3 - - [12/Nov/2024:22:58:50 +0000] "GET /api/v1/data HTTP/1.1" 404 3394 "https://irwin-ramos.biz" "Mozilla/5.0 (Windows NT 6.1; WOW64; rv:33.0) Gecko/20100101 Firefox/33.0" "174.232.249.162"
192.168.0.1 - - [10/Nov/2024:22:58:50 +0000] "GET /api/v1/resource HTTP/1.1" 301 602 "https://alexander-beck.com" "Mozilla/5.0 (Windows NT 6.1; WOW64; rv:33.0) Gecko/20100101 Firefox/33.0" "222.136.27.77"
192.168.0.2 - - [12/Nov/2024:22:58:50 +0000] "GET /api/v1/login HTTP/1.1" 404 1484 "https://arellano.org" "Mozilla/5.0 (Windows NT 10.0; Win64; x64) AppleWebKit/537.36 (KHTML, like Gecko) Chrome/90.0.4430.85 Safari/537.36" "67.127.200.125"
192.168.0.1 - - [30/Nov/2024:22:58:50 +0000] "GET /api/v1/login HTTP/1.1" 400 1307 "https://phillips-williams.biz" "Mozilla/5.0 (Windows NT 6.1; WOW64; rv:33.0) Gecko/20100101 Firefox/33.0" "155.82.147.176"
192.168.0.2 - - [08/Nov/2024:22:58:50 +0000] "GET /api/v1/data HTTP/1.1" 500 3259 "https://snyder-newton.org" "Mozilla/5.0 (Windows NT 10.0; Win64; x64) AppleWebKit/537.36 (KHTML, like Gecko) Chrome/90.0.4430.85 Safari/537.36" "45.234.130.131"
192.168.0.1 - - [22/Nov/2024:22:58:50 +0000] "GET /api/v1/user HTTP/1.1" 301 4689 "https://watson-pace.biz" "Mozilla/5.0 (Windows NT 10.0; Win64; x64) AppleWebKit/537.36 (KHTML, like Gecko) Chrome/89.0.4389.82 Safari/537.36" "111.43.119.80"
192.168.0.3 - - [15/Nov/2024:22:58:50 +0000] "GET /api/v1/status HTTP/1.1" 404 1118 "https://juarez.com" "Mozilla/5.0 (Windows NT 10.0; Win64; x64) AppleWebKit/537.36 (KHTML, like Gecko) Chrome/89.0.4389.82 Safari/537.36" "157.232.223.179"
192.168.0.3 - - [14/Nov/2024:22:58:50 +0000] "GET /api/v1/resource HTTP/1.1" 200 3919 "https://ingram-wilson.biz" "Mozilla/5.0 (Windows NT 6.1; WOW64; rv:33.0) Gecko/20100101 Firefox/33.0" "70.244.56.28"
192.168.0.1 - - [11/Nov/2024:22:58:50 +0000] "GET /api/v1/resource HTTP/1.1" 404 2226 "https://lee-abbott.info" "Mozilla/5.0 (Windows NT 10.0; Win64; x64) AppleWebKit/537.36 (KHTML, like Gecko) Chrome/89.0.4389.82 Safari/537.36" "163.190.156.207"
192.168.0.1 - - [08/Nov/2024:22:58:50 +0000] "GET /api/v1/login HTTP/1.1" 200 651 "https://kelly.com" "Mozilla/5.0 (Windows NT 10.0; Win64; x64) AppleWebKit/537.36 (KHTML, like Gecko) Chrome/89.0.4389.82 Safari/537.36" "3.145.143.221"
192.168.0.1 - - [06/Dec/2024:22:58:50 +0000] "GET /api/v1/data HTTP/1.1" 404 1411 "https://reyes.com" "Mozilla/5.0 (Windows NT 10.0; Win64; x64) AppleWebKit/537.36 (KHTML, like Gecko) Chrome/90.0.4430.85 Safari/537.36" "115.122.32.13"
192.168.0.3 - - [16/Nov/2024:22:58:50 +0000] "GET /api/v1/user HTTP/1.1" 400 1123 "https://stanton.com" "Mozilla/5.0 (Windows NT 10.0; Win64; x64) AppleWebKit/537.36 (KHTML, like Gecko) Chrome/89.0.4389.82 Safari/537.36" "140.56.199.18"
192.168.0.3 - - [24/Nov/2024:22:58:50 +0000] "GET /api/v1/data HTTP/1.1" 400 3136 "https://solomon-robertson.com" "Mozilla/5.0 (Windows NT 10.0; Win64; x64) AppleWebKit/537.36 (KHTML, like Gecko) Chrome/90.0.4430.85 Safari/537.36" "210.233.152.175"
192.168.0.2 - - [15/Nov/2024:22:58:50 +0000] "GET /api/v1/resource HTTP/1.1" 500 2119 "https://meyer.biz" "Mozilla/5.0 (Windows NT 10.0; Win64; x64) AppleWebKit/537.36 (KHTML, like Gecko) Chrome/90.0.4430.85 Safari/537.36" "220.29.99.134"
192.168.0.1 - - [28/Nov/2024:22:58:50 +0000] "GET /api/v1/status HTTP/1.1" 400 742 "https://cox-lewis.com" "Mozilla/5.0 (Windows NT 6.1; WOW64; rv:33.0) Gecko/20100101 Firefox/33.0" "210.193.37.165"
192.168.0.2 - - [08/Nov/2024:22:58:50 +0000] "GET /api/v1/user HTTP/1.1" 200 407 "https://harrington.com" "Mozilla/5.0 (Windows NT 10.0; Win64; x64) AppleWebKit/537.36 (KHTML, like Gecko) Chrome/89.0.4389.82 Safari/537.36" "80.125.59.118"
192.168.0.2 - - [08/Dec/2024:22:58:50 +0000] "GET /api/v1/resource HTTP/1.1" 401 4153 "https://barrera.com" "Mozilla/5.0 (Windows NT 10.0; Win64; x64) AppleWebKit/537.36 (KHTML, like Gecko) Chrome/89.0.4389.82 Safari/537.36" "45.240.210.94"
192.168.0.3 - - [28/Nov/2024:22:58:50 +0000] "GET /api/v1/resource HTTP/1.1" 500 165 "https://mccullough.com" "Mozilla/5.0 (Windows NT 10.0; Win64; x64) AppleWebKit/537.36 (KHTML, like Gecko) Chrome/89.0.4389.82 Safari/537.36" "212.67.185.199"
192.168.0.3 - - [16/Nov/2024:22:58:50 +0000] "GET /api/v1/resource HTTP/1.1" 400 3079 "https://mcfarland-henry.biz" "Mozilla/5.0 (Windows NT 10.0; Win64; x64) AppleWebKit/537.36 (KHTML, like Gecko) Chrome/89.0.4389.82 Safari/537.36" "192.41.227.177"
192.168.0.3 - - [11/Nov/2024:22:58:50 +0000] "GET /api/v1/login HTTP/1.1" 404 4550 "https://knight.com" "Mozilla/5.0 (Windows NT 10.0; Win64; x64) AppleWebKit/537.36 (KHTML, like Gecko) Chrome/89.0.4389.82 Safari/537.36" "199.84.1.164"
192.168.0.2 - - [23/Nov/2024:22:58:50 +0000] "GET /api/v1/data HTTP/1.1" 400 597 "https://flowers-hill.com" "Mozilla/5.0 (Windows NT 6.1; WOW64; rv:33.0) Gecko/20100101 Firefox/33.0" "46.40.138.86"
192.168.0.1 - - [28/Nov/2024:22:58:50 +0000] "GET /api/v1/data HTTP/1.1" 200 4475 "https://brown.com" "Mozilla/5.0 (Windows NT 10.0; Win64; x64) AppleWebKit/537.36 (KHTML, like Gecko) Chrome/90.0.4430.85 Safari/537.36" "173.25.221.102"
192.168.0.1 - - [20/Nov/2024:22:58:50 +0000] "GET /api/v1/login HTTP/1.1" 500 319 "https://patel-stephenson.com" "Mozilla/5.0 (Windows NT 10.0; Win64; x64) AppleWebKit/537.36 (KHTML, like Gecko) Chrome/90.0.4430.85 Safari/537.36" "206.205.70.198"
192.168.0.1 - - [03/Dec/2024:22:58:50 +0000] "GET /api/v1/resource HTTP/1.1" 200 5000 "https://li-walker.com" "Mozilla/5.0 (Windows NT 6.1; WOW64; rv:33.0) Gecko/20100101 Firefox/33.0" "69.200.173.254"
192.168.0.1 - - [23/Nov/2024:22:58:50 +0000] "GET /api/v1/resource HTTP/1.1" 500 2601 "https://ramirez-dunn.com" "Mozilla/5.0 (Windows NT 6.1; WOW64; rv:33.0) Gecko/20100101 Firefox/33.0" "135.141.71.18"
192.168.0.2 - - [28/Nov/2024:22:58:50 +0000] "GET /api/v1/user HTTP/1.1" 200 249 "https://thomas.com" "Mozilla/5.0 (Windows NT 6.1; WOW64; rv:33.0) Gecko/20100101 Firefox/33.0" "47.220.28.143"
192.168.0.1 - - [04/Dec/2024:22:58:50 +0000] "GET /api/v1/status HTTP/1.1" 404 2356 "https://ryan.com" "Mozilla/5.0 (Windows NT 10.0; Win64; x64) AppleWebKit/537.36 (KHTML, like Gecko) Chrome/89.0.4389.82 Safari/537.36" "94.168.153.82"
192.168.0.1 - - [26/Nov/2024:22:58:50 +0000] "GET /api/v1/login HTTP/1.1" 404 1195 "https://smith.net" "Mozilla/5.0 (Windows NT 6.1; WOW64; rv:33.0) Gecko/20100101 Firefox/33.0" "63.222.97.230"
192.168.0.1 - - [24/Nov/2024:22:58:50 +0000] "GET /api/v1/login HTTP/1.1" 200 2436 "https://fox.info" "Mozilla/5.0 (Windows NT 10.0; Win64; x64) AppleWebKit/537.36 (KHTML, like Gecko) Chrome/90.0.4430.85 Safari/537.36" "97.178.75.57"
192.168.0.2 - - [28/Nov/2024:22:58:50 +0000] "GET /api/v1/login HTTP/1.1" 200 2204 "https://lowery.biz" "Mozilla/5.0 (Windows NT 6.1; WOW64; rv:33.0) Gecko/20100101 Firefox/33.0" "9.82.89.171"
192.168.0.3 - - [05/Dec/2024:22:58:50 +0000] "GET /api/v1/resource HTTP/1.1" 200 3387 "https://holt.com" "Mozilla/5.0 (Windows NT 6.1; WOW64; rv:33.0) Gecko/20100101 Firefox/33.0" "124.40.212.192"
192.168.0.2 - - [29/Nov/2024:22:58:50 +0000] "GET /api/v1/user HTTP/1.1" 404 2803 "https://harris-floyd.com" "Mozilla/5.0 (Windows NT 10.0; Win64; x64) AppleWebKit/537.36 (KHTML, like Gecko) Chrome/90.0.4430.85 Safari/537.36" "145.145.140.156"
192.168.0.2 - - [06/Dec/2024:22:58:50 +0000] "GET /api/v1/login HTTP/1.1" 301 4013 "https://stewart-king.net" "Mozilla/5.0 (Windows NT 10.0; Win64; x64) AppleWebKit/537.36 (KHTML, like Gecko) Chrome/90.0.4430.85 Safari/537.36" "35.160.105.171"
192.168.0.3 - - [28/Nov/2024:22:58:50 +0000] "GET /api/v1/user HTTP/1.1" 301 4077 "https://williams.com" "Mozilla/5.0 (Windows NT 6.1; WOW64; rv:33.0) Gecko/20100101 Firefox/33.0" "105.236.146.9"
192.168.0.3 - - [25/Nov/2024:22:58:50 +0000] "GET /api/v1/login HTTP/1.1" 200 3982 "https://brown.com" "Mozilla/5.0 (Windows NT 10.0; Win64; x64) AppleWebKit/537.36 (KHTML, like Gecko) Chrome/90.0.4430.85 Safari/537.36" "101.24.86.182"
192.168.0.2 - - [01/Dec/2024:22:58:50 +0000] "GET /api/v1/data HTTP/1.1" 401 4674 "https://nolan.com" "Mozilla/5.0 (Windows NT 10.0; Win64; x64) AppleWebKit/537.36 (KHTML, like Gecko) Chrome/89.0.4389.82 Safari/537.36" "77.104.141.207"
192.168.0.1 - - [06/Dec/2024:22:58:50 +0000] "GET /api/v1/login HTTP/1.1" 200 1259 "https://frost-ross.com" "Mozilla/5.0 (Windows NT 10.0; Win64; x64) AppleWebKit/537.36 (KHTML, like Gecko) Chrome/89.0.4389.82 Safari/537.36" "88.21.242.64"
192.168.0.3 - - [02/Dec/2024:22:58:50 +0000] "GET /api/v1/data HTTP/1.1" 400 936 "https://hernandez-johnston.biz" "Mozilla/5.0 (Windows NT 6.1; WOW64; rv:33.0) Gecko/20100101 Firefox/33.0" "37.255.135.126"
192.168.0.3 - - [05/Dec/2024:22:58:50 +0000] "GET /api/v1/data HTTP/1.1" 401 3348 "https://webb.com" "Mozilla/5.0 (Windows NT 10.0; Win64; x64) AppleWebKit/537.36 (KHTML, like Gecko) Chrome/90.0.4430.85 Safari/537.36" "220.135.131.245"
192.168.0.2 - - [24/Nov/2024:22:58:50 +0000] "GET /api/v1/status HTTP/1.1" 301 4046 "https://murphy.org" "Mozilla/5.0 (Windows NT 10.0; Win64; x64) AppleWebKit/537.36 (KHTML, like Gecko) Chrome/90.0.4430.85 Safari/537.36" "2.111.238.203"
192.168.0.3 - - [07/Dec/2024:22:58:50 +0000] "GET /api/v1/login HTTP/1.1" 401 3266 "https://bradshaw.biz" "Mozilla/5.0 (Windows NT 10.0; Win64; x64) AppleWebKit/537.36 (KHTML, like Gecko) Chrome/89.0.4389.82 Safari/537.36" "40.39.26.196"
192.168.0.2 - - [27/Nov/2024:22:58:50 +0000] "GET /api/v1/login HTTP/1.1" 500 929 "https://medina-daniels.com" "Mozilla/5.0 (Windows NT 10.0; Win64; x64) AppleWebKit/537.36 (KHTML, like Gecko) Chrome/90.0.4430.85 Safari/537.36" "191.209.162.59"
192.168.0.1 - - [08/Nov/2024:22:58:50 +0000] "GET /api/v1/user HTTP/1.1" 404 145 "https://casey.com" "Mozilla/5.0 (Windows NT 10.0; Win64; x64) AppleWebKit/537.36 (KHTML, like Gecko) Chrome/89.0.4389.82 Safari/537.36" "111.25.122.151"
192.168.0.1 - - [27/Nov/2024:22:58:50 +0000] "GET /api/v1/user HTTP/1.1" 401 491 "https://ramos.com" "Mozilla/5.0 (Windows NT 10.0; Win64; x64) AppleWebKit/537.36 (KHTML, like Gecko) Chrome/89.0.4389.82 Safari/537.36" "221.46.191.197"
192.168.0.2 - - [30/Nov/2024:22:58:50 +0000] "GET /api/v1/user HTTP/1.1" 200 3688 "https://kennedy.com" "Mozilla/5.0 (Windows NT 10.0; Win64; x64) AppleWebKit/537.36 (KHTML, like Gecko) Chrome/89.0.4389.82 Safari/537.36" "153.227.81.251"
192.168.0.2 - - [26/Nov/2024:22:58:50 +0000] "GET /api/v1/resource HTTP/1.1" 200 4817 "https://may.org" "Mozilla/5.0 (Windows NT 10.0; Win64; x64) AppleWebKit/537.36 (KHTML, like Gecko) Chrome/89.0.4389.82 Safari/537.36" "23.235.247.143"
192.168.0.2 - - [17/Nov/2024:22:58:50 +0000] "GET /api/v1/user HTTP/1.1" 404 1078 "https://evans.info" "Mozilla/5.0 (Windows NT 6.1; WOW64; rv:33.0) Gecko/20100101 Firefox/33.0" "160.144.38.73"
192.168.0.2 - - [27/Nov/2024:22:58:50 +0000] "GET /api/v1/data HTTP/1.1" 500 3745 "https://combs-jones.net" "Mozilla/5.0 (Windows NT 10.0; Win64; x64) AppleWebKit/537.36 (KHTML, like Gecko) Chrome/89.0.4389.82 Safari/537.36" "144.148.65.191"
192.168.0.1 - - [02/Dec/2024:22:58:50 +0000] "GET /api/v1/status HTTP/1.1" 200 3836 "https://bradley.info" "Mozilla/5.0 (Windows NT 10.0; Win64; x64) AppleWebKit/537.36 (KHTML, like Gecko) Chrome/90.0.4430.85 Safari/537.36" "213.90.249.80"
192.168.0.3 - - [28/Nov/2024:22:58:50 +0000] "GET /api/v1/data HTTP/1.1" 401 4062 "https://williams.com" "Mozilla/5.0 (Windows NT 10.0; Win64; x64) AppleWebKit/537.36 (KHTML, like Gecko) Chrome/90.0.4430.85 Safari/537.36" "161.29.40.214"
192.168.0.1 - - [14/Nov/2024:22:58:50 +0000] "GET /api/v1/user HTTP/1.1" 401 2607 "https://rogers.info" "Mozilla/5.0 (Windows NT 10.0; Win64; x64) AppleWebKit/537.36 (KHTML, like Gecko) Chrome/90.0.4430.85 Safari/537.36" "116.124.82.237"
192.168.0.1 - - [09/Nov/2024:22:58:50 +0000] "GET /api/v1/resource HTTP/1.1" 401 2393 "https://thompson.info" "Mozilla/5.0 (Windows NT 10.0; Win64; x64) AppleWebKit/537.36 (KHTML, like Gecko) Chrome/90.0.4430.85 Safari/537.36" "168.58.202.44"
192.168.0.1 - - [30/Nov/2024:22:58:50 +0000] "GET /api/v1/user HTTP/1.1" 301 2009 "https://brooks-coleman.com" "Mozilla/5.0 (Windows NT 10.0; Win64; x64) AppleWebKit/537.36 (KHTML, like Gecko) Chrome/90.0.4430.85 Safari/537.36" "171.131.22.65"
192.168.0.2 - - [12/Nov/2024:22:58:50 +0000] "GET /api/v1/login HTTP/1.1" 401 1953 "https://lowery.com" "Mozilla/5.0 (Windows NT 6.1; WOW64; rv:33.0) Gecko/20100101 Firefox/33.0" "197.86.135.252"
192.168.0.1 - - [14/Nov/2024:22:58:50 +0000] "GET /api/v1/user HTTP/1.1" 404 792 "https://jackson-lambert.com" "Mozilla/5.0 (Windows NT 10.0; Win64; x64) AppleWebKit/537.36 (KHTML, like Gecko) Chrome/89.0.4389.82 Safari/537.36" "27.183.81.82"
192.168.0.3 - - [22/Nov/2024:22:58:50 +0000] "GET /api/v1/resource HTTP/1.1" 500 3201 "https://reid.com" "Mozilla/5.0 (Windows NT 10.0; Win64; x64) AppleWebKit/537.36 (KHTML, like Gecko) Chrome/90.0.4430.85 Safari/537.36" "103.244.26.201"
192.168.0.3 - - [03/Dec/2024:22:58:50 +0000] "GET /api/v1/resource HTTP/1.1" 404 3702 "https://martin.com" "Mozilla/5.0 (Windows NT 6.1; WOW64; rv:33.0) Gecko/20100101 Firefox/33.0" "183.17.101.21"
192.168.0.2 - - [13/Nov/2024:22:58:50 +0000] "GET /api/v1/data HTTP/1.1" 500 805 "https://white.org" "Mozilla/5.0 (Windows NT 10.0; Win64; x64) AppleWebKit/537.36 (KHTML, like Gecko) Chrome/90.0.4430.85 Safari/537.36" "43.148.203.13"
192.168.0.1 - - [13/Nov/2024:22:58:50 +0000] "GET /api/v1/status HTTP/1.1" 200 1122 "https://gentry.com" "Mozilla/5.0 (Windows NT 10.0; Win64; x64) AppleWebKit/537.36 (KHTML, like Gecko) Chrome/90.0.4430.85 Safari/537.36" "123.60.113.147"
192.168.0.1 - - [05/Dec/2024:22:58:50 +0000] "GET /api/v1/data HTTP/1.1" 301 959 "https://alexander.com" "Mozilla/5.0 (Windows NT 10.0; Win64; x64) AppleWebKit/537.36 (KHTML, like Gecko) Chrome/90.0.4430.85 Safari/537.36" "216.171.74.104"
192.168.0.1 - - [08/Dec/2024:22:58:50 +0000] "GET /api/v1/login HTTP/1.1" 404 4630 "https://evans-golden.net" "Mozilla/5.0 (Windows NT 10.0; Win64; x64) AppleWebKit/537.36 (KHTML, like Gecko) Chrome/90.0.4430.85 Safari/537.36" "43.252.60.144"
192.168.0.2 - - [14/Nov/2024:22:58:50 +0000] "GET /api/v1/data HTTP/1.1" 200 4685 "https://foster.com" "Mozilla/5.0 (Windows NT 10.0; Win64; x64) AppleWebKit/537.36 (KHTML, like Gecko) Chrome/89.0.4389.82 Safari/537.36" "215.135.163.223"
192.168.0.1 - - [17/Nov/2024:22:58:50 +0000] "GET /api/v1/status HTTP/1.1" 500 3284 "https://howe-williams.org" "Mozilla/5.0 (Windows NT 6.1; WOW64; rv:33.0) Gecko/20100101 Firefox/33.0" "47.130.47.180"
192.168.0.2 - - [15/Nov/2024:22:58:50 +0000] "GET /api/v1/user HTTP/1.1" 301 1575 "https://daugherty.net" "Mozilla/5.0 (Windows NT 6.1; WOW64; rv:33.0) Gecko/20100101 Firefox/33.0" "96.218.87.87"
192.168.0.1 - - [07/Dec/2024:22:58:50 +0000] "GET /api/v1/user HTTP/1.1" 404 1647 "https://scott.com" "Mozilla/5.0 (Windows NT 6.1; WOW64; rv:33.0) Gecko/20100101 Firefox/33.0" "195.140.21.85"
192.168.0.1 - - [27/Nov/2024:22:58:50 +0000] "GET /api/v1/status HTTP/1.1" 200 3128 "https://banks.biz" "Mozilla/5.0 (Windows NT 10.0; Win64; x64) AppleWebKit/537.36 (KHTML, like Gecko) Chrome/89.0.4389.82 Safari/537.36" "149.127.40.163"
192.168.0.2 - - [18/Nov/2024:22:58:50 +0000] "GET /api/v1/status HTTP/1.1" 400 1503 "https://turner.com" "Mozilla/5.0 (Windows NT 6.1; WOW64; rv:33.0) Gecko/20100101 Firefox/33.0" "133.146.36.113"
192.168.0.3 - - [19/Nov/2024:22:58:50 +0000] "GET /api/v1/resource HTTP/1.1" 400 360 "https://mendoza.com" "Mozilla/5.0 (Windows NT 10.0; Win64; x64) AppleWebKit/537.36 (KHTML, like Gecko) Chrome/90.0.4430.85 Safari/537.36" "37.136.88.30"
192.168.0.3 - - [29/Nov/2024:22:58:50 +0000] "GET /api/v1/user HTTP/1.1" 301 3874 "https://smith.biz" "Mozilla/5.0 (Windows NT 10.0; Win64; x64) AppleWebKit/537.36 (KHTML, like Gecko) Chrome/90.0.4430.85 Safari/537.36" "130.33.112.172"
192.168.0.1 - - [01/Dec/2024:22:58:50 +0000] "GET /api/v1/resource HTTP/1.1" 301 1737 "https://miller.com" "Mozilla/5.0 (Windows NT 10.0; Win64; x64) AppleWebKit/537.36 (KHTML, like Gecko) Chrome/90.0.4430.85 Safari/537.36" "79.136.177.79"
192.168.0.1 - - [05/Dec/2024:22:58:50 +0000] "GET /api/v1/data HTTP/1.1" 400 2170 "https://miller.com" "Mozilla/5.0 (Windows NT 6.1; WOW64; rv:33.0) Gecko/20100101 Firefox/33.0" "59.214.172.91"
192.168.0.2 - - [20/Nov/2024:22:58:50 +0000] "GET /api/v1/data HTTP/1.1" 200 4695 "https://vega.com" "Mozilla/5.0 (Windows NT 6.1; WOW64; rv:33.0) Gecko/20100101 Firefox/33.0" "83.91.132.56"
192.168.0.3 - - [06/Dec/2024:22:58:50 +0000] "GET /api/v1/data HTTP/1.1" 301 3941 "https://rodriguez-jones.org" "Mozilla/5.0 (Windows NT 6.1; WOW64; rv:33.0) Gecko/20100101 Firefox/33.0" "151.105.104.84"
192.168.0.3 - - [16/Nov/2024:22:58:50 +0000] "GET /api/v1/user HTTP/1.1" 404 1531 "https://hernandez.com" "Mozilla/5.0 (Windows NT 6.1; WOW64; rv:33.0) Gecko/20100101 Firefox/33.0" "153.225.118.131"
192.168.0.1 - - [06/Dec/2024:22:58:50 +0000] "GET /api/v1/data HTTP/1.1" 400 3537 "https://thomas-best.com" "Mozilla/5.0 (Windows NT 10.0; Win64; x64) AppleWebKit/537.36 (KHTML, like Gecko) Chrome/90.0.4430.85 Safari/537.36" "2.162.9.118"
192.168.0.2 - - [13/Nov/2024:22:58:50 +0000] "GET /api/v1/data HTTP/1.1" 200 3499 "https://flowers-joyce.info" "Mozilla/5.0 (Windows NT 10.0; Win64; x64) AppleWebKit/537.36 (KHTML, like Gecko) Chrome/90.0.4430.85 Safari/537.36" "122.173.11.12"
192.168.0.2 - - [09/Nov/2024:22:58:50 +0000] "GET /api/v1/user HTTP/1.1" 404 2546 "https://woods.org" "Mozilla/5.0 (Windows NT 10.0; Win64; x64) AppleWebKit/537.36 (KHTML, like Gecko) Chrome/89.0.4389.82 Safari/537.36" "128.5.152.86"
192.168.0.3 - - [04/Dec/2024:22:58:50 +0000] "GET /api/v1/data HTTP/1.1" 404 4395 "https://drake-martinez.com" "Mozilla/5.0 (Windows NT 10.0; Win64; x64) AppleWebKit/537.36 (KHTML, like Gecko) Chrome/90.0.4430.85 Safari/537.36" "223.232.232.108"
192.168.0.1 - - [21/Nov/2024:22:58:50 +0000] "GET /api/v1/status HTTP/1.1" 401 4725 "https://stewart.info" "Mozilla/5.0 (Windows NT 10.0; Win64; x64) AppleWebKit/537.36 (KHTML, like Gecko) Chrome/90.0.4430.85 Safari/537.36" "73.66.115.65"
192.168.0.1 - - [15/Nov/2024:22:58:50 +0000] "GET /api/v1/user HTTP/1.1" 404 4450 "https://douglas.net" "Mozilla/5.0 (Windows NT 6.1; WOW64; rv:33.0) Gecko/20100101 Firefox/33.0" "90.219.145.241"
192.168.0.1 - - [15/Nov/2024:22:58:50 +0000] "GET /api/v1/status HTTP/1.1" 200 3858 "https://johnson-bailey.com" "Mozilla/5.0 (Windows NT 10.0; Win64; x64) AppleWebKit/537.36 (KHTML, like Gecko) Chrome/90.0.4430.85 Safari/537.36" "163.30.198.248"
192.168.0.2 - - [09/Nov/2024:22:58:50 +0000] "GET /api/v1/user HTTP/1.1" 500 4492 "https://santana.com" "Mozilla/5.0 (Windows NT 10.0; Win64; x64) AppleWebKit/537.36 (KHTML, like Gecko) Chrome/89.0.4389.82 Safari/537.36" "6.123.163.111"
192.168.0.1 - - [15/Nov/2024:22:58:50 +0000] "GET /api/v1/resource HTTP/1.1" 401 3828 "https://soto.com" "Mozilla/5.0 (Windows NT 10.0; Win64; x64) AppleWebKit/537.36 (KHTML, like Gecko) Chrome/90.0.4430.85 Safari/537.36" "142.113.135.40"
192.168.0.1 - - [26/Nov/2024:22:58:50 +0000] "GET /api/v1/resource HTTP/1.1" 401 3523 "https://matthews.com" "Mozilla/5.0 (Windows NT 10.0; Win64; x64) AppleWebKit/537.36 (KHTML, like Gecko) Chrome/90.0.4430.85 Safari/537.36" "196.40.157.26"
192.168.0.2 - - [08/Dec/2024:22:58:50 +0000] "GET /api/v1/resource HTTP/1.1" 401 2354 "https://cochran.com" "Mozilla/5.0 (Windows NT 10.0; Win64; x64) AppleWebKit/537.36 (KHTML, like Gecko) Chrome/89.0.4389.82 Safari/537.36" "186.70.34.250"
192.168.0.1 - - [06/Dec/2024:22:58:50 +0000] "GET /api/v1/data HTTP/1.1" 301 2886 "https://anderson.org" "Mozilla/5.0 (Windows NT 10.0; Win64; x64) AppleWebKit/537.36 (KHTML, like Gecko) Chrome/90.0.4430.85 Safari/537.36" "207.175.146.198"
192.168.0.2 - - [03/Dec/2024:22:58:50 +0000] "GET /api/v1/user HTTP/1.1" 500 1125 "https://perez.com" "Mozilla/5.0 (Windows NT 6.1; WOW64; rv:33.0) Gecko/20100101 Firefox/33.0" "73.70.123.72"
192.168.0.1 - - [29/Nov/2024:22:58:50 +0000] "GET /api/v1/data HTTP/1.1" 500 524 "https://white-davies.org" "Mozilla/5.0 (Windows NT 10.0; Win64; x64) AppleWebKit/537.36 (KHTML, like Gecko) Chrome/90.0.4430.85 Safari/537.36" "214.67.18.115"
192.168.0.1 - - [30/Nov/2024:22:58:50 +0000] "GET /api/v1/status HTTP/1.1" 400 1481 "https://barrett-brown.com" "Mozilla/5.0 (Windows NT 6.1; WOW64; rv:33.0) Gecko/20100101 Firefox/33.0" "215.230.190.131"
192.168.0.1 - - [04/Dec/2024:22:58:50 +0000] "GET /api/v1/login HTTP/1.1" 401 2930 "https://johnson-murphy.info" "Mozilla/5.0 (Windows NT 10.0; Win64; x64) AppleWebKit/537.36 (KHTML, like Gecko) Chrome/89.0.4389.82 Safari/537.36" "98.31.24.134"
192.168.0.1 - - [04/Dec/2024:22:58:50 +0000] "GET /api/v1/resource HTTP/1.1" 404 1236 "https://oliver.com" "Mozilla/5.0 (Windows NT 6.1; WOW64; rv:33.0) Gecko/20100101 Firefox/33.0" "106.59.241.214"
192.168.0.1 - - [27/Nov/2024:22:58:50 +0000] "GET /api/v1/status HTTP/1.1" 301 3111 "https://merritt.com" "Mozilla/5.0 (Windows NT 10.0; Win64; x64) AppleWebKit/537.36 (KHTML, like Gecko) Chrome/90.0.4430.85 Safari/537.36" "182.126.130.221"
192.168.0.1 - - [07/Dec/2024:22:58:50 +0000] "GET /api/v1/resource HTTP/1.1" 200 217 "https://juarez-brown.net" "Mozilla/5.0 (Windows NT 10.0; Win64; x64) AppleWebKit/537.36 (KHTML, like Gecko) Chrome/90.0.4430.85 Safari/537.36" "202.89.74.246"
192.168.0.2 - - [27/Nov/2024:22:58:50 +0000] "GET /api/v1/user HTTP/1.1" 200 1921 "https://wilson.org" "Mozilla/5.0 (Windows NT 6.1; WOW64; rv:33.0) Gecko/20100101 Firefox/33.0" "214.19.30.161"
192.168.0.3 - - [03/Dec/2024:22:58:50 +0000] "GET /api/v1/user HTTP/1.1" 500 396 "https://smith-wood.com" "Mozilla/5.0 (Windows NT 6.1; WOW64; rv:33.0) Gecko/20100101 Firefox/33.0" "86.193.24.128"
192.168.0.3 - - [23/Nov/2024:22:58:50 +0000] "GET /api/v1/status HTTP/1.1" 400 3590 "https://larson.com" "Mozilla/5.0 (Windows NT 6.1; WOW64; rv:33.0) Gecko/20100101 Firefox/33.0" "185.63.15.221"
192.168.0.1 - - [12/Nov/2024:22:58:50 +0000] "GET /api/v1/status HTTP/1.1" 301 3420 "https://welch-pierce.com" "Mozilla/5.0 (Windows NT 10.0; Win64; x64) AppleWebKit/537.36 (KHTML, like Gecko) Chrome/89.0.4389.82 Safari/537.36" "83.48.177.206"
192.168.0.2 - - [11/Nov/2024:22:58:50 +0000] "GET /api/v1/user HTTP/1.1" 301 1624 "https://baker.com" "Mozilla/5.0 (Windows NT 6.1; WOW64; rv:33.0) Gecko/20100101 Firefox/33.0" "46.209.152.54"
192.168.0.3 - - [23/Nov/2024:22:58:50 +0000] "GET /api/v1/status HTTP/1.1" 500 3722 "https://barry.info" "Mozilla/5.0 (Windows NT 6.1; WOW64; rv:33.0) Gecko/20100101 Firefox/33.0" "88.210.21.3"
192.168.0.1 - - [15/Nov/2024:22:58:50 +0000] "GET /api/v1/user HTTP/1.1" 200 2615 "https://hill.com" "Mozilla/5.0 (Windows NT 10.0; Win64; x64) AppleWebKit/537.36 (KHTML, like Gecko) Chrome/90.0.4430.85 Safari/537.36" "151.150.8.17"
192.168.0.1 - - [28/Nov/2024:22:58:50 +0000] "GET /api/v1/data HTTP/1.1" 401 3682 "https://navarro.info" "Mozilla/5.0 (Windows NT 6.1; WOW64; rv:33.0) Gecko/20100101 Firefox/33.0" "71.233.249.28"
192.168.0.1 - - [04/Dec/2024:22:58:50 +0000] "GET /api/v1/login HTTP/1.1" 301 3870 "https://flores-hernandez.com" "Mozilla/5.0 (Windows NT 10.0; Win64; x64) AppleWebKit/537.36 (KHTML, like Gecko) Chrome/90.0.4430.85 Safari/537.36" "106.123.103.247"
192.168.0.3 - - [08/Nov/2024:22:58:50 +0000] "GET /api/v1/data HTTP/1.1" 400 2397 "https://keller.biz" "Mozilla/5.0 (Windows NT 6.1; WOW64; rv:33.0) Gecko/20100101 Firefox/33.0" "162.223.65.94"
192.168.0.3 - - [17/Nov/2024:22:58:50 +0000] "GET /api/v1/data HTTP/1.1" 401 2804 "https://burgess-meyers.biz" "Mozilla/5.0 (Windows NT 6.1; WOW64; rv:33.0) Gecko/20100101 Firefox/33.0" "161.250.37.12"
192.168.0.2 - - [07/Dec/2024:22:58:50 +0000] "GET /api/v1/user HTTP/1.1" 404 198 "https://alvarado.com" "Mozilla/5.0 (Windows NT 6.1; WOW64; rv:33.0) Gecko/20100101 Firefox/33.0" "151.242.59.107"
192.168.0.1 - - [12/Nov/2024:22:58:50 +0000] "GET /api/v1/resource HTTP/1.1" 500 902 "https://thompson-avila.com" "Mozilla/5.0 (Windows NT 6.1; WOW64; rv:33.0) Gecko/20100101 Firefox/33.0" "114.2.167.14"
