192.168.0.1 - - [08/Nov/2024:22:58:53 +0000] "GET /api/v1/login HTTP/1.1" 500 1271 "https://bradley.com" "Mozilla/5.0 (Windows NT 6.1; WOW64; rv:33.0) Gecko/20100101 Firefox/33.0" "141.219.26.144"
192.168.0.1 - - [25/Nov/2024:22:58:53 +0000] "GET /api/v1/data HTTP/1.1" 400 1652 "https://dillon.net" "Mozilla/5.0 (Windows NT 6.1; WOW64; rv:33.0) Gecko/20100101 Firefox/33.0" "153.124.26.43"
192.168.0.1 - - [22/Nov/2024:22:58:53 +0000] "GET /api/v1/user HTTP/1.1" 404 2590 "https://flowers.biz" "Mozilla/5.0 (Windows NT 10.0; Win64; x64) AppleWebKit/537.36 (KHTML, like Gecko) Chrome/90.0.4430.85 Safari/537.36" "32.215.240.9"
192.168.0.3 - - [10/Nov/2024:22:58:53 +0000] "GET /api/v1/user HTTP/1.1" 301 3544 "https://rogers.com" "Mozilla/5.0 (Windows NT 6.1; WOW64; rv:33.0) Gecko/20100101 Firefox/33.0" "76.49.217.171"
192.168.0.2 - - [10/Nov/2024:22:58:53 +0000] "GET /api/v1/status HTTP/1.1" 200 4362 "https://roberts.com" "Mozilla/5.0 (Windows NT 10.0; Win64; x64) AppleWebKit/537.36 (KHTML, like Gecko) Chrome/89.0.4389.82 Safari/537.36" "184.189.46.132"
192.168.0.3 - - [01/Dec/2024:22:58:53 +0000] "GET /api/v1/resource HTTP/1.1" 400 915 "https://rojas.org" "Mozilla/5.0 (Windows NT 6.1; WOW64; rv:33.0) Gecko/20100101 Firefox/33.0" "65.7.133.194"
192.168.0.1 - - [03/Dec/2024:22:58:53 +0000] "GET /api/v1/resource HTTP/1.1" 500 1887 "https://mendoza-stephens.com" "Mozilla/5.0 (Windows NT 10.0; Win64; x64) AppleWebKit/537.36 (KHTML, like Gecko) Chrome/89.0.4389.82 Safari/537.36" "18.101.25.49"
192.168.0.3 - - [27/Nov/2024:22:58:53 +0000] "GET /api/v1/data HTTP/1.1" 500 2271 "https://fitzpatrick-hebert.com" "Mozilla/5.0 (Windows NT 10.0; Win64; x64) AppleWebKit/537.36 (KHTML, like Gecko) Chrome/90.0.4430.85 Safari/537.36" "164.139.79.1"
192.168.0.3 - - [28/Nov/2024:22:58:53 +0000] "GET /api/v1/login HTTP/1.1" 301 644 "https://smith.com" "Mozilla/5.0 (Windows NT 6.1; WOW64; rv:33.0) Gecko/20100101 Firefox/33.0" "160.237.5.176"
192.168.0.1 - - [01/Dec/2024:22:58:53 +0000] "GET /api/v1/data HTTP/1.1" 200 4145 "https://olson.net" "Mozilla/5.0 (Windows NT 10.0; Win64; x64) AppleWebKit/537.36 (KHTML, like Gecko) Chrome/89.0.4389.82 Safari/537.36" "164.31.18.163"
192.168.0.1 - - [14/Nov/2024:22:58:53 +0000] "GET /api/v1/resource HTTP/1.1" 200 1997 "https://garrett.com" "Mozilla/5.0 (Windows NT 6.1; WOW64; rv:33.0) Gecko/20100101 Firefox/33.0" "53.20.175.57"
192.168.0.1 - - [09/Nov/2024:22:58:53 +0000] "GET /api/v1/user HTTP/1.1" 500 178 "https://holloway.com" "Mozilla/5.0 (Windows NT 10.0; Win64; x64) AppleWebKit/537.36 (KHTML, like Gecko) Chrome/89.0.4389.82 Safari/537.36" "182.163.202.242"
192.168.0.2 - - [22/Nov/2024:22:58:53 +0000] "GET /api/v1/status HTTP/1.1" 404 1021 "https://patterson.com" "Mozilla/5.0 (Windows NT 6.1; WOW64; rv:33.0) Gecko/20100101 Firefox/33.0" "34.201.185.219"
192.168.0.2 - - [25/Nov/2024:22:58:53 +0000] "GET /api/v1/data HTTP/1.1" 500 4807 "https://schultz.net" "Mozilla/5.0 (Windows NT 6.1; WOW64; rv:33.0) Gecko/20100101 Firefox/33.0" "138.163.67.46"
192.168.0.1 - - [16/Nov/2024:22:58:53 +0000] "GET /api/v1/user HTTP/1.1" 301 4641 "https://brooks.com" "Mozilla/5.0 (Windows NT 10.0; Win64; x64) AppleWebKit/537.36 (KHTML, like Gecko) Chrome/89.0.4389.82 Safari/537.36" "87.153.61.202"
192.168.0.2 - - [02/Dec/2024:22:58:53 +0000] "GET /api/v1/status HTTP/1.1" 200 4941 "https://day.com" "Mozilla/5.0 (Windows NT 10.0; Win64; x64) AppleWebKit/537.36 (KHTML, like Gecko) Chrome/90.0.4430.85 Safari/537.36" "217.196.28.125"
192.168.0.1 - - [12/Nov/2024:22:58:53 +0000] "GET /api/v1/resource HTTP/1.1" 401 687 "https://chavez.net" "Mozilla/5.0 (Windows NT 6.1; WOW64; rv:33.0) Gecko/20100101 Firefox/33.0" "91.112.136.247"
192.168.0.2 - - [30/Nov/2024:22:58:53 +0000] "GET /api/v1/resource HTTP/1.1" 301 2931 "https://bruce.com" "Mozilla/5.0 (Windows NT 10.0; Win64; x64) AppleWebKit/537.36 (KHTML, like Gecko) Chrome/90.0.4430.85 Safari/537.36" "20.134.15.100"
192.168.0.2 - - [13/Nov/2024:22:58:53 +0000] "GET /api/v1/data HTTP/1.1" 400 2254 "https://ferrell-sims.net" "Mozilla/5.0 (Windows NT 10.0; Win64; x64) AppleWebKit/537.36 (KHTML, like Gecko) Chrome/89.0.4389.82 Safari/537.36" "81.109.29.154"
192.168.0.1 - - [22/Nov/2024:22:58:53 +0000] "GET /api/v1/status HTTP/1.1" 500 2810 "https://ramirez-nichols.com" "Mozilla/5.0 (Windows NT 6.1; WOW64; rv:33.0) Gecko/20100101 Firefox/33.0" "171.153.80.143"
192.168.0.3 - - [08/Dec/2024:22:58:53 +0000] "GET /api/v1/resource HTTP/1.1" 200 2113 "https://hughes-powell.com" "Mozilla/5.0 (Windows NT 6.1; WOW64; rv:33.0) Gecko/20100101 Firefox/33.0" "88.214.22.188"
192.168.0.2 - - [05/Dec/2024:22:58:53 +0000] "GET /api/v1/resource HTTP/1.1" 301 149 "https://rivera.com" "Mozilla/5.0 (Windows NT 10.0; Win64; x64) AppleWebKit/537.36 (KHTML, like Gecko) Chrome/89.0.4389.82 Safari/537.36" "152.54.231.61"
192.168.0.2 - - [22/Nov/2024:22:58:53 +0000] "GET /api/v1/status HTTP/1.1" 301 4169 "https://johnson.com" "Mozilla/5.0 (Windows NT 10.0; Win64; x64) AppleWebKit/537.36 (KHTML, like Gecko) Chrome/89.0.4389.82 Safari/537.36" "113.56.188.205"
192.168.0.2 - - [24/Nov/2024:22:58:53 +0000] "GET /api/v1/login HTTP/1.1" 404 2067 "https://heath.info" "Mozilla/5.0 (Windows NT 6.1; WOW64; rv:33.0) Gecko/20100101 Firefox/33.0" "76.199.90.3"
192.168.0.1 - - [13/Nov/2024:22:58:53 +0000] "GET /api/v1/resource HTTP/1.1" 400 281 "https://taylor-hutchinson.org" "Mozilla/5.0 (Windows NT 6.1; WOW64; rv:33.0) Gecko/20100101 Firefox/33.0" "215.118.184.134"
192.168.0.1 - - [12/Nov/2024:22:58:53 +0000] "GET /api/v1/resource HTTP/1.1" 301 4862 "https://rivera.com" "Mozilla/5.0 (Windows NT 6.1; WOW64; rv:33.0) Gecko/20100101 Firefox/33.0" "77.167.13.37"
192.168.0.3 - - [08/Nov/2024:22:58:53 +0000] "GET /api/v1/status HTTP/1.1" 500 1990 "https://roberts.com" "Mozilla/5.0 (Windows NT 10.0; Win64; x64) AppleWebKit/537.36 (KHTML, like Gecko) Chrome/89.0.4389.82 Safari/537.36" "153.204.195.103"
192.168.0.1 - - [02/Dec/2024:22:58:53 +0000] "GET /api/v1/resource HTTP/1.1" 400 2680 "https://garcia.com" "Mozilla/5.0 (Windows NT 10.0; Win64; x64) AppleWebKit/537.36 (KHTML, like Gecko) Chrome/89.0.4389.82 Safari/537.36" "82.153.152.182"
192.168.0.1 - - [19/Nov/2024:22:58:53 +0000] "GET /api/v1/user HTTP/1.1" 404 377 "https://acevedo.com" "Mozilla/5.0 (Windows NT 6.1; WOW64; rv:33.0) Gecko/20100101 Firefox/33.0" "8.172.96.122"
192.168.0.2 - - [28/Nov/2024:22:58:53 +0000] "GET /api/v1/login HTTP/1.1" 404 1097 "https://fowler-durham.biz" "Mozilla/5.0 (Windows NT 10.0; Win64; x64) AppleWebKit/537.36 (KHTML, like Gecko) Chrome/89.0.4389.82 Safari/537.36" "156.160.161.16"
192.168.0.1 - - [08/Nov/2024:22:58:53 +0000] "GET /api/v1/login HTTP/1.1" 400 1509 "https://mayer.com" "Mozilla/5.0 (Windows NT 10.0; Win64; x64) AppleWebKit/537.36 (KHTML, like Gecko) Chrome/89.0.4389.82 Safari/537.36" "173.251.88.168"
192.168.0.3 - - [30/Nov/2024:22:58:53 +0000] "GET /api/v1/resource HTTP/1.1" 200 682 "https://carter-olson.com" "Mozilla/5.0 (Windows NT 10.0; Win64; x64) AppleWebKit/537.36 (KHTML, like Gecko) Chrome/89.0.4389.82 Safari/537.36" "154.90.152.5"
192.168.0.2 - - [08/Nov/2024:22:58:53 +0000] "GET /api/v1/user HTTP/1.1" 301 1909 "https://wilson-hill.com" "Mozilla/5.0 (Windows NT 6.1; WOW64; rv:33.0) Gecko/20100101 Firefox/33.0" "146.168.47.79"
192.168.0.3 - - [20/Nov/2024:22:58:53 +0000] "GET /api/v1/resource HTTP/1.1" 404 4897 "https://hudson.org" "Mozilla/5.0 (Windows NT 10.0; Win64; x64) AppleWebKit/537.36 (KHTML, like Gecko) Chrome/89.0.4389.82 Safari/537.36" "115.197.58.178"
192.168.0.1 - - [20/Nov/2024:22:58:53 +0000] "GET /api/v1/status HTTP/1.1" 404 2694 "https://parsons-mckinney.org" "Mozilla/5.0 (Windows NT 10.0; Win64; x64) AppleWebKit/537.36 (KHTML, like Gecko) Chrome/90.0.4430.85 Safari/537.36" "215.206.41.130"
192.168.0.2 - - [03/Dec/2024:22:58:53 +0000] "GET /api/v1/status HTTP/1.1" 404 3208 "https://crane.com" "Mozilla/5.0 (Windows NT 10.0; Win64; x64) AppleWebKit/537.36 (KHTML, like Gecko) Chrome/89.0.4389.82 Safari/537.36" "30.12.234.124"
192.168.0.1 - - [08/Nov/2024:22:58:53 +0000] "GET /api/v1/data HTTP/1.1" 500 252 "https://young.org" "Mozilla/5.0 (Windows NT 10.0; Win64; x64) AppleWebKit/537.36 (KHTML, like Gecko) Chrome/90.0.4430.85 Safari/537.36" "174.46.155.215"
192.168.0.3 - - [26/Nov/2024:22:58:53 +0000] "GET /api/v1/status HTTP/1.1" 200 2564 "https://atkins-martinez.com" "Mozilla/5.0 (Windows NT 10.0; Win64; x64) AppleWebKit/537.36 (KHTML, like Gecko) Chrome/90.0.4430.85 Safari/537.36" "47.44.245.45"
192.168.0.1 - - [22/Nov/2024:22:58:53 +0000] "GET /api/v1/status HTTP/1.1" 500 513 "https://smith.com" "Mozilla/5.0 (Windows NT 6.1; WOW64; rv:33.0) Gecko/20100101 Firefox/33.0" "200.254.182.2"
192.168.0.1 - - [03/Dec/2024:22:58:53 +0000] "GET /api/v1/data HTTP/1.1" 400 4288 "https://olson.info" "Mozilla/5.0 (Windows NT 10.0; Win64; x64) AppleWebKit/537.36 (KHTML, like Gecko) Chrome/90.0.4430.85 Safari/537.36" "118.104.194.60"
192.168.0.3 - - [04/Dec/2024:22:58:53 +0000] "GET /api/v1/user HTTP/1.1" 500 3731 "https://tran-thomas.com" "Mozilla/5.0 (Windows NT 10.0; Win64; x64) AppleWebKit/537.36 (KHTML, like Gecko) Chrome/90.0.4430.85 Safari/537.36" "12.250.117.161"
192.168.0.3 - - [16/Nov/2024:22:58:53 +0000] "GET /api/v1/status HTTP/1.1" 500 4354 "https://santos.com" "Mozilla/5.0 (Windows NT 6.1; WOW64; rv:33.0) Gecko/20100101 Firefox/33.0" "64.9.219.97"
192.168.0.2 - - [25/Nov/2024:22:58:53 +0000] "GET /api/v1/resource HTTP/1.1" 404 4304 "https://taylor.net" "Mozilla/5.0 (Windows NT 10.0; Win64; x64) AppleWebKit/537.36 (KHTML, like Gecko) Chrome/89.0.4389.82 Safari/537.36" "220.158.217.122"
192.168.0.3 - - [17/Nov/2024:22:58:53 +0000] "GET /api/v1/status HTTP/1.1" 404 1190 "https://powell.com" "Mozilla/5.0 (Windows NT 10.0; Win64; x64) AppleWebKit/537.36 (KHTML, like Gecko) Chrome/89.0.4389.82 Safari/537.36" "190.155.3.137"
192.168.0.1 - - [17/Nov/2024:22:58:53 +0000] "GET /api/v1/data HTTP/1.1" 401 447 "https://anderson.com" "Mozilla/5.0 (Windows NT 10.0; Win64; x64) AppleWebKit/537.36 (KHTML, like Gecko) Chrome/89.0.4389.82 Safari/537.36" "87.238.113.99"
192.168.0.1 - - [23/Nov/2024:22:58:53 +0000] "GET /api/v1/user HTTP/1.1" 404 2272 "https://li.com" "Mozilla/5.0 (Windows NT 10.0; Win64; x64) AppleWebKit/537.36 (KHTML, like Gecko) Chrome/90.0.4430.85 Safari/537.36" "142.47.184.47"
192.168.0.1 - - [21/Nov/2024:22:58:53 +0000] "GET /api/v1/user HTTP/1.1" 500 1463 "https://wilson.com" "Mozilla/5.0 (Windows NT 6.1; WOW64; rv:33.0) Gecko/20100101 Firefox/33.0" "159.12.142.183"
192.168.0.3 - - [09/Nov/2024:22:58:53 +0000] "GET /api/v1/user HTTP/1.1" 301 2766 "https://johnston.com" "Mozilla/5.0 (Windows NT 10.0; Win64; x64) AppleWebKit/537.36 (KHTML, like Gecko) Chrome/90.0.4430.85 Safari/537.36" "45.39.35.0"
192.168.0.1 - - [29/Nov/2024:22:58:53 +0000] "GET /api/v1/login HTTP/1.1" 301 1781 "https://hickman-barry.com" "Mozilla/5.0 (Windows NT 6.1; WOW64; rv:33.0) Gecko/20100101 Firefox/33.0" "28.214.219.183"
192.168.0.2 - - [07/Dec/2024:22:58:53 +0000] "GET /api/v1/status HTTP/1.1" 401 3294 "https://martinez.com" "Mozilla/5.0 (Windows NT 6.1; WOW64; rv:33.0) Gecko/20100101 Firefox/33.0" "201.244.123.138"
192.168.0.2 - - [14/Nov/2024:22:58:53 +0000] "GET /api/v1/status HTTP/1.1" 400 1339 "https://miller.com" "Mozilla/5.0 (Windows NT 10.0; Win64; x64) AppleWebKit/537.36 (KHTML, like Gecko) Chrome/90.0.4430.85 Safari/537.36" "194.212.187.50"
192.168.0.2 - - [04/Dec/2024:22:58:53 +0000] "GET /api/v1/login HTTP/1.1" 401 1764 "https://summers.com" "Mozilla/5.0 (Windows NT 10.0; Win64; x64) AppleWebKit/537.36 (KHTML, like Gecko) Chrome/90.0.4430.85 Safari/537.36" "194.179.115.75"
192.168.0.2 - - [11/Nov/2024:22:58:53 +0000] "GET /api/v1/user HTTP/1.1" 200 4666 "https://sullivan.com" "Mozilla/5.0 (Windows NT 10.0; Win64; x64) AppleWebKit/537.36 (KHTML, like Gecko) Chrome/90.0.4430.85 Safari/537.36" "49.167.74.184"
192.168.0.2 - - [23/Nov/2024:22:58:53 +0000] "GET /api/v1/login HTTP/1.1" 401 958 "https://garza.biz" "Mozilla/5.0 (Windows NT 6.1; WOW64; rv:33.0) Gecko/20100101 Firefox/33.0" "107.227.79.54"
192.168.0.3 - - [02/Dec/2024:22:58:53 +0000] "GET /api/v1/login HTTP/1.1" 400 3957 "https://burns.com" "Mozilla/5.0 (Windows NT 6.1; WOW64; rv:33.0) Gecko/20100101 Firefox/33.0" "158.224.248.233"
192.168.0.2 - - [01/Dec/2024:22:58:53 +0000] "GET /api/v1/status HTTP/1.1" 404 4529 "https://benson.org" "Mozilla/5.0 (Windows NT 10.0; Win64; x64) AppleWebKit/537.36 (KHTML, like Gecko) Chrome/90.0.4430.85 Safari/537.36" "32.248.160.99"
192.168.0.3 - - [27/Nov/2024:22:58:53 +0000] "GET /api/v1/status HTTP/1.1" 401 428 "https://nelson.net" "Mozilla/5.0 (Windows NT 10.0; Win64; x64) AppleWebKit/537.36 (KHTML, like Gecko) Chrome/90.0.4430.85 Safari/537.36" "88.122.104.83"
192.168.0.2 - - [28/Nov/2024:22:58:53 +0000] "GET /api/v1/resource HTTP/1.1" 401 3094 "https://castro.com" "Mozilla/5.0 (Windows NT 10.0; Win64; x64) AppleWebKit/537.36 (KHTML, like Gecko) Chrome/90.0.4430.85 Safari/537.36" "36.91.52.89"
192.168.0.3 - - [11/Nov/2024:22:58:53 +0000] "GET /api/v1/resource HTTP/1.1" 500 1041 "https://byrd.com" "Mozilla/5.0 (Windows NT 10.0; Win64; x64) AppleWebKit/537.36 (KHTML, like Gecko) Chrome/90.0.4430.85 Safari/537.36" "214.131.143.83"
192.168.0.2 - - [26/Nov/2024:22:58:53 +0000] "GET /api/v1/status HTTP/1.1" 200 1756 "https://vang.com" "Mozilla/5.0 (Windows NT 10.0; Win64; x64) AppleWebKit/537.36 (KHTML, like Gecko) Chrome/89.0.4389.82 Safari/537.36" "145.2.6.199"
192.168.0.2 - - [14/Nov/2024:22:58:53 +0000] "GET /api/v1/resource HTTP/1.1" 400 2691 "https://frank-richardson.biz" "Mozilla/5.0 (Windows NT 10.0; Win64; x64) AppleWebKit/537.36 (KHTML, like Gecko) Chrome/89.0.4389.82 Safari/537.36" "5.109.108.84"
192.168.0.1 - - [08/Nov/2024:22:58:53 +0000] "GET /api/v1/login HTTP/1.1" 301 3205 "https://reed.com" "Mozilla/5.0 (Windows NT 10.0; Win64; x64) AppleWebKit/537.36 (KHTML, like Gecko) Chrome/90.0.4430.85 Safari/537.36" "110.88.214.250"
192.168.0.3 - - [16/Nov/2024:22:58:53 +0000] "GET /api/v1/data HTTP/1.1" 301 3982 "https://reynolds.com" "Mozilla/5.0 (Windows NT 10.0; Win64; x64) AppleWebKit/537.36 (KHTML, like Gecko) Chrome/90.0.4430.85 Safari/537.36" "1.137.118.23"
192.168.0.1 - - [06/Dec/2024:22:58:53 +0000] "GET /api/v1/data HTTP/1.1" 200 3155 "https://garcia.com" "Mozilla/5.0 (Windows NT 6.1; WOW64; rv:33.0) Gecko/20100101 Firefox/33.0" "17.59.85.151"
192.168.0.2 - - [23/Nov/2024:22:58:53 +0000] "GET /api/v1/login HTTP/1.1" 301 1206 "https://bryant.com" "Mozilla/5.0 (Windows NT 10.0; Win64; x64) AppleWebKit/537.36 (KHTML, like Gecko) Chrome/90.0.4430.85 Safari/537.36" "110.7.118.114"
192.168.0.3 - - [15/Nov/2024:22:58:53 +0000] "GET /api/v1/data HTTP/1.1" 404 1027 "https://nunez.com" "Mozilla/5.0 (Windows NT 10.0; Win64; x64) AppleWebKit/537.36 (KHTML, like Gecko) Chrome/90.0.4430.85 Safari/537.36" "183.193.255.245"
192.168.0.2 - - [26/Nov/2024:22:58:53 +0000] "GET /api/v1/user HTTP/1.1" 404 2954 "https://mullins-perez.com" "Mozilla/5.0 (Windows NT 10.0; Win64; x64) AppleWebKit/537.36 (KHTML, like Gecko) Chrome/90.0.4430.85 Safari/537.36" "208.214.228.147"
192.168.0.2 - - [23/Nov/2024:22:58:53 +0000] "GET /api/v1/user HTTP/1.1" 301 1256 "https://little.info" "Mozilla/5.0 (Windows NT 10.0; Win64; x64) AppleWebKit/537.36 (KHTML, like Gecko) Chrome/89.0.4389.82 Safari/537.36" "95.228.80.66"
192.168.0.3 - - [28/Nov/2024:22:58:53 +0000] "GET /api/v1/data HTTP/1.1" 404 2215 "https://lopez-williams.biz" "Mozilla/5.0 (Windows NT 10.0; Win64; x64) AppleWebKit/537.36 (KHTML, like Gecko) Chrome/90.0.4430.85 Safari/537.36" "91.11.80.224"
192.168.0.1 - - [06/Dec/2024:22:58:53 +0000] "GET /api/v1/login HTTP/1.1" 404 3071 "https://hansen.com" "Mozilla/5.0 (Windows NT 10.0; Win64; x64) AppleWebKit/537.36 (KHTML, like Gecko) Chrome/89.0.4389.82 Safari/537.36" "26.184.211.68"
192.168.0.1 - - [08/Dec/2024:22:58:53 +0000] "GET /api/v1/user HTTP/1.1" 500 482 "https://harris.com" "Mozilla/5.0 (Windows NT 10.0; Win64; x64) AppleWebKit/537.36 (KHTML, like Gecko) Chrome/90.0.4430.85 Safari/537.36" "160.236.99.109"
192.168.0.2 - - [02/Dec/2024:22:58:53 +0000] "GET /api/v1/user HTTP/1.1" 301 991 "https://mcdonald.com" "Mozilla/5.0 (Windows NT 10.0; Win64; x64) AppleWebKit/537.36 (KHTML, like Gecko) Chrome/89.0.4389.82 Safari/537.36" "180.206.74.212"
192.168.0.2 - - [22/Nov/2024:22:58:53 +0000] "GET /api/v1/data HTTP/1.1" 400 969 "https://wilson.com" "Mozilla/5.0 (Windows NT 6.1; WOW64; rv:33.0) Gecko/20100101 Firefox/33.0" "185.189.64.145"
192.168.0.3 - - [04/Dec/2024:22:58:53 +0000] "GET /api/v1/data HTTP/1.1" 500 4867 "https://williams.com" "Mozilla/5.0 (Windows NT 10.0; Win64; x64) AppleWebKit/537.36 (KHTML, like Gecko) Chrome/90.0.4430.85 Safari/537.36" "91.75.76.248"
192.168.0.1 - - [04/Dec/2024:22:58:53 +0000] "GET /api/v1/data HTTP/1.1" 404 3514 "https://barrett-woods.biz" "Mozilla/5.0 (Windows NT 10.0; Win64; x64) AppleWebKit/537.36 (KHTML, like Gecko) Chrome/89.0.4389.82 Safari/537.36" "152.129.9.241"
192.168.0.2 - - [02/Dec/2024:22:58:53 +0000] "GET /api/v1/user HTTP/1.1" 404 4760 "https://watson.com" "Mozilla/5.0 (Windows NT 10.0; Win64; x64) AppleWebKit/537.36 (KHTML, like Gecko) Chrome/90.0.4430.85 Safari/537.36" "204.255.215.56"
192.168.0.1 - - [24/Nov/2024:22:58:53 +0000] "GET /api/v1/resource HTTP/1.1" 401 749 "https://richardson-jones.com" "Mozilla/5.0 (Windows NT 10.0; Win64; x64) AppleWebKit/537.36 (KHTML, like Gecko) Chrome/89.0.4389.82 Safari/537.36" "101.26.246.167"
192.168.0.2 - - [16/Nov/2024:22:58:53 +0000] "GET /api/v1/login HTTP/1.1" 500 3275 "https://walker.com" "Mozilla/5.0 (Windows NT 6.1; WOW64; rv:33.0) Gecko/20100101 Firefox/33.0" "89.75.29.203"
192.168.0.2 - - [28/Nov/2024:22:58:53 +0000] "GET /api/v1/resource HTTP/1.1" 401 1702 "https://hernandez.org" "Mozilla/5.0 (Windows NT 10.0; Win64; x64) AppleWebKit/537.36 (KHTML, like Gecko) Chrome/89.0.4389.82 Safari/537.36" "170.39.56.31"
192.168.0.2 - - [01/Dec/2024:22:58:53 +0000] "GET /api/v1/status HTTP/1.1" 500 3212 "https://johnson-becker.info" "Mozilla/5.0 (Windows NT 10.0; Win64; x64) AppleWebKit/537.36 (KHTML, like Gecko) Chrome/89.0.4389.82 Safari/537.36" "209.12.11.14"
192.168.0.1 - - [15/Nov/2024:22:58:53 +0000] "GET /api/v1/data HTTP/1.1" 400 3376 "https://brooks-pearson.biz" "Mozilla/5.0 (Windows NT 10.0; Win64; x64) AppleWebKit/537.36 (KHTML, like Gecko) Chrome/89.0.4389.82 Safari/537.36" "86.101.91.235"
192.168.0.3 - - [28/Nov/2024:22:58:53 +0000] "GET /api/v1/resource HTTP/1.1" 200 2363 "https://marshall.com" "Mozilla/5.0 (Windows NT 10.0; Win64; x64) AppleWebKit/537.36 (KHTML, like Gecko) Chrome/90.0.4430.85 Safari/537.36" "216.136.175.200"
192.168.0.3 - - [30/Nov/2024:22:58:53 +0000] "GET /api/v1/login HTTP/1.1" 401 4300 "https://baird-jones.com" "Mozilla/5.0 (Windows NT 10.0; Win64; x64) AppleWebKit/537.36 (KHTML, like Gecko) Chrome/90.0.4430.85 Safari/537.36" "164.199.245.8"
192.168.0.3 - - [15/Nov/2024:22:58:53 +0000] "GET /api/v1/resource HTTP/1.1" 401 2658 "https://chavez.com" "Mozilla/5.0 (Windows NT 6.1; WOW64; rv:33.0) Gecko/20100101 Firefox/33.0" "209.174.175.8"
192.168.0.1 - - [23/Nov/2024:22:58:53 +0000] "GET /api/v1/resource HTTP/1.1" 400 3265 "https://johnson.com" "Mozilla/5.0 (Windows NT 10.0; Win64; x64) AppleWebKit/537.36 (KHTML, like Gecko) Chrome/89.0.4389.82 Safari/537.36" "197.146.188.180"
192.168.0.3 - - [20/Nov/2024:22:58:53 +0000] "GET /api/v1/status HTTP/1.1" 404 1509 "https://martinez-taylor.com" "Mozilla/5.0 (Windows NT 6.1; WOW64; rv:33.0) Gecko/20100101 Firefox/33.0" "191.184.244.224"
192.168.0.3 - - [29/Nov/2024:22:58:53 +0000] "GET /api/v1/status HTTP/1.1" 400 992 "https://nelson.com" "Mozilla/5.0 (Windows NT 10.0; Win64; x64) AppleWebKit/537.36 (KHTML, like Gecko) Chrome/89.0.4389.82 Safari/537.36" "189.180.223.74"
192.168.0.2 - - [18/Nov/2024:22:58:53 +0000] "GET /api/v1/data HTTP/1.1" 301 2392 "https://cardenas-hawkins.biz" "Mozilla/5.0 (Windows NT 10.0; Win64; x64) AppleWebKit/537.36 (KHTML, like Gecko) Chrome/89.0.4389.82 Safari/537.36" "188.196.176.253"
192.168.0.1 - - [08/Dec/2024:22:58:53 +0000] "GET /api/v1/resource HTTP/1.1" 400 859 "https://ward-fernandez.com" "Mozilla/5.0 (Windows NT 10.0; Win64; x64) AppleWebKit/537.36 (KHTML, like Gecko) Chrome/89.0.4389.82 Safari/537.36" "205.133.231.235"
192.168.0.1 - - [30/Nov/2024:22:58:53 +0000] "GET /api/v1/user HTTP/1.1" 404 500 "https://morgan-scott.org" "Mozilla/5.0 (Windows NT 6.1; WOW64; rv:33.0) Gecko/20100101 Firefox/33.0" "140.175.99.85"
192.168.0.3 - - [26/Nov/2024:22:58:53 +0000] "GET /api/v1/status HTTP/1.1" 200 2830 "https://wilson.biz" "Mozilla/5.0 (Windows NT 10.0; Win64; x64) AppleWebKit/537.36 (KHTML, like Gecko) Chrome/89.0.4389.82 Safari/537.36" "180.210.13.226"
192.168.0.2 - - [29/Nov/2024:22:58:53 +0000] "GET /api/v1/login HTTP/1.1" 400 2087 "https://oconnell.org" "Mozilla/5.0 (Windows NT 10.0; Win64; x64) AppleWebKit/537.36 (KHTML, like Gecko) Chrome/90.0.4430.85 Safari/537.36" "72.181.253.249"
192.168.0.2 - - [22/Nov/2024:22:58:53 +0000] "GET /api/v1/data HTTP/1.1" 404 2456 "https://matthews.com" "Mozilla/5.0 (Windows NT 10.0; Win64; x64) AppleWebKit/537.36 (KHTML, like Gecko) Chrome/89.0.4389.82 Safari/537.36" "6.144.182.137"
192.168.0.3 - - [29/Nov/2024:22:58:53 +0000] "GET /api/v1/user HTTP/1.1" 200 3916 "https://kaufman.com" "Mozilla/5.0 (Windows NT 10.0; Win64; x64) AppleWebKit/537.36 (KHTML, like Gecko) Chrome/89.0.4389.82 Safari/537.36" "173.80.246.195"
192.168.0.1 - - [23/Nov/2024:22:58:53 +0000] "GET /api/v1/user HTTP/1.1" 200 2693 "https://cruz.com" "Mozilla/5.0 (Windows NT 6.1; WOW64; rv:33.0) Gecko/20100101 Firefox/33.0" "214.9.72.145"
192.168.0.3 - - [23/Nov/2024:22:58:53 +0000] "GET /api/v1/user HTTP/1.1" 401 4988 "https://parks.com" "Mozilla/5.0 (Windows NT 10.0; Win64; x64) AppleWebKit/537.36 (KHTML, like Gecko) Chrome/89.0.4389.82 Safari/537.36" "168.210.233.107"
192.168.0.3 - - [05/Dec/2024:22:58:53 +0000] "GET /api/v1/data HTTP/1.1" 500 1002 "https://russo.org" "Mozilla/5.0 (Windows NT 6.1; WOW64; rv:33.0) Gecko/20100101 Firefox/33.0" "15.175.175.134"
192.168.0.3 - - [01/Dec/2024:22:58:53 +0000] "GET /api/v1/user HTTP/1.1" 301 3624 "https://marquez-sharp.com" "Mozilla/5.0 (Windows NT 6.1; WOW64; rv:33.0) Gecko/20100101 Firefox/33.0" "172.245.17.253"
192.168.0.2 - - [19/Nov/2024:22:58:53 +0000] "GET /api/v1/login HTTP/1.1" 400 2760 "https://miles.biz" "Mozilla/5.0 (Windows NT 6.1; WOW64; rv:33.0) Gecko/20100101 Firefox/33.0" "98.74.206.33"
192.168.0.3 - - [12/Nov/2024:22:58:53 +0000] "GET /api/v1/login HTTP/1.1" 200 2996 "https://dyer.com" "Mozilla/5.0 (Windows NT 6.1; WOW64; rv:33.0) Gecko/20100101 Firefox/33.0" "84.182.168.27"
192.168.0.3 - - [26/Nov/2024:22:58:53 +0000] "GET /api/v1/resource HTTP/1.1" 301 2883 "https://tanner.com" "Mozilla/5.0 (Windows NT 10.0; Win64; x64) AppleWebKit/537.36 (KHTML, like Gecko) Chrome/90.0.4430.85 Safari/537.36" "106.170.68.162"
192.168.0.1 - - [25/Nov/2024:22:58:53 +0000] "GET /api/v1/login HTTP/1.1" 200 3171 "https://martinez-blackburn.com" "Mozilla/5.0 (Windows NT 6.1; WOW64; rv:33.0) Gecko/20100101 Firefox/33.0" "93.147.9.173"
192.168.0.2 - - [24/Nov/2024:22:58:53 +0000] "GET /api/v1/login HTTP/1.1" 400 676 "https://roberts.info" "Mozilla/5.0 (Windows NT 6.1; WOW64; rv:33.0) Gecko/20100101 Firefox/33.0" "79.232.141.74"
192.168.0.2 - - [03/Dec/2024:22:58:53 +0000] "GET /api/v1/user HTTP/1.1" 401 2309 "https://valentine-silva.net" "Mozilla/5.0 (Windows NT 10.0; Win64; x64) AppleWebKit/537.36 (KHTML, like Gecko) Chrome/90.0.4430.85 Safari/537.36" "97.104.59.52"
192.168.0.2 - - [23/Nov/2024:22:58:53 +0000] "GET /api/v1/data HTTP/1.1" 400 2253 "https://jones.info" "Mozilla/5.0 (Windows NT 10.0; Win64; x64) AppleWebKit/537.36 (KHTML, like Gecko) Chrome/90.0.4430.85 Safari/537.36" "110.55.42.133"
192.168.0.2 - - [23/Nov/2024:22:58:53 +0000] "GET /api/v1/status HTTP/1.1" 301 3196 "https://bradley-garcia.com" "Mozilla/5.0 (Windows NT 6.1; WOW64; rv:33.0) Gecko/20100101 Firefox/33.0" "144.136.62.222"
192.168.0.3 - - [30/Nov/2024:22:58:53 +0000] "GET /api/v1/login HTTP/1.1" 400 1159 "https://butler.com" "Mozilla/5.0 (Windows NT 6.1; WOW64; rv:33.0) Gecko/20100101 Firefox/33.0" "176.129.90.150"
192.168.0.2 - - [07/Dec/2024:22:58:53 +0000] "GET /api/v1/resource HTTP/1.1" 401 4360 "https://copeland.biz" "Mozilla/5.0 (Windows NT 10.0; Win64; x64) AppleWebKit/537.36 (KHTML, like Gecko) Chrome/89.0.4389.82 Safari/537.36" "131.207.240.42"
192.168.0.1 - - [16/Nov/2024:22:58:53 +0000] "GET /api/v1/data HTTP/1.1" 400 2604 "https://dixon.com" "Mozilla/5.0 (Windows NT 10.0; Win64; x64) AppleWebKit/537.36 (KHTML, like Gecko) Chrome/89.0.4389.82 Safari/537.36" "143.0.89.117"
192.168.0.3 - - [21/Nov/2024:22:58:53 +0000] "GET /api/v1/data HTTP/1.1" 401 3256 "https://adams.info" "Mozilla/5.0 (Windows NT 10.0; Win64; x64) AppleWebKit/537.36 (KHTML, like Gecko) Chrome/89.0.4389.82 Safari/537.36" "75.222.87.141"
192.168.0.2 - - [13/Nov/2024:22:58:53 +0000] "GET /api/v1/data HTTP/1.1" 404 335 "https://fisher-walsh.com" "Mozilla/5.0 (Windows NT 10.0; Win64; x64) AppleWebKit/537.36 (KHTML, like Gecko) Chrome/90.0.4430.85 Safari/537.36" "1.93.188.250"
192.168.0.1 - - [08/Dec/2024:22:58:53 +0000] "GET /api/v1/status HTTP/1.1" 401 498 "https://flores-evans.com" "Mozilla/5.0 (Windows NT 10.0; Win64; x64) AppleWebKit/537.36 (KHTML, like Gecko) Chrome/90.0.4430.85 Safari/537.36" "136.89.8.5"
192.168.0.3 - - [06/Dec/2024:22:58:53 +0000] "GET /api/v1/status HTTP/1.1" 301 4361 "https://harmon-cole.info" "Mozilla/5.0 (Windows NT 10.0; Win64; x64) AppleWebKit/537.36 (KHTML, like Gecko) Chrome/90.0.4430.85 Safari/537.36" "118.36.23.161"
192.168.0.3 - - [18/Nov/2024:22:58:53 +0000] "GET /api/v1/resource HTTP/1.1" 301 2903 "https://brown.com" "Mozilla/5.0 (Windows NT 10.0; Win64; x64) AppleWebKit/537.36 (KHTML, like Gecko) Chrome/90.0.4430.85 Safari/537.36" "156.214.156.233"
192.168.0.1 - - [18/Nov/2024:22:58:53 +0000] "GET /api/v1/data HTTP/1.1" 400 2568 "https://romero.com" "Mozilla/5.0 (Windows NT 10.0; Win64; x64) AppleWebKit/537.36 (KHTML, like Gecko) Chrome/90.0.4430.85 Safari/537.36" "99.255.193.42"
192.168.0.3 - - [16/Nov/2024:22:58:53 +0000] "GET /api/v1/status HTTP/1.1" 401 570 "https://lopez.info" "Mozilla/5.0 (Windows NT 10.0; Win64; x64) AppleWebKit/537.36 (KHTML, like Gecko) Chrome/90.0.4430.85 Safari/537.36" "193.229.111.1"
192.168.0.1 - - [18/Nov/2024:22:58:53 +0000] "GET /api/v1/status HTTP/1.1" 200 3121 "https://herrera.org" "Mozilla/5.0 (Windows NT 10.0; Win64; x64) AppleWebKit/537.36 (KHTML, like Gecko) Chrome/90.0.4430.85 Safari/537.36" "93.191.105.250"
192.168.0.1 - - [24/Nov/2024:22:58:53 +0000] "GET /api/v1/user HTTP/1.1" 400 2244 "https://wright.com" "Mozilla/5.0 (Windows NT 10.0; Win64; x64) AppleWebKit/537.36 (KHTML, like Gecko) Chrome/89.0.4389.82 Safari/537.36" "132.76.132.214"
192.168.0.3 - - [08/Nov/2024:22:58:53 +0000] "GET /api/v1/status HTTP/1.1" 404 2448 "https://peters-little.com" "Mozilla/5.0 (Windows NT 10.0; Win64; x64) AppleWebKit/537.36 (KHTML, like Gecko) Chrome/90.0.4430.85 Safari/537.36" "104.191.77.54"
192.168.0.2 - - [07/Dec/2024:22:58:53 +0000] "GET /api/v1/data HTTP/1.1" 404 4099 "https://tanner.com" "Mozilla/5.0 (Windows NT 10.0; Win64; x64) AppleWebKit/537.36 (KHTML, like Gecko) Chrome/90.0.4430.85 Safari/537.36" "208.170.13.188"
192.168.0.3 - - [05/Dec/2024:22:58:53 +0000] "GET /api/v1/data HTTP/1.1" 404 1414 "https://hall.com" "Mozilla/5.0 (Windows NT 10.0; Win64; x64) AppleWebKit/537.36 (KHTML, like Gecko) Chrome/90.0.4430.85 Safari/537.36" "7.202.80.44"
192.168.0.2 - - [18/Nov/2024:22:58:53 +0000] "GET /api/v1/user HTTP/1.1" 401 4822 "https://raymond-hunt.info" "Mozilla/5.0 (Windows NT 6.1; WOW64; rv:33.0) Gecko/20100101 Firefox/33.0" "122.147.253.237"
192.168.0.3 - - [20/Nov/2024:22:58:53 +0000] "GET /api/v1/data HTTP/1.1" 401 1185 "https://wright.net" "Mozilla/5.0 (Windows NT 10.0; Win64; x64) AppleWebKit/537.36 (KHTML, like Gecko) Chrome/89.0.4389.82 Safari/537.36" "188.199.1.186"
192.168.0.3 - - [22/Nov/2024:22:58:53 +0000] "GET /api/v1/login HTTP/1.1" 301 4862 "https://armstrong-west.com" "Mozilla/5.0 (Windows NT 10.0; Win64; x64) AppleWebKit/537.36 (KHTML, like Gecko) Chrome/90.0.4430.85 Safari/537.36" "159.83.245.40"
192.168.0.1 - - [24/Nov/2024:22:58:53 +0000] "GET /api/v1/resource HTTP/1.1" 401 1836 "https://kelly.com" "Mozilla/5.0 (Windows NT 10.0; Win64; x64) AppleWebKit/537.36 (KHTML, like Gecko) Chrome/89.0.4389.82 Safari/537.36" "5.113.41.157"
192.168.0.1 - - [04/Dec/2024:22:58:53 +0000] "GET /api/v1/user HTTP/1.1" 500 1763 "https://vargas.info" "Mozilla/5.0 (Windows NT 6.1; WOW64; rv:33.0) Gecko/20100101 Firefox/33.0" "60.245.111.202"
192.168.0.3 - - [02/Dec/2024:22:58:53 +0000] "GET /api/v1/resource HTTP/1.1" 401 3293 "https://flores.com" "Mozilla/5.0 (Windows NT 10.0; Win64; x64) AppleWebKit/537.36 (KHTML, like Gecko) Chrome/89.0.4389.82 Safari/537.36" "131.243.189.177"
192.168.0.2 - - [03/Dec/2024:22:58:53 +0000] "GET /api/v1/user HTTP/1.1" 500 1389 "https://trevino.com" "Mozilla/5.0 (Windows NT 10.0; Win64; x64) AppleWebKit/537.36 (KHTML, like Gecko) Chrome/90.0.4430.85 Safari/537.36" "136.20.93.98"
192.168.0.2 - - [01/Dec/2024:22:58:53 +0000] "GET /api/v1/data HTTP/1.1" 401 3378 "https://miles.info" "Mozilla/5.0 (Windows NT 6.1; WOW64; rv:33.0) Gecko/20100101 Firefox/33.0" "3.56.65.54"
192.168.0.1 - - [22/Nov/2024:22:58:53 +0000] "GET /api/v1/login HTTP/1.1" 301 4651 "https://pena.com" "Mozilla/5.0 (Windows NT 10.0; Win64; x64) AppleWebKit/537.36 (KHTML, like Gecko) Chrome/89.0.4389.82 Safari/537.36" "22.5.9.61"
192.168.0.3 - - [17/Nov/2024:22:58:53 +0000] "GET /api/v1/resource HTTP/1.1" 200 3864 "https://roberts.com" "Mozilla/5.0 (Windows NT 10.0; Win64; x64) AppleWebKit/537.36 (KHTML, like Gecko) Chrome/90.0.4430.85 Safari/537.36" "122.200.46.153"
192.168.0.2 - - [16/Nov/2024:22:58:53 +0000] "GET /api/v1/data HTTP/1.1" 401 3662 "https://foster.com" "Mozilla/5.0 (Windows NT 6.1; WOW64; rv:33.0) Gecko/20100101 Firefox/33.0" "106.11.231.213"
192.168.0.3 - - [19/Nov/2024:22:58:53 +0000] "GET /api/v1/status HTTP/1.1" 404 4645 "https://simmons.com" "Mozilla/5.0 (Windows NT 10.0; Win64; x64) AppleWebKit/537.36 (KHTML, like Gecko) Chrome/90.0.4430.85 Safari/537.36" "28.219.153.225"
192.168.0.2 - - [05/Dec/2024:22:58:53 +0000] "GET /api/v1/user HTTP/1.1" 301 3485 "https://glover.com" "Mozilla/5.0 (Windows NT 10.0; Win64; x64) AppleWebKit/537.36 (KHTML, like Gecko) Chrome/90.0.4430.85 Safari/537.36" "207.217.41.68"
192.168.0.3 - - [03/Dec/2024:22:58:53 +0000] "GET /api/v1/data HTTP/1.1" 301 246 "https://williams.com" "Mozilla/5.0 (Windows NT 10.0; Win64; x64) AppleWebKit/537.36 (KHTML, like Gecko) Chrome/89.0.4389.82 Safari/537.36" "144.90.162.27"
192.168.0.1 - - [17/Nov/2024:22:58:53 +0000] "GET /api/v1/resource HTTP/1.1" 500 750 "https://cole-harris.com" "Mozilla/5.0 (Windows NT 6.1; WOW64; rv:33.0) Gecko/20100101 Firefox/33.0" "131.216.54.61"
192.168.0.2 - - [08/Dec/2024:22:58:53 +0000] "GET /api/v1/user HTTP/1.1" 404 3566 "https://cook-aguilar.com" "Mozilla/5.0 (Windows NT 10.0; Win64; x64) AppleWebKit/537.36 (KHTML, like Gecko) Chrome/89.0.4389.82 Safari/537.36" "102.226.73.84"
192.168.0.1 - - [18/Nov/2024:22:58:53 +0000] "GET /api/v1/resource HTTP/1.1" 200 1223 "https://austin.org" "Mozilla/5.0 (Windows NT 10.0; Win64; x64) AppleWebKit/537.36 (KHTML, like Gecko) Chrome/89.0.4389.82 Safari/537.36" "216.4.171.72"
192.168.0.2 - - [19/Nov/2024:22:58:53 +0000] "GET /api/v1/status HTTP/1.1" 500 2055 "https://gonzales-weber.com" "Mozilla/5.0 (Windows NT 10.0; Win64; x64) AppleWebKit/537.36 (KHTML, like Gecko) Chrome/90.0.4430.85 Safari/537.36" "139.151.153.175"
192.168.0.1 - - [23/Nov/2024:22:58:53 +0000] "GET /api/v1/resource HTTP/1.1" 500 2070 "https://joseph.net" "Mozilla/5.0 (Windows NT 6.1; WOW64; rv:33.0) Gecko/20100101 Firefox/33.0" "82.232.237.192"
192.168.0.1 - - [02/Dec/2024:22:58:53 +0000] "GET /api/v1/data HTTP/1.1" 301 4272 "https://mcdonald.org" "Mozilla/5.0 (Windows NT 10.0; Win64; x64) AppleWebKit/537.36 (KHTML, like Gecko) Chrome/89.0.4389.82 Safari/537.36" "159.48.248.49"
192.168.0.3 - - [04/Dec/2024:22:58:53 +0000] "GET /api/v1/user HTTP/1.1" 301 3007 "https://torres.org" "Mozilla/5.0 (Windows NT 10.0; Win64; x64) AppleWebKit/537.36 (KHTML, like Gecko) Chrome/90.0.4430.85 Safari/537.36" "71.48.30.68"
192.168.0.2 - - [20/Nov/2024:22:58:53 +0000] "GET /api/v1/status HTTP/1.1" 404 4334 "https://franco-garner.com" "Mozilla/5.0 (Windows NT 10.0; Win64; x64) AppleWebKit/537.36 (KHTML, like Gecko) Chrome/89.0.4389.82 Safari/537.36" "182.227.26.246"
192.168.0.3 - - [04/Dec/2024:22:58:53 +0000] "GET /api/v1/login HTTP/1.1" 401 3753 "https://evans.com" "Mozilla/5.0 (Windows NT 10.0; Win64; x64) AppleWebKit/537.36 (KHTML, like Gecko) Chrome/90.0.4430.85 Safari/537.36" "137.77.107.101"
192.168.0.1 - - [12/Nov/2024:22:58:53 +0000] "GET /api/v1/resource HTTP/1.1" 500 2728 "https://bray.com" "Mozilla/5.0 (Windows NT 10.0; Win64; x64) AppleWebKit/537.36 (KHTML, like Gecko) Chrome/89.0.4389.82 Safari/537.36" "136.21.50.56"
192.168.0.3 - - [26/Nov/2024:22:58:53 +0000] "GET /api/v1/user HTTP/1.1" 401 3243 "https://gonzalez-cortez.com" "Mozilla/5.0 (Windows NT 10.0; Win64; x64) AppleWebKit/537.36 (KHTML, like Gecko) Chrome/89.0.4389.82 Safari/537.36" "99.24.112.82"
192.168.0.3 - - [02/Dec/2024:22:58:53 +0000] "GET /api/v1/user HTTP/1.1" 200 3544 "https://kaiser.com" "Mozilla/5.0 (Windows NT 10.0; Win64; x64) AppleWebKit/537.36 (KHTML, like Gecko) Chrome/90.0.4430.85 Safari/537.36" "221.33.99.31"
192.168.0.2 - - [24/Nov/2024:22:58:53 +0000] "GET /api/v1/user HTTP/1.1" 404 4458 "https://smith-shea.com" "Mozilla/5.0 (Windows NT 10.0; Win64; x64) AppleWebKit/537.36 (KHTML, like Gecko) Chrome/90.0.4430.85 Safari/537.36" "207.58.111.183"
192.168.0.3 - - [14/Nov/2024:22:58:53 +0000] "GET /api/v1/resource HTTP/1.1" 400 793 "https://rojas.info" "Mozilla/5.0 (Windows NT 10.0; Win64; x64) AppleWebKit/537.36 (KHTML, like Gecko) Chrome/89.0.4389.82 Safari/537.36" "153.255.192.156"
192.168.0.2 - - [19/Nov/2024:22:58:53 +0000] "GET /api/v1/resource HTTP/1.1" 401 1348 "https://ellis-johns.biz" "Mozilla/5.0 (Windows NT 6.1; WOW64; rv:33.0) Gecko/20100101 Firefox/33.0" "139.78.225.109"
192.168.0.1 - - [08/Nov/2024:22:58:53 +0000] "GET /api/v1/data HTTP/1.1" 301 2406 "https://thompson.org" "Mozilla/5.0 (Windows NT 10.0; Win64; x64) AppleWebKit/537.36 (KHTML, like Gecko) Chrome/90.0.4430.85 Safari/537.36" "30.61.60.105"
192.168.0.2 - - [24/Nov/2024:22:58:53 +0000] "GET /api/v1/user HTTP/1.1" 404 568 "https://smith-moody.org" "Mozilla/5.0 (Windows NT 10.0; Win64; x64) AppleWebKit/537.36 (KHTML, like Gecko) Chrome/89.0.4389.82 Safari/537.36" "129.42.30.24"
192.168.0.2 - - [14/Nov/2024:22:58:53 +0000] "GET /api/v1/data HTTP/1.1" 500 835 "https://gibbs-todd.biz" "Mozilla/5.0 (Windows NT 10.0; Win64; x64) AppleWebKit/537.36 (KHTML, like Gecko) Chrome/89.0.4389.82 Safari/537.36" "105.79.230.195"
192.168.0.3 - - [23/Nov/2024:22:58:53 +0000] "GET /api/v1/login HTTP/1.1" 400 2307 "https://roberts-pittman.com" "Mozilla/5.0 (Windows NT 10.0; Win64; x64) AppleWebKit/537.36 (KHTML, like Gecko) Chrome/90.0.4430.85 Safari/537.36" "22.147.229.254"
192.168.0.2 - - [16/Nov/2024:22:58:53 +0000] "GET /api/v1/user HTTP/1.1" 401 2105 "https://middleton.com" "Mozilla/5.0 (Windows NT 10.0; Win64; x64) AppleWebKit/537.36 (KHTML, like Gecko) Chrome/89.0.4389.82 Safari/537.36" "23.154.187.140"
192.168.0.2 - - [22/Nov/2024:22:58:53 +0000] "GET /api/v1/status HTTP/1.1" 200 3160 "https://maldonado-rivas.info" "Mozilla/5.0 (Windows NT 10.0; Win64; x64) AppleWebKit/537.36 (KHTML, like Gecko) Chrome/89.0.4389.82 Safari/537.36" "124.46.245.209"
192.168.0.3 - - [08/Nov/2024:22:58:53 +0000] "GET /api/v1/resource HTTP/1.1" 500 2790 "https://hall-baker.com" "Mozilla/5.0 (Windows NT 6.1; WOW64; rv:33.0) Gecko/20100101 Firefox/33.0" "63.155.72.239"
192.168.0.1 - - [20/Nov/2024:22:58:53 +0000] "GET /api/v1/data HTTP/1.1" 404 4036 "https://adkins-thomas.com" "Mozilla/5.0 (Windows NT 10.0; Win64; x64) AppleWebKit/537.36 (KHTML, like Gecko) Chrome/90.0.4430.85 Safari/537.36" "166.157.52.205"
192.168.0.3 - - [18/Nov/2024:22:58:53 +0000] "GET /api/v1/resource HTTP/1.1" 301 2893 "https://figueroa.org" "Mozilla/5.0 (Windows NT 10.0; Win64; x64) AppleWebKit/537.36 (KHTML, like Gecko) Chrome/89.0.4389.82 Safari/537.36" "46.212.5.36"
192.168.0.2 - - [04/Dec/2024:22:58:53 +0000] "GET /api/v1/data HTTP/1.1" 400 2113 "https://marshall.com" "Mozilla/5.0 (Windows NT 10.0; Win64; x64) AppleWebKit/537.36 (KHTML, like Gecko) Chrome/89.0.4389.82 Safari/537.36" "211.250.165.215"
192.168.0.3 - - [11/Nov/2024:22:58:53 +0000] "GET /api/v1/resource HTTP/1.1" 301 1386 "https://clements.com" "Mozilla/5.0 (Windows NT 10.0; Win64; x64) AppleWebKit/537.36 (KHTML, like Gecko) Chrome/90.0.4430.85 Safari/537.36" "200.135.80.159"
192.168.0.3 - - [03/Dec/2024:22:58:53 +0000] "GET /api/v1/resource HTTP/1.1" 301 870 "https://buckley-glenn.com" "Mozilla/5.0 (Windows NT 10.0; Win64; x64) AppleWebKit/537.36 (KHTML, like Gecko) Chrome/90.0.4430.85 Safari/537.36" "30.33.156.181"
192.168.0.1 - - [26/Nov/2024:22:58:53 +0000] "GET /api/v1/status HTTP/1.1" 500 4556 "https://gonzalez.com" "Mozilla/5.0 (Windows NT 10.0; Win64; x64) AppleWebKit/537.36 (KHTML, like Gecko) Chrome/89.0.4389.82 Safari/537.36" "187.65.122.204"
192.168.0.2 - - [25/Nov/2024:22:58:53 +0000] "GET /api/v1/status HTTP/1.1" 301 3283 "https://chang-mitchell.com" "Mozilla/5.0 (Windows NT 10.0; Win64; x64) AppleWebKit/537.36 (KHTML, like Gecko) Chrome/90.0.4430.85 Safari/537.36" "131.185.238.52"
192.168.0.1 - - [26/Nov/2024:22:58:53 +0000] "GET /api/v1/data HTTP/1.1" 404 782 "https://schultz-wolfe.com" "Mozilla/5.0 (Windows NT 10.0; Win64; x64) AppleWebKit/537.36 (KHTML, like Gecko) Chrome/90.0.4430.85 Safari/537.36" "8.173.252.31"
192.168.0.1 - - [18/Nov/2024:22:58:53 +0000] "GET /api/v1/status HTTP/1.1" 401 762 "https://jacobs.com" "Mozilla/5.0 (Windows NT 10.0; Win64; x64) AppleWebKit/537.36 (KHTML, like Gecko) Chrome/89.0.4389.82 Safari/537.36" "204.153.160.40"
192.168.0.3 - - [07/Dec/2024:22:58:53 +0000] "GET /api/v1/login HTTP/1.1" 301 1147 "https://hernandez.biz" "Mozilla/5.0 (Windows NT 6.1; WOW64; rv:33.0) Gecko/20100101 Firefox/33.0" "202.126.33.116"
192.168.0.3 - - [10/Nov/2024:22:58:53 +0000] "GET /api/v1/data HTTP/1.1" 400 3180 "https://collins-campbell.com" "Mozilla/5.0 (Windows NT 10.0; Win64; x64) AppleWebKit/537.36 (KHTML, like Gecko) Chrome/90.0.4430.85 Safari/537.36" "140.34.193.192"
192.168.0.1 - - [08/Dec/2024:22:58:53 +0000] "GET /api/v1/status HTTP/1.1" 401 1484 "https://morrison.com" "Mozilla/5.0 (Windows NT 10.0; Win64; x64) AppleWebKit/537.36 (KHTML, like Gecko) Chrome/90.0.4430.85 Safari/537.36" "79.99.72.58"
192.168.0.2 - - [28/Nov/2024:22:58:53 +0000] "GET /api/v1/status HTTP/1.1" 400 1610 "https://love.com" "Mozilla/5.0 (Windows NT 6.1; WOW64; rv:33.0) Gecko/20100101 Firefox/33.0" "5.240.38.199"
192.168.0.2 - - [01/Dec/2024:22:58:53 +0000] "GET /api/v1/data HTTP/1.1" 301 2846 "https://little-martin.com" "Mozilla/5.0 (Windows NT 10.0; Win64; x64) AppleWebKit/537.36 (KHTML, like Gecko) Chrome/89.0.4389.82 Safari/537.36" "92.110.198.114"
192.168.0.2 - - [25/Nov/2024:22:58:53 +0000] "GET /api/v1/login HTTP/1.1" 500 1945 "https://sims.net" "Mozilla/5.0 (Windows NT 10.0; Win64; x64) AppleWebKit/537.36 (KHTML, like Gecko) Chrome/89.0.4389.82 Safari/537.36" "90.213.120.253"
192.168.0.1 - - [11/Nov/2024:22:58:53 +0000] "GET /api/v1/status HTTP/1.1" 404 4333 "https://luna.net" "Mozilla/5.0 (Windows NT 6.1; WOW64; rv:33.0) Gecko/20100101 Firefox/33.0" "202.132.118.241"
192.168.0.2 - - [08/Dec/2024:22:58:53 +0000] "GET /api/v1/resource HTTP/1.1" 400 1260 "https://smith.com" "Mozilla/5.0 (Windows NT 10.0; Win64; x64) AppleWebKit/537.36 (KHTML, like Gecko) Chrome/89.0.4389.82 Safari/537.36" "170.231.16.85"
192.168.0.1 - - [04/Dec/2024:22:58:53 +0000] "GET /api/v1/user HTTP/1.1" 400 231 "https://martinez.org" "Mozilla/5.0 (Windows NT 10.0; Win64; x64) AppleWebKit/537.36 (KHTML, like Gecko) Chrome/90.0.4430.85 Safari/537.36" "75.186.136.12"
192.168.0.3 - - [04/Dec/2024:22:58:53 +0000] "GET /api/v1/resource HTTP/1.1" 404 2310 "https://neal-livingston.com" "Mozilla/5.0 (Windows NT 10.0; Win64; x64) AppleWebKit/537.36 (KHTML, like Gecko) Chrome/90.0.4430.85 Safari/537.36" "149.47.109.193"
192.168.0.2 - - [26/Nov/2024:22:58:53 +0000] "GET /api/v1/resource HTTP/1.1" 200 2369 "https://lawrence-munoz.com" "Mozilla/5.0 (Windows NT 10.0; Win64; x64) AppleWebKit/537.36 (KHTML, like Gecko) Chrome/90.0.4430.85 Safari/537.36" "180.75.22.100"
192.168.0.1 - - [30/Nov/2024:22:58:53 +0000] "GET /api/v1/login HTTP/1.1" 301 211 "https://munoz.info" "Mozilla/5.0 (Windows NT 6.1; WOW64; rv:33.0) Gecko/20100101 Firefox/33.0" "131.0.121.6"
192.168.0.2 - - [25/Nov/2024:22:58:53 +0000] "GET /api/v1/status HTTP/1.1" 200 3052 "https://keller.com" "Mozilla/5.0 (Windows NT 10.0; Win64; x64) AppleWebKit/537.36 (KHTML, like Gecko) Chrome/89.0.4389.82 Safari/537.36" "39.71.144.25"
192.168.0.2 - - [15/Nov/2024:22:58:53 +0000] "GET /api/v1/login HTTP/1.1" 200 3397 "https://peterson.com" "Mozilla/5.0 (Windows NT 10.0; Win64; x64) AppleWebKit/537.36 (KHTML, like Gecko) Chrome/89.0.4389.82 Safari/537.36" "102.238.72.129"
192.168.0.2 - - [10/Nov/2024:22:58:53 +0000] "GET /api/v1/resource HTTP/1.1" 301 4237 "https://rowland.org" "Mozilla/5.0 (Windows NT 6.1; WOW64; rv:33.0) Gecko/20100101 Firefox/33.0" "123.62.10.131"
192.168.0.3 - - [24/Nov/2024:22:58:53 +0000] "GET /api/v1/user HTTP/1.1" 401 2906 "https://walker-nguyen.com" "Mozilla/5.0 (Windows NT 10.0; Win64; x64) AppleWebKit/537.36 (KHTML, like Gecko) Chrome/89.0.4389.82 Safari/537.36" "200.171.237.94"
192.168.0.3 - - [08/Dec/2024:22:58:53 +0000] "GET /api/v1/status HTTP/1.1" 404 3955 "https://anderson-cross.com" "Mozilla/5.0 (Windows NT 10.0; Win64; x64) AppleWebKit/537.36 (KHTML, like Gecko) Chrome/89.0.4389.82 Safari/537.36" "33.135.215.179"
192.168.0.3 - - [24/Nov/2024:22:58:53 +0000] "GET /api/v1/resource HTTP/1.1" 404 2723 "https://leach-evans.com" "Mozilla/5.0 (Windows NT 6.1; WOW64; rv:33.0) Gecko/20100101 Firefox/33.0" "126.138.88.89"
192.168.0.3 - - [10/Nov/2024:22:58:53 +0000] "GET /api/v1/status HTTP/1.1" 500 3074 "https://rodriguez-sellers.com" "Mozilla/5.0 (Windows NT 6.1; WOW64; rv:33.0) Gecko/20100101 Firefox/33.0" "87.37.221.177"
192.168.0.3 - - [06/Dec/2024:22:58:53 +0000] "GET /api/v1/resource HTTP/1.1" 401 3779 "https://williams-sanders.net" "Mozilla/5.0 (Windows NT 6.1; WOW64; rv:33.0) Gecko/20100101 Firefox/33.0" "41.172.23.138"
192.168.0.2 - - [15/Nov/2024:22:58:53 +0000] "GET /api/v1/status HTTP/1.1" 200 2452 "https://mendoza.net" "Mozilla/5.0 (Windows NT 10.0; Win64; x64) AppleWebKit/537.36 (KHTML, like Gecko) Chrome/90.0.4430.85 Safari/537.36" "26.19.31.116"
192.168.0.1 - - [13/Nov/2024:22:58:53 +0000] "GET /api/v1/status HTTP/1.1" 301 1590 "https://reyes.info" "Mozilla/5.0 (Windows NT 10.0; Win64; x64) AppleWebKit/537.36 (KHTML, like Gecko) Chrome/90.0.4430.85 Safari/537.36" "22.45.177.125"
192.168.0.2 - - [11/Nov/2024:22:58:53 +0000] "GET /api/v1/data HTTP/1.1" 500 4726 "https://morgan-hines.com" "Mozilla/5.0 (Windows NT 10.0; Win64; x64) AppleWebKit/537.36 (KHTML, like Gecko) Chrome/90.0.4430.85 Safari/537.36" "163.240.41.75"
192.168.0.3 - - [02/Dec/2024:22:58:53 +0000] "GET /api/v1/status HTTP/1.1" 500 2102 "https://garrison.com" "Mozilla/5.0 (Windows NT 6.1; WOW64; rv:33.0) Gecko/20100101 Firefox/33.0" "6.218.82.239"
192.168.0.3 - - [28/Nov/2024:22:58:53 +0000] "GET /api/v1/login HTTP/1.1" 400 3204 "https://lowe.net" "Mozilla/5.0 (Windows NT 10.0; Win64; x64) AppleWebKit/537.36 (KHTML, like Gecko) Chrome/90.0.4430.85 Safari/537.36" "187.69.94.228"
192.168.0.3 - - [16/Nov/2024:22:58:53 +0000] "GET /api/v1/login HTTP/1.1" 400 1982 "https://lucero.com" "Mozilla/5.0 (Windows NT 10.0; Win64; x64) AppleWebKit/537.36 (KHTML, like Gecko) Chrome/90.0.4430.85 Safari/537.36" "114.164.227.165"
192.168.0.1 - - [27/Nov/2024:22:58:53 +0000] "GET /api/v1/user HTTP/1.1" 301 4217 "https://brooks-combs.biz" "Mozilla/5.0 (Windows NT 10.0; Win64; x64) AppleWebKit/537.36 (KHTML, like Gecko) Chrome/89.0.4389.82 Safari/537.36" "133.230.0.163"
192.168.0.3 - - [14/Nov/2024:22:58:53 +0000] "GET /api/v1/status HTTP/1.1" 401 3282 "https://davis-dudley.com" "Mozilla/5.0 (Windows NT 10.0; Win64; x64) AppleWebKit/537.36 (KHTML, like Gecko) Chrome/90.0.4430.85 Safari/537.36" "15.215.7.84"
192.168.0.1 - - [27/Nov/2024:22:58:53 +0000] "GET /api/v1/login HTTP/1.1" 301 1746 "https://barnes.net" "Mozilla/5.0 (Windows NT 10.0; Win64; x64) AppleWebKit/537.36 (KHTML, like Gecko) Chrome/89.0.4389.82 Safari/537.36" "90.38.21.32"
192.168.0.3 - - [04/Dec/2024:22:58:53 +0000] "GET /api/v1/status HTTP/1.1" 301 4279 "https://bolton.com" "Mozilla/5.0 (Windows NT 10.0; Win64; x64) AppleWebKit/537.36 (KHTML, like Gecko) Chrome/90.0.4430.85 Safari/537.36" "188.198.220.32"
192.168.0.1 - - [01/Dec/2024:22:58:53 +0000] "GET /api/v1/login HTTP/1.1" 404 4839 "https://nunez-jones.com" "Mozilla/5.0 (Windows NT 10.0; Win64; x64) AppleWebKit/537.36 (KHTML, like Gecko) Chrome/89.0.4389.82 Safari/537.36" "149.157.44.215"
192.168.0.2 - - [23/Nov/2024:22:58:53 +0000] "GET /api/v1/login HTTP/1.1" 301 2553 "https://brewer.com" "Mozilla/5.0 (Windows NT 6.1; WOW64; rv:33.0) Gecko/20100101 Firefox/33.0" "119.26.250.49"
192.168.0.2 - - [27/Nov/2024:22:58:53 +0000] "GET /api/v1/login HTTP/1.1" 401 2931 "https://carter-walters.com" "Mozilla/5.0 (Windows NT 10.0; Win64; x64) AppleWebKit/537.36 (KHTML, like Gecko) Chrome/90.0.4430.85 Safari/537.36" "13.36.117.41"
192.168.0.3 - - [29/Nov/2024:22:58:53 +0000] "GET /api/v1/resource HTTP/1.1" 500 4169 "https://campos.com" "Mozilla/5.0 (Windows NT 10.0; Win64; x64) AppleWebKit/537.36 (KHTML, like Gecko) Chrome/90.0.4430.85 Safari/537.36" "199.64.195.30"
192.168.0.1 - - [25/Nov/2024:22:58:53 +0000] "GET /api/v1/login HTTP/1.1" 401 766 "https://richard.com" "Mozilla/5.0 (Windows NT 10.0; Win64; x64) AppleWebKit/537.36 (KHTML, like Gecko) Chrome/89.0.4389.82 Safari/537.36" "18.188.163.128"
192.168.0.2 - - [17/Nov/2024:22:58:53 +0000] "GET /api/v1/user HTTP/1.1" 401 631 "https://cox.biz" "Mozilla/5.0 (Windows NT 10.0; Win64; x64) AppleWebKit/537.36 (KHTML, like Gecko) Chrome/90.0.4430.85 Safari/537.36" "111.97.125.122"
192.168.0.2 - - [04/Dec/2024:22:58:53 +0000] "GET /api/v1/data HTTP/1.1" 401 3352 "https://williams.net" "Mozilla/5.0 (Windows NT 6.1; WOW64; rv:33.0) Gecko/20100101 Firefox/33.0" "102.13.244.190"
192.168.0.1 - - [22/Nov/2024:22:58:53 +0000] "GET /api/v1/data HTTP/1.1" 200 745 "https://scott-sanchez.com" "Mozilla/5.0 (Windows NT 10.0; Win64; x64) AppleWebKit/537.36 (KHTML, like Gecko) Chrome/89.0.4389.82 Safari/537.36" "38.103.26.221"
192.168.0.1 - - [23/Nov/2024:22:58:53 +0000] "GET /api/v1/resource HTTP/1.1" 500 102 "https://novak.com" "Mozilla/5.0 (Windows NT 10.0; Win64; x64) AppleWebKit/537.36 (KHTML, like Gecko) Chrome/89.0.4389.82 Safari/537.36" "93.213.221.34"
192.168.0.2 - - [12/Nov/2024:22:58:53 +0000] "GET /api/v1/data HTTP/1.1" 200 1232 "https://diaz.com" "Mozilla/5.0 (Windows NT 10.0; Win64; x64) AppleWebKit/537.36 (KHTML, like Gecko) Chrome/90.0.4430.85 Safari/537.36" "204.25.52.165"
192.168.0.3 - - [04/Dec/2024:22:58:53 +0000] "GET /api/v1/status HTTP/1.1" 404 2772 "https://parker-jacobs.org" "Mozilla/5.0 (Windows NT 6.1; WOW64; rv:33.0) Gecko/20100101 Firefox/33.0" "18.19.143.122"
192.168.0.3 - - [15/Nov/2024:22:58:53 +0000] "GET /api/v1/login HTTP/1.1" 500 2902 "https://livingston-duran.net" "Mozilla/5.0 (Windows NT 10.0; Win64; x64) AppleWebKit/537.36 (KHTML, like Gecko) Chrome/89.0.4389.82 Safari/537.36" "8.2.209.4"
192.168.0.2 - - [05/Dec/2024:22:58:53 +0000] "GET /api/v1/resource HTTP/1.1" 401 3904 "https://mccarthy.com" "Mozilla/5.0 (Windows NT 10.0; Win64; x64) AppleWebKit/537.36 (KHTML, like Gecko) Chrome/90.0.4430.85 Safari/537.36" "141.61.201.47"
192.168.0.2 - - [13/Nov/2024:22:58:53 +0000] "GET /api/v1/data HTTP/1.1" 200 259 "https://wyatt.com" "Mozilla/5.0 (Windows NT 10.0; Win64; x64) AppleWebKit/537.36 (KHTML, like Gecko) Chrome/89.0.4389.82 Safari/537.36" "161.162.185.225"
192.168.0.3 - - [27/Nov/2024:22:58:53 +0000] "GET /api/v1/user HTTP/1.1" 401 4556 "https://blackburn-rogers.com" "Mozilla/5.0 (Windows NT 6.1; WOW64; rv:33.0) Gecko/20100101 Firefox/33.0" "139.169.149.104"
192.168.0.3 - - [24/Nov/2024:22:58:53 +0000] "GET /api/v1/resource HTTP/1.1" 400 1214 "https://ali.biz" "Mozilla/5.0 (Windows NT 6.1; WOW64; rv:33.0) Gecko/20100101 Firefox/33.0" "70.234.160.155"
192.168.0.3 - - [26/Nov/2024:22:58:53 +0000] "GET /api/v1/status HTTP/1.1" 500 2054 "https://evans.com" "Mozilla/5.0 (Windows NT 6.1; WOW64; rv:33.0) Gecko/20100101 Firefox/33.0" "195.26.77.216"
192.168.0.2 - - [19/Nov/2024:22:58:53 +0000] "GET /api/v1/resource HTTP/1.1" 404 1803 "https://douglas-dunn.com" "Mozilla/5.0 (Windows NT 10.0; Win64; x64) AppleWebKit/537.36 (KHTML, like Gecko) Chrome/89.0.4389.82 Safari/537.36" "4.222.71.49"
192.168.0.3 - - [22/Nov/2024:22:58:53 +0000] "GET /api/v1/data HTTP/1.1" 401 1822 "https://smith.org" "Mozilla/5.0 (Windows NT 10.0; Win64; x64) AppleWebKit/537.36 (KHTML, like Gecko) Chrome/89.0.4389.82 Safari/537.36" "171.64.14.67"
192.168.0.3 - - [17/Nov/2024:22:58:53 +0000] "GET /api/v1/user HTTP/1.1" 401 616 "https://hunter-hamilton.com" "Mozilla/5.0 (Windows NT 10.0; Win64; x64) AppleWebKit/537.36 (KHTML, like Gecko) Chrome/89.0.4389.82 Safari/537.36" "108.133.16.147"
192.168.0.3 - - [18/Nov/2024:22:58:53 +0000] "GET /api/v1/resource HTTP/1.1" 500 4367 "https://clarke.net" "Mozilla/5.0 (Windows NT 6.1; WOW64; rv:33.0) Gecko/20100101 Firefox/33.0" "15.247.180.118"
192.168.0.2 - - [17/Nov/2024:22:58:53 +0000] "GET /api/v1/resource HTTP/1.1" 200 3531 "https://wu.com" "Mozilla/5.0 (Windows NT 10.0; Win64; x64) AppleWebKit/537.36 (KHTML, like Gecko) Chrome/89.0.4389.82 Safari/537.36" "173.165.79.77"
192.168.0.1 - - [20/Nov/2024:22:58:53 +0000] "GET /api/v1/user HTTP/1.1" 400 2199 "https://mora.com" "Mozilla/5.0 (Windows NT 6.1; WOW64; rv:33.0) Gecko/20100101 Firefox/33.0" "112.204.64.249"
