192.168.0.3 - - [05/Dec/2024:22:58:50 +0000] "GET /api/v1/resource HTTP/1.1" 401 2744 "https://vasquez.com" "Mozilla/5.0 (Windows NT 10.0; Win64; x64) AppleWebKit/537.36 (KHTML, like Gecko) Chrome/89.0.4389.82 Safari/537.36" "35.246.17.177"
192.168.0.2 - - [14/Nov/2024:22:58:50 +0000] "GET /api/v1/user HTTP/1.1" 400 700 "https://sparks.info" "Mozilla/5.0 (Windows NT 6.1; WOW64; rv:33.0) Gecko/20100101 Firefox/33.0" "35.177.60.84"
192.168.0.1 - - [11/Nov/2024:22:58:50 +0000] "GET /api/v1/login HTTP/1.1" 500 4527 "https://navarro.com" "Mozilla/5.0 (Windows NT 10.0; Win64; x64) AppleWebKit/537.36 (KHTML, like Gecko) Chrome/90.0.4430.85 Safari/537.36" "177.246.61.146"
192.168.0.2 - - [01/Dec/2024:22:58:50 +0000] "GET /api/v1/data HTTP/1.1" 500 3267 "https://stevenson-dominguez.org" "Mozilla/5.0 (Windows NT 6.1; WOW64; rv:33.0) Gecko/20100101 Firefox/33.0" "145.83.107.113"
192.168.0.3 - - [08/Nov/2024:22:58:50 +0000] "GET /api/v1/status HTTP/1.1" 500 3781 "https://bowen-zimmerman.info" "Mozilla/5.0 (Windows NT 10.0; Win64; x64) AppleWebKit/537.36 (KHTML, like Gecko) Chrome/90.0.4430.85 Safari/537.36" "210.11.221.184"
192.168.0.2 - - [28/Nov/2024:22:58:50 +0000] "GET /api/v1/resource HTTP/1.1" 500 166 "https://evans-mendoza.info" "Mozilla/5.0 (Windows NT 10.0; Win64; x64) AppleWebKit/537.36 (KHTML, like Gecko) Chrome/89.0.4389.82 Safari/537.36" "119.81.246.99"
192.168.0.2 - - [01/Dec/2024:22:58:50 +0000] "GET /api/v1/user HTTP/1.1" 301 121 "https://kemp.com" "Mozilla/5.0 (Windows NT 10.0; Win64; x64) AppleWebKit/537.36 (KHTML, like Gecko) Chrome/89.0.4389.82 Safari/537.36" "153.137.191.254"
192.168.0.1 - - [09/Nov/2024:22:58:50 +0000] "GET /api/v1/status HTTP/1.1" 400 611 "https://rodriguez.com" "Mozilla/5.0 (Windows NT 10.0; Win64; x64) AppleWebKit/537.36 (KHTML, like Gecko) Chrome/90.0.4430.85 Safari/537.36" "162.21.9.57"
192.168.0.3 - - [18/Nov/2024:22:58:50 +0000] "GET /api/v1/login HTTP/1.1" 404 2870 "https://roy-olson.net" "Mozilla/5.0 (Windows NT 10.0; Win64; x64) AppleWebKit/537.36 (KHTML, like Gecko) Chrome/89.0.4389.82 Safari/537.36" "122.253.212.111"
192.168.0.3 - - [14/Nov/2024:22:58:50 +0000] "GET /api/v1/login HTTP/1.1" 404 2718 "https://peterson.com" "Mozilla/5.0 (Windows NT 10.0; Win64; x64) AppleWebKit/537.36 (KHTML, like Gecko) Chrome/89.0.4389.82 Safari/537.36" "71.255.238.50"
192.168.0.1 - - [22/Nov/2024:22:58:50 +0000] "GET /api/v1/user HTTP/1.1" 404 522 "https://brown-roberts.com" "Mozilla/5.0 (Windows NT 10.0; Win64; x64) AppleWebKit/537.36 (KHTML, like Gecko) Chrome/90.0.4430.85 Safari/537.36" "116.169.62.219"
192.168.0.3 - - [16/Nov/2024:22:58:50 +0000] "GET /api/v1/resource HTTP/1.1" 404 4350 "https://johnson-campbell.info" "Mozilla/5.0 (Windows NT 6.1; WOW64; rv:33.0) Gecko/20100101 Firefox/33.0" "59.128.202.25"
192.168.0.2 - - [24/Nov/2024:22:58:50 +0000] "GET /api/v1/status HTTP/1.1" 400 374 "https://rubio.com" "Mozilla/5.0 (Windows NT 10.0; Win64; x64) AppleWebKit/537.36 (KHTML, like Gecko) Chrome/89.0.4389.82 Safari/537.36" "200.71.130.209"
192.168.0.3 - - [06/Dec/2024:22:58:50 +0000] "GET /api/v1/login HTTP/1.1" 401 1966 "https://sanchez-wright.com" "Mozilla/5.0 (Windows NT 6.1; WOW64; rv:33.0) Gecko/20100101 Firefox/33.0" "103.180.124.237"
192.168.0.2 - - [20/Nov/2024:22:58:50 +0000] "GET /api/v1/login HTTP/1.1" 500 225 "https://white-diaz.com" "Mozilla/5.0 (Windows NT 10.0; Win64; x64) AppleWebKit/537.36 (KHTML, like Gecko) Chrome/89.0.4389.82 Safari/537.36" "61.130.246.226"
192.168.0.3 - - [17/Nov/2024:22:58:50 +0000] "GET /api/v1/resource HTTP/1.1" 200 181 "https://griffin.net" "Mozilla/5.0 (Windows NT 6.1; WOW64; rv:33.0) Gecko/20100101 Firefox/33.0" "99.71.136.216"
192.168.0.1 - - [28/Nov/2024:22:58:50 +0000] "GET /api/v1/login HTTP/1.1" 404 2420 "https://bender.com" "Mozilla/5.0 (Windows NT 10.0; Win64; x64) AppleWebKit/537.36 (KHTML, like Gecko) Chrome/90.0.4430.85 Safari/537.36" "191.188.126.30"
192.168.0.2 - - [28/Nov/2024:22:58:50 +0000] "GET /api/v1/data HTTP/1.1" 301 916 "https://cameron.com" "Mozilla/5.0 (Windows NT 10.0; Win64; x64) AppleWebKit/537.36 (KHTML, like Gecko) Chrome/90.0.4430.85 Safari/537.36" "197.166.163.253"
192.168.0.1 - - [26/Nov/2024:22:58:50 +0000] "GET /api/v1/resource HTTP/1.1" 200 589 "https://james.com" "Mozilla/5.0 (Windows NT 6.1; WOW64; rv:33.0) Gecko/20100101 Firefox/33.0" "205.250.238.176"
192.168.0.3 - - [08/Nov/2024:22:58:50 +0000] "GET /api/v1/login HTTP/1.1" 404 2847 "https://harris-bryant.com" "Mozilla/5.0 (Windows NT 6.1; WOW64; rv:33.0) Gecko/20100101 Firefox/33.0" "124.29.201.154"
192.168.0.1 - - [25/Nov/2024:22:58:50 +0000] "GET /api/v1/data HTTP/1.1" 400 2601 "https://riggs.net" "Mozilla/5.0 (Windows NT 10.0; Win64; x64) AppleWebKit/537.36 (KHTML, like Gecko) Chrome/90.0.4430.85 Safari/537.36" "170.238.27.65"
192.168.0.1 - - [25/Nov/2024:22:58:50 +0000] "GET /api/v1/user HTTP/1.1" 401 3694 "https://johnson.com" "Mozilla/5.0 (Windows NT 6.1; WOW64; rv:33.0) Gecko/20100101 Firefox/33.0" "2.187.212.118"
192.168.0.1 - - [23/Nov/2024:22:58:50 +0000] "GET /api/v1/status HTTP/1.1" 404 690 "https://smith.biz" "Mozilla/5.0 (Windows NT 10.0; Win64; x64) AppleWebKit/537.36 (KHTML, like Gecko) Chrome/90.0.4430.85 Safari/537.36" "56.229.184.94"
192.168.0.3 - - [19/Nov/2024:22:58:50 +0000] "GET /api/v1/resource HTTP/1.1" 500 3083 "https://johnston.net" "Mozilla/5.0 (Windows NT 10.0; Win64; x64) AppleWebKit/537.36 (KHTML, like Gecko) Chrome/90.0.4430.85 Safari/537.36" "108.17.24.50"
192.168.0.2 - - [09/Nov/2024:22:58:50 +0000] "GET /api/v1/data HTTP/1.1" 200 3763 "https://strickland.com" "Mozilla/5.0 (Windows NT 10.0; Win64; x64) AppleWebKit/537.36 (KHTML, like Gecko) Chrome/89.0.4389.82 Safari/537.36" "8.96.27.93"
192.168.0.1 - - [08/Nov/2024:22:58:50 +0000] "GET /api/v1/user HTTP/1.1" 400 4186 "https://morgan-thomas.info" "Mozilla/5.0 (Windows NT 6.1; WOW64; rv:33.0) Gecko/20100101 Firefox/33.0" "19.108.138.137"
192.168.0.2 - - [11/Nov/2024:22:58:50 +0000] "GET /api/v1/login HTTP/1.1" 301 693 "https://mccullough-stone.com" "Mozilla/5.0 (Windows NT 10.0; Win64; x64) AppleWebKit/537.36 (KHTML, like Gecko) Chrome/90.0.4430.85 Safari/537.36" "205.222.188.192"
192.168.0.3 - - [06/Dec/2024:22:58:50 +0000] "GET /api/v1/status HTTP/1.1" 200 2000 "https://stewart.com" "Mozilla/5.0 (Windows NT 10.0; Win64; x64) AppleWebKit/537.36 (KHTML, like Gecko) Chrome/89.0.4389.82 Safari/537.36" "180.225.208.4"
192.168.0.2 - - [28/Nov/2024:22:58:50 +0000] "GET /api/v1/data HTTP/1.1" 500 810 "https://patterson.org" "Mozilla/5.0 (Windows NT 6.1; WOW64; rv:33.0) Gecko/20100101 Firefox/33.0" "161.21.140.36"
192.168.0.1 - - [15/Nov/2024:22:58:50 +0000] "GET /api/v1/data HTTP/1.1" 400 2382 "https://kirk.com" "Mozilla/5.0 (Windows NT 6.1; WOW64; rv:33.0) Gecko/20100101 Firefox/33.0" "101.106.34.247"
192.168.0.3 - - [12/Nov/2024:22:58:50 +0000] "GET /api/v1/resource HTTP/1.1" 404 2426 "https://coleman.com" "Mozilla/5.0 (Windows NT 10.0; Win64; x64) AppleWebKit/537.36 (KHTML, like Gecko) Chrome/89.0.4389.82 Safari/537.36" "186.216.192.66"
192.168.0.2 - - [05/Dec/2024:22:58:50 +0000] "GET /api/v1/status HTTP/1.1" 401 3534 "https://johnston-wells.com" "Mozilla/5.0 (Windows NT 10.0; Win64; x64) AppleWebKit/537.36 (KHTML, like Gecko) Chrome/89.0.4389.82 Safari/537.36" "19.97.47.157"
192.168.0.1 - - [12/Nov/2024:22:58:50 +0000] "GET /api/v1/user HTTP/1.1" 500 2498 "https://hayes-foley.net" "Mozilla/5.0 (Windows NT 6.1; WOW64; rv:33.0) Gecko/20100101 Firefox/33.0" "46.75.27.80"
192.168.0.3 - - [25/Nov/2024:22:58:50 +0000] "GET /api/v1/data HTTP/1.1" 400 326 "https://barrett.net" "Mozilla/5.0 (Windows NT 10.0; Win64; x64) AppleWebKit/537.36 (KHTML, like Gecko) Chrome/89.0.4389.82 Safari/537.36" "123.234.183.196"
192.168.0.1 - - [01/Dec/2024:22:58:50 +0000] "GET /api/v1/status HTTP/1.1" 400 873 "https://brown.com" "Mozilla/5.0 (Windows NT 10.0; Win64; x64) AppleWebKit/537.36 (KHTML, like Gecko) Chrome/90.0.4430.85 Safari/537.36" "9.93.53.23"
192.168.0.3 - - [01/Dec/2024:22:58:50 +0000] "GET /api/v1/data HTTP/1.1" 404 3744 "https://gomez.com" "Mozilla/5.0 (Windows NT 10.0; Win64; x64) AppleWebKit/537.36 (KHTML, like Gecko) Chrome/90.0.4430.85 Safari/537.36" "193.3.27.225"
192.168.0.1 - - [17/Nov/2024:22:58:50 +0000] "GET /api/v1/status HTTP/1.1" 404 2450 "https://johnson.com" "Mozilla/5.0 (Windows NT 6.1; WOW64; rv:33.0) Gecko/20100101 Firefox/33.0" "67.240.40.174"
192.168.0.2 - - [25/Nov/2024:22:58:50 +0000] "GET /api/v1/data HTTP/1.1" 500 1738 "https://scott-gross.com" "Mozilla/5.0 (Windows NT 6.1; WOW64; rv:33.0) Gecko/20100101 Firefox/33.0" "84.17.221.87"
192.168.0.2 - - [26/Nov/2024:22:58:50 +0000] "GET /api/v1/user HTTP/1.1" 301 3688 "https://wilkerson.biz" "Mozilla/5.0 (Windows NT 6.1; WOW64; rv:33.0) Gecko/20100101 Firefox/33.0" "123.67.75.98"
192.168.0.1 - - [05/Dec/2024:22:58:50 +0000] "GET /api/v1/login HTTP/1.1" 401 1710 "https://fitzgerald.biz" "Mozilla/5.0 (Windows NT 6.1; WOW64; rv:33.0) Gecko/20100101 Firefox/33.0" "37.173.145.156"
192.168.0.3 - - [11/Nov/2024:22:58:50 +0000] "GET /api/v1/data HTTP/1.1" 500 3403 "https://barker.com" "Mozilla/5.0 (Windows NT 10.0; Win64; x64) AppleWebKit/537.36 (KHTML, like Gecko) Chrome/90.0.4430.85 Safari/537.36" "162.158.112.168"
192.168.0.1 - - [24/Nov/2024:22:58:50 +0000] "GET /api/v1/resource HTTP/1.1" 500 4936 "https://holland-gill.com" "Mozilla/5.0 (Windows NT 6.1; WOW64; rv:33.0) Gecko/20100101 Firefox/33.0" "51.132.213.53"
192.168.0.1 - - [27/Nov/2024:22:58:50 +0000] "GET /api/v1/resource HTTP/1.1" 400 369 "https://ryan.com" "Mozilla/5.0 (Windows NT 10.0; Win64; x64) AppleWebKit/537.36 (KHTML, like Gecko) Chrome/89.0.4389.82 Safari/537.36" "5.234.84.74"
192.168.0.2 - - [25/Nov/2024:22:58:50 +0000] "GET /api/v1/user HTTP/1.1" 400 864 "https://morris-stewart.com" "Mozilla/5.0 (Windows NT 10.0; Win64; x64) AppleWebKit/537.36 (KHTML, like Gecko) Chrome/89.0.4389.82 Safari/537.36" "62.245.86.186"
192.168.0.3 - - [27/Nov/2024:22:58:50 +0000] "GET /api/v1/status HTTP/1.1" 404 3936 "https://glenn-anderson.biz" "Mozilla/5.0 (Windows NT 6.1; WOW64; rv:33.0) Gecko/20100101 Firefox/33.0" "136.40.130.147"
192.168.0.1 - - [03/Dec/2024:22:58:50 +0000] "GET /api/v1/login HTTP/1.1" 200 4159 "https://taylor-peck.com" "Mozilla/5.0 (Windows NT 6.1; WOW64; rv:33.0) Gecko/20100101 Firefox/33.0" "141.169.173.75"
192.168.0.1 - - [11/Nov/2024:22:58:50 +0000] "GET /api/v1/user HTTP/1.1" 500 4674 "https://becker.org" "Mozilla/5.0 (Windows NT 10.0; Win64; x64) AppleWebKit/537.36 (KHTML, like Gecko) Chrome/89.0.4389.82 Safari/537.36" "37.123.45.57"
192.168.0.1 - - [08/Nov/2024:22:58:50 +0000] "GET /api/v1/status HTTP/1.1" 400 4814 "https://gray.biz" "Mozilla/5.0 (Windows NT 10.0; Win64; x64) AppleWebKit/537.36 (KHTML, like Gecko) Chrome/90.0.4430.85 Safari/537.36" "210.249.26.206"
192.168.0.1 - - [15/Nov/2024:22:58:50 +0000] "GET /api/v1/login HTTP/1.1" 301 1892 "https://watson.org" "Mozilla/5.0 (Windows NT 10.0; Win64; x64) AppleWebKit/537.36 (KHTML, like Gecko) Chrome/89.0.4389.82 Safari/537.36" "119.1.215.66"
192.168.0.2 - - [09/Nov/2024:22:58:50 +0000] "GET /api/v1/login HTTP/1.1" 500 857 "https://peterson-long.com" "Mozilla/5.0 (Windows NT 10.0; Win64; x64) AppleWebKit/537.36 (KHTML, like Gecko) Chrome/89.0.4389.82 Safari/537.36" "173.92.235.209"
192.168.0.3 - - [19/Nov/2024:22:58:50 +0000] "GET /api/v1/resource HTTP/1.1" 404 2242 "https://hernandez.org" "Mozilla/5.0 (Windows NT 6.1; WOW64; rv:33.0) Gecko/20100101 Firefox/33.0" "15.76.115.36"
192.168.0.3 - - [15/Nov/2024:22:58:50 +0000] "GET /api/v1/resource HTTP/1.1" 404 1524 "https://lee.net" "Mozilla/5.0 (Windows NT 10.0; Win64; x64) AppleWebKit/537.36 (KHTML, like Gecko) Chrome/90.0.4430.85 Safari/537.36" "215.118.51.225"
192.168.0.2 - - [05/Dec/2024:22:58:50 +0000] "GET /api/v1/login HTTP/1.1" 500 1923 "https://allen.com" "Mozilla/5.0 (Windows NT 6.1; WOW64; rv:33.0) Gecko/20100101 Firefox/33.0" "203.238.117.11"
192.168.0.3 - - [11/Nov/2024:22:58:50 +0000] "GET /api/v1/data HTTP/1.1" 404 2928 "https://harris-bartlett.com" "Mozilla/5.0 (Windows NT 10.0; Win64; x64) AppleWebKit/537.36 (KHTML, like Gecko) Chrome/89.0.4389.82 Safari/537.36" "165.208.63.53"
192.168.0.1 - - [07/Dec/2024:22:58:50 +0000] "GET /api/v1/resource HTTP/1.1" 404 541 "https://lopez.org" "Mozilla/5.0 (Windows NT 10.0; Win64; x64) AppleWebKit/537.36 (KHTML, like Gecko) Chrome/89.0.4389.82 Safari/537.36" "28.244.55.84"
192.168.0.1 - - [25/Nov/2024:22:58:50 +0000] "GET /api/v1/user HTTP/1.1" 401 3116 "https://king-ray.com" "Mozilla/5.0 (Windows NT 10.0; Win64; x64) AppleWebKit/537.36 (KHTML, like Gecko) Chrome/90.0.4430.85 Safari/537.36" "211.115.144.120"
192.168.0.2 - - [19/Nov/2024:22:58:50 +0000] "GET /api/v1/status HTTP/1.1" 404 3052 "https://mitchell.com" "Mozilla/5.0 (Windows NT 10.0; Win64; x64) AppleWebKit/537.36 (KHTML, like Gecko) Chrome/90.0.4430.85 Safari/537.36" "83.216.161.6"
192.168.0.2 - - [13/Nov/2024:22:58:50 +0000] "GET /api/v1/user HTTP/1.1" 200 757 "https://terry-larson.info" "Mozilla/5.0 (Windows NT 10.0; Win64; x64) AppleWebKit/537.36 (KHTML, like Gecko) Chrome/89.0.4389.82 Safari/537.36" "165.91.174.87"
192.168.0.1 - - [21/Nov/2024:22:58:50 +0000] "GET /api/v1/user HTTP/1.1" 400 1525 "https://morris-mitchell.info" "Mozilla/5.0 (Windows NT 6.1; WOW64; rv:33.0) Gecko/20100101 Firefox/33.0" "177.178.234.247"
192.168.0.2 - - [09/Nov/2024:22:58:50 +0000] "GET /api/v1/resource HTTP/1.1" 404 4874 "https://hickman.biz" "Mozilla/5.0 (Windows NT 6.1; WOW64; rv:33.0) Gecko/20100101 Firefox/33.0" "133.221.154.218"
192.168.0.1 - - [12/Nov/2024:22:58:50 +0000] "GET /api/v1/user HTTP/1.1" 400 2840 "https://woodward.com" "Mozilla/5.0 (Windows NT 6.1; WOW64; rv:33.0) Gecko/20100101 Firefox/33.0" "54.23.195.208"
192.168.0.2 - - [22/Nov/2024:22:58:50 +0000] "GET /api/v1/resource HTTP/1.1" 301 4361 "https://murray.net" "Mozilla/5.0 (Windows NT 10.0; Win64; x64) AppleWebKit/537.36 (KHTML, like Gecko) Chrome/90.0.4430.85 Safari/537.36" "136.217.18.44"
192.168.0.2 - - [26/Nov/2024:22:58:50 +0000] "GET /api/v1/login HTTP/1.1" 404 165 "https://mosley.biz" "Mozilla/5.0 (Windows NT 6.1; WOW64; rv:33.0) Gecko/20100101 Firefox/33.0" "208.188.226.125"
192.168.0.2 - - [04/Dec/2024:22:58:50 +0000] "GET /api/v1/resource HTTP/1.1" 404 3423 "https://marquez-wilson.info" "Mozilla/5.0 (Windows NT 10.0; Win64; x64) AppleWebKit/537.36 (KHTML, like Gecko) Chrome/89.0.4389.82 Safari/537.36" "38.68.199.44"
192.168.0.1 - - [03/Dec/2024:22:58:50 +0000] "GET /api/v1/data HTTP/1.1" 200 1032 "https://anderson.org" "Mozilla/5.0 (Windows NT 10.0; Win64; x64) AppleWebKit/537.36 (KHTML, like Gecko) Chrome/89.0.4389.82 Safari/537.36" "67.82.218.27"
192.168.0.3 - - [27/Nov/2024:22:58:50 +0000] "GET /api/v1/data HTTP/1.1" 401 4223 "https://mayo-simpson.com" "Mozilla/5.0 (Windows NT 6.1; WOW64; rv:33.0) Gecko/20100101 Firefox/33.0" "94.91.72.31"
192.168.0.3 - - [30/Nov/2024:22:58:50 +0000] "GET /api/v1/status HTTP/1.1" 500 310 "https://knapp-turner.info" "Mozilla/5.0 (Windows NT 10.0; Win64; x64) AppleWebKit/537.36 (KHTML, like Gecko) Chrome/89.0.4389.82 Safari/537.36" "103.110.53.231"
192.168.0.3 - - [08/Dec/2024:22:58:50 +0000] "GET /api/v1/resource HTTP/1.1" 400 2839 "https://hunter-lynch.com" "Mozilla/5.0 (Windows NT 6.1; WOW64; rv:33.0) Gecko/20100101 Firefox/33.0" "23.71.19.171"
192.168.0.3 - - [22/Nov/2024:22:58:50 +0000] "GET /api/v1/status HTTP/1.1" 404 2058 "https://green-pitts.info" "Mozilla/5.0 (Windows NT 10.0; Win64; x64) AppleWebKit/537.36 (KHTML, like Gecko) Chrome/89.0.4389.82 Safari/537.36" "159.118.41.97"
192.168.0.1 - - [08/Dec/2024:22:58:50 +0000] "GET /api/v1/data HTTP/1.1" 401 3344 "https://serrano-miller.com" "Mozilla/5.0 (Windows NT 6.1; WOW64; rv:33.0) Gecko/20100101 Firefox/33.0" "180.206.224.51"
192.168.0.2 - - [18/Nov/2024:22:58:50 +0000] "GET /api/v1/user HTTP/1.1" 500 2330 "https://adams.info" "Mozilla/5.0 (Windows NT 10.0; Win64; x64) AppleWebKit/537.36 (KHTML, like Gecko) Chrome/90.0.4430.85 Safari/537.36" "76.39.178.158"
192.168.0.1 - - [21/Nov/2024:22:58:50 +0000] "GET /api/v1/data HTTP/1.1" 401 2307 "https://greene.info" "Mozilla/5.0 (Windows NT 6.1; WOW64; rv:33.0) Gecko/20100101 Firefox/33.0" "174.238.50.25"
192.168.0.3 - - [08/Nov/2024:22:58:50 +0000] "GET /api/v1/status HTTP/1.1" 200 4625 "https://riggs.biz" "Mozilla/5.0 (Windows NT 10.0; Win64; x64) AppleWebKit/537.36 (KHTML, like Gecko) Chrome/90.0.4430.85 Safari/537.36" "109.127.95.169"
192.168.0.2 - - [04/Dec/2024:22:58:50 +0000] "GET /api/v1/login HTTP/1.1" 404 4713 "https://key-schmitt.com" "Mozilla/5.0 (Windows NT 10.0; Win64; x64) AppleWebKit/537.36 (KHTML, like Gecko) Chrome/89.0.4389.82 Safari/537.36" "137.23.157.142"
192.168.0.3 - - [14/Nov/2024:22:58:50 +0000] "GET /api/v1/login HTTP/1.1" 401 624 "https://monroe-rivera.info" "Mozilla/5.0 (Windows NT 10.0; Win64; x64) AppleWebKit/537.36 (KHTML, like Gecko) Chrome/89.0.4389.82 Safari/537.36" "10.196.213.101"
192.168.0.2 - - [05/Dec/2024:22:58:50 +0000] "GET /api/v1/login HTTP/1.1" 404 3503 "https://valdez.biz" "Mozilla/5.0 (Windows NT 10.0; Win64; x64) AppleWebKit/537.36 (KHTML, like Gecko) Chrome/90.0.4430.85 Safari/537.36" "174.162.3.80"
192.168.0.1 - - [05/Dec/2024:22:58:50 +0000] "GET /api/v1/data HTTP/1.1" 200 4050 "https://boyle-hernandez.info" "Mozilla/5.0 (Windows NT 6.1; WOW64; rv:33.0) Gecko/20100101 Firefox/33.0" "121.179.254.209"
192.168.0.3 - - [25/Nov/2024:22:58:50 +0000] "GET /api/v1/status HTTP/1.1" 401 2783 "https://ochoa.com" "Mozilla/5.0 (Windows NT 10.0; Win64; x64) AppleWebKit/537.36 (KHTML, like Gecko) Chrome/90.0.4430.85 Safari/537.36" "41.75.170.195"
192.168.0.1 - - [27/Nov/2024:22:58:50 +0000] "GET /api/v1/resource HTTP/1.1" 301 1532 "https://jimenez.org" "Mozilla/5.0 (Windows NT 10.0; Win64; x64) AppleWebKit/537.36 (KHTML, like Gecko) Chrome/90.0.4430.85 Safari/537.36" "62.124.20.208"
192.168.0.1 - - [13/Nov/2024:22:58:50 +0000] "GET /api/v1/user HTTP/1.1" 401 2097 "https://richards.org" "Mozilla/5.0 (Windows NT 6.1; WOW64; rv:33.0) Gecko/20100101 Firefox/33.0" "194.76.75.157"
192.168.0.3 - - [27/Nov/2024:22:58:50 +0000] "GET /api/v1/resource HTTP/1.1" 400 3701 "https://schaefer-moreno.com" "Mozilla/5.0 (Windows NT 10.0; Win64; x64) AppleWebKit/537.36 (KHTML, like Gecko) Chrome/89.0.4389.82 Safari/537.36" "56.216.115.77"
192.168.0.1 - - [02/Dec/2024:22:58:50 +0000] "GET /api/v1/data HTTP/1.1" 200 1690 "https://curtis.com" "Mozilla/5.0 (Windows NT 6.1; WOW64; rv:33.0) Gecko/20100101 Firefox/33.0" "66.123.12.39"
192.168.0.2 - - [07/Dec/2024:22:58:50 +0000] "GET /api/v1/user HTTP/1.1" 401 2988 "https://schmidt.com" "Mozilla/5.0 (Windows NT 6.1; WOW64; rv:33.0) Gecko/20100101 Firefox/33.0" "31.38.112.166"
192.168.0.3 - - [22/Nov/2024:22:58:50 +0000] "GET /api/v1/user HTTP/1.1" 404 1476 "https://richardson.org" "Mozilla/5.0 (Windows NT 10.0; Win64; x64) AppleWebKit/537.36 (KHTML, like Gecko) Chrome/90.0.4430.85 Safari/537.36" "18.118.164.222"
192.168.0.1 - - [02/Dec/2024:22:58:50 +0000] "GET /api/v1/status HTTP/1.1" 301 4481 "https://lewis.com" "Mozilla/5.0 (Windows NT 10.0; Win64; x64) AppleWebKit/537.36 (KHTML, like Gecko) Chrome/89.0.4389.82 Safari/537.36" "189.169.14.39"
192.168.0.2 - - [10/Nov/2024:22:58:50 +0000] "GET /api/v1/status HTTP/1.1" 404 3238 "https://morrison-burke.info" "Mozilla/5.0 (Windows NT 6.1; WOW64; rv:33.0) Gecko/20100101 Firefox/33.0" "20.118.243.122"
192.168.0.1 - - [13/Nov/2024:22:58:50 +0000] "GET /api/v1/user HTTP/1.1" 404 2787 "https://thomas.net" "Mozilla/5.0 (Windows NT 10.0; Win64; x64) AppleWebKit/537.36 (KHTML, like Gecko) Chrome/90.0.4430.85 Safari/537.36" "61.20.14.27"
192.168.0.3 - - [05/Dec/2024:22:58:50 +0000] "GET /api/v1/login HTTP/1.1" 401 2140 "https://wilson-norman.com" "Mozilla/5.0 (Windows NT 10.0; Win64; x64) AppleWebKit/537.36 (KHTML, like Gecko) Chrome/89.0.4389.82 Safari/537.36" "141.99.248.178"
192.168.0.1 - - [29/Nov/2024:22:58:50 +0000] "GET /api/v1/resource HTTP/1.1" 401 1021 "https://carlson.net" "Mozilla/5.0 (Windows NT 6.1; WOW64; rv:33.0) Gecko/20100101 Firefox/33.0" "167.76.41.230"
192.168.0.1 - - [24/Nov/2024:22:58:50 +0000] "GET /api/v1/data HTTP/1.1" 301 3238 "https://owens-howard.com" "Mozilla/5.0 (Windows NT 10.0; Win64; x64) AppleWebKit/537.36 (KHTML, like Gecko) Chrome/90.0.4430.85 Safari/537.36" "15.122.222.183"
192.168.0.3 - - [22/Nov/2024:22:58:50 +0000] "GET /api/v1/data HTTP/1.1" 301 4722 "https://daniels.com" "Mozilla/5.0 (Windows NT 6.1; WOW64; rv:33.0) Gecko/20100101 Firefox/33.0" "159.245.103.159"
192.168.0.1 - - [23/Nov/2024:22:58:50 +0000] "GET /api/v1/status HTTP/1.1" 500 2167 "https://reeves.com" "Mozilla/5.0 (Windows NT 6.1; WOW64; rv:33.0) Gecko/20100101 Firefox/33.0" "216.74.182.247"
192.168.0.1 - - [03/Dec/2024:22:58:50 +0000] "GET /api/v1/resource HTTP/1.1" 401 3585 "https://daniels.com" "Mozilla/5.0 (Windows NT 6.1; WOW64; rv:33.0) Gecko/20100101 Firefox/33.0" "4.225.205.235"
192.168.0.2 - - [03/Dec/2024:22:58:50 +0000] "GET /api/v1/status HTTP/1.1" 400 1902 "https://mcdonald-chavez.com" "Mozilla/5.0 (Windows NT 10.0; Win64; x64) AppleWebKit/537.36 (KHTML, like Gecko) Chrome/89.0.4389.82 Safari/537.36" "65.194.54.194"
192.168.0.2 - - [25/Nov/2024:22:58:50 +0000] "GET /api/v1/status HTTP/1.1" 401 2892 "https://walsh-bean.biz" "Mozilla/5.0 (Windows NT 10.0; Win64; x64) AppleWebKit/537.36 (KHTML, like Gecko) Chrome/90.0.4430.85 Safari/537.36" "134.227.170.41"
192.168.0.3 - - [15/Nov/2024:22:58:50 +0000] "GET /api/v1/user HTTP/1.1" 500 1136 "https://klein.com" "Mozilla/5.0 (Windows NT 6.1; WOW64; rv:33.0) Gecko/20100101 Firefox/33.0" "119.201.199.88"
192.168.0.1 - - [27/Nov/2024:22:58:50 +0000] "GET /api/v1/data HTTP/1.1" 400 2370 "https://long.com" "Mozilla/5.0 (Windows NT 6.1; WOW64; rv:33.0) Gecko/20100101 Firefox/33.0" "96.13.94.250"
192.168.0.3 - - [08/Dec/2024:22:58:50 +0000] "GET /api/v1/login HTTP/1.1" 400 4016 "https://prince-reed.com" "Mozilla/5.0 (Windows NT 10.0; Win64; x64) AppleWebKit/537.36 (KHTML, like Gecko) Chrome/90.0.4430.85 Safari/537.36" "161.79.9.77"
192.168.0.2 - - [15/Nov/2024:22:58:50 +0000] "GET /api/v1/login HTTP/1.1" 400 384 "https://taylor.net" "Mozilla/5.0 (Windows NT 10.0; Win64; x64) AppleWebKit/537.36 (KHTML, like Gecko) Chrome/90.0.4430.85 Safari/537.36" "39.85.213.170"
192.168.0.3 - - [16/Nov/2024:22:58:50 +0000] "GET /api/v1/login HTTP/1.1" 200 3288 "https://martinez.com" "Mozilla/5.0 (Windows NT 6.1; WOW64; rv:33.0) Gecko/20100101 Firefox/33.0" "91.139.10.29"
192.168.0.2 - - [14/Nov/2024:22:58:50 +0000] "GET /api/v1/resource HTTP/1.1" 401 4515 "https://miller.com" "Mozilla/5.0 (Windows NT 10.0; Win64; x64) AppleWebKit/537.36 (KHTML, like Gecko) Chrome/89.0.4389.82 Safari/537.36" "205.169.200.224"
192.168.0.3 - - [29/Nov/2024:22:58:50 +0000] "GET /api/v1/status HTTP/1.1" 500 3063 "https://gonzalez-pham.com" "Mozilla/5.0 (Windows NT 10.0; Win64; x64) AppleWebKit/537.36 (KHTML, like Gecko) Chrome/89.0.4389.82 Safari/537.36" "82.26.31.76"
192.168.0.2 - - [04/Dec/2024:22:58:50 +0000] "GET /api/v1/login HTTP/1.1" 401 399 "https://contreras-morton.com" "Mozilla/5.0 (Windows NT 6.1; WOW64; rv:33.0) Gecko/20100101 Firefox/33.0" "200.171.225.192"
192.168.0.2 - - [14/Nov/2024:22:58:50 +0000] "GET /api/v1/user HTTP/1.1" 400 1725 "https://lee.info" "Mozilla/5.0 (Windows NT 10.0; Win64; x64) AppleWebKit/537.36 (KHTML, like Gecko) Chrome/90.0.4430.85 Safari/537.36" "118.155.240.101"
192.168.0.2 - - [23/Nov/2024:22:58:50 +0000] "GET /api/v1/resource HTTP/1.1" 404 3965 "https://wells.net" "Mozilla/5.0 (Windows NT 10.0; Win64; x64) AppleWebKit/537.36 (KHTML, like Gecko) Chrome/90.0.4430.85 Safari/537.36" "28.79.77.53"
192.168.0.3 - - [23/Nov/2024:22:58:50 +0000] "GET /api/v1/status HTTP/1.1" 400 903 "https://reid.com" "Mozilla/5.0 (Windows NT 10.0; Win64; x64) AppleWebKit/537.36 (KHTML, like Gecko) Chrome/90.0.4430.85 Safari/537.36" "170.41.180.62"
192.168.0.3 - - [01/Dec/2024:22:58:50 +0000] "GET /api/v1/resource HTTP/1.1" 401 4957 "https://joseph-estes.com" "Mozilla/5.0 (Windows NT 10.0; Win64; x64) AppleWebKit/537.36 (KHTML, like Gecko) Chrome/90.0.4430.85 Safari/537.36" "5.168.186.63"
192.168.0.2 - - [22/Nov/2024:22:58:50 +0000] "GET /api/v1/status HTTP/1.1" 301 1838 "https://williams.com" "Mozilla/5.0 (Windows NT 10.0; Win64; x64) AppleWebKit/537.36 (KHTML, like Gecko) Chrome/90.0.4430.85 Safari/537.36" "97.107.15.168"
192.168.0.3 - - [04/Dec/2024:22:58:50 +0000] "GET /api/v1/data HTTP/1.1" 500 1731 "https://vasquez.com" "Mozilla/5.0 (Windows NT 6.1; WOW64; rv:33.0) Gecko/20100101 Firefox/33.0" "106.159.242.84"
192.168.0.2 - - [27/Nov/2024:22:58:50 +0000] "GET /api/v1/login HTTP/1.1" 301 4848 "https://gill.com" "Mozilla/5.0 (Windows NT 10.0; Win64; x64) AppleWebKit/537.36 (KHTML, like Gecko) Chrome/90.0.4430.85 Safari/537.36" "140.224.62.224"
192.168.0.3 - - [25/Nov/2024:22:58:50 +0000] "GET /api/v1/status HTTP/1.1" 301 2087 "https://tate-hansen.com" "Mozilla/5.0 (Windows NT 6.1; WOW64; rv:33.0) Gecko/20100101 Firefox/33.0" "164.27.12.92"
192.168.0.1 - - [30/Nov/2024:22:58:50 +0000] "GET /api/v1/data HTTP/1.1" 401 2543 "https://graham.com" "Mozilla/5.0 (Windows NT 6.1; WOW64; rv:33.0) Gecko/20100101 Firefox/33.0" "93.191.222.100"
192.168.0.1 - - [08/Dec/2024:22:58:50 +0000] "GET /api/v1/resource HTTP/1.1" 500 2284 "https://johnson.com" "Mozilla/5.0 (Windows NT 10.0; Win64; x64) AppleWebKit/537.36 (KHTML, like Gecko) Chrome/89.0.4389.82 Safari/537.36" "21.107.253.135"
192.168.0.2 - - [30/Nov/2024:22:58:50 +0000] "GET /api/v1/user HTTP/1.1" 404 140 "https://johnson-burke.com" "Mozilla/5.0 (Windows NT 10.0; Win64; x64) AppleWebKit/537.36 (KHTML, like Gecko) Chrome/90.0.4430.85 Safari/537.36" "42.20.209.105"
192.168.0.2 - - [07/Dec/2024:22:58:50 +0000] "GET /api/v1/data HTTP/1.1" 400 1519 "https://roberts.net" "Mozilla/5.0 (Windows NT 10.0; Win64; x64) AppleWebKit/537.36 (KHTML, like Gecko) Chrome/89.0.4389.82 Safari/537.36" "41.77.71.33"
192.168.0.2 - - [20/Nov/2024:22:58:50 +0000] "GET /api/v1/user HTTP/1.1" 401 783 "https://thomas-gutierrez.org" "Mozilla/5.0 (Windows NT 10.0; Win64; x64) AppleWebKit/537.36 (KHTML, like Gecko) Chrome/90.0.4430.85 Safari/537.36" "146.144.149.158"
192.168.0.1 - - [29/Nov/2024:22:58:50 +0000] "GET /api/v1/status HTTP/1.1" 200 3134 "https://knapp-stewart.com" "Mozilla/5.0 (Windows NT 10.0; Win64; x64) AppleWebKit/537.36 (KHTML, like Gecko) Chrome/90.0.4430.85 Safari/537.36" "19.54.176.71"
192.168.0.1 - - [28/Nov/2024:22:58:50 +0000] "GET /api/v1/login HTTP/1.1" 404 1486 "https://smith-nelson.com" "Mozilla/5.0 (Windows NT 10.0; Win64; x64) AppleWebKit/537.36 (KHTML, like Gecko) Chrome/89.0.4389.82 Safari/537.36" "155.107.177.65"
192.168.0.1 - - [24/Nov/2024:22:58:50 +0000] "GET /api/v1/status HTTP/1.1" 500 2855 "https://mack.com" "Mozilla/5.0 (Windows NT 6.1; WOW64; rv:33.0) Gecko/20100101 Firefox/33.0" "148.3.164.0"
192.168.0.2 - - [23/Nov/2024:22:58:50 +0000] "GET /api/v1/data HTTP/1.1" 500 4427 "https://riggs.com" "Mozilla/5.0 (Windows NT 6.1; WOW64; rv:33.0) Gecko/20100101 Firefox/33.0" "14.189.137.77"
192.168.0.2 - - [21/Nov/2024:22:58:50 +0000] "GET /api/v1/resource HTTP/1.1" 400 258 "https://johnson.info" "Mozilla/5.0 (Windows NT 10.0; Win64; x64) AppleWebKit/537.36 (KHTML, like Gecko) Chrome/89.0.4389.82 Safari/537.36" "211.224.148.238"
192.168.0.2 - - [26/Nov/2024:22:58:50 +0000] "GET /api/v1/resource HTTP/1.1" 401 4652 "https://rogers-mejia.com" "Mozilla/5.0 (Windows NT 10.0; Win64; x64) AppleWebKit/537.36 (KHTML, like Gecko) Chrome/90.0.4430.85 Safari/537.36" "157.132.109.234"
192.168.0.2 - - [03/Dec/2024:22:58:50 +0000] "GET /api/v1/login HTTP/1.1" 301 4584 "https://dunlap.org" "Mozilla/5.0 (Windows NT 6.1; WOW64; rv:33.0) Gecko/20100101 Firefox/33.0" "106.244.234.61"
192.168.0.1 - - [05/Dec/2024:22:58:50 +0000] "GET /api/v1/user HTTP/1.1" 400 607 "https://wade.com" "Mozilla/5.0 (Windows NT 10.0; Win64; x64) AppleWebKit/537.36 (KHTML, like Gecko) Chrome/90.0.4430.85 Safari/537.36" "184.58.42.194"
192.168.0.3 - - [22/Nov/2024:22:58:50 +0000] "GET /api/v1/resource HTTP/1.1" 404 4862 "https://lucas-lopez.com" "Mozilla/5.0 (Windows NT 6.1; WOW64; rv:33.0) Gecko/20100101 Firefox/33.0" "76.14.63.244"
192.168.0.2 - - [05/Dec/2024:22:58:50 +0000] "GET /api/v1/data HTTP/1.1" 200 3465 "https://arnold-johnson.com" "Mozilla/5.0 (Windows NT 10.0; Win64; x64) AppleWebKit/537.36 (KHTML, like Gecko) Chrome/90.0.4430.85 Safari/537.36" "123.126.187.252"
192.168.0.3 - - [03/Dec/2024:22:58:50 +0000] "GET /api/v1/user HTTP/1.1" 404 1622 "https://diaz-harris.biz" "Mozilla/5.0 (Windows NT 6.1; WOW64; rv:33.0) Gecko/20100101 Firefox/33.0" "19.45.136.230"
192.168.0.1 - - [07/Dec/2024:22:58:50 +0000] "GET /api/v1/user HTTP/1.1" 200 1309 "https://anderson.info" "Mozilla/5.0 (Windows NT 10.0; Win64; x64) AppleWebKit/537.36 (KHTML, like Gecko) Chrome/90.0.4430.85 Safari/537.36" "60.80.179.112"
192.168.0.3 - - [06/Dec/2024:22:58:50 +0000] "GET /api/v1/data HTTP/1.1" 400 4019 "https://bell.info" "Mozilla/5.0 (Windows NT 10.0; Win64; x64) AppleWebKit/537.36 (KHTML, like Gecko) Chrome/90.0.4430.85 Safari/537.36" "35.191.49.113"
192.168.0.3 - - [12/Nov/2024:22:58:50 +0000] "GET /api/v1/user HTTP/1.1" 401 977 "https://lawson.info" "Mozilla/5.0 (Windows NT 6.1; WOW64; rv:33.0) Gecko/20100101 Firefox/33.0" "107.104.91.122"
192.168.0.3 - - [13/Nov/2024:22:58:50 +0000] "GET /api/v1/data HTTP/1.1" 404 4708 "https://mitchell.biz" "Mozilla/5.0 (Windows NT 6.1; WOW64; rv:33.0) Gecko/20100101 Firefox/33.0" "82.50.89.91"
192.168.0.2 - - [10/Nov/2024:22:58:50 +0000] "GET /api/v1/data HTTP/1.1" 200 3418 "https://chavez-ballard.net" "Mozilla/5.0 (Windows NT 10.0; Win64; x64) AppleWebKit/537.36 (KHTML, like Gecko) Chrome/89.0.4389.82 Safari/537.36" "176.121.68.165"
192.168.0.2 - - [18/Nov/2024:22:58:50 +0000] "GET /api/v1/status HTTP/1.1" 404 2360 "https://lee.biz" "Mozilla/5.0 (Windows NT 10.0; Win64; x64) AppleWebKit/537.36 (KHTML, like Gecko) Chrome/90.0.4430.85 Safari/537.36" "70.133.87.187"
192.168.0.1 - - [18/Nov/2024:22:58:50 +0000] "GET /api/v1/data HTTP/1.1" 500 2600 "https://spencer.biz" "Mozilla/5.0 (Windows NT 10.0; Win64; x64) AppleWebKit/537.36 (KHTML, like Gecko) Chrome/89.0.4389.82 Safari/537.36" "159.212.227.124"
192.168.0.3 - - [07/Dec/2024:22:58:50 +0000] "GET /api/v1/resource HTTP/1.1" 500 4752 "https://hernandez-lambert.net" "Mozilla/5.0 (Windows NT 6.1; WOW64; rv:33.0) Gecko/20100101 Firefox/33.0" "54.136.72.97"
192.168.0.1 - - [05/Dec/2024:22:58:50 +0000] "GET /api/v1/login HTTP/1.1" 404 3281 "https://smith.com" "Mozilla/5.0 (Windows NT 10.0; Win64; x64) AppleWebKit/537.36 (KHTML, like Gecko) Chrome/90.0.4430.85 Safari/537.36" "171.133.20.16"
192.168.0.2 - - [18/Nov/2024:22:58:50 +0000] "GET /api/v1/resource HTTP/1.1" 500 235 "https://rowe-rush.org" "Mozilla/5.0 (Windows NT 10.0; Win64; x64) AppleWebKit/537.36 (KHTML, like Gecko) Chrome/89.0.4389.82 Safari/537.36" "46.188.238.242"
192.168.0.3 - - [26/Nov/2024:22:58:50 +0000] "GET /api/v1/login HTTP/1.1" 400 2907 "https://swanson.com" "Mozilla/5.0 (Windows NT 6.1; WOW64; rv:33.0) Gecko/20100101 Firefox/33.0" "181.70.26.221"
192.168.0.2 - - [30/Nov/2024:22:58:50 +0000] "GET /api/v1/login HTTP/1.1" 404 2578 "https://martin.net" "Mozilla/5.0 (Windows NT 6.1; WOW64; rv:33.0) Gecko/20100101 Firefox/33.0" "109.241.179.225"
192.168.0.2 - - [04/Dec/2024:22:58:50 +0000] "GET /api/v1/resource HTTP/1.1" 200 389 "https://wagner.com" "Mozilla/5.0 (Windows NT 10.0; Win64; x64) AppleWebKit/537.36 (KHTML, like Gecko) Chrome/90.0.4430.85 Safari/537.36" "103.203.180.178"
192.168.0.3 - - [29/Nov/2024:22:58:50 +0000] "GET /api/v1/status HTTP/1.1" 500 4839 "https://baker.com" "Mozilla/5.0 (Windows NT 10.0; Win64; x64) AppleWebKit/537.36 (KHTML, like Gecko) Chrome/89.0.4389.82 Safari/537.36" "133.40.79.213"
192.168.0.1 - - [15/Nov/2024:22:58:50 +0000] "GET /api/v1/login HTTP/1.1" 301 1198 "https://brock.com" "Mozilla/5.0 (Windows NT 10.0; Win64; x64) AppleWebKit/537.36 (KHTML, like Gecko) Chrome/89.0.4389.82 Safari/537.36" "93.243.32.219"
192.168.0.2 - - [28/Nov/2024:22:58:50 +0000] "GET /api/v1/resource HTTP/1.1" 500 2095 "https://gilmore.com" "Mozilla/5.0 (Windows NT 10.0; Win64; x64) AppleWebKit/537.36 (KHTML, like Gecko) Chrome/89.0.4389.82 Safari/537.36" "168.57.40.163"
192.168.0.3 - - [22/Nov/2024:22:58:50 +0000] "GET /api/v1/data HTTP/1.1" 301 4051 "https://thompson-henderson.com" "Mozilla/5.0 (Windows NT 10.0; Win64; x64) AppleWebKit/537.36 (KHTML, like Gecko) Chrome/90.0.4430.85 Safari/537.36" "64.148.161.189"
192.168.0.2 - - [09/Nov/2024:22:58:50 +0000] "GET /api/v1/status HTTP/1.1" 401 2959 "https://johnson.info" "Mozilla/5.0 (Windows NT 10.0; Win64; x64) AppleWebKit/537.36 (KHTML, like Gecko) Chrome/89.0.4389.82 Safari/537.36" "94.215.8.127"
192.168.0.2 - - [10/Nov/2024:22:58:50 +0000] "GET /api/v1/data HTTP/1.1" 400 3022 "https://gray-jordan.biz" "Mozilla/5.0 (Windows NT 10.0; Win64; x64) AppleWebKit/537.36 (KHTML, like Gecko) Chrome/89.0.4389.82 Safari/537.36" "37.4.117.177"
192.168.0.3 - - [08/Dec/2024:22:58:50 +0000] "GET /api/v1/data HTTP/1.1" 401 1333 "https://leon.info" "Mozilla/5.0 (Windows NT 6.1; WOW64; rv:33.0) Gecko/20100101 Firefox/33.0" "11.44.113.223"
192.168.0.1 - - [25/Nov/2024:22:58:50 +0000] "GET /api/v1/data HTTP/1.1" 200 2082 "https://hester.com" "Mozilla/5.0 (Windows NT 10.0; Win64; x64) AppleWebKit/537.36 (KHTML, like Gecko) Chrome/89.0.4389.82 Safari/537.36" "37.119.205.154"
192.168.0.3 - - [10/Nov/2024:22:58:50 +0000] "GET /api/v1/status HTTP/1.1" 400 3452 "https://chung.com" "Mozilla/5.0 (Windows NT 10.0; Win64; x64) AppleWebKit/537.36 (KHTML, like Gecko) Chrome/89.0.4389.82 Safari/537.36" "192.115.3.213"
192.168.0.1 - - [23/Nov/2024:22:58:50 +0000] "GET /api/v1/user HTTP/1.1" 200 1737 "https://hopkins-andrews.com" "Mozilla/5.0 (Windows NT 6.1; WOW64; rv:33.0) Gecko/20100101 Firefox/33.0" "65.200.181.124"
192.168.0.2 - - [20/Nov/2024:22:58:50 +0000] "GET /api/v1/user HTTP/1.1" 200 3408 "https://willis.com" "Mozilla/5.0 (Windows NT 10.0; Win64; x64) AppleWebKit/537.36 (KHTML, like Gecko) Chrome/90.0.4430.85 Safari/537.36" "72.164.119.202"
192.168.0.3 - - [12/Nov/2024:22:58:50 +0000] "GET /api/v1/resource HTTP/1.1" 301 482 "https://underwood-holmes.com" "Mozilla/5.0 (Windows NT 10.0; Win64; x64) AppleWebKit/537.36 (KHTML, like Gecko) Chrome/89.0.4389.82 Safari/537.36" "122.30.23.106"
192.168.0.2 - - [02/Dec/2024:22:58:50 +0000] "GET /api/v1/login HTTP/1.1" 500 2930 "https://hutchinson.com" "Mozilla/5.0 (Windows NT 6.1; WOW64; rv:33.0) Gecko/20100101 Firefox/33.0" "183.82.62.169"
192.168.0.3 - - [20/Nov/2024:22:58:50 +0000] "GET /api/v1/status HTTP/1.1" 404 102 "https://freeman-hunter.com" "Mozilla/5.0 (Windows NT 10.0; Win64; x64) AppleWebKit/537.36 (KHTML, like Gecko) Chrome/90.0.4430.85 Safari/537.36" "106.54.4.5"
192.168.0.2 - - [27/Nov/2024:22:58:50 +0000] "GET /api/v1/login HTTP/1.1" 400 3409 "https://taylor-maxwell.com" "Mozilla/5.0 (Windows NT 6.1; WOW64; rv:33.0) Gecko/20100101 Firefox/33.0" "39.195.177.11"
192.168.0.3 - - [10/Nov/2024:22:58:50 +0000] "GET /api/v1/data HTTP/1.1" 500 1049 "https://garcia.com" "Mozilla/5.0 (Windows NT 10.0; Win64; x64) AppleWebKit/537.36 (KHTML, like Gecko) Chrome/89.0.4389.82 Safari/537.36" "214.25.100.135"
192.168.0.1 - - [11/Nov/2024:22:58:50 +0000] "GET /api/v1/login HTTP/1.1" 301 1502 "https://hampton-miller.net" "Mozilla/5.0 (Windows NT 6.1; WOW64; rv:33.0) Gecko/20100101 Firefox/33.0" "24.179.176.158"
192.168.0.1 - - [21/Nov/2024:22:58:50 +0000] "GET /api/v1/status HTTP/1.1" 200 2174 "https://brown.com" "Mozilla/5.0 (Windows NT 6.1; WOW64; rv:33.0) Gecko/20100101 Firefox/33.0" "2.139.44.49"
192.168.0.3 - - [14/Nov/2024:22:58:50 +0000] "GET /api/v1/data HTTP/1.1" 400 1880 "https://williams-underwood.com" "Mozilla/5.0 (Windows NT 10.0; Win64; x64) AppleWebKit/537.36 (KHTML, like Gecko) Chrome/90.0.4430.85 Safari/537.36" "65.207.75.203"
192.168.0.3 - - [20/Nov/2024:22:58:50 +0000] "GET /api/v1/login HTTP/1.1" 500 1712 "https://richmond.com" "Mozilla/5.0 (Windows NT 10.0; Win64; x64) AppleWebKit/537.36 (KHTML, like Gecko) Chrome/89.0.4389.82 Safari/537.36" "116.233.151.245"
192.168.0.3 - - [28/Nov/2024:22:58:50 +0000] "GET /api/v1/status HTTP/1.1" 401 3625 "https://leonard.biz" "Mozilla/5.0 (Windows NT 10.0; Win64; x64) AppleWebKit/537.36 (KHTML, like Gecko) Chrome/90.0.4430.85 Safari/537.36" "34.106.108.195"
192.168.0.2 - - [29/Nov/2024:22:58:50 +0000] "GET /api/v1/resource HTTP/1.1" 200 3895 "https://freeman.com" "Mozilla/5.0 (Windows NT 6.1; WOW64; rv:33.0) Gecko/20100101 Firefox/33.0" "191.132.205.174"
192.168.0.3 - - [25/Nov/2024:22:58:50 +0000] "GET /api/v1/user HTTP/1.1" 200 950 "https://williams.net" "Mozilla/5.0 (Windows NT 10.0; Win64; x64) AppleWebKit/537.36 (KHTML, like Gecko) Chrome/90.0.4430.85 Safari/537.36" "60.232.45.137"
192.168.0.1 - - [20/Nov/2024:22:58:50 +0000] "GET /api/v1/resource HTTP/1.1" 301 872 "https://hahn-foster.com" "Mozilla/5.0 (Windows NT 6.1; WOW64; rv:33.0) Gecko/20100101 Firefox/33.0" "89.187.137.109"
192.168.0.3 - - [24/Nov/2024:22:58:50 +0000] "GET /api/v1/status HTTP/1.1" 200 3687 "https://hanson.net" "Mozilla/5.0 (Windows NT 6.1; WOW64; rv:33.0) Gecko/20100101 Firefox/33.0" "62.206.212.232"
192.168.0.1 - - [08/Nov/2024:22:58:50 +0000] "GET /api/v1/data HTTP/1.1" 400 4742 "https://bryant.biz" "Mozilla/5.0 (Windows NT 10.0; Win64; x64) AppleWebKit/537.36 (KHTML, like Gecko) Chrome/89.0.4389.82 Safari/537.36" "132.132.158.178"
192.168.0.1 - - [30/Nov/2024:22:58:50 +0000] "GET /api/v1/user HTTP/1.1" 401 2466 "https://morales.com" "Mozilla/5.0 (Windows NT 10.0; Win64; x64) AppleWebKit/537.36 (KHTML, like Gecko) Chrome/90.0.4430.85 Safari/537.36" "101.87.196.150"
192.168.0.3 - - [04/Dec/2024:22:58:50 +0000] "GET /api/v1/user HTTP/1.1" 500 3335 "https://bennett.org" "Mozilla/5.0 (Windows NT 10.0; Win64; x64) AppleWebKit/537.36 (KHTML, like Gecko) Chrome/90.0.4430.85 Safari/537.36" "28.207.180.67"
192.168.0.1 - - [26/Nov/2024:22:58:50 +0000] "GET /api/v1/user HTTP/1.1" 200 536 "https://morris-richards.com" "Mozilla/5.0 (Windows NT 10.0; Win64; x64) AppleWebKit/537.36 (KHTML, like Gecko) Chrome/89.0.4389.82 Safari/537.36" "57.165.65.210"
192.168.0.1 - - [05/Dec/2024:22:58:50 +0000] "GET /api/v1/resource HTTP/1.1" 301 2977 "https://woodard-bullock.com" "Mozilla/5.0 (Windows NT 10.0; Win64; x64) AppleWebKit/537.36 (KHTML, like Gecko) Chrome/90.0.4430.85 Safari/537.36" "165.103.117.8"
192.168.0.1 - - [15/Nov/2024:22:58:50 +0000] "GET /api/v1/status HTTP/1.1" 500 3045 "https://gutierrez-cline.com" "Mozilla/5.0 (Windows NT 10.0; Win64; x64) AppleWebKit/537.36 (KHTML, like Gecko) Chrome/89.0.4389.82 Safari/537.36" "60.184.248.152"
192.168.0.3 - - [09/Nov/2024:22:58:50 +0000] "GET /api/v1/status HTTP/1.1" 400 3264 "https://lewis.org" "Mozilla/5.0 (Windows NT 10.0; Win64; x64) AppleWebKit/537.36 (KHTML, like Gecko) Chrome/89.0.4389.82 Safari/537.36" "69.28.86.215"
192.168.0.3 - - [29/Nov/2024:22:58:50 +0000] "GET /api/v1/data HTTP/1.1" 400 4580 "https://oliver.biz" "Mozilla/5.0 (Windows NT 10.0; Win64; x64) AppleWebKit/537.36 (KHTML, like Gecko) Chrome/90.0.4430.85 Safari/537.36" "147.235.59.174"
192.168.0.2 - - [01/Dec/2024:22:58:50 +0000] "GET /api/v1/login HTTP/1.1" 301 2814 "https://harris.com" "Mozilla/5.0 (Windows NT 10.0; Win64; x64) AppleWebKit/537.36 (KHTML, like Gecko) Chrome/90.0.4430.85 Safari/537.36" "31.239.26.252"
192.168.0.3 - - [27/Nov/2024:22:58:50 +0000] "GET /api/v1/status HTTP/1.1" 404 3394 "https://roberts-medina.com" "Mozilla/5.0 (Windows NT 10.0; Win64; x64) AppleWebKit/537.36 (KHTML, like Gecko) Chrome/90.0.4430.85 Safari/537.36" "139.243.63.72"
192.168.0.2 - - [30/Nov/2024:22:58:50 +0000] "GET /api/v1/data HTTP/1.1" 200 4865 "https://washington.com" "Mozilla/5.0 (Windows NT 10.0; Win64; x64) AppleWebKit/537.36 (KHTML, like Gecko) Chrome/89.0.4389.82 Safari/537.36" "67.12.89.240"
192.168.0.1 - - [01/Dec/2024:22:58:50 +0000] "GET /api/v1/user HTTP/1.1" 404 3831 "https://petersen-schroeder.com" "Mozilla/5.0 (Windows NT 6.1; WOW64; rv:33.0) Gecko/20100101 Firefox/33.0" "84.60.23.202"
192.168.0.3 - - [26/Nov/2024:22:58:50 +0000] "GET /api/v1/data HTTP/1.1" 301 3035 "https://allen.net" "Mozilla/5.0 (Windows NT 10.0; Win64; x64) AppleWebKit/537.36 (KHTML, like Gecko) Chrome/90.0.4430.85 Safari/537.36" "76.229.37.209"
192.168.0.3 - - [06/Dec/2024:22:58:50 +0000] "GET /api/v1/resource HTTP/1.1" 401 1894 "https://graham.net" "Mozilla/5.0 (Windows NT 6.1; WOW64; rv:33.0) Gecko/20100101 Firefox/33.0" "149.11.43.214"
192.168.0.2 - - [18/Nov/2024:22:58:50 +0000] "GET /api/v1/data HTTP/1.1" 404 2063 "https://williams.info" "Mozilla/5.0 (Windows NT 6.1; WOW64; rv:33.0) Gecko/20100101 Firefox/33.0" "33.126.253.86"
192.168.0.3 - - [26/Nov/2024:22:58:50 +0000] "GET /api/v1/user HTTP/1.1" 301 722 "https://cruz-reyes.com" "Mozilla/5.0 (Windows NT 10.0; Win64; x64) AppleWebKit/537.36 (KHTML, like Gecko) Chrome/89.0.4389.82 Safari/537.36" "140.154.39.74"
192.168.0.2 - - [12/Nov/2024:22:58:50 +0000] "GET /api/v1/user HTTP/1.1" 500 4686 "https://mccormick.com" "Mozilla/5.0 (Windows NT 10.0; Win64; x64) AppleWebKit/537.36 (KHTML, like Gecko) Chrome/89.0.4389.82 Safari/537.36" "217.152.70.219"
192.168.0.1 - - [19/Nov/2024:22:58:50 +0000] "GET /api/v1/resource HTTP/1.1" 400 2087 "https://walls-jones.biz" "Mozilla/5.0 (Windows NT 6.1; WOW64; rv:33.0) Gecko/20100101 Firefox/33.0" "196.20.222.233"
192.168.0.1 - - [13/Nov/2024:22:58:50 +0000] "GET /api/v1/data HTTP/1.1" 401 3216 "https://prince.com" "Mozilla/5.0 (Windows NT 10.0; Win64; x64) AppleWebKit/537.36 (KHTML, like Gecko) Chrome/89.0.4389.82 Safari/537.36" "91.62.139.227"
192.168.0.3 - - [11/Nov/2024:22:58:50 +0000] "GET /api/v1/data HTTP/1.1" 500 1711 "https://barnett.com" "Mozilla/5.0 (Windows NT 10.0; Win64; x64) AppleWebKit/537.36 (KHTML, like Gecko) Chrome/90.0.4430.85 Safari/537.36" "32.22.78.142"
192.168.0.2 - - [16/Nov/2024:22:58:50 +0000] "GET /api/v1/login HTTP/1.1" 404 2422 "https://benitez-robinson.com" "Mozilla/5.0 (Windows NT 10.0; Win64; x64) AppleWebKit/537.36 (KHTML, like Gecko) Chrome/90.0.4430.85 Safari/537.36" "82.226.199.183"
192.168.0.2 - - [03/Dec/2024:22:58:50 +0000] "GET /api/v1/resource HTTP/1.1" 301 2320 "https://hampton-romero.com" "Mozilla/5.0 (Windows NT 10.0; Win64; x64) AppleWebKit/537.36 (KHTML, like Gecko) Chrome/90.0.4430.85 Safari/537.36" "218.254.239.102"
192.168.0.3 - - [28/Nov/2024:22:58:50 +0000] "GET /api/v1/data HTTP/1.1" 401 602 "https://thompson.com" "Mozilla/5.0 (Windows NT 6.1; WOW64; rv:33.0) Gecko/20100101 Firefox/33.0" "141.94.254.143"
192.168.0.2 - - [09/Nov/2024:22:58:50 +0000] "GET /api/v1/resource HTTP/1.1" 400 869 "https://sanchez.org" "Mozilla/5.0 (Windows NT 10.0; Win64; x64) AppleWebKit/537.36 (KHTML, like Gecko) Chrome/90.0.4430.85 Safari/537.36" "99.170.255.36"
192.168.0.2 - - [21/Nov/2024:22:58:50 +0000] "GET /api/v1/resource HTTP/1.1" 500 410 "https://jones.com" "Mozilla/5.0 (Windows NT 6.1; WOW64; rv:33.0) Gecko/20100101 Firefox/33.0" "96.46.200.48"
192.168.0.2 - - [19/Nov/2024:22:58:50 +0000] "GET /api/v1/user HTTP/1.1" 500 4320 "https://thompson.biz" "Mozilla/5.0 (Windows NT 10.0; Win64; x64) AppleWebKit/537.36 (KHTML, like Gecko) Chrome/89.0.4389.82 Safari/537.36" "218.193.134.41"
192.168.0.2 - - [09/Nov/2024:22:58:50 +0000] "GET /api/v1/status HTTP/1.1" 301 2186 "https://mendoza.com" "Mozilla/5.0 (Windows NT 6.1; WOW64; rv:33.0) Gecko/20100101 Firefox/33.0" "180.233.114.135"
192.168.0.1 - - [25/Nov/2024:22:58:50 +0000] "GET /api/v1/data HTTP/1.1" 404 990 "https://morrow.com" "Mozilla/5.0 (Windows NT 10.0; Win64; x64) AppleWebKit/537.36 (KHTML, like Gecko) Chrome/90.0.4430.85 Safari/537.36" "114.62.162.251"
192.168.0.3 - - [23/Nov/2024:22:58:50 +0000] "GET /api/v1/user HTTP/1.1" 401 224 "https://lyons.biz" "Mozilla/5.0 (Windows NT 10.0; Win64; x64) AppleWebKit/537.36 (KHTML, like Gecko) Chrome/89.0.4389.82 Safari/537.36" "104.126.111.134"
192.168.0.1 - - [05/Dec/2024:22:58:50 +0000] "GET /api/v1/login HTTP/1.1" 200 3896 "https://davis.com" "Mozilla/5.0 (Windows NT 10.0; Win64; x64) AppleWebKit/537.36 (KHTML, like Gecko) Chrome/89.0.4389.82 Safari/537.36" "58.197.138.250"
192.168.0.1 - - [03/Dec/2024:22:58:50 +0000] "GET /api/v1/login HTTP/1.1" 400 4746 "https://campbell.net" "Mozilla/5.0 (Windows NT 10.0; Win64; x64) AppleWebKit/537.36 (KHTML, like Gecko) Chrome/89.0.4389.82 Safari/537.36" "174.5.194.242"
192.168.0.2 - - [11/Nov/2024:22:58:50 +0000] "GET /api/v1/data HTTP/1.1" 500 710 "https://wright-sawyer.biz" "Mozilla/5.0 (Windows NT 10.0; Win64; x64) AppleWebKit/537.36 (KHTML, like Gecko) Chrome/90.0.4430.85 Safari/537.36" "111.248.144.161"
192.168.0.2 - - [25/Nov/2024:22:58:50 +0000] "GET /api/v1/resource HTTP/1.1" 500 176 "https://black.net" "Mozilla/5.0 (Windows NT 10.0; Win64; x64) AppleWebKit/537.36 (KHTML, like Gecko) Chrome/90.0.4430.85 Safari/537.36" "223.27.55.76"
192.168.0.2 - - [08/Nov/2024:22:58:50 +0000] "GET /api/v1/resource HTTP/1.1" 301 4458 "https://white.com" "Mozilla/5.0 (Windows NT 10.0; Win64; x64) AppleWebKit/537.36 (KHTML, like Gecko) Chrome/90.0.4430.85 Safari/537.36" "42.248.212.53"
192.168.0.2 - - [06/Dec/2024:22:58:50 +0000] "GET /api/v1/user HTTP/1.1" 200 4272 "https://foley.com" "Mozilla/5.0 (Windows NT 10.0; Win64; x64) AppleWebKit/537.36 (KHTML, like Gecko) Chrome/89.0.4389.82 Safari/537.36" "78.12.214.2"
192.168.0.2 - - [11/Nov/2024:22:58:50 +0000] "GET /api/v1/resource HTTP/1.1" 301 740 "https://joseph.biz" "Mozilla/5.0 (Windows NT 10.0; Win64; x64) AppleWebKit/537.36 (KHTML, like Gecko) Chrome/89.0.4389.82 Safari/537.36" "215.190.127.214"
192.168.0.3 - - [03/Dec/2024:22:58:50 +0000] "GET /api/v1/user HTTP/1.1" 400 3320 "https://wallace.com" "Mozilla/5.0 (Windows NT 10.0; Win64; x64) AppleWebKit/537.36 (KHTML, like Gecko) Chrome/89.0.4389.82 Safari/537.36" "209.160.24.13"
192.168.0.3 - - [06/Dec/2024:22:58:50 +0000] "GET /api/v1/user HTTP/1.1" 200 4976 "https://james-duran.com" "Mozilla/5.0 (Windows NT 6.1; WOW64; rv:33.0) Gecko/20100101 Firefox/33.0" "22.86.220.9"
192.168.0.2 - - [26/Nov/2024:22:58:50 +0000] "GET /api/v1/resource HTTP/1.1" 200 3627 "https://johnston.com" "Mozilla/5.0 (Windows NT 10.0; Win64; x64) AppleWebKit/537.36 (KHTML, like Gecko) Chrome/89.0.4389.82 Safari/537.36" "51.226.89.60"
192.168.0.3 - - [12/Nov/2024:22:58:50 +0000] "GET /api/v1/data HTTP/1.1" 401 2718 "https://hardy.biz" "Mozilla/5.0 (Windows NT 10.0; Win64; x64) AppleWebKit/537.36 (KHTML, like Gecko) Chrome/90.0.4430.85 Safari/537.36" "150.146.224.20"
192.168.0.2 - - [30/Nov/2024:22:58:50 +0000] "GET /api/v1/status HTTP/1.1" 500 1056 "https://fisher.com" "Mozilla/5.0 (Windows NT 6.1; WOW64; rv:33.0) Gecko/20100101 Firefox/33.0" "210.216.11.21"
192.168.0.3 - - [19/Nov/2024:22:58:50 +0000] "GET /api/v1/login HTTP/1.1" 404 1415 "https://smith.com" "Mozilla/5.0 (Windows NT 10.0; Win64; x64) AppleWebKit/537.36 (KHTML, like Gecko) Chrome/90.0.4430.85 Safari/537.36" "122.109.217.23"
192.168.0.2 - - [04/Dec/2024:22:58:50 +0000] "GET /api/v1/user HTTP/1.1" 301 2611 "https://clarke.biz" "Mozilla/5.0 (Windows NT 10.0; Win64; x64) AppleWebKit/537.36 (KHTML, like Gecko) Chrome/89.0.4389.82 Safari/537.36" "75.176.199.205"
192.168.0.1 - - [04/Dec/2024:22:58:50 +0000] "GET /api/v1/user HTTP/1.1" 400 2696 "https://ball.biz" "Mozilla/5.0 (Windows NT 10.0; Win64; x64) AppleWebKit/537.36 (KHTML, like Gecko) Chrome/90.0.4430.85 Safari/537.36" "153.248.162.151"
192.168.0.3 - - [06/Dec/2024:22:58:50 +0000] "GET /api/v1/data HTTP/1.1" 500 827 "https://chavez.info" "Mozilla/5.0 (Windows NT 6.1; WOW64; rv:33.0) Gecko/20100101 Firefox/33.0" "9.205.137.47"
192.168.0.2 - - [29/Nov/2024:22:58:50 +0000] "GET /api/v1/user HTTP/1.1" 200 1904 "https://murphy.com" "Mozilla/5.0 (Windows NT 6.1; WOW64; rv:33.0) Gecko/20100101 Firefox/33.0" "132.254.78.216"
192.168.0.1 - - [06/Dec/2024:22:58:50 +0000] "GET /api/v1/user HTTP/1.1" 200 236 "https://jimenez.com" "Mozilla/5.0 (Windows NT 6.1; WOW64; rv:33.0) Gecko/20100101 Firefox/33.0" "61.190.189.206"
192.168.0.1 - - [15/Nov/2024:22:58:50 +0000] "GET /api/v1/login HTTP/1.1" 500 2949 "https://thompson.com" "Mozilla/5.0 (Windows NT 10.0; Win64; x64) AppleWebKit/537.36 (KHTML, like Gecko) Chrome/89.0.4389.82 Safari/537.36" "208.10.90.58"
192.168.0.1 - - [08/Dec/2024:22:58:50 +0000] "GET /api/v1/user HTTP/1.1" 200 1447 "https://flowers.com" "Mozilla/5.0 (Windows NT 10.0; Win64; x64) AppleWebKit/537.36 (KHTML, like Gecko) Chrome/89.0.4389.82 Safari/537.36" "196.169.221.110"
192.168.0.2 - - [26/Nov/2024:22:58:50 +0000] "GET /api/v1/resource HTTP/1.1" 404 3898 "https://schultz.com" "Mozilla/5.0 (Windows NT 10.0; Win64; x64) AppleWebKit/537.36 (KHTML, like Gecko) Chrome/89.0.4389.82 Safari/537.36" "195.101.72.43"
192.168.0.2 - - [02/Dec/2024:22:58:50 +0000] "GET /api/v1/status HTTP/1.1" 301 1172 "https://burnett-taylor.biz" "Mozilla/5.0 (Windows NT 6.1; WOW64; rv:33.0) Gecko/20100101 Firefox/33.0" "92.38.204.238"
192.168.0.1 - - [13/Nov/2024:22:58:50 +0000] "GET /api/v1/user HTTP/1.1" 200 969 "https://hernandez.com" "Mozilla/5.0 (Windows NT 10.0; Win64; x64) AppleWebKit/537.36 (KHTML, like Gecko) Chrome/89.0.4389.82 Safari/537.36" "85.40.80.66"
192.168.0.1 - - [28/Nov/2024:22:58:50 +0000] "GET /api/v1/resource HTTP/1.1" 401 2939 "https://hardin-evans.info" "Mozilla/5.0 (Windows NT 10.0; Win64; x64) AppleWebKit/537.36 (KHTML, like Gecko) Chrome/90.0.4430.85 Safari/537.36" "204.51.239.69"
192.168.0.3 - - [21/Nov/2024:22:58:50 +0000] "GET /api/v1/user HTTP/1.1" 401 1173 "https://chavez.com" "Mozilla/5.0 (Windows NT 10.0; Win64; x64) AppleWebKit/537.36 (KHTML, like Gecko) Chrome/89.0.4389.82 Safari/537.36" "54.211.219.35"
192.168.0.2 - - [02/Dec/2024:22:58:50 +0000] "GET /api/v1/user HTTP/1.1" 200 4921 "https://bernard.net" "Mozilla/5.0 (Windows NT 10.0; Win64; x64) AppleWebKit/537.36 (KHTML, like Gecko) Chrome/89.0.4389.82 Safari/537.36" "3.161.70.102"
192.168.0.1 - - [26/Nov/2024:22:58:50 +0000] "GET /api/v1/user HTTP/1.1" 301 1866 "https://jones.com" "Mozilla/5.0 (Windows NT 10.0; Win64; x64) AppleWebKit/537.36 (KHTML, like Gecko) Chrome/89.0.4389.82 Safari/537.36" "134.197.115.57"
