192.168.0.1 - - [15/Nov/2024:22:58:51 +0000] "GET /api/v1/user HTTP/1.1" 301 257 "https://austin.com" "Mozilla/5.0 (Windows NT 6.1; WOW64; rv:33.0) Gecko/20100101 Firefox/33.0" "42.130.22.25"
192.168.0.3 - - [03/Dec/2024:22:58:51 +0000] "GET /api/v1/login HTTP/1.1" 400 880 "https://calderon-bishop.com" "Mozilla/5.0 (Windows NT 10.0; Win64; x64) AppleWebKit/537.36 (KHTML, like Gecko) Chrome/89.0.4389.82 Safari/537.36" "55.51.252.56"
192.168.0.1 - - [24/Nov/2024:22:58:51 +0000] "GET /api/v1/status HTTP/1.1" 401 1441 "https://moore.com" "Mozilla/5.0 (Windows NT 10.0; Win64; x64) AppleWebKit/537.36 (KHTML, like Gecko) Chrome/90.0.4430.85 Safari/537.36" "69.29.188.212"
192.168.0.1 - - [06/Dec/2024:22:58:51 +0000] "GET /api/v1/resource HTTP/1.1" 404 1990 "https://garcia-foster.com" "Mozilla/5.0 (Windows NT 6.1; WOW64; rv:33.0) Gecko/20100101 Firefox/33.0" "151.221.33.164"
192.168.0.2 - - [26/Nov/2024:22:58:51 +0000] "GET /api/v1/user HTTP/1.1" 301 925 "https://jenkins.com" "Mozilla/5.0 (Windows NT 6.1; WOW64; rv:33.0) Gecko/20100101 Firefox/33.0" "63.132.148.120"
192.168.0.1 - - [08/Dec/2024:22:58:51 +0000] "GET /api/v1/data HTTP/1.1" 500 4584 "https://anderson.com" "Mozilla/5.0 (Windows NT 6.1; WOW64; rv:33.0) Gecko/20100101 Firefox/33.0" "38.254.56.223"
192.168.0.1 - - [08/Dec/2024:22:58:51 +0000] "GET /api/v1/login HTTP/1.1" 200 4581 "https://castro.com" "Mozilla/5.0 (Windows NT 10.0; Win64; x64) AppleWebKit/537.36 (KHTML, like Gecko) Chrome/90.0.4430.85 Safari/537.36" "81.52.36.122"
192.168.0.2 - - [18/Nov/2024:22:58:51 +0000] "GET /api/v1/status HTTP/1.1" 400 3762 "https://roberson.org" "Mozilla/5.0 (Windows NT 10.0; Win64; x64) AppleWebKit/537.36 (KHTML, like Gecko) Chrome/90.0.4430.85 Safari/537.36" "117.161.253.175"
192.168.0.3 - - [01/Dec/2024:22:58:51 +0000] "GET /api/v1/status HTTP/1.1" 400 2999 "https://daniel-lane.com" "Mozilla/5.0 (Windows NT 6.1; WOW64; rv:33.0) Gecko/20100101 Firefox/33.0" "221.250.165.206"
192.168.0.3 - - [20/Nov/2024:22:58:51 +0000] "GET /api/v1/data HTTP/1.1" 400 4838 "https://young.biz" "Mozilla/5.0 (Windows NT 6.1; WOW64; rv:33.0) Gecko/20100101 Firefox/33.0" "21.19.9.242"
192.168.0.1 - - [04/Dec/2024:22:58:51 +0000] "GET /api/v1/login HTTP/1.1" 400 3716 "https://kim.com" "Mozilla/5.0 (Windows NT 10.0; Win64; x64) AppleWebKit/537.36 (KHTML, like Gecko) Chrome/90.0.4430.85 Safari/537.36" "168.22.116.108"
192.168.0.1 - - [22/Nov/2024:22:58:51 +0000] "GET /api/v1/data HTTP/1.1" 200 2483 "https://taylor.com" "Mozilla/5.0 (Windows NT 10.0; Win64; x64) AppleWebKit/537.36 (KHTML, like Gecko) Chrome/90.0.4430.85 Safari/537.36" "129.37.171.230"
192.168.0.1 - - [18/Nov/2024:22:58:51 +0000] "GET /api/v1/user HTTP/1.1" 500 1958 "https://riley.com" "Mozilla/5.0 (Windows NT 6.1; WOW64; rv:33.0) Gecko/20100101 Firefox/33.0" "213.210.33.179"
192.168.0.1 - - [07/Dec/2024:22:58:51 +0000] "GET /api/v1/user HTTP/1.1" 301 3162 "https://abbott.org" "Mozilla/5.0 (Windows NT 10.0; Win64; x64) AppleWebKit/537.36 (KHTML, like Gecko) Chrome/89.0.4389.82 Safari/537.36" "189.188.85.63"
192.168.0.1 - - [05/Dec/2024:22:58:51 +0000] "GET /api/v1/status HTTP/1.1" 200 3886 "https://perez.com" "Mozilla/5.0 (Windows NT 10.0; Win64; x64) AppleWebKit/537.36 (KHTML, like Gecko) Chrome/89.0.4389.82 Safari/537.36" "184.72.0.97"
192.168.0.3 - - [11/Nov/2024:22:58:51 +0000] "GET /api/v1/resource HTTP/1.1" 500 409 "https://hess.com" "Mozilla/5.0 (Windows NT 6.1; WOW64; rv:33.0) Gecko/20100101 Firefox/33.0" "132.237.156.147"
192.168.0.2 - - [30/Nov/2024:22:58:51 +0000] "GET /api/v1/status HTTP/1.1" 301 4638 "https://johnson.info" "Mozilla/5.0 (Windows NT 10.0; Win64; x64) AppleWebKit/537.36 (KHTML, like Gecko) Chrome/89.0.4389.82 Safari/537.36" "107.231.27.2"
192.168.0.2 - - [24/Nov/2024:22:58:51 +0000] "GET /api/v1/status HTTP/1.1" 400 4007 "https://howard.org" "Mozilla/5.0 (Windows NT 10.0; Win64; x64) AppleWebKit/537.36 (KHTML, like Gecko) Chrome/90.0.4430.85 Safari/537.36" "82.90.31.234"
192.168.0.2 - - [03/Dec/2024:22:58:51 +0000] "GET /api/v1/user HTTP/1.1" 404 2380 "https://rios.com" "Mozilla/5.0 (Windows NT 10.0; Win64; x64) AppleWebKit/537.36 (KHTML, like Gecko) Chrome/89.0.4389.82 Safari/537.36" "81.39.200.3"
192.168.0.2 - - [06/Dec/2024:22:58:51 +0000] "GET /api/v1/resource HTTP/1.1" 200 2002 "https://gray.com" "Mozilla/5.0 (Windows NT 10.0; Win64; x64) AppleWebKit/537.36 (KHTML, like Gecko) Chrome/90.0.4430.85 Safari/537.36" "18.41.220.54"
192.168.0.2 - - [28/Nov/2024:22:58:51 +0000] "GET /api/v1/user HTTP/1.1" 301 2994 "https://white.com" "Mozilla/5.0 (Windows NT 6.1; WOW64; rv:33.0) Gecko/20100101 Firefox/33.0" "17.248.88.205"
192.168.0.2 - - [13/Nov/2024:22:58:51 +0000] "GET /api/v1/status HTTP/1.1" 404 1572 "https://douglas.com" "Mozilla/5.0 (Windows NT 10.0; Win64; x64) AppleWebKit/537.36 (KHTML, like Gecko) Chrome/90.0.4430.85 Safari/537.36" "69.203.240.183"
192.168.0.1 - - [09/Nov/2024:22:58:51 +0000] "GET /api/v1/data HTTP/1.1" 500 2652 "https://diaz.com" "Mozilla/5.0 (Windows NT 6.1; WOW64; rv:33.0) Gecko/20100101 Firefox/33.0" "30.137.85.155"
192.168.0.2 - - [16/Nov/2024:22:58:51 +0000] "GET /api/v1/user HTTP/1.1" 400 3861 "https://knox.com" "Mozilla/5.0 (Windows NT 10.0; Win64; x64) AppleWebKit/537.36 (KHTML, like Gecko) Chrome/89.0.4389.82 Safari/537.36" "100.49.187.73"
192.168.0.3 - - [24/Nov/2024:22:58:51 +0000] "GET /api/v1/data HTTP/1.1" 301 3634 "https://williams.com" "Mozilla/5.0 (Windows NT 10.0; Win64; x64) AppleWebKit/537.36 (KHTML, like Gecko) Chrome/90.0.4430.85 Safari/537.36" "158.9.111.240"
192.168.0.1 - - [15/Nov/2024:22:58:51 +0000] "GET /api/v1/login HTTP/1.1" 200 2158 "https://parrish-thornton.com" "Mozilla/5.0 (Windows NT 6.1; WOW64; rv:33.0) Gecko/20100101 Firefox/33.0" "84.176.57.202"
192.168.0.1 - - [27/Nov/2024:22:58:51 +0000] "GET /api/v1/login HTTP/1.1" 500 4002 "https://patel.org" "Mozilla/5.0 (Windows NT 6.1; WOW64; rv:33.0) Gecko/20100101 Firefox/33.0" "116.83.10.212"
192.168.0.3 - - [08/Dec/2024:22:58:51 +0000] "GET /api/v1/user HTTP/1.1" 400 2592 "https://sandoval.biz" "Mozilla/5.0 (Windows NT 10.0; Win64; x64) AppleWebKit/537.36 (KHTML, like Gecko) Chrome/90.0.4430.85 Safari/537.36" "33.127.140.218"
192.168.0.2 - - [12/Nov/2024:22:58:51 +0000] "GET /api/v1/login HTTP/1.1" 200 2919 "https://scott.net" "Mozilla/5.0 (Windows NT 10.0; Win64; x64) AppleWebKit/537.36 (KHTML, like Gecko) Chrome/89.0.4389.82 Safari/537.36" "18.240.191.3"
192.168.0.1 - - [13/Nov/2024:22:58:51 +0000] "GET /api/v1/data HTTP/1.1" 400 4788 "https://michael-flores.com" "Mozilla/5.0 (Windows NT 10.0; Win64; x64) AppleWebKit/537.36 (KHTML, like Gecko) Chrome/89.0.4389.82 Safari/537.36" "62.237.118.30"
192.168.0.2 - - [15/Nov/2024:22:58:51 +0000] "GET /api/v1/user HTTP/1.1" 200 1800 "https://fox-huffman.com" "Mozilla/5.0 (Windows NT 10.0; Win64; x64) AppleWebKit/537.36 (KHTML, like Gecko) Chrome/90.0.4430.85 Safari/537.36" "11.125.109.232"
192.168.0.3 - - [07/Dec/2024:22:58:51 +0000] "GET /api/v1/status HTTP/1.1" 401 3938 "https://alexander.com" "Mozilla/5.0 (Windows NT 10.0; Win64; x64) AppleWebKit/537.36 (KHTML, like Gecko) Chrome/89.0.4389.82 Safari/537.36" "56.42.40.71"
192.168.0.1 - - [26/Nov/2024:22:58:51 +0000] "GET /api/v1/user HTTP/1.1" 301 159 "https://johnson.com" "Mozilla/5.0 (Windows NT 10.0; Win64; x64) AppleWebKit/537.36 (KHTML, like Gecko) Chrome/90.0.4430.85 Safari/537.36" "160.32.58.13"
192.168.0.3 - - [12/Nov/2024:22:58:51 +0000] "GET /api/v1/data HTTP/1.1" 500 262 "https://patterson.org" "Mozilla/5.0 (Windows NT 10.0; Win64; x64) AppleWebKit/537.36 (KHTML, like Gecko) Chrome/89.0.4389.82 Safari/537.36" "46.8.6.167"
192.168.0.2 - - [08/Dec/2024:22:58:51 +0000] "GET /api/v1/user HTTP/1.1" 404 2544 "https://williams.com" "Mozilla/5.0 (Windows NT 6.1; WOW64; rv:33.0) Gecko/20100101 Firefox/33.0" "133.51.15.198"
192.168.0.2 - - [23/Nov/2024:22:58:51 +0000] "GET /api/v1/user HTTP/1.1" 404 1387 "https://townsend-king.com" "Mozilla/5.0 (Windows NT 10.0; Win64; x64) AppleWebKit/537.36 (KHTML, like Gecko) Chrome/90.0.4430.85 Safari/537.36" "218.134.63.186"
192.168.0.2 - - [15/Nov/2024:22:58:51 +0000] "GET /api/v1/login HTTP/1.1" 404 3894 "https://jones.com" "Mozilla/5.0 (Windows NT 10.0; Win64; x64) AppleWebKit/537.36 (KHTML, like Gecko) Chrome/89.0.4389.82 Safari/537.36" "178.231.152.31"
192.168.0.2 - - [06/Dec/2024:22:58:51 +0000] "GET /api/v1/data HTTP/1.1" 301 4323 "https://nguyen-bender.org" "Mozilla/5.0 (Windows NT 10.0; Win64; x64) AppleWebKit/537.36 (KHTML, like Gecko) Chrome/89.0.4389.82 Safari/537.36" "46.108.143.123"
192.168.0.1 - - [15/Nov/2024:22:58:51 +0000] "GET /api/v1/status HTTP/1.1" 301 2484 "https://zavala-riley.info" "Mozilla/5.0 (Windows NT 10.0; Win64; x64) AppleWebKit/537.36 (KHTML, like Gecko) Chrome/90.0.4430.85 Safari/537.36" "13.225.75.224"
192.168.0.1 - - [05/Dec/2024:22:58:51 +0000] "GET /api/v1/login HTTP/1.1" 500 3397 "https://ray-jackson.com" "Mozilla/5.0 (Windows NT 10.0; Win64; x64) AppleWebKit/537.36 (KHTML, like Gecko) Chrome/90.0.4430.85 Safari/537.36" "60.99.58.104"
192.168.0.1 - - [08/Nov/2024:22:58:51 +0000] "GET /api/v1/user HTTP/1.1" 200 1106 "https://flores.org" "Mozilla/5.0 (Windows NT 10.0; Win64; x64) AppleWebKit/537.36 (KHTML, like Gecko) Chrome/90.0.4430.85 Safari/537.36" "19.96.200.216"
192.168.0.1 - - [27/Nov/2024:22:58:51 +0000] "GET /api/v1/status HTTP/1.1" 400 4624 "https://butler.net" "Mozilla/5.0 (Windows NT 10.0; Win64; x64) AppleWebKit/537.36 (KHTML, like Gecko) Chrome/89.0.4389.82 Safari/537.36" "198.146.191.127"
192.168.0.3 - - [30/Nov/2024:22:58:51 +0000] "GET /api/v1/login HTTP/1.1" 500 1488 "https://martinez-gill.com" "Mozilla/5.0 (Windows NT 10.0; Win64; x64) AppleWebKit/537.36 (KHTML, like Gecko) Chrome/90.0.4430.85 Safari/537.36" "145.17.94.21"
192.168.0.1 - - [02/Dec/2024:22:58:51 +0000] "GET /api/v1/user HTTP/1.1" 401 1756 "https://cowan-holloway.net" "Mozilla/5.0 (Windows NT 10.0; Win64; x64) AppleWebKit/537.36 (KHTML, like Gecko) Chrome/90.0.4430.85 Safari/537.36" "31.191.127.250"
192.168.0.1 - - [08/Nov/2024:22:58:51 +0000] "GET /api/v1/status HTTP/1.1" 400 4229 "https://boyd.com" "Mozilla/5.0 (Windows NT 10.0; Win64; x64) AppleWebKit/537.36 (KHTML, like Gecko) Chrome/90.0.4430.85 Safari/537.36" "130.146.5.182"
192.168.0.3 - - [04/Dec/2024:22:58:51 +0000] "GET /api/v1/data HTTP/1.1" 401 4240 "https://rivers-guerra.info" "Mozilla/5.0 (Windows NT 6.1; WOW64; rv:33.0) Gecko/20100101 Firefox/33.0" "17.123.238.219"
192.168.0.1 - - [23/Nov/2024:22:58:51 +0000] "GET /api/v1/status HTTP/1.1" 401 435 "https://galloway.com" "Mozilla/5.0 (Windows NT 10.0; Win64; x64) AppleWebKit/537.36 (KHTML, like Gecko) Chrome/90.0.4430.85 Safari/537.36" "200.211.92.108"
192.168.0.1 - - [05/Dec/2024:22:58:51 +0000] "GET /api/v1/status HTTP/1.1" 500 970 "https://wilson.com" "Mozilla/5.0 (Windows NT 6.1; WOW64; rv:33.0) Gecko/20100101 Firefox/33.0" "87.6.232.165"
192.168.0.2 - - [29/Nov/2024:22:58:51 +0000] "GET /api/v1/data HTTP/1.1" 400 4476 "https://cruz.com" "Mozilla/5.0 (Windows NT 6.1; WOW64; rv:33.0) Gecko/20100101 Firefox/33.0" "142.225.247.31"
192.168.0.3 - - [28/Nov/2024:22:58:51 +0000] "GET /api/v1/user HTTP/1.1" 200 2276 "https://parks-barnes.org" "Mozilla/5.0 (Windows NT 10.0; Win64; x64) AppleWebKit/537.36 (KHTML, like Gecko) Chrome/90.0.4430.85 Safari/537.36" "188.105.135.190"
192.168.0.2 - - [30/Nov/2024:22:58:51 +0000] "GET /api/v1/data HTTP/1.1" 500 3086 "https://haynes.com" "Mozilla/5.0 (Windows NT 10.0; Win64; x64) AppleWebKit/537.36 (KHTML, like Gecko) Chrome/89.0.4389.82 Safari/537.36" "172.130.39.193"
192.168.0.3 - - [24/Nov/2024:22:58:51 +0000] "GET /api/v1/data HTTP/1.1" 200 1058 "https://benton.com" "Mozilla/5.0 (Windows NT 10.0; Win64; x64) AppleWebKit/537.36 (KHTML, like Gecko) Chrome/90.0.4430.85 Safari/537.36" "207.200.132.201"
192.168.0.2 - - [14/Nov/2024:22:58:51 +0000] "GET /api/v1/data HTTP/1.1" 404 4797 "https://mahoney.com" "Mozilla/5.0 (Windows NT 10.0; Win64; x64) AppleWebKit/537.36 (KHTML, like Gecko) Chrome/89.0.4389.82 Safari/537.36" "62.23.238.90"
192.168.0.1 - - [15/Nov/2024:22:58:51 +0000] "GET /api/v1/data HTTP/1.1" 301 947 "https://green.com" "Mozilla/5.0 (Windows NT 10.0; Win64; x64) AppleWebKit/537.36 (KHTML, like Gecko) Chrome/89.0.4389.82 Safari/537.36" "109.181.52.32"
192.168.0.3 - - [01/Dec/2024:22:58:51 +0000] "GET /api/v1/data HTTP/1.1" 200 3392 "https://duncan-douglas.info" "Mozilla/5.0 (Windows NT 6.1; WOW64; rv:33.0) Gecko/20100101 Firefox/33.0" "183.44.8.7"
192.168.0.3 - - [28/Nov/2024:22:58:51 +0000] "GET /api/v1/data HTTP/1.1" 401 3538 "https://castaneda.com" "Mozilla/5.0 (Windows NT 10.0; Win64; x64) AppleWebKit/537.36 (KHTML, like Gecko) Chrome/89.0.4389.82 Safari/537.36" "188.96.219.81"
192.168.0.2 - - [15/Nov/2024:22:58:51 +0000] "GET /api/v1/user HTTP/1.1" 400 4645 "https://bell-mendez.com" "Mozilla/5.0 (Windows NT 10.0; Win64; x64) AppleWebKit/537.36 (KHTML, like Gecko) Chrome/90.0.4430.85 Safari/537.36" "218.254.103.65"
192.168.0.3 - - [18/Nov/2024:22:58:51 +0000] "GET /api/v1/status HTTP/1.1" 400 4292 "https://warren.com" "Mozilla/5.0 (Windows NT 10.0; Win64; x64) AppleWebKit/537.36 (KHTML, like Gecko) Chrome/89.0.4389.82 Safari/537.36" "27.245.12.181"
192.168.0.1 - - [18/Nov/2024:22:58:51 +0000] "GET /api/v1/user HTTP/1.1" 200 1996 "https://quinn.com" "Mozilla/5.0 (Windows NT 10.0; Win64; x64) AppleWebKit/537.36 (KHTML, like Gecko) Chrome/90.0.4430.85 Safari/537.36" "112.60.143.70"
192.168.0.3 - - [22/Nov/2024:22:58:51 +0000] "GET /api/v1/login HTTP/1.1" 400 4017 "https://gregory.info" "Mozilla/5.0 (Windows NT 10.0; Win64; x64) AppleWebKit/537.36 (KHTML, like Gecko) Chrome/89.0.4389.82 Safari/537.36" "142.22.158.179"
192.168.0.1 - - [01/Dec/2024:22:58:51 +0000] "GET /api/v1/resource HTTP/1.1" 500 936 "https://turner-thomas.com" "Mozilla/5.0 (Windows NT 6.1; WOW64; rv:33.0) Gecko/20100101 Firefox/33.0" "39.200.198.150"
192.168.0.2 - - [15/Nov/2024:22:58:51 +0000] "GET /api/v1/data HTTP/1.1" 301 4497 "https://jackson-white.com" "Mozilla/5.0 (Windows NT 6.1; WOW64; rv:33.0) Gecko/20100101 Firefox/33.0" "58.37.19.54"
192.168.0.1 - - [05/Dec/2024:22:58:51 +0000] "GET /api/v1/status HTTP/1.1" 401 1648 "https://gonzales.com" "Mozilla/5.0 (Windows NT 6.1; WOW64; rv:33.0) Gecko/20100101 Firefox/33.0" "203.231.224.82"
192.168.0.1 - - [15/Nov/2024:22:58:51 +0000] "GET /api/v1/login HTTP/1.1" 500 1553 "https://higgins.com" "Mozilla/5.0 (Windows NT 10.0; Win64; x64) AppleWebKit/537.36 (KHTML, like Gecko) Chrome/90.0.4430.85 Safari/537.36" "61.195.189.245"
192.168.0.2 - - [24/Nov/2024:22:58:51 +0000] "GET /api/v1/resource HTTP/1.1" 301 1018 "https://herrera.info" "Mozilla/5.0 (Windows NT 6.1; WOW64; rv:33.0) Gecko/20100101 Firefox/33.0" "130.154.9.55"
192.168.0.2 - - [05/Dec/2024:22:58:51 +0000] "GET /api/v1/resource HTTP/1.1" 500 2553 "https://blackburn.com" "Mozilla/5.0 (Windows NT 6.1; WOW64; rv:33.0) Gecko/20100101 Firefox/33.0" "23.37.58.210"
192.168.0.3 - - [29/Nov/2024:22:58:51 +0000] "GET /api/v1/login HTTP/1.1" 301 2185 "https://warren.org" "Mozilla/5.0 (Windows NT 10.0; Win64; x64) AppleWebKit/537.36 (KHTML, like Gecko) Chrome/89.0.4389.82 Safari/537.36" "186.233.179.238"
192.168.0.3 - - [13/Nov/2024:22:58:51 +0000] "GET /api/v1/data HTTP/1.1" 301 1633 "https://martin-wilkins.com" "Mozilla/5.0 (Windows NT 10.0; Win64; x64) AppleWebKit/537.36 (KHTML, like Gecko) Chrome/89.0.4389.82 Safari/537.36" "12.36.174.240"
192.168.0.2 - - [25/Nov/2024:22:58:51 +0000] "GET /api/v1/status HTTP/1.1" 200 709 "https://moore.com" "Mozilla/5.0 (Windows NT 10.0; Win64; x64) AppleWebKit/537.36 (KHTML, like Gecko) Chrome/89.0.4389.82 Safari/537.36" "37.53.44.80"
192.168.0.3 - - [04/Dec/2024:22:58:51 +0000] "GET /api/v1/status HTTP/1.1" 400 1000 "https://johnson-hicks.com" "Mozilla/5.0 (Windows NT 6.1; WOW64; rv:33.0) Gecko/20100101 Firefox/33.0" "216.40.46.44"
192.168.0.1 - - [21/Nov/2024:22:58:51 +0000] "GET /api/v1/login HTTP/1.1" 404 444 "https://williams.com" "Mozilla/5.0 (Windows NT 6.1; WOW64; rv:33.0) Gecko/20100101 Firefox/33.0" "203.78.240.114"
192.168.0.3 - - [04/Dec/2024:22:58:51 +0000] "GET /api/v1/user HTTP/1.1" 404 1219 "https://hubbard.info" "Mozilla/5.0 (Windows NT 6.1; WOW64; rv:33.0) Gecko/20100101 Firefox/33.0" "31.240.183.226"
192.168.0.3 - - [20/Nov/2024:22:58:51 +0000] "GET /api/v1/user HTTP/1.1" 401 3239 "https://maxwell.biz" "Mozilla/5.0 (Windows NT 10.0; Win64; x64) AppleWebKit/537.36 (KHTML, like Gecko) Chrome/89.0.4389.82 Safari/537.36" "119.132.30.118"
192.168.0.2 - - [04/Dec/2024:22:58:51 +0000] "GET /api/v1/resource HTTP/1.1" 404 4598 "https://harris.com" "Mozilla/5.0 (Windows NT 6.1; WOW64; rv:33.0) Gecko/20100101 Firefox/33.0" "95.184.210.144"
192.168.0.3 - - [06/Dec/2024:22:58:51 +0000] "GET /api/v1/resource HTTP/1.1" 500 1665 "https://lewis-greene.com" "Mozilla/5.0 (Windows NT 6.1; WOW64; rv:33.0) Gecko/20100101 Firefox/33.0" "28.188.180.196"
192.168.0.2 - - [28/Nov/2024:22:58:51 +0000] "GET /api/v1/login HTTP/1.1" 200 630 "https://sharp.com" "Mozilla/5.0 (Windows NT 10.0; Win64; x64) AppleWebKit/537.36 (KHTML, like Gecko) Chrome/89.0.4389.82 Safari/537.36" "174.124.191.11"
192.168.0.2 - - [21/Nov/2024:22:58:51 +0000] "GET /api/v1/data HTTP/1.1" 400 4157 "https://page.org" "Mozilla/5.0 (Windows NT 6.1; WOW64; rv:33.0) Gecko/20100101 Firefox/33.0" "171.205.94.169"
192.168.0.3 - - [30/Nov/2024:22:58:51 +0000] "GET /api/v1/login HTTP/1.1" 401 115 "https://fritz.com" "Mozilla/5.0 (Windows NT 10.0; Win64; x64) AppleWebKit/537.36 (KHTML, like Gecko) Chrome/89.0.4389.82 Safari/537.36" "222.109.216.205"
192.168.0.1 - - [04/Dec/2024:22:58:51 +0000] "GET /api/v1/login HTTP/1.1" 400 3680 "https://bailey.net" "Mozilla/5.0 (Windows NT 6.1; WOW64; rv:33.0) Gecko/20100101 Firefox/33.0" "172.164.112.231"
192.168.0.3 - - [29/Nov/2024:22:58:51 +0000] "GET /api/v1/user HTTP/1.1" 400 2215 "https://burke.info" "Mozilla/5.0 (Windows NT 6.1; WOW64; rv:33.0) Gecko/20100101 Firefox/33.0" "125.13.7.20"
192.168.0.3 - - [17/Nov/2024:22:58:51 +0000] "GET /api/v1/user HTTP/1.1" 200 1659 "https://cruz.com" "Mozilla/5.0 (Windows NT 6.1; WOW64; rv:33.0) Gecko/20100101 Firefox/33.0" "33.183.254.116"
192.168.0.3 - - [15/Nov/2024:22:58:51 +0000] "GET /api/v1/resource HTTP/1.1" 200 3133 "https://sanchez.biz" "Mozilla/5.0 (Windows NT 6.1; WOW64; rv:33.0) Gecko/20100101 Firefox/33.0" "128.191.52.211"
192.168.0.1 - - [28/Nov/2024:22:58:51 +0000] "GET /api/v1/data HTTP/1.1" 200 1261 "https://ramirez.com" "Mozilla/5.0 (Windows NT 10.0; Win64; x64) AppleWebKit/537.36 (KHTML, like Gecko) Chrome/90.0.4430.85 Safari/537.36" "9.151.201.167"
192.168.0.2 - - [10/Nov/2024:22:58:51 +0000] "GET /api/v1/user HTTP/1.1" 401 494 "https://wallace.net" "Mozilla/5.0 (Windows NT 10.0; Win64; x64) AppleWebKit/537.36 (KHTML, like Gecko) Chrome/90.0.4430.85 Safari/537.36" "118.228.68.184"
192.168.0.1 - - [20/Nov/2024:22:58:51 +0000] "GET /api/v1/status HTTP/1.1" 400 1434 "https://norris.biz" "Mozilla/5.0 (Windows NT 6.1; WOW64; rv:33.0) Gecko/20100101 Firefox/33.0" "82.13.167.153"
192.168.0.3 - - [03/Dec/2024:22:58:51 +0000] "GET /api/v1/resource HTTP/1.1" 401 4229 "https://chen.com" "Mozilla/5.0 (Windows NT 6.1; WOW64; rv:33.0) Gecko/20100101 Firefox/33.0" "90.124.21.211"
192.168.0.2 - - [27/Nov/2024:22:58:51 +0000] "GET /api/v1/user HTTP/1.1" 401 436 "https://levy.com" "Mozilla/5.0 (Windows NT 10.0; Win64; x64) AppleWebKit/537.36 (KHTML, like Gecko) Chrome/89.0.4389.82 Safari/537.36" "214.202.42.72"
192.168.0.3 - - [03/Dec/2024:22:58:51 +0000] "GET /api/v1/resource HTTP/1.1" 301 799 "https://carlson.org" "Mozilla/5.0 (Windows NT 10.0; Win64; x64) AppleWebKit/537.36 (KHTML, like Gecko) Chrome/89.0.4389.82 Safari/537.36" "41.143.34.190"
192.168.0.3 - - [08/Nov/2024:22:58:51 +0000] "GET /api/v1/user HTTP/1.1" 200 1082 "https://stark.com" "Mozilla/5.0 (Windows NT 10.0; Win64; x64) AppleWebKit/537.36 (KHTML, like Gecko) Chrome/89.0.4389.82 Safari/537.36" "70.161.225.6"
192.168.0.3 - - [28/Nov/2024:22:58:51 +0000] "GET /api/v1/user HTTP/1.1" 404 164 "https://anderson-gutierrez.info" "Mozilla/5.0 (Windows NT 10.0; Win64; x64) AppleWebKit/537.36 (KHTML, like Gecko) Chrome/89.0.4389.82 Safari/537.36" "14.205.42.61"
192.168.0.1 - - [13/Nov/2024:22:58:51 +0000] "GET /api/v1/status HTTP/1.1" 400 355 "https://foster-sandoval.info" "Mozilla/5.0 (Windows NT 10.0; Win64; x64) AppleWebKit/537.36 (KHTML, like Gecko) Chrome/90.0.4430.85 Safari/537.36" "116.199.72.223"
192.168.0.1 - - [30/Nov/2024:22:58:51 +0000] "GET /api/v1/user HTTP/1.1" 400 638 "https://strickland-robinson.com" "Mozilla/5.0 (Windows NT 10.0; Win64; x64) AppleWebKit/537.36 (KHTML, like Gecko) Chrome/90.0.4430.85 Safari/537.36" "91.233.191.217"
192.168.0.3 - - [13/Nov/2024:22:58:51 +0000] "GET /api/v1/user HTTP/1.1" 500 1727 "https://smith.com" "Mozilla/5.0 (Windows NT 10.0; Win64; x64) AppleWebKit/537.36 (KHTML, like Gecko) Chrome/89.0.4389.82 Safari/537.36" "67.120.121.212"
192.168.0.2 - - [09/Nov/2024:22:58:51 +0000] "GET /api/v1/status HTTP/1.1" 404 165 "https://ellis.com" "Mozilla/5.0 (Windows NT 10.0; Win64; x64) AppleWebKit/537.36 (KHTML, like Gecko) Chrome/90.0.4430.85 Safari/537.36" "36.23.179.132"
192.168.0.2 - - [04/Dec/2024:22:58:51 +0000] "GET /api/v1/data HTTP/1.1" 301 2214 "https://valenzuela.biz" "Mozilla/5.0 (Windows NT 10.0; Win64; x64) AppleWebKit/537.36 (KHTML, like Gecko) Chrome/90.0.4430.85 Safari/537.36" "77.26.80.151"
192.168.0.2 - - [22/Nov/2024:22:58:51 +0000] "GET /api/v1/login HTTP/1.1" 404 310 "https://lewis.com" "Mozilla/5.0 (Windows NT 6.1; WOW64; rv:33.0) Gecko/20100101 Firefox/33.0" "174.189.102.73"
192.168.0.2 - - [22/Nov/2024:22:58:51 +0000] "GET /api/v1/data HTTP/1.1" 200 2303 "https://gonzalez-bauer.com" "Mozilla/5.0 (Windows NT 6.1; WOW64; rv:33.0) Gecko/20100101 Firefox/33.0" "103.69.69.253"
192.168.0.2 - - [27/Nov/2024:22:58:51 +0000] "GET /api/v1/user HTTP/1.1" 200 967 "https://christensen.com" "Mozilla/5.0 (Windows NT 10.0; Win64; x64) AppleWebKit/537.36 (KHTML, like Gecko) Chrome/90.0.4430.85 Safari/537.36" "179.25.25.237"
192.168.0.1 - - [18/Nov/2024:22:58:51 +0000] "GET /api/v1/data HTTP/1.1" 400 4207 "https://collier.com" "Mozilla/5.0 (Windows NT 10.0; Win64; x64) AppleWebKit/537.36 (KHTML, like Gecko) Chrome/89.0.4389.82 Safari/537.36" "182.108.186.152"
192.168.0.3 - - [15/Nov/2024:22:58:51 +0000] "GET /api/v1/status HTTP/1.1" 301 1646 "https://frazier-gordon.biz" "Mozilla/5.0 (Windows NT 10.0; Win64; x64) AppleWebKit/537.36 (KHTML, like Gecko) Chrome/90.0.4430.85 Safari/537.36" "170.39.99.173"
192.168.0.1 - - [22/Nov/2024:22:58:51 +0000] "GET /api/v1/login HTTP/1.1" 301 1704 "https://jones.com" "Mozilla/5.0 (Windows NT 10.0; Win64; x64) AppleWebKit/537.36 (KHTML, like Gecko) Chrome/90.0.4430.85 Safari/537.36" "131.191.127.1"
192.168.0.2 - - [05/Dec/2024:22:58:51 +0000] "GET /api/v1/login HTTP/1.1" 404 2979 "https://smith.com" "Mozilla/5.0 (Windows NT 10.0; Win64; x64) AppleWebKit/537.36 (KHTML, like Gecko) Chrome/89.0.4389.82 Safari/537.36" "212.250.76.123"
192.168.0.2 - - [18/Nov/2024:22:58:51 +0000] "GET /api/v1/data HTTP/1.1" 401 4364 "https://wright-kennedy.org" "Mozilla/5.0 (Windows NT 10.0; Win64; x64) AppleWebKit/537.36 (KHTML, like Gecko) Chrome/89.0.4389.82 Safari/537.36" "204.138.31.192"
192.168.0.2 - - [04/Dec/2024:22:58:51 +0000] "GET /api/v1/data HTTP/1.1" 400 1144 "https://jones.com" "Mozilla/5.0 (Windows NT 6.1; WOW64; rv:33.0) Gecko/20100101 Firefox/33.0" "17.156.110.73"
192.168.0.2 - - [26/Nov/2024:22:58:51 +0000] "GET /api/v1/data HTTP/1.1" 500 552 "https://hardy-chavez.biz" "Mozilla/5.0 (Windows NT 10.0; Win64; x64) AppleWebKit/537.36 (KHTML, like Gecko) Chrome/90.0.4430.85 Safari/537.36" "160.127.157.110"
192.168.0.2 - - [06/Dec/2024:22:58:51 +0000] "GET /api/v1/data HTTP/1.1" 401 574 "https://mcconnell.org" "Mozilla/5.0 (Windows NT 10.0; Win64; x64) AppleWebKit/537.36 (KHTML, like Gecko) Chrome/90.0.4430.85 Safari/537.36" "48.149.158.1"
192.168.0.3 - - [29/Nov/2024:22:58:51 +0000] "GET /api/v1/resource HTTP/1.1" 400 4049 "https://thomas.com" "Mozilla/5.0 (Windows NT 10.0; Win64; x64) AppleWebKit/537.36 (KHTML, like Gecko) Chrome/90.0.4430.85 Safari/537.36" "25.189.16.52"
192.168.0.2 - - [20/Nov/2024:22:58:51 +0000] "GET /api/v1/data HTTP/1.1" 500 3931 "https://bell-sexton.biz" "Mozilla/5.0 (Windows NT 10.0; Win64; x64) AppleWebKit/537.36 (KHTML, like Gecko) Chrome/89.0.4389.82 Safari/537.36" "49.234.50.250"
192.168.0.3 - - [29/Nov/2024:22:58:51 +0000] "GET /api/v1/data HTTP/1.1" 401 4251 "https://simmons-cobb.com" "Mozilla/5.0 (Windows NT 6.1; WOW64; rv:33.0) Gecko/20100101 Firefox/33.0" "85.161.248.161"
192.168.0.2 - - [13/Nov/2024:22:58:51 +0000] "GET /api/v1/login HTTP/1.1" 401 4511 "https://johnson-bryant.com" "Mozilla/5.0 (Windows NT 6.1; WOW64; rv:33.0) Gecko/20100101 Firefox/33.0" "105.113.117.219"
192.168.0.2 - - [01/Dec/2024:22:58:51 +0000] "GET /api/v1/status HTTP/1.1" 301 551 "https://johnson.org" "Mozilla/5.0 (Windows NT 6.1; WOW64; rv:33.0) Gecko/20100101 Firefox/33.0" "194.186.113.0"
192.168.0.3 - - [10/Nov/2024:22:58:51 +0000] "GET /api/v1/resource HTTP/1.1" 400 3070 "https://powell.com" "Mozilla/5.0 (Windows NT 6.1; WOW64; rv:33.0) Gecko/20100101 Firefox/33.0" "46.216.124.41"
192.168.0.3 - - [16/Nov/2024:22:58:51 +0000] "GET /api/v1/resource HTTP/1.1" 500 2709 "https://lyons-shields.com" "Mozilla/5.0 (Windows NT 6.1; WOW64; rv:33.0) Gecko/20100101 Firefox/33.0" "131.200.225.111"
192.168.0.1 - - [24/Nov/2024:22:58:51 +0000] "GET /api/v1/data HTTP/1.1" 301 3038 "https://meyer-goodwin.net" "Mozilla/5.0 (Windows NT 10.0; Win64; x64) AppleWebKit/537.36 (KHTML, like Gecko) Chrome/89.0.4389.82 Safari/537.36" "40.97.18.82"
192.168.0.2 - - [18/Nov/2024:22:58:51 +0000] "GET /api/v1/data HTTP/1.1" 404 2208 "https://brennan-solomon.com" "Mozilla/5.0 (Windows NT 10.0; Win64; x64) AppleWebKit/537.36 (KHTML, like Gecko) Chrome/90.0.4430.85 Safari/537.36" "104.238.133.97"
192.168.0.1 - - [14/Nov/2024:22:58:51 +0000] "GET /api/v1/user HTTP/1.1" 200 3808 "https://joseph-green.net" "Mozilla/5.0 (Windows NT 10.0; Win64; x64) AppleWebKit/537.36 (KHTML, like Gecko) Chrome/90.0.4430.85 Safari/537.36" "154.193.191.213"
192.168.0.3 - - [26/Nov/2024:22:58:51 +0000] "GET /api/v1/resource HTTP/1.1" 200 415 "https://stewart-barnes.com" "Mozilla/5.0 (Windows NT 10.0; Win64; x64) AppleWebKit/537.36 (KHTML, like Gecko) Chrome/89.0.4389.82 Safari/537.36" "102.180.34.79"
192.168.0.1 - - [28/Nov/2024:22:58:51 +0000] "GET /api/v1/data HTTP/1.1" 200 3758 "https://henry.info" "Mozilla/5.0 (Windows NT 10.0; Win64; x64) AppleWebKit/537.36 (KHTML, like Gecko) Chrome/90.0.4430.85 Safari/537.36" "180.122.83.133"
192.168.0.2 - - [10/Nov/2024:22:58:51 +0000] "GET /api/v1/status HTTP/1.1" 301 420 "https://pollard.com" "Mozilla/5.0 (Windows NT 10.0; Win64; x64) AppleWebKit/537.36 (KHTML, like Gecko) Chrome/89.0.4389.82 Safari/537.36" "31.153.119.212"
192.168.0.3 - - [22/Nov/2024:22:58:51 +0000] "GET /api/v1/login HTTP/1.1" 301 2368 "https://hamilton.org" "Mozilla/5.0 (Windows NT 6.1; WOW64; rv:33.0) Gecko/20100101 Firefox/33.0" "211.143.18.55"
192.168.0.1 - - [03/Dec/2024:22:58:51 +0000] "GET /api/v1/login HTTP/1.1" 401 2530 "https://buck.com" "Mozilla/5.0 (Windows NT 10.0; Win64; x64) AppleWebKit/537.36 (KHTML, like Gecko) Chrome/89.0.4389.82 Safari/537.36" "145.167.138.80"
192.168.0.3 - - [19/Nov/2024:22:58:51 +0000] "GET /api/v1/user HTTP/1.1" 400 2748 "https://bauer.com" "Mozilla/5.0 (Windows NT 10.0; Win64; x64) AppleWebKit/537.36 (KHTML, like Gecko) Chrome/89.0.4389.82 Safari/537.36" "125.14.217.80"
192.168.0.3 - - [25/Nov/2024:22:58:51 +0000] "GET /api/v1/status HTTP/1.1" 200 683 "https://hill.com" "Mozilla/5.0 (Windows NT 10.0; Win64; x64) AppleWebKit/537.36 (KHTML, like Gecko) Chrome/90.0.4430.85 Safari/537.36" "60.58.249.210"
192.168.0.1 - - [28/Nov/2024:22:58:51 +0000] "GET /api/v1/user HTTP/1.1" 401 2290 "https://wright.com" "Mozilla/5.0 (Windows NT 6.1; WOW64; rv:33.0) Gecko/20100101 Firefox/33.0" "36.40.97.98"
192.168.0.2 - - [19/Nov/2024:22:58:51 +0000] "GET /api/v1/login HTTP/1.1" 200 4609 "https://cummings-bush.info" "Mozilla/5.0 (Windows NT 10.0; Win64; x64) AppleWebKit/537.36 (KHTML, like Gecko) Chrome/89.0.4389.82 Safari/537.36" "193.166.175.66"
192.168.0.3 - - [18/Nov/2024:22:58:51 +0000] "GET /api/v1/status HTTP/1.1" 200 1614 "https://keller.org" "Mozilla/5.0 (Windows NT 10.0; Win64; x64) AppleWebKit/537.36 (KHTML, like Gecko) Chrome/89.0.4389.82 Safari/537.36" "132.201.55.9"
192.168.0.3 - - [24/Nov/2024:22:58:51 +0000] "GET /api/v1/resource HTTP/1.1" 200 2146 "https://schultz.net" "Mozilla/5.0 (Windows NT 6.1; WOW64; rv:33.0) Gecko/20100101 Firefox/33.0" "17.229.245.233"
192.168.0.2 - - [08/Dec/2024:22:58:51 +0000] "GET /api/v1/resource HTTP/1.1" 400 3508 "https://garrison-gonzalez.com" "Mozilla/5.0 (Windows NT 10.0; Win64; x64) AppleWebKit/537.36 (KHTML, like Gecko) Chrome/89.0.4389.82 Safari/537.36" "116.35.19.27"
192.168.0.1 - - [26/Nov/2024:22:58:51 +0000] "GET /api/v1/status HTTP/1.1" 500 104 "https://brewer.com" "Mozilla/5.0 (Windows NT 10.0; Win64; x64) AppleWebKit/537.36 (KHTML, like Gecko) Chrome/90.0.4430.85 Safari/537.36" "68.171.6.121"
192.168.0.2 - - [13/Nov/2024:22:58:51 +0000] "GET /api/v1/status HTTP/1.1" 200 3546 "https://taylor.com" "Mozilla/5.0 (Windows NT 6.1; WOW64; rv:33.0) Gecko/20100101 Firefox/33.0" "61.172.1.250"
192.168.0.3 - - [16/Nov/2024:22:58:51 +0000] "GET /api/v1/data HTTP/1.1" 200 2471 "https://white-williams.com" "Mozilla/5.0 (Windows NT 6.1; WOW64; rv:33.0) Gecko/20100101 Firefox/33.0" "139.85.37.208"
192.168.0.2 - - [17/Nov/2024:22:58:51 +0000] "GET /api/v1/data HTTP/1.1" 200 2745 "https://williams-garcia.com" "Mozilla/5.0 (Windows NT 6.1; WOW64; rv:33.0) Gecko/20100101 Firefox/33.0" "184.50.176.200"
192.168.0.1 - - [13/Nov/2024:22:58:51 +0000] "GET /api/v1/login HTTP/1.1" 404 3527 "https://hampton.net" "Mozilla/5.0 (Windows NT 6.1; WOW64; rv:33.0) Gecko/20100101 Firefox/33.0" "214.51.182.160"
192.168.0.1 - - [09/Nov/2024:22:58:51 +0000] "GET /api/v1/status HTTP/1.1" 500 1258 "https://williams-salazar.com" "Mozilla/5.0 (Windows NT 10.0; Win64; x64) AppleWebKit/537.36 (KHTML, like Gecko) Chrome/90.0.4430.85 Safari/537.36" "1.216.25.100"
192.168.0.1 - - [09/Nov/2024:22:58:51 +0000] "GET /api/v1/data HTTP/1.1" 401 560 "https://wright-holder.com" "Mozilla/5.0 (Windows NT 10.0; Win64; x64) AppleWebKit/537.36 (KHTML, like Gecko) Chrome/90.0.4430.85 Safari/537.36" "214.22.41.2"
192.168.0.2 - - [29/Nov/2024:22:58:51 +0000] "GET /api/v1/login HTTP/1.1" 500 1415 "https://allen.com" "Mozilla/5.0 (Windows NT 6.1; WOW64; rv:33.0) Gecko/20100101 Firefox/33.0" "212.253.224.239"
192.168.0.1 - - [24/Nov/2024:22:58:51 +0000] "GET /api/v1/status HTTP/1.1" 401 4836 "https://porter-landry.biz" "Mozilla/5.0 (Windows NT 6.1; WOW64; rv:33.0) Gecko/20100101 Firefox/33.0" "96.247.98.40"
192.168.0.3 - - [13/Nov/2024:22:58:51 +0000] "GET /api/v1/resource HTTP/1.1" 404 4702 "https://perez-henry.com" "Mozilla/5.0 (Windows NT 10.0; Win64; x64) AppleWebKit/537.36 (KHTML, like Gecko) Chrome/89.0.4389.82 Safari/537.36" "191.208.113.136"
192.168.0.1 - - [05/Dec/2024:22:58:51 +0000] "GET /api/v1/resource HTTP/1.1" 404 3007 "https://shepard.com" "Mozilla/5.0 (Windows NT 6.1; WOW64; rv:33.0) Gecko/20100101 Firefox/33.0" "221.180.33.24"
192.168.0.2 - - [17/Nov/2024:22:58:51 +0000] "GET /api/v1/resource HTTP/1.1" 500 1919 "https://murray.com" "Mozilla/5.0 (Windows NT 10.0; Win64; x64) AppleWebKit/537.36 (KHTML, like Gecko) Chrome/89.0.4389.82 Safari/537.36" "196.69.85.59"
192.168.0.2 - - [14/Nov/2024:22:58:51 +0000] "GET /api/v1/login HTTP/1.1" 500 4840 "https://wise.net" "Mozilla/5.0 (Windows NT 6.1; WOW64; rv:33.0) Gecko/20100101 Firefox/33.0" "69.207.1.205"
192.168.0.1 - - [05/Dec/2024:22:58:51 +0000] "GET /api/v1/login HTTP/1.1" 401 1372 "https://pittman-woods.com" "Mozilla/5.0 (Windows NT 10.0; Win64; x64) AppleWebKit/537.36 (KHTML, like Gecko) Chrome/89.0.4389.82 Safari/537.36" "202.102.159.60"
192.168.0.1 - - [16/Nov/2024:22:58:51 +0000] "GET /api/v1/resource HTTP/1.1" 500 4532 "https://smith.net" "Mozilla/5.0 (Windows NT 10.0; Win64; x64) AppleWebKit/537.36 (KHTML, like Gecko) Chrome/90.0.4430.85 Safari/537.36" "32.215.247.76"
192.168.0.1 - - [03/Dec/2024:22:58:51 +0000] "GET /api/v1/user HTTP/1.1" 500 203 "https://hopkins.com" "Mozilla/5.0 (Windows NT 6.1; WOW64; rv:33.0) Gecko/20100101 Firefox/33.0" "62.77.38.126"
192.168.0.3 - - [15/Nov/2024:22:58:51 +0000] "GET /api/v1/resource HTTP/1.1" 404 2727 "https://kelley.com" "Mozilla/5.0 (Windows NT 6.1; WOW64; rv:33.0) Gecko/20100101 Firefox/33.0" "214.196.145.5"
192.168.0.3 - - [23/Nov/2024:22:58:51 +0000] "GET /api/v1/data HTTP/1.1" 400 4132 "https://herrera.com" "Mozilla/5.0 (Windows NT 10.0; Win64; x64) AppleWebKit/537.36 (KHTML, like Gecko) Chrome/89.0.4389.82 Safari/537.36" "80.186.129.205"
192.168.0.2 - - [02/Dec/2024:22:58:51 +0000] "GET /api/v1/user HTTP/1.1" 401 4740 "https://erickson-davis.com" "Mozilla/5.0 (Windows NT 10.0; Win64; x64) AppleWebKit/537.36 (KHTML, like Gecko) Chrome/89.0.4389.82 Safari/537.36" "86.158.69.230"
192.168.0.1 - - [04/Dec/2024:22:58:51 +0000] "GET /api/v1/data HTTP/1.1" 404 2580 "https://reid.com" "Mozilla/5.0 (Windows NT 10.0; Win64; x64) AppleWebKit/537.36 (KHTML, like Gecko) Chrome/90.0.4430.85 Safari/537.36" "164.121.68.198"
192.168.0.2 - - [08/Dec/2024:22:58:51 +0000] "GET /api/v1/status HTTP/1.1" 200 1932 "https://craig.com" "Mozilla/5.0 (Windows NT 6.1; WOW64; rv:33.0) Gecko/20100101 Firefox/33.0" "27.156.105.224"
192.168.0.2 - - [01/Dec/2024:22:58:51 +0000] "GET /api/v1/status HTTP/1.1" 500 1713 "https://cobb.net" "Mozilla/5.0 (Windows NT 6.1; WOW64; rv:33.0) Gecko/20100101 Firefox/33.0" "132.101.190.170"
192.168.0.2 - - [06/Dec/2024:22:58:51 +0000] "GET /api/v1/status HTTP/1.1" 301 1530 "https://le.com" "Mozilla/5.0 (Windows NT 6.1; WOW64; rv:33.0) Gecko/20100101 Firefox/33.0" "5.13.236.213"
192.168.0.2 - - [11/Nov/2024:22:58:51 +0000] "GET /api/v1/status HTTP/1.1" 500 4889 "https://harris.com" "Mozilla/5.0 (Windows NT 6.1; WOW64; rv:33.0) Gecko/20100101 Firefox/33.0" "21.96.177.30"
192.168.0.2 - - [12/Nov/2024:22:58:51 +0000] "GET /api/v1/status HTTP/1.1" 400 484 "https://hooper-wong.biz" "Mozilla/5.0 (Windows NT 10.0; Win64; x64) AppleWebKit/537.36 (KHTML, like Gecko) Chrome/89.0.4389.82 Safari/537.36" "108.7.53.143"
192.168.0.1 - - [08/Dec/2024:22:58:51 +0000] "GET /api/v1/status HTTP/1.1" 404 3001 "https://harding.net" "Mozilla/5.0 (Windows NT 10.0; Win64; x64) AppleWebKit/537.36 (KHTML, like Gecko) Chrome/90.0.4430.85 Safari/537.36" "219.49.180.255"
192.168.0.1 - - [17/Nov/2024:22:58:51 +0000] "GET /api/v1/data HTTP/1.1" 200 3726 "https://gonzalez.com" "Mozilla/5.0 (Windows NT 10.0; Win64; x64) AppleWebKit/537.36 (KHTML, like Gecko) Chrome/89.0.4389.82 Safari/537.36" "209.219.62.130"
192.168.0.3 - - [13/Nov/2024:22:58:51 +0000] "GET /api/v1/login HTTP/1.1" 301 3614 "https://rodriguez.org" "Mozilla/5.0 (Windows NT 6.1; WOW64; rv:33.0) Gecko/20100101 Firefox/33.0" "166.85.236.189"
192.168.0.3 - - [19/Nov/2024:22:58:51 +0000] "GET /api/v1/status HTTP/1.1" 301 141 "https://richardson-jackson.com" "Mozilla/5.0 (Windows NT 10.0; Win64; x64) AppleWebKit/537.36 (KHTML, like Gecko) Chrome/89.0.4389.82 Safari/537.36" "88.226.160.57"
192.168.0.2 - - [27/Nov/2024:22:58:51 +0000] "GET /api/v1/resource HTTP/1.1" 500 4045 "https://monroe-roberts.info" "Mozilla/5.0 (Windows NT 10.0; Win64; x64) AppleWebKit/537.36 (KHTML, like Gecko) Chrome/89.0.4389.82 Safari/537.36" "88.109.61.222"
192.168.0.2 - - [05/Dec/2024:22:58:51 +0000] "GET /api/v1/status HTTP/1.1" 401 4472 "https://jackson.org" "Mozilla/5.0 (Windows NT 6.1; WOW64; rv:33.0) Gecko/20100101 Firefox/33.0" "177.222.53.226"
192.168.0.1 - - [27/Nov/2024:22:58:51 +0000] "GET /api/v1/data HTTP/1.1" 400 131 "https://prince.com" "Mozilla/5.0 (Windows NT 6.1; WOW64; rv:33.0) Gecko/20100101 Firefox/33.0" "221.128.24.65"
192.168.0.1 - - [19/Nov/2024:22:58:51 +0000] "GET /api/v1/status HTTP/1.1" 404 4233 "https://graham-bowers.biz" "Mozilla/5.0 (Windows NT 10.0; Win64; x64) AppleWebKit/537.36 (KHTML, like Gecko) Chrome/89.0.4389.82 Safari/537.36" "80.115.51.205"
192.168.0.3 - - [26/Nov/2024:22:58:51 +0000] "GET /api/v1/data HTTP/1.1" 404 2612 "https://stanley-townsend.info" "Mozilla/5.0 (Windows NT 10.0; Win64; x64) AppleWebKit/537.36 (KHTML, like Gecko) Chrome/90.0.4430.85 Safari/537.36" "152.131.10.86"
192.168.0.3 - - [05/Dec/2024:22:58:51 +0000] "GET /api/v1/status HTTP/1.1" 401 111 "https://castro.com" "Mozilla/5.0 (Windows NT 10.0; Win64; x64) AppleWebKit/537.36 (KHTML, like Gecko) Chrome/90.0.4430.85 Safari/537.36" "181.243.65.216"
192.168.0.1 - - [18/Nov/2024:22:58:51 +0000] "GET /api/v1/user HTTP/1.1" 401 1289 "https://gilmore.info" "Mozilla/5.0 (Windows NT 6.1; WOW64; rv:33.0) Gecko/20100101 Firefox/33.0" "20.97.24.249"
192.168.0.3 - - [12/Nov/2024:22:58:51 +0000] "GET /api/v1/data HTTP/1.1" 200 3223 "https://lopez.com" "Mozilla/5.0 (Windows NT 10.0; Win64; x64) AppleWebKit/537.36 (KHTML, like Gecko) Chrome/89.0.4389.82 Safari/537.36" "27.248.184.16"
192.168.0.3 - - [26/Nov/2024:22:58:51 +0000] "GET /api/v1/data HTTP/1.1" 500 4184 "https://stephens.biz" "Mozilla/5.0 (Windows NT 6.1; WOW64; rv:33.0) Gecko/20100101 Firefox/33.0" "205.76.212.231"
192.168.0.2 - - [03/Dec/2024:22:58:51 +0000] "GET /api/v1/user HTTP/1.1" 301 345 "https://wheeler.com" "Mozilla/5.0 (Windows NT 10.0; Win64; x64) AppleWebKit/537.36 (KHTML, like Gecko) Chrome/90.0.4430.85 Safari/537.36" "33.89.57.150"
192.168.0.1 - - [03/Dec/2024:22:58:51 +0000] "GET /api/v1/status HTTP/1.1" 404 3349 "https://ponce.net" "Mozilla/5.0 (Windows NT 10.0; Win64; x64) AppleWebKit/537.36 (KHTML, like Gecko) Chrome/89.0.4389.82 Safari/537.36" "175.113.137.121"
192.168.0.3 - - [29/Nov/2024:22:58:51 +0000] "GET /api/v1/resource HTTP/1.1" 401 2424 "https://mitchell-murphy.com" "Mozilla/5.0 (Windows NT 10.0; Win64; x64) AppleWebKit/537.36 (KHTML, like Gecko) Chrome/90.0.4430.85 Safari/537.36" "95.38.146.158"
192.168.0.2 - - [21/Nov/2024:22:58:51 +0000] "GET /api/v1/login HTTP/1.1" 400 3087 "https://owens.com" "Mozilla/5.0 (Windows NT 10.0; Win64; x64) AppleWebKit/537.36 (KHTML, like Gecko) Chrome/90.0.4430.85 Safari/537.36" "203.111.223.107"
192.168.0.2 - - [17/Nov/2024:22:58:51 +0000] "GET /api/v1/data HTTP/1.1" 400 2238 "https://warner.biz" "Mozilla/5.0 (Windows NT 10.0; Win64; x64) AppleWebKit/537.36 (KHTML, like Gecko) Chrome/90.0.4430.85 Safari/537.36" "113.178.1.175"
192.168.0.1 - - [15/Nov/2024:22:58:51 +0000] "GET /api/v1/resource HTTP/1.1" 400 1363 "https://chandler.net" "Mozilla/5.0 (Windows NT 10.0; Win64; x64) AppleWebKit/537.36 (KHTML, like Gecko) Chrome/89.0.4389.82 Safari/537.36" "194.193.56.116"
192.168.0.1 - - [30/Nov/2024:22:58:51 +0000] "GET /api/v1/status HTTP/1.1" 500 523 "https://hill-arroyo.biz" "Mozilla/5.0 (Windows NT 10.0; Win64; x64) AppleWebKit/537.36 (KHTML, like Gecko) Chrome/89.0.4389.82 Safari/537.36" "209.246.98.57"
192.168.0.2 - - [08/Dec/2024:22:58:51 +0000] "GET /api/v1/status HTTP/1.1" 500 1877 "https://bond-ward.com" "Mozilla/5.0 (Windows NT 10.0; Win64; x64) AppleWebKit/537.36 (KHTML, like Gecko) Chrome/89.0.4389.82 Safari/537.36" "81.207.252.210"
192.168.0.2 - - [24/Nov/2024:22:58:51 +0000] "GET /api/v1/resource HTTP/1.1" 404 1534 "https://garcia.biz" "Mozilla/5.0 (Windows NT 10.0; Win64; x64) AppleWebKit/537.36 (KHTML, like Gecko) Chrome/90.0.4430.85 Safari/537.36" "18.234.161.85"
192.168.0.1 - - [11/Nov/2024:22:58:51 +0000] "GET /api/v1/status HTTP/1.1" 500 4717 "https://wilson.com" "Mozilla/5.0 (Windows NT 6.1; WOW64; rv:33.0) Gecko/20100101 Firefox/33.0" "141.82.159.236"
192.168.0.3 - - [04/Dec/2024:22:58:51 +0000] "GET /api/v1/user HTTP/1.1" 200 614 "https://kemp.com" "Mozilla/5.0 (Windows NT 10.0; Win64; x64) AppleWebKit/537.36 (KHTML, like Gecko) Chrome/89.0.4389.82 Safari/537.36" "24.90.255.19"
192.168.0.3 - - [20/Nov/2024:22:58:51 +0000] "GET /api/v1/status HTTP/1.1" 200 1536 "https://salas.com" "Mozilla/5.0 (Windows NT 6.1; WOW64; rv:33.0) Gecko/20100101 Firefox/33.0" "102.241.22.101"
192.168.0.1 - - [18/Nov/2024:22:58:51 +0000] "GET /api/v1/data HTTP/1.1" 200 2587 "https://wilkerson.info" "Mozilla/5.0 (Windows NT 10.0; Win64; x64) AppleWebKit/537.36 (KHTML, like Gecko) Chrome/89.0.4389.82 Safari/537.36" "140.59.8.225"
192.168.0.1 - - [15/Nov/2024:22:58:51 +0000] "GET /api/v1/user HTTP/1.1" 301 673 "https://west.biz" "Mozilla/5.0 (Windows NT 6.1; WOW64; rv:33.0) Gecko/20100101 Firefox/33.0" "206.43.170.98"
192.168.0.3 - - [25/Nov/2024:22:58:51 +0000] "GET /api/v1/user HTTP/1.1" 200 2107 "https://morris.com" "Mozilla/5.0 (Windows NT 10.0; Win64; x64) AppleWebKit/537.36 (KHTML, like Gecko) Chrome/90.0.4430.85 Safari/537.36" "115.96.27.47"
192.168.0.3 - - [07/Dec/2024:22:58:51 +0000] "GET /api/v1/data HTTP/1.1" 404 2884 "https://reid.com" "Mozilla/5.0 (Windows NT 6.1; WOW64; rv:33.0) Gecko/20100101 Firefox/33.0" "18.255.61.218"
192.168.0.2 - - [20/Nov/2024:22:58:51 +0000] "GET /api/v1/data HTTP/1.1" 404 3519 "https://kirby.com" "Mozilla/5.0 (Windows NT 10.0; Win64; x64) AppleWebKit/537.36 (KHTML, like Gecko) Chrome/89.0.4389.82 Safari/537.36" "114.20.46.150"
192.168.0.3 - - [01/Dec/2024:22:58:51 +0000] "GET /api/v1/data HTTP/1.1" 400 4905 "https://chen.com" "Mozilla/5.0 (Windows NT 10.0; Win64; x64) AppleWebKit/537.36 (KHTML, like Gecko) Chrome/90.0.4430.85 Safari/537.36" "38.147.122.73"
192.168.0.2 - - [10/Nov/2024:22:58:51 +0000] "GET /api/v1/resource HTTP/1.1" 400 2694 "https://evans.com" "Mozilla/5.0 (Windows NT 6.1; WOW64; rv:33.0) Gecko/20100101 Firefox/33.0" "214.55.94.162"
192.168.0.1 - - [09/Nov/2024:22:58:51 +0000] "GET /api/v1/resource HTTP/1.1" 301 4557 "https://lopez.info" "Mozilla/5.0 (Windows NT 6.1; WOW64; rv:33.0) Gecko/20100101 Firefox/33.0" "17.20.146.196"
192.168.0.3 - - [23/Nov/2024:22:58:51 +0000] "GET /api/v1/login HTTP/1.1" 301 2181 "https://casey.com" "Mozilla/5.0 (Windows NT 10.0; Win64; x64) AppleWebKit/537.36 (KHTML, like Gecko) Chrome/89.0.4389.82 Safari/537.36" "3.212.225.62"
192.168.0.3 - - [21/Nov/2024:22:58:51 +0000] "GET /api/v1/user HTTP/1.1" 500 3672 "https://dickerson-watkins.com" "Mozilla/5.0 (Windows NT 10.0; Win64; x64) AppleWebKit/537.36 (KHTML, like Gecko) Chrome/89.0.4389.82 Safari/537.36" "144.117.245.53"
192.168.0.3 - - [29/Nov/2024:22:58:51 +0000] "GET /api/v1/resource HTTP/1.1" 200 1406 "https://evans-young.org" "Mozilla/5.0 (Windows NT 10.0; Win64; x64) AppleWebKit/537.36 (KHTML, like Gecko) Chrome/90.0.4430.85 Safari/537.36" "36.120.43.38"
192.168.0.3 - - [23/Nov/2024:22:58:51 +0000] "GET /api/v1/login HTTP/1.1" 301 1234 "https://brown.com" "Mozilla/5.0 (Windows NT 10.0; Win64; x64) AppleWebKit/537.36 (KHTML, like Gecko) Chrome/89.0.4389.82 Safari/537.36" "32.121.167.164"
192.168.0.1 - - [08/Dec/2024:22:58:51 +0000] "GET /api/v1/status HTTP/1.1" 500 1466 "https://dunn.com" "Mozilla/5.0 (Windows NT 10.0; Win64; x64) AppleWebKit/537.36 (KHTML, like Gecko) Chrome/90.0.4430.85 Safari/537.36" "96.153.117.137"
192.168.0.3 - - [26/Nov/2024:22:58:51 +0000] "GET /api/v1/data HTTP/1.1" 301 4770 "https://wood.biz" "Mozilla/5.0 (Windows NT 6.1; WOW64; rv:33.0) Gecko/20100101 Firefox/33.0" "157.160.112.10"
192.168.0.2 - - [18/Nov/2024:22:58:51 +0000] "GET /api/v1/user HTTP/1.1" 301 3980 "https://escobar-villegas.com" "Mozilla/5.0 (Windows NT 6.1; WOW64; rv:33.0) Gecko/20100101 Firefox/33.0" "114.115.217.203"
192.168.0.2 - - [20/Nov/2024:22:58:51 +0000] "GET /api/v1/resource HTTP/1.1" 500 3510 "https://jones.com" "Mozilla/5.0 (Windows NT 6.1; WOW64; rv:33.0) Gecko/20100101 Firefox/33.0" "1.53.5.221"
192.168.0.3 - - [15/Nov/2024:22:58:51 +0000] "GET /api/v1/login HTTP/1.1" 400 725 "https://martin.net" "Mozilla/5.0 (Windows NT 6.1; WOW64; rv:33.0) Gecko/20100101 Firefox/33.0" "2.139.210.185"
192.168.0.1 - - [09/Nov/2024:22:58:51 +0000] "GET /api/v1/user HTTP/1.1" 401 1186 "https://smith.com" "Mozilla/5.0 (Windows NT 10.0; Win64; x64) AppleWebKit/537.36 (KHTML, like Gecko) Chrome/89.0.4389.82 Safari/537.36" "158.0.171.36"
192.168.0.3 - - [10/Nov/2024:22:58:51 +0000] "GET /api/v1/resource HTTP/1.1" 400 2539 "https://brown.biz" "Mozilla/5.0 (Windows NT 6.1; WOW64; rv:33.0) Gecko/20100101 Firefox/33.0" "167.78.49.66"
192.168.0.2 - - [17/Nov/2024:22:58:51 +0000] "GET /api/v1/data HTTP/1.1" 301 2585 "https://evans.org" "Mozilla/5.0 (Windows NT 10.0; Win64; x64) AppleWebKit/537.36 (KHTML, like Gecko) Chrome/90.0.4430.85 Safari/537.36" "178.99.92.238"
192.168.0.1 - - [01/Dec/2024:22:58:51 +0000] "GET /api/v1/data HTTP/1.1" 404 2545 "https://johnson-gay.org" "Mozilla/5.0 (Windows NT 10.0; Win64; x64) AppleWebKit/537.36 (KHTML, like Gecko) Chrome/90.0.4430.85 Safari/537.36" "183.48.66.94"
192.168.0.2 - - [29/Nov/2024:22:58:51 +0000] "GET /api/v1/user HTTP/1.1" 301 1133 "https://griffith.org" "Mozilla/5.0 (Windows NT 6.1; WOW64; rv:33.0) Gecko/20100101 Firefox/33.0" "144.81.90.138"
192.168.0.3 - - [08/Nov/2024:22:58:51 +0000] "GET /api/v1/data HTTP/1.1" 404 3364 "https://wilson-carey.com" "Mozilla/5.0 (Windows NT 10.0; Win64; x64) AppleWebKit/537.36 (KHTML, like Gecko) Chrome/90.0.4430.85 Safari/537.36" "36.71.139.207"
192.168.0.3 - - [01/Dec/2024:22:58:51 +0000] "GET /api/v1/resource HTTP/1.1" 404 2369 "https://brown-patterson.com" "Mozilla/5.0 (Windows NT 6.1; WOW64; rv:33.0) Gecko/20100101 Firefox/33.0" "72.14.41.158"
192.168.0.2 - - [12/Nov/2024:22:58:51 +0000] "GET /api/v1/login HTTP/1.1" 500 1026 "https://simmons.biz" "Mozilla/5.0 (Windows NT 6.1; WOW64; rv:33.0) Gecko/20100101 Firefox/33.0" "82.243.100.37"
192.168.0.2 - - [27/Nov/2024:22:58:51 +0000] "GET /api/v1/data HTTP/1.1" 400 4858 "https://baker.com" "Mozilla/5.0 (Windows NT 10.0; Win64; x64) AppleWebKit/537.36 (KHTML, like Gecko) Chrome/90.0.4430.85 Safari/537.36" "137.128.13.253"
192.168.0.1 - - [26/Nov/2024:22:58:51 +0000] "GET /api/v1/login HTTP/1.1" 301 710 "https://lane.com" "Mozilla/5.0 (Windows NT 6.1; WOW64; rv:33.0) Gecko/20100101 Firefox/33.0" "164.123.88.77"
192.168.0.3 - - [17/Nov/2024:22:58:51 +0000] "GET /api/v1/status HTTP/1.1" 200 3727 "https://salazar.com" "Mozilla/5.0 (Windows NT 10.0; Win64; x64) AppleWebKit/537.36 (KHTML, like Gecko) Chrome/90.0.4430.85 Safari/537.36" "221.20.232.218"
192.168.0.1 - - [19/Nov/2024:22:58:51 +0000] "GET /api/v1/data HTTP/1.1" 404 2711 "https://landry.net" "Mozilla/5.0 (Windows NT 10.0; Win64; x64) AppleWebKit/537.36 (KHTML, like Gecko) Chrome/89.0.4389.82 Safari/537.36" "201.89.126.136"
192.168.0.2 - - [12/Nov/2024:22:58:51 +0000] "GET /api/v1/status HTTP/1.1" 404 218 "https://cummings.org" "Mozilla/5.0 (Windows NT 6.1; WOW64; rv:33.0) Gecko/20100101 Firefox/33.0" "16.178.134.0"
192.168.0.1 - - [26/Nov/2024:22:58:51 +0000] "GET /api/v1/data HTTP/1.1" 400 4673 "https://meadows-pennington.net" "Mozilla/5.0 (Windows NT 10.0; Win64; x64) AppleWebKit/537.36 (KHTML, like Gecko) Chrome/89.0.4389.82 Safari/537.36" "152.17.13.117"
192.168.0.1 - - [22/Nov/2024:22:58:51 +0000] "GET /api/v1/data HTTP/1.1" 301 656 "https://madden.com" "Mozilla/5.0 (Windows NT 6.1; WOW64; rv:33.0) Gecko/20100101 Firefox/33.0" "173.254.35.18"
192.168.0.1 - - [13/Nov/2024:22:58:51 +0000] "GET /api/v1/user HTTP/1.1" 400 2223 "https://rodriguez-holmes.net" "Mozilla/5.0 (Windows NT 6.1; WOW64; rv:33.0) Gecko/20100101 Firefox/33.0" "10.92.173.46"
192.168.0.3 - - [09/Nov/2024:22:58:51 +0000] "GET /api/v1/data HTTP/1.1" 200 568 "https://hall.com" "Mozilla/5.0 (Windows NT 10.0; Win64; x64) AppleWebKit/537.36 (KHTML, like Gecko) Chrome/89.0.4389.82 Safari/537.36" "116.73.228.121"
192.168.0.2 - - [09/Nov/2024:22:58:51 +0000] "GET /api/v1/login HTTP/1.1" 401 3648 "https://johnson.com" "Mozilla/5.0 (Windows NT 10.0; Win64; x64) AppleWebKit/537.36 (KHTML, like Gecko) Chrome/89.0.4389.82 Safari/537.36" "205.63.123.75"
192.168.0.1 - - [07/Dec/2024:22:58:51 +0000] "GET /api/v1/data HTTP/1.1" 500 4305 "https://adams-hamilton.com" "Mozilla/5.0 (Windows NT 6.1; WOW64; rv:33.0) Gecko/20100101 Firefox/33.0" "145.252.2.134"
192.168.0.3 - - [09/Nov/2024:22:58:51 +0000] "GET /api/v1/user HTTP/1.1" 400 1842 "https://miller.net" "Mozilla/5.0 (Windows NT 10.0; Win64; x64) AppleWebKit/537.36 (KHTML, like Gecko) Chrome/90.0.4430.85 Safari/537.36" "59.223.85.115"
192.168.0.1 - - [28/Nov/2024:22:58:51 +0000] "GET /api/v1/user HTTP/1.1" 500 694 "https://jensen.biz" "Mozilla/5.0 (Windows NT 10.0; Win64; x64) AppleWebKit/537.36 (KHTML, like Gecko) Chrome/90.0.4430.85 Safari/537.36" "60.64.183.45"
192.168.0.2 - - [07/Dec/2024:22:58:51 +0000] "GET /api/v1/data HTTP/1.1" 401 1411 "https://benitez-barker.com" "Mozilla/5.0 (Windows NT 10.0; Win64; x64) AppleWebKit/537.36 (KHTML, like Gecko) Chrome/90.0.4430.85 Safari/537.36" "195.117.95.223"
192.168.0.3 - - [10/Nov/2024:22:58:51 +0000] "GET /api/v1/login HTTP/1.1" 400 621 "https://simpson-johnson.com" "Mozilla/5.0 (Windows NT 6.1; WOW64; rv:33.0) Gecko/20100101 Firefox/33.0" "156.87.131.174"
192.168.0.2 - - [14/Nov/2024:22:58:51 +0000] "GET /api/v1/login HTTP/1.1" 404 247 "https://warren.com" "Mozilla/5.0 (Windows NT 10.0; Win64; x64) AppleWebKit/537.36 (KHTML, like Gecko) Chrome/90.0.4430.85 Safari/537.36" "38.37.170.138"
192.168.0.1 - - [27/Nov/2024:22:58:51 +0000] "GET /api/v1/resource HTTP/1.1" 404 4045 "https://thompson.com" "Mozilla/5.0 (Windows NT 10.0; Win64; x64) AppleWebKit/537.36 (KHTML, like Gecko) Chrome/90.0.4430.85 Safari/537.36" "116.128.13.165"
192.168.0.3 - - [22/Nov/2024:22:58:51 +0000] "GET /api/v1/status HTTP/1.1" 301 3695 "https://martinez-hernandez.com" "Mozilla/5.0 (Windows NT 6.1; WOW64; rv:33.0) Gecko/20100101 Firefox/33.0" "185.117.222.12"
192.168.0.2 - - [08/Nov/2024:22:58:51 +0000] "GET /api/v1/data HTTP/1.1" 401 501 "https://wilson.com" "Mozilla/5.0 (Windows NT 10.0; Win64; x64) AppleWebKit/537.36 (KHTML, like Gecko) Chrome/89.0.4389.82 Safari/537.36" "114.244.82.116"
192.168.0.2 - - [17/Nov/2024:22:58:51 +0000] "GET /api/v1/resource HTTP/1.1" 301 2602 "https://jones.com" "Mozilla/5.0 (Windows NT 10.0; Win64; x64) AppleWebKit/537.36 (KHTML, like Gecko) Chrome/89.0.4389.82 Safari/537.36" "20.211.55.182"
