192.168.0.2 - - [01/Dec/2024:22:58:52 +0000] "GET /api/v1/data HTTP/1.1" 400 461 "https://rogers-walker.org" "Mozilla/5.0 (Windows NT 10.0; Win64; x64) AppleWebKit/537.36 (KHTML, like Gecko) Chrome/90.0.4430.85 Safari/537.36" "26.10.1.189"
192.168.0.2 - - [29/Nov/2024:22:58:52 +0000] "GET /api/v1/status HTTP/1.1" 404 3175 "https://romero.com" "Mozilla/5.0 (Windows NT 10.0; Win64; x64) AppleWebKit/537.36 (KHTML, like Gecko) Chrome/89.0.4389.82 Safari/537.36" "141.46.213.51"
192.168.0.3 - - [08/Nov/2024:22:58:52 +0000] "GET /api/v1/user HTTP/1.1" 301 3091 "https://barker-acosta.com" "Mozilla/5.0 (Windows NT 10.0; Win64; x64) AppleWebKit/537.36 (KHTML, like Gecko) Chrome/89.0.4389.82 Safari/537.36" "175.113.35.41"
192.168.0.2 - - [02/Dec/2024:22:58:52 +0000] "GET /api/v1/resource HTTP/1.1" 500 1860 "https://webb.info" "Mozilla/5.0 (Windows NT 6.1; WOW64; rv:33.0) Gecko/20100101 Firefox/33.0" "118.94.72.13"
192.168.0.2 - - [06/Dec/2024:22:58:52 +0000] "GET /api/v1/data HTTP/1.1" 200 877 "https://jones.com" "Mozilla/5.0 (Windows NT 10.0; Win64; x64) AppleWebKit/537.36 (KHTML, like Gecko) Chrome/90.0.4430.85 Safari/537.36" "185.242.98.200"
192.168.0.2 - - [03/Dec/2024:22:58:52 +0000] "GET /api/v1/user HTTP/1.1" 404 1017 "https://leonard.com" "Mozilla/5.0 (Windows NT 6.1; WOW64; rv:33.0) Gecko/20100101 Firefox/33.0" "125.95.67.140"
192.168.0.2 - - [27/Nov/2024:22:58:52 +0000] "GET /api/v1/status HTTP/1.1" 404 1579 "https://donovan-allen.biz" "Mozilla/5.0 (Windows NT 10.0; Win64; x64) AppleWebKit/537.36 (KHTML, like Gecko) Chrome/89.0.4389.82 Safari/537.36" "96.232.129.114"
192.168.0.1 - - [16/Nov/2024:22:58:52 +0000] "GET /api/v1/resource HTTP/1.1" 500 132 "https://hanson-gray.biz" "Mozilla/5.0 (Windows NT 10.0; Win64; x64) AppleWebKit/537.36 (KHTML, like Gecko) Chrome/89.0.4389.82 Safari/537.36" "116.8.110.177"
192.168.0.3 - - [14/Nov/2024:22:58:52 +0000] "GET /api/v1/resource HTTP/1.1" 301 2296 "https://warner.com" "Mozilla/5.0 (Windows NT 10.0; Win64; x64) AppleWebKit/537.36 (KHTML, like Gecko) Chrome/89.0.4389.82 Safari/537.36" "207.68.199.76"
192.168.0.2 - - [17/Nov/2024:22:58:52 +0000] "GET /api/v1/status HTTP/1.1" 404 4595 "https://hudson-chen.com" "Mozilla/5.0 (Windows NT 10.0; Win64; x64) AppleWebKit/537.36 (KHTML, like Gecko) Chrome/90.0.4430.85 Safari/537.36" "11.21.166.245"
192.168.0.3 - - [27/Nov/2024:22:58:52 +0000] "GET /api/v1/data HTTP/1.1" 400 1457 "https://obrien.com" "Mozilla/5.0 (Windows NT 6.1; WOW64; rv:33.0) Gecko/20100101 Firefox/33.0" "30.252.172.227"
192.168.0.3 - - [07/Dec/2024:22:58:52 +0000] "GET /api/v1/resource HTTP/1.1" 200 812 "https://young.com" "Mozilla/5.0 (Windows NT 10.0; Win64; x64) AppleWebKit/537.36 (KHTML, like Gecko) Chrome/90.0.4430.85 Safari/537.36" "184.222.206.162"
192.168.0.1 - - [01/Dec/2024:22:58:52 +0000] "GET /api/v1/user HTTP/1.1" 500 1145 "https://chapman.com" "Mozilla/5.0 (Windows NT 10.0; Win64; x64) AppleWebKit/537.36 (KHTML, like Gecko) Chrome/90.0.4430.85 Safari/537.36" "11.79.69.149"
192.168.0.2 - - [03/Dec/2024:22:58:52 +0000] "GET /api/v1/status HTTP/1.1" 200 3396 "https://roberts-schaefer.org" "Mozilla/5.0 (Windows NT 6.1; WOW64; rv:33.0) Gecko/20100101 Firefox/33.0" "117.200.17.255"
192.168.0.1 - - [18/Nov/2024:22:58:52 +0000] "GET /api/v1/resource HTTP/1.1" 401 2337 "https://combs.org" "Mozilla/5.0 (Windows NT 10.0; Win64; x64) AppleWebKit/537.36 (KHTML, like Gecko) Chrome/89.0.4389.82 Safari/537.36" "150.40.201.167"
192.168.0.2 - - [03/Dec/2024:22:58:52 +0000] "GET /api/v1/resource HTTP/1.1" 401 3120 "https://wise-ruiz.org" "Mozilla/5.0 (Windows NT 10.0; Win64; x64) AppleWebKit/537.36 (KHTML, like Gecko) Chrome/89.0.4389.82 Safari/537.36" "140.177.13.109"
192.168.0.2 - - [09/Nov/2024:22:58:52 +0000] "GET /api/v1/data HTTP/1.1" 404 3480 "https://mcbride-miller.com" "Mozilla/5.0 (Windows NT 10.0; Win64; x64) AppleWebKit/537.36 (KHTML, like Gecko) Chrome/89.0.4389.82 Safari/537.36" "132.24.143.18"
192.168.0.1 - - [17/Nov/2024:22:58:52 +0000] "GET /api/v1/login HTTP/1.1" 401 3857 "https://roberson-jarvis.com" "Mozilla/5.0 (Windows NT 10.0; Win64; x64) AppleWebKit/537.36 (KHTML, like Gecko) Chrome/90.0.4430.85 Safari/537.36" "161.66.104.187"
192.168.0.1 - - [24/Nov/2024:22:58:52 +0000] "GET /api/v1/user HTTP/1.1" 200 2098 "https://snyder.info" "Mozilla/5.0 (Windows NT 6.1; WOW64; rv:33.0) Gecko/20100101 Firefox/33.0" "166.113.31.57"
192.168.0.1 - - [06/Dec/2024:22:58:52 +0000] "GET /api/v1/status HTTP/1.1" 404 4992 "https://spencer-perez.info" "Mozilla/5.0 (Windows NT 10.0; Win64; x64) AppleWebKit/537.36 (KHTML, like Gecko) Chrome/90.0.4430.85 Safari/537.36" "185.85.228.170"
192.168.0.2 - - [03/Dec/2024:22:58:52 +0000] "GET /api/v1/resource HTTP/1.1" 404 4274 "https://garcia-torres.com" "Mozilla/5.0 (Windows NT 6.1; WOW64; rv:33.0) Gecko/20100101 Firefox/33.0" "43.129.81.68"
192.168.0.1 - - [08/Dec/2024:22:58:52 +0000] "GET /api/v1/login HTTP/1.1" 401 2958 "https://sharp.org" "Mozilla/5.0 (Windows NT 6.1; WOW64; rv:33.0) Gecko/20100101 Firefox/33.0" "25.108.232.144"
192.168.0.2 - - [10/Nov/2024:22:58:52 +0000] "GET /api/v1/data HTTP/1.1" 404 4195 "https://carey-lewis.com" "Mozilla/5.0 (Windows NT 10.0; Win64; x64) AppleWebKit/537.36 (KHTML, like Gecko) Chrome/90.0.4430.85 Safari/537.36" "180.97.90.199"
192.168.0.3 - - [07/Dec/2024:22:58:52 +0000] "GET /api/v1/resource HTTP/1.1" 401 3352 "https://mayo.com" "Mozilla/5.0 (Windows NT 10.0; Win64; x64) AppleWebKit/537.36 (KHTML, like Gecko) Chrome/89.0.4389.82 Safari/537.36" "66.207.224.205"
192.168.0.1 - - [17/Nov/2024:22:58:52 +0000] "GET /api/v1/resource HTTP/1.1" 500 1194 "https://hernandez.info" "Mozilla/5.0 (Windows NT 6.1; WOW64; rv:33.0) Gecko/20100101 Firefox/33.0" "48.177.4.223"
192.168.0.2 - - [27/Nov/2024:22:58:52 +0000] "GET /api/v1/data HTTP/1.1" 500 521 "https://payne.com" "Mozilla/5.0 (Windows NT 10.0; Win64; x64) AppleWebKit/537.36 (KHTML, like Gecko) Chrome/90.0.4430.85 Safari/537.36" "70.62.230.215"
192.168.0.2 - - [19/Nov/2024:22:58:52 +0000] "GET /api/v1/login HTTP/1.1" 400 3375 "https://simmons.com" "Mozilla/5.0 (Windows NT 6.1; WOW64; rv:33.0) Gecko/20100101 Firefox/33.0" "156.89.25.186"
192.168.0.1 - - [08/Dec/2024:22:58:52 +0000] "GET /api/v1/resource HTTP/1.1" 301 3207 "https://alvarez.com" "Mozilla/5.0 (Windows NT 10.0; Win64; x64) AppleWebKit/537.36 (KHTML, like Gecko) Chrome/90.0.4430.85 Safari/537.36" "110.27.154.50"
192.168.0.3 - - [22/Nov/2024:22:58:52 +0000] "GET /api/v1/resource HTTP/1.1" 301 1617 "https://stephens-soto.com" "Mozilla/5.0 (Windows NT 6.1; WOW64; rv:33.0) Gecko/20100101 Firefox/33.0" "146.57.138.140"
192.168.0.2 - - [10/Nov/2024:22:58:52 +0000] "GET /api/v1/login HTTP/1.1" 200 294 "https://gallegos.org" "Mozilla/5.0 (Windows NT 10.0; Win64; x64) AppleWebKit/537.36 (KHTML, like Gecko) Chrome/90.0.4430.85 Safari/537.36" "28.97.159.20"
192.168.0.2 - - [15/Nov/2024:22:58:52 +0000] "GET /api/v1/resource HTTP/1.1" 401 4134 "https://wood.com" "Mozilla/5.0 (Windows NT 10.0; Win64; x64) AppleWebKit/537.36 (KHTML, like Gecko) Chrome/89.0.4389.82 Safari/537.36" "8.17.88.129"
192.168.0.3 - - [02/Dec/2024:22:58:52 +0000] "GET /api/v1/resource HTTP/1.1" 500 4296 "https://may-fisher.com" "Mozilla/5.0 (Windows NT 10.0; Win64; x64) AppleWebKit/537.36 (KHTML, like Gecko) Chrome/89.0.4389.82 Safari/537.36" "201.176.120.20"
192.168.0.1 - - [02/Dec/2024:22:58:52 +0000] "GET /api/v1/user HTTP/1.1" 404 4517 "https://jones-shepherd.biz" "Mozilla/5.0 (Windows NT 6.1; WOW64; rv:33.0) Gecko/20100101 Firefox/33.0" "93.232.241.2"
192.168.0.3 - - [09/Nov/2024:22:58:52 +0000] "GET /api/v1/data HTTP/1.1" 400 861 "https://coleman-serrano.info" "Mozilla/5.0 (Windows NT 10.0; Win64; x64) AppleWebKit/537.36 (KHTML, like Gecko) Chrome/90.0.4430.85 Safari/537.36" "154.251.122.250"
192.168.0.2 - - [29/Nov/2024:22:58:52 +0000] "GET /api/v1/status HTTP/1.1" 301 3061 "https://vega.com" "Mozilla/5.0 (Windows NT 10.0; Win64; x64) AppleWebKit/537.36 (KHTML, like Gecko) Chrome/89.0.4389.82 Safari/537.36" "174.168.6.13"
192.168.0.1 - - [20/Nov/2024:22:58:52 +0000] "GET /api/v1/user HTTP/1.1" 401 2344 "https://watson.com" "Mozilla/5.0 (Windows NT 6.1; WOW64; rv:33.0) Gecko/20100101 Firefox/33.0" "55.105.110.210"
192.168.0.1 - - [15/Nov/2024:22:58:52 +0000] "GET /api/v1/user HTTP/1.1" 404 453 "https://gonzalez-hawkins.biz" "Mozilla/5.0 (Windows NT 10.0; Win64; x64) AppleWebKit/537.36 (KHTML, like Gecko) Chrome/90.0.4430.85 Safari/537.36" "189.39.156.73"
192.168.0.3 - - [27/Nov/2024:22:58:52 +0000] "GET /api/v1/resource HTTP/1.1" 200 4886 "https://morgan.com" "Mozilla/5.0 (Windows NT 6.1; WOW64; rv:33.0) Gecko/20100101 Firefox/33.0" "68.238.99.60"
192.168.0.2 - - [10/Nov/2024:22:58:52 +0000] "GET /api/v1/resource HTTP/1.1" 401 1792 "https://brown.org" "Mozilla/5.0 (Windows NT 10.0; Win64; x64) AppleWebKit/537.36 (KHTML, like Gecko) Chrome/90.0.4430.85 Safari/537.36" "125.220.67.229"
192.168.0.2 - - [03/Dec/2024:22:58:52 +0000] "GET /api/v1/status HTTP/1.1" 400 3878 "https://castillo-coffey.com" "Mozilla/5.0 (Windows NT 10.0; Win64; x64) AppleWebKit/537.36 (KHTML, like Gecko) Chrome/89.0.4389.82 Safari/537.36" "166.22.174.189"
192.168.0.1 - - [12/Nov/2024:22:58:52 +0000] "GET /api/v1/login HTTP/1.1" 500 2922 "https://mora.info" "Mozilla/5.0 (Windows NT 10.0; Win64; x64) AppleWebKit/537.36 (KHTML, like Gecko) Chrome/90.0.4430.85 Safari/537.36" "137.82.196.94"
192.168.0.2 - - [14/Nov/2024:22:58:52 +0000] "GET /api/v1/login HTTP/1.1" 200 4148 "https://wilson.biz" "Mozilla/5.0 (Windows NT 6.1; WOW64; rv:33.0) Gecko/20100101 Firefox/33.0" "196.82.51.154"
192.168.0.1 - - [07/Dec/2024:22:58:52 +0000] "GET /api/v1/login HTTP/1.1" 301 3869 "https://smith-downs.info" "Mozilla/5.0 (Windows NT 10.0; Win64; x64) AppleWebKit/537.36 (KHTML, like Gecko) Chrome/89.0.4389.82 Safari/537.36" "126.167.72.68"
192.168.0.2 - - [23/Nov/2024:22:58:52 +0000] "GET /api/v1/user HTTP/1.1" 401 3615 "https://kelly.org" "Mozilla/5.0 (Windows NT 6.1; WOW64; rv:33.0) Gecko/20100101 Firefox/33.0" "126.250.171.51"
192.168.0.2 - - [07/Dec/2024:22:58:52 +0000] "GET /api/v1/status HTTP/1.1" 500 2073 "https://stevenson.com" "Mozilla/5.0 (Windows NT 6.1; WOW64; rv:33.0) Gecko/20100101 Firefox/33.0" "114.38.50.194"
192.168.0.3 - - [25/Nov/2024:22:58:52 +0000] "GET /api/v1/data HTTP/1.1" 401 3088 "https://fowler-wong.com" "Mozilla/5.0 (Windows NT 6.1; WOW64; rv:33.0) Gecko/20100101 Firefox/33.0" "142.18.24.29"
192.168.0.3 - - [22/Nov/2024:22:58:52 +0000] "GET /api/v1/resource HTTP/1.1" 401 937 "https://austin.com" "Mozilla/5.0 (Windows NT 10.0; Win64; x64) AppleWebKit/537.36 (KHTML, like Gecko) Chrome/89.0.4389.82 Safari/537.36" "119.90.130.179"
192.168.0.3 - - [25/Nov/2024:22:58:52 +0000] "GET /api/v1/resource HTTP/1.1" 404 3142 "https://fields.com" "Mozilla/5.0 (Windows NT 6.1; WOW64; rv:33.0) Gecko/20100101 Firefox/33.0" "148.125.217.245"
192.168.0.2 - - [03/Dec/2024:22:58:52 +0000] "GET /api/v1/login HTTP/1.1" 404 2350 "https://stephens.info" "Mozilla/5.0 (Windows NT 10.0; Win64; x64) AppleWebKit/537.36 (KHTML, like Gecko) Chrome/90.0.4430.85 Safari/537.36" "183.109.101.24"
192.168.0.2 - - [26/Nov/2024:22:58:52 +0000] "GET /api/v1/user HTTP/1.1" 401 879 "https://crawford.com" "Mozilla/5.0 (Windows NT 10.0; Win64; x64) AppleWebKit/537.36 (KHTML, like Gecko) Chrome/90.0.4430.85 Safari/537.36" "16.88.126.133"
192.168.0.3 - - [26/Nov/2024:22:58:52 +0000] "GET /api/v1/status HTTP/1.1" 200 4519 "https://ayala-mullins.net" "Mozilla/5.0 (Windows NT 10.0; Win64; x64) AppleWebKit/537.36 (KHTML, like Gecko) Chrome/89.0.4389.82 Safari/537.36" "206.69.112.170"
192.168.0.3 - - [16/Nov/2024:22:58:52 +0000] "GET /api/v1/user HTTP/1.1" 301 1879 "https://brown-duncan.com" "Mozilla/5.0 (Windows NT 10.0; Win64; x64) AppleWebKit/537.36 (KHTML, like Gecko) Chrome/90.0.4430.85 Safari/537.36" "201.160.32.217"
192.168.0.3 - - [30/Nov/2024:22:58:52 +0000] "GET /api/v1/user HTTP/1.1" 404 2520 "https://jefferson-olson.net" "Mozilla/5.0 (Windows NT 10.0; Win64; x64) AppleWebKit/537.36 (KHTML, like Gecko) Chrome/89.0.4389.82 Safari/537.36" "210.127.141.44"
192.168.0.3 - - [16/Nov/2024:22:58:52 +0000] "GET /api/v1/resource HTTP/1.1" 404 2524 "https://davila-king.biz" "Mozilla/5.0 (Windows NT 10.0; Win64; x64) AppleWebKit/537.36 (KHTML, like Gecko) Chrome/90.0.4430.85 Safari/537.36" "149.195.14.148"
192.168.0.3 - - [26/Nov/2024:22:58:52 +0000] "GET /api/v1/resource HTTP/1.1" 400 644 "https://anderson-peterson.com" "Mozilla/5.0 (Windows NT 10.0; Win64; x64) AppleWebKit/537.36 (KHTML, like Gecko) Chrome/90.0.4430.85 Safari/537.36" "212.68.121.220"
192.168.0.2 - - [24/Nov/2024:22:58:52 +0000] "GET /api/v1/resource HTTP/1.1" 500 974 "https://brown-mcdonald.net" "Mozilla/5.0 (Windows NT 6.1; WOW64; rv:33.0) Gecko/20100101 Firefox/33.0" "123.100.200.90"
192.168.0.1 - - [08/Dec/2024:22:58:52 +0000] "GET /api/v1/status HTTP/1.1" 401 2213 "https://goodman.biz" "Mozilla/5.0 (Windows NT 6.1; WOW64; rv:33.0) Gecko/20100101 Firefox/33.0" "39.48.93.25"
192.168.0.1 - - [09/Nov/2024:22:58:52 +0000] "GET /api/v1/data HTTP/1.1" 404 4262 "https://porter.org" "Mozilla/5.0 (Windows NT 6.1; WOW64; rv:33.0) Gecko/20100101 Firefox/33.0" "209.52.91.121"
192.168.0.1 - - [28/Nov/2024:22:58:52 +0000] "GET /api/v1/resource HTTP/1.1" 500 1873 "https://wells-moon.com" "Mozilla/5.0 (Windows NT 10.0; Win64; x64) AppleWebKit/537.36 (KHTML, like Gecko) Chrome/90.0.4430.85 Safari/537.36" "185.53.41.207"
192.168.0.2 - - [06/Dec/2024:22:58:52 +0000] "GET /api/v1/login HTTP/1.1" 400 4275 "https://green.com" "Mozilla/5.0 (Windows NT 6.1; WOW64; rv:33.0) Gecko/20100101 Firefox/33.0" "130.39.182.96"
192.168.0.2 - - [23/Nov/2024:22:58:52 +0000] "GET /api/v1/user HTTP/1.1" 301 2738 "https://evans-russell.com" "Mozilla/5.0 (Windows NT 10.0; Win64; x64) AppleWebKit/537.36 (KHTML, like Gecko) Chrome/89.0.4389.82 Safari/537.36" "129.119.215.114"
192.168.0.2 - - [07/Dec/2024:22:58:52 +0000] "GET /api/v1/login HTTP/1.1" 500 836 "https://goodwin-jones.net" "Mozilla/5.0 (Windows NT 10.0; Win64; x64) AppleWebKit/537.36 (KHTML, like Gecko) Chrome/90.0.4430.85 Safari/537.36" "3.131.82.44"
192.168.0.2 - - [13/Nov/2024:22:58:52 +0000] "GET /api/v1/resource HTTP/1.1" 301 2244 "https://black.com" "Mozilla/5.0 (Windows NT 10.0; Win64; x64) AppleWebKit/537.36 (KHTML, like Gecko) Chrome/90.0.4430.85 Safari/537.36" "142.7.118.63"
192.168.0.2 - - [21/Nov/2024:22:58:52 +0000] "GET /api/v1/user HTTP/1.1" 404 4593 "https://brown.com" "Mozilla/5.0 (Windows NT 10.0; Win64; x64) AppleWebKit/537.36 (KHTML, like Gecko) Chrome/90.0.4430.85 Safari/537.36" "131.40.245.111"
192.168.0.1 - - [22/Nov/2024:22:58:52 +0000] "GET /api/v1/login HTTP/1.1" 301 3344 "https://williams.net" "Mozilla/5.0 (Windows NT 6.1; WOW64; rv:33.0) Gecko/20100101 Firefox/33.0" "159.118.221.91"
192.168.0.2 - - [18/Nov/2024:22:58:52 +0000] "GET /api/v1/login HTTP/1.1" 200 3472 "https://oliver-daniel.com" "Mozilla/5.0 (Windows NT 10.0; Win64; x64) AppleWebKit/537.36 (KHTML, like Gecko) Chrome/90.0.4430.85 Safari/537.36" "207.49.79.60"
192.168.0.1 - - [15/Nov/2024:22:58:52 +0000] "GET /api/v1/user HTTP/1.1" 400 4638 "https://barnes.info" "Mozilla/5.0 (Windows NT 6.1; WOW64; rv:33.0) Gecko/20100101 Firefox/33.0" "149.163.207.81"
192.168.0.3 - - [24/Nov/2024:22:58:52 +0000] "GET /api/v1/data HTTP/1.1" 301 2549 "https://weaver-koch.com" "Mozilla/5.0 (Windows NT 6.1; WOW64; rv:33.0) Gecko/20100101 Firefox/33.0" "129.41.11.241"
192.168.0.3 - - [12/Nov/2024:22:58:52 +0000] "GET /api/v1/login HTTP/1.1" 401 2602 "https://hopkins.com" "Mozilla/5.0 (Windows NT 10.0; Win64; x64) AppleWebKit/537.36 (KHTML, like Gecko) Chrome/90.0.4430.85 Safari/537.36" "184.179.70.158"
192.168.0.2 - - [03/Dec/2024:22:58:52 +0000] "GET /api/v1/status HTTP/1.1" 500 4791 "https://hodges.info" "Mozilla/5.0 (Windows NT 10.0; Win64; x64) AppleWebKit/537.36 (KHTML, like Gecko) Chrome/90.0.4430.85 Safari/537.36" "168.174.123.4"
192.168.0.1 - - [17/Nov/2024:22:58:52 +0000] "GET /api/v1/user HTTP/1.1" 401 3889 "https://avery.net" "Mozilla/5.0 (Windows NT 10.0; Win64; x64) AppleWebKit/537.36 (KHTML, like Gecko) Chrome/90.0.4430.85 Safari/537.36" "56.46.175.6"
192.168.0.2 - - [05/Dec/2024:22:58:52 +0000] "GET /api/v1/data HTTP/1.1" 301 2249 "https://wood-mason.com" "Mozilla/5.0 (Windows NT 10.0; Win64; x64) AppleWebKit/537.36 (KHTML, like Gecko) Chrome/90.0.4430.85 Safari/537.36" "24.121.140.64"
192.168.0.2 - - [08/Dec/2024:22:58:52 +0000] "GET /api/v1/status HTTP/1.1" 400 1332 "https://johnson.com" "Mozilla/5.0 (Windows NT 10.0; Win64; x64) AppleWebKit/537.36 (KHTML, like Gecko) Chrome/90.0.4430.85 Safari/537.36" "35.69.128.167"
192.168.0.2 - - [22/Nov/2024:22:58:52 +0000] "GET /api/v1/resource HTTP/1.1" 200 1338 "https://mason.net" "Mozilla/5.0 (Windows NT 6.1; WOW64; rv:33.0) Gecko/20100101 Firefox/33.0" "90.207.112.14"
192.168.0.1 - - [16/Nov/2024:22:58:52 +0000] "GET /api/v1/login HTTP/1.1" 200 2647 "https://jones-carter.com" "Mozilla/5.0 (Windows NT 6.1; WOW64; rv:33.0) Gecko/20100101 Firefox/33.0" "45.244.142.128"
192.168.0.1 - - [17/Nov/2024:22:58:52 +0000] "GET /api/v1/login HTTP/1.1" 301 3663 "https://hill.org" "Mozilla/5.0 (Windows NT 10.0; Win64; x64) AppleWebKit/537.36 (KHTML, like Gecko) Chrome/90.0.4430.85 Safari/537.36" "214.11.66.27"
192.168.0.2 - - [14/Nov/2024:22:58:52 +0000] "GET /api/v1/login HTTP/1.1" 401 3917 "https://torres.com" "Mozilla/5.0 (Windows NT 10.0; Win64; x64) AppleWebKit/537.36 (KHTML, like Gecko) Chrome/89.0.4389.82 Safari/537.36" "182.180.100.41"
192.168.0.3 - - [07/Dec/2024:22:58:52 +0000] "GET /api/v1/resource HTTP/1.1" 301 1584 "https://fuller-herrera.com" "Mozilla/5.0 (Windows NT 10.0; Win64; x64) AppleWebKit/537.36 (KHTML, like Gecko) Chrome/89.0.4389.82 Safari/537.36" "132.26.244.237"
192.168.0.3 - - [04/Dec/2024:22:58:52 +0000] "GET /api/v1/status HTTP/1.1" 200 1257 "https://evans.com" "Mozilla/5.0 (Windows NT 10.0; Win64; x64) AppleWebKit/537.36 (KHTML, like Gecko) Chrome/89.0.4389.82 Safari/537.36" "60.239.20.144"
192.168.0.3 - - [25/Nov/2024:22:58:52 +0000] "GET /api/v1/resource HTTP/1.1" 400 450 "https://blevins.org" "Mozilla/5.0 (Windows NT 6.1; WOW64; rv:33.0) Gecko/20100101 Firefox/33.0" "213.81.234.120"
192.168.0.3 - - [11/Nov/2024:22:58:52 +0000] "GET /api/v1/user HTTP/1.1" 401 2965 "https://barron.com" "Mozilla/5.0 (Windows NT 10.0; Win64; x64) AppleWebKit/537.36 (KHTML, like Gecko) Chrome/89.0.4389.82 Safari/537.36" "208.136.119.207"
192.168.0.1 - - [04/Dec/2024:22:58:52 +0000] "GET /api/v1/user HTTP/1.1" 500 2127 "https://smith.com" "Mozilla/5.0 (Windows NT 10.0; Win64; x64) AppleWebKit/537.36 (KHTML, like Gecko) Chrome/89.0.4389.82 Safari/537.36" "65.129.51.186"
192.168.0.3 - - [24/Nov/2024:22:58:52 +0000] "GET /api/v1/status HTTP/1.1" 404 3834 "https://lopez.info" "Mozilla/5.0 (Windows NT 6.1; WOW64; rv:33.0) Gecko/20100101 Firefox/33.0" "48.3.49.170"
192.168.0.2 - - [05/Dec/2024:22:58:52 +0000] "GET /api/v1/data HTTP/1.1" 301 4218 "https://vaughn-rodriguez.com" "Mozilla/5.0 (Windows NT 10.0; Win64; x64) AppleWebKit/537.36 (KHTML, like Gecko) Chrome/90.0.4430.85 Safari/537.36" "115.205.236.187"
192.168.0.2 - - [25/Nov/2024:22:58:52 +0000] "GET /api/v1/resource HTTP/1.1" 301 4568 "https://king.info" "Mozilla/5.0 (Windows NT 10.0; Win64; x64) AppleWebKit/537.36 (KHTML, like Gecko) Chrome/90.0.4430.85 Safari/537.36" "70.200.177.59"
192.168.0.3 - - [20/Nov/2024:22:58:52 +0000] "GET /api/v1/data HTTP/1.1" 401 2947 "https://carroll-randall.com" "Mozilla/5.0 (Windows NT 10.0; Win64; x64) AppleWebKit/537.36 (KHTML, like Gecko) Chrome/90.0.4430.85 Safari/537.36" "20.151.249.60"
192.168.0.3 - - [25/Nov/2024:22:58:52 +0000] "GET /api/v1/status HTTP/1.1" 400 2806 "https://dean.info" "Mozilla/5.0 (Windows NT 10.0; Win64; x64) AppleWebKit/537.36 (KHTML, like Gecko) Chrome/89.0.4389.82 Safari/537.36" "214.170.155.249"
192.168.0.1 - - [17/Nov/2024:22:58:52 +0000] "GET /api/v1/resource HTTP/1.1" 401 859 "https://johnson.net" "Mozilla/5.0 (Windows NT 10.0; Win64; x64) AppleWebKit/537.36 (KHTML, like Gecko) Chrome/89.0.4389.82 Safari/537.36" "138.191.4.81"
192.168.0.2 - - [01/Dec/2024:22:58:52 +0000] "GET /api/v1/login HTTP/1.1" 400 2207 "https://chavez.org" "Mozilla/5.0 (Windows NT 6.1; WOW64; rv:33.0) Gecko/20100101 Firefox/33.0" "21.12.44.237"
192.168.0.3 - - [27/Nov/2024:22:58:52 +0000] "GET /api/v1/user HTTP/1.1" 401 1165 "https://gomez.com" "Mozilla/5.0 (Windows NT 6.1; WOW64; rv:33.0) Gecko/20100101 Firefox/33.0" "104.152.81.94"
192.168.0.3 - - [05/Dec/2024:22:58:52 +0000] "GET /api/v1/data HTTP/1.1" 301 884 "https://gibson-kennedy.com" "Mozilla/5.0 (Windows NT 10.0; Win64; x64) AppleWebKit/537.36 (KHTML, like Gecko) Chrome/89.0.4389.82 Safari/537.36" "34.65.71.73"
192.168.0.3 - - [22/Nov/2024:22:58:52 +0000] "GET /api/v1/status HTTP/1.1" 401 1673 "https://moore-austin.com" "Mozilla/5.0 (Windows NT 10.0; Win64; x64) AppleWebKit/537.36 (KHTML, like Gecko) Chrome/90.0.4430.85 Safari/537.36" "58.164.69.94"
192.168.0.3 - - [30/Nov/2024:22:58:52 +0000] "GET /api/v1/status HTTP/1.1" 404 4464 "https://melton.com" "Mozilla/5.0 (Windows NT 6.1; WOW64; rv:33.0) Gecko/20100101 Firefox/33.0" "197.38.85.27"
192.168.0.1 - - [22/Nov/2024:22:58:52 +0000] "GET /api/v1/resource HTTP/1.1" 404 3927 "https://fisher-adams.biz" "Mozilla/5.0 (Windows NT 10.0; Win64; x64) AppleWebKit/537.36 (KHTML, like Gecko) Chrome/89.0.4389.82 Safari/537.36" "177.15.159.83"
192.168.0.2 - - [10/Nov/2024:22:58:52 +0000] "GET /api/v1/data HTTP/1.1" 301 4570 "https://doyle-garcia.com" "Mozilla/5.0 (Windows NT 10.0; Win64; x64) AppleWebKit/537.36 (KHTML, like Gecko) Chrome/89.0.4389.82 Safari/537.36" "39.250.165.43"
192.168.0.1 - - [10/Nov/2024:22:58:52 +0000] "GET /api/v1/status HTTP/1.1" 200 2253 "https://medina.com" "Mozilla/5.0 (Windows NT 6.1; WOW64; rv:33.0) Gecko/20100101 Firefox/33.0" "86.22.83.239"
192.168.0.1 - - [02/Dec/2024:22:58:52 +0000] "GET /api/v1/status HTTP/1.1" 301 2467 "https://horne.com" "Mozilla/5.0 (Windows NT 6.1; WOW64; rv:33.0) Gecko/20100101 Firefox/33.0" "200.49.65.90"
192.168.0.3 - - [11/Nov/2024:22:58:52 +0000] "GET /api/v1/resource HTTP/1.1" 400 3552 "https://montoya-snyder.info" "Mozilla/5.0 (Windows NT 10.0; Win64; x64) AppleWebKit/537.36 (KHTML, like Gecko) Chrome/90.0.4430.85 Safari/537.36" "149.178.63.224"
192.168.0.1 - - [19/Nov/2024:22:58:52 +0000] "GET /api/v1/resource HTTP/1.1" 404 2476 "https://martin.org" "Mozilla/5.0 (Windows NT 10.0; Win64; x64) AppleWebKit/537.36 (KHTML, like Gecko) Chrome/89.0.4389.82 Safari/537.36" "195.118.148.63"
192.168.0.1 - - [08/Nov/2024:22:58:52 +0000] "GET /api/v1/user HTTP/1.1" 400 4899 "https://spencer.com" "Mozilla/5.0 (Windows NT 10.0; Win64; x64) AppleWebKit/537.36 (KHTML, like Gecko) Chrome/89.0.4389.82 Safari/537.36" "210.33.101.69"
192.168.0.2 - - [21/Nov/2024:22:58:52 +0000] "GET /api/v1/user HTTP/1.1" 400 996 "https://collins.com" "Mozilla/5.0 (Windows NT 10.0; Win64; x64) AppleWebKit/537.36 (KHTML, like Gecko) Chrome/90.0.4430.85 Safari/537.36" "193.238.12.242"
192.168.0.2 - - [27/Nov/2024:22:58:52 +0000] "GET /api/v1/resource HTTP/1.1" 401 2263 "https://torres.com" "Mozilla/5.0 (Windows NT 6.1; WOW64; rv:33.0) Gecko/20100101 Firefox/33.0" "91.60.225.225"
192.168.0.3 - - [14/Nov/2024:22:58:52 +0000] "GET /api/v1/resource HTTP/1.1" 400 1921 "https://payne.com" "Mozilla/5.0 (Windows NT 10.0; Win64; x64) AppleWebKit/537.36 (KHTML, like Gecko) Chrome/90.0.4430.85 Safari/537.36" "149.214.164.169"
192.168.0.3 - - [07/Dec/2024:22:58:52 +0000] "GET /api/v1/login HTTP/1.1" 404 750 "https://johnson.org" "Mozilla/5.0 (Windows NT 6.1; WOW64; rv:33.0) Gecko/20100101 Firefox/33.0" "32.185.74.214"
192.168.0.2 - - [05/Dec/2024:22:58:52 +0000] "GET /api/v1/user HTTP/1.1" 400 3731 "https://charles-ball.org" "Mozilla/5.0 (Windows NT 6.1; WOW64; rv:33.0) Gecko/20100101 Firefox/33.0" "65.202.15.214"
192.168.0.1 - - [18/Nov/2024:22:58:52 +0000] "GET /api/v1/status HTTP/1.1" 401 1206 "https://peterson-smith.com" "Mozilla/5.0 (Windows NT 10.0; Win64; x64) AppleWebKit/537.36 (KHTML, like Gecko) Chrome/89.0.4389.82 Safari/537.36" "74.133.118.64"
192.168.0.2 - - [02/Dec/2024:22:58:52 +0000] "GET /api/v1/status HTTP/1.1" 500 1677 "https://goodman.com" "Mozilla/5.0 (Windows NT 10.0; Win64; x64) AppleWebKit/537.36 (KHTML, like Gecko) Chrome/89.0.4389.82 Safari/537.36" "133.196.13.83"
192.168.0.3 - - [05/Dec/2024:22:58:52 +0000] "GET /api/v1/status HTTP/1.1" 301 1088 "https://bell.org" "Mozilla/5.0 (Windows NT 10.0; Win64; x64) AppleWebKit/537.36 (KHTML, like Gecko) Chrome/90.0.4430.85 Safari/537.36" "56.178.174.49"
192.168.0.2 - - [26/Nov/2024:22:58:52 +0000] "GET /api/v1/user HTTP/1.1" 400 932 "https://williams.org" "Mozilla/5.0 (Windows NT 10.0; Win64; x64) AppleWebKit/537.36 (KHTML, like Gecko) Chrome/90.0.4430.85 Safari/537.36" "108.218.45.7"
192.168.0.2 - - [01/Dec/2024:22:58:52 +0000] "GET /api/v1/user HTTP/1.1" 200 1822 "https://spencer.com" "Mozilla/5.0 (Windows NT 10.0; Win64; x64) AppleWebKit/537.36 (KHTML, like Gecko) Chrome/90.0.4430.85 Safari/537.36" "94.235.153.97"
192.168.0.3 - - [20/Nov/2024:22:58:52 +0000] "GET /api/v1/resource HTTP/1.1" 500 4897 "https://lee-hayes.biz" "Mozilla/5.0 (Windows NT 10.0; Win64; x64) AppleWebKit/537.36 (KHTML, like Gecko) Chrome/90.0.4430.85 Safari/537.36" "13.79.246.16"
192.168.0.1 - - [26/Nov/2024:22:58:52 +0000] "GET /api/v1/resource HTTP/1.1" 500 4147 "https://mason.com" "Mozilla/5.0 (Windows NT 10.0; Win64; x64) AppleWebKit/537.36 (KHTML, like Gecko) Chrome/90.0.4430.85 Safari/537.36" "99.53.139.172"
192.168.0.2 - - [17/Nov/2024:22:58:52 +0000] "GET /api/v1/data HTTP/1.1" 200 1692 "https://perez-armstrong.info" "Mozilla/5.0 (Windows NT 6.1; WOW64; rv:33.0) Gecko/20100101 Firefox/33.0" "221.78.87.86"
192.168.0.1 - - [14/Nov/2024:22:58:52 +0000] "GET /api/v1/resource HTTP/1.1" 400 1620 "https://olson.com" "Mozilla/5.0 (Windows NT 6.1; WOW64; rv:33.0) Gecko/20100101 Firefox/33.0" "74.150.56.100"
192.168.0.2 - - [23/Nov/2024:22:58:52 +0000] "GET /api/v1/user HTTP/1.1" 301 3114 "https://vega.biz" "Mozilla/5.0 (Windows NT 10.0; Win64; x64) AppleWebKit/537.36 (KHTML, like Gecko) Chrome/90.0.4430.85 Safari/537.36" "113.80.203.27"
192.168.0.1 - - [04/Dec/2024:22:58:52 +0000] "GET /api/v1/data HTTP/1.1" 500 2021 "https://sexton.com" "Mozilla/5.0 (Windows NT 10.0; Win64; x64) AppleWebKit/537.36 (KHTML, like Gecko) Chrome/90.0.4430.85 Safari/537.36" "37.187.32.124"
192.168.0.1 - - [07/Dec/2024:22:58:52 +0000] "GET /api/v1/data HTTP/1.1" 400 1055 "https://sampson.com" "Mozilla/5.0 (Windows NT 10.0; Win64; x64) AppleWebKit/537.36 (KHTML, like Gecko) Chrome/90.0.4430.85 Safari/537.36" "130.126.72.159"
192.168.0.1 - - [08/Dec/2024:22:58:52 +0000] "GET /api/v1/resource HTTP/1.1" 301 3811 "https://roach.com" "Mozilla/5.0 (Windows NT 6.1; WOW64; rv:33.0) Gecko/20100101 Firefox/33.0" "36.69.111.114"
192.168.0.1 - - [18/Nov/2024:22:58:52 +0000] "GET /api/v1/login HTTP/1.1" 500 4686 "https://lopez.com" "Mozilla/5.0 (Windows NT 6.1; WOW64; rv:33.0) Gecko/20100101 Firefox/33.0" "109.9.85.94"
192.168.0.3 - - [12/Nov/2024:22:58:52 +0000] "GET /api/v1/status HTTP/1.1" 401 2378 "https://cole-brown.org" "Mozilla/5.0 (Windows NT 6.1; WOW64; rv:33.0) Gecko/20100101 Firefox/33.0" "172.121.89.189"
192.168.0.2 - - [22/Nov/2024:22:58:52 +0000] "GET /api/v1/data HTTP/1.1" 200 3182 "https://olson.com" "Mozilla/5.0 (Windows NT 6.1; WOW64; rv:33.0) Gecko/20100101 Firefox/33.0" "190.118.203.36"
192.168.0.2 - - [02/Dec/2024:22:58:52 +0000] "GET /api/v1/data HTTP/1.1" 401 753 "https://martinez.com" "Mozilla/5.0 (Windows NT 10.0; Win64; x64) AppleWebKit/537.36 (KHTML, like Gecko) Chrome/89.0.4389.82 Safari/537.36" "3.248.197.197"
192.168.0.3 - - [25/Nov/2024:22:58:52 +0000] "GET /api/v1/login HTTP/1.1" 401 677 "https://white.org" "Mozilla/5.0 (Windows NT 10.0; Win64; x64) AppleWebKit/537.36 (KHTML, like Gecko) Chrome/90.0.4430.85 Safari/537.36" "2.6.27.46"
192.168.0.1 - - [08/Dec/2024:22:58:52 +0000] "GET /api/v1/status HTTP/1.1" 400 969 "https://singleton-moore.com" "Mozilla/5.0 (Windows NT 10.0; Win64; x64) AppleWebKit/537.36 (KHTML, like Gecko) Chrome/89.0.4389.82 Safari/537.36" "59.246.20.207"
192.168.0.1 - - [22/Nov/2024:22:58:52 +0000] "GET /api/v1/data HTTP/1.1" 200 2113 "https://anderson.com" "Mozilla/5.0 (Windows NT 10.0; Win64; x64) AppleWebKit/537.36 (KHTML, like Gecko) Chrome/90.0.4430.85 Safari/537.36" "59.154.16.12"
192.168.0.3 - - [02/Dec/2024:22:58:52 +0000] "GET /api/v1/status HTTP/1.1" 301 4122 "https://hicks.com" "Mozilla/5.0 (Windows NT 10.0; Win64; x64) AppleWebKit/537.36 (KHTML, like Gecko) Chrome/89.0.4389.82 Safari/537.36" "172.87.136.93"
192.168.0.3 - - [10/Nov/2024:22:58:52 +0000] "GET /api/v1/user HTTP/1.1" 500 1463 "https://underwood.com" "Mozilla/5.0 (Windows NT 10.0; Win64; x64) AppleWebKit/537.36 (KHTML, like Gecko) Chrome/89.0.4389.82 Safari/537.36" "204.205.241.248"
192.168.0.1 - - [05/Dec/2024:22:58:52 +0000] "GET /api/v1/status HTTP/1.1" 301 1212 "https://davenport-hunt.org" "Mozilla/5.0 (Windows NT 6.1; WOW64; rv:33.0) Gecko/20100101 Firefox/33.0" "41.129.195.200"
192.168.0.3 - - [28/Nov/2024:22:58:52 +0000] "GET /api/v1/status HTTP/1.1" 500 4392 "https://wells.com" "Mozilla/5.0 (Windows NT 10.0; Win64; x64) AppleWebKit/537.36 (KHTML, like Gecko) Chrome/89.0.4389.82 Safari/537.36" "100.177.146.247"
192.168.0.2 - - [15/Nov/2024:22:58:52 +0000] "GET /api/v1/login HTTP/1.1" 404 2340 "https://wright.com" "Mozilla/5.0 (Windows NT 6.1; WOW64; rv:33.0) Gecko/20100101 Firefox/33.0" "151.52.120.61"
192.168.0.3 - - [19/Nov/2024:22:58:52 +0000] "GET /api/v1/status HTTP/1.1" 200 1990 "https://padilla.biz" "Mozilla/5.0 (Windows NT 10.0; Win64; x64) AppleWebKit/537.36 (KHTML, like Gecko) Chrome/89.0.4389.82 Safari/537.36" "68.207.40.97"
192.168.0.2 - - [04/Dec/2024:22:58:52 +0000] "GET /api/v1/resource HTTP/1.1" 401 1549 "https://contreras.com" "Mozilla/5.0 (Windows NT 10.0; Win64; x64) AppleWebKit/537.36 (KHTML, like Gecko) Chrome/90.0.4430.85 Safari/537.36" "190.46.217.30"
192.168.0.2 - - [08/Dec/2024:22:58:52 +0000] "GET /api/v1/data HTTP/1.1" 400 4323 "https://moreno-mason.com" "Mozilla/5.0 (Windows NT 6.1; WOW64; rv:33.0) Gecko/20100101 Firefox/33.0" "149.225.0.30"
192.168.0.3 - - [23/Nov/2024:22:58:52 +0000] "GET /api/v1/login HTTP/1.1" 401 2949 "https://simpson.com" "Mozilla/5.0 (Windows NT 10.0; Win64; x64) AppleWebKit/537.36 (KHTML, like Gecko) Chrome/89.0.4389.82 Safari/537.36" "187.241.105.190"
192.168.0.2 - - [02/Dec/2024:22:58:52 +0000] "GET /api/v1/data HTTP/1.1" 404 329 "https://rodriguez-butler.org" "Mozilla/5.0 (Windows NT 6.1; WOW64; rv:33.0) Gecko/20100101 Firefox/33.0" "170.54.20.135"
192.168.0.3 - - [04/Dec/2024:22:58:52 +0000] "GET /api/v1/data HTTP/1.1" 401 4197 "https://sanford.com" "Mozilla/5.0 (Windows NT 10.0; Win64; x64) AppleWebKit/537.36 (KHTML, like Gecko) Chrome/89.0.4389.82 Safari/537.36" "19.201.116.245"
192.168.0.2 - - [05/Dec/2024:22:58:52 +0000] "GET /api/v1/login HTTP/1.1" 400 4346 "https://dixon.org" "Mozilla/5.0 (Windows NT 10.0; Win64; x64) AppleWebKit/537.36 (KHTML, like Gecko) Chrome/89.0.4389.82 Safari/537.36" "13.16.179.60"
192.168.0.3 - - [03/Dec/2024:22:58:52 +0000] "GET /api/v1/data HTTP/1.1" 400 4404 "https://davis.info" "Mozilla/5.0 (Windows NT 6.1; WOW64; rv:33.0) Gecko/20100101 Firefox/33.0" "157.254.201.52"
192.168.0.1 - - [01/Dec/2024:22:58:52 +0000] "GET /api/v1/user HTTP/1.1" 200 3821 "https://mckinney.biz" "Mozilla/5.0 (Windows NT 10.0; Win64; x64) AppleWebKit/537.36 (KHTML, like Gecko) Chrome/89.0.4389.82 Safari/537.36" "50.135.112.15"
192.168.0.1 - - [04/Dec/2024:22:58:52 +0000] "GET /api/v1/status HTTP/1.1" 500 4241 "https://shepard-schaefer.com" "Mozilla/5.0 (Windows NT 6.1; WOW64; rv:33.0) Gecko/20100101 Firefox/33.0" "126.34.97.161"
192.168.0.3 - - [28/Nov/2024:22:58:52 +0000] "GET /api/v1/status HTTP/1.1" 400 4946 "https://west.org" "Mozilla/5.0 (Windows NT 6.1; WOW64; rv:33.0) Gecko/20100101 Firefox/33.0" "108.255.158.145"
192.168.0.2 - - [30/Nov/2024:22:58:52 +0000] "GET /api/v1/user HTTP/1.1" 500 3332 "https://long-buchanan.info" "Mozilla/5.0 (Windows NT 10.0; Win64; x64) AppleWebKit/537.36 (KHTML, like Gecko) Chrome/89.0.4389.82 Safari/537.36" "145.90.105.189"
192.168.0.3 - - [16/Nov/2024:22:58:52 +0000] "GET /api/v1/status HTTP/1.1" 200 1976 "https://peterson.com" "Mozilla/5.0 (Windows NT 10.0; Win64; x64) AppleWebKit/537.36 (KHTML, like Gecko) Chrome/89.0.4389.82 Safari/537.36" "100.237.59.246"
192.168.0.3 - - [10/Nov/2024:22:58:52 +0000] "GET /api/v1/user HTTP/1.1" 400 348 "https://smith.com" "Mozilla/5.0 (Windows NT 10.0; Win64; x64) AppleWebKit/537.36 (KHTML, like Gecko) Chrome/89.0.4389.82 Safari/537.36" "125.44.46.119"
192.168.0.1 - - [05/Dec/2024:22:58:52 +0000] "GET /api/v1/user HTTP/1.1" 200 1313 "https://wood-young.com" "Mozilla/5.0 (Windows NT 6.1; WOW64; rv:33.0) Gecko/20100101 Firefox/33.0" "36.25.101.217"
192.168.0.2 - - [12/Nov/2024:22:58:52 +0000] "GET /api/v1/login HTTP/1.1" 404 1807 "https://castro.com" "Mozilla/5.0 (Windows NT 10.0; Win64; x64) AppleWebKit/537.36 (KHTML, like Gecko) Chrome/90.0.4430.85 Safari/537.36" "11.186.106.236"
192.168.0.1 - - [14/Nov/2024:22:58:52 +0000] "GET /api/v1/user HTTP/1.1" 500 2702 "https://wilson.com" "Mozilla/5.0 (Windows NT 10.0; Win64; x64) AppleWebKit/537.36 (KHTML, like Gecko) Chrome/89.0.4389.82 Safari/537.36" "220.67.90.115"
192.168.0.2 - - [20/Nov/2024:22:58:52 +0000] "GET /api/v1/login HTTP/1.1" 404 2699 "https://mcgee.com" "Mozilla/5.0 (Windows NT 10.0; Win64; x64) AppleWebKit/537.36 (KHTML, like Gecko) Chrome/89.0.4389.82 Safari/537.36" "89.226.240.56"
192.168.0.1 - - [11/Nov/2024:22:58:52 +0000] "GET /api/v1/user HTTP/1.1" 500 4141 "https://smith-young.com" "Mozilla/5.0 (Windows NT 6.1; WOW64; rv:33.0) Gecko/20100101 Firefox/33.0" "54.105.185.161"
192.168.0.3 - - [03/Dec/2024:22:58:52 +0000] "GET /api/v1/data HTTP/1.1" 200 2267 "https://scott-brown.com" "Mozilla/5.0 (Windows NT 10.0; Win64; x64) AppleWebKit/537.36 (KHTML, like Gecko) Chrome/89.0.4389.82 Safari/537.36" "121.135.127.65"
192.168.0.2 - - [14/Nov/2024:22:58:52 +0000] "GET /api/v1/user HTTP/1.1" 301 3765 "https://bond-adams.com" "Mozilla/5.0 (Windows NT 10.0; Win64; x64) AppleWebKit/537.36 (KHTML, like Gecko) Chrome/90.0.4430.85 Safari/537.36" "73.50.48.253"
192.168.0.1 - - [17/Nov/2024:22:58:52 +0000] "GET /api/v1/data HTTP/1.1" 404 3439 "https://steele.net" "Mozilla/5.0 (Windows NT 10.0; Win64; x64) AppleWebKit/537.36 (KHTML, like Gecko) Chrome/90.0.4430.85 Safari/537.36" "16.158.190.168"
192.168.0.2 - - [17/Nov/2024:22:58:52 +0000] "GET /api/v1/status HTTP/1.1" 301 1927 "https://turner.com" "Mozilla/5.0 (Windows NT 10.0; Win64; x64) AppleWebKit/537.36 (KHTML, like Gecko) Chrome/90.0.4430.85 Safari/537.36" "59.250.119.53"
192.168.0.2 - - [28/Nov/2024:22:58:52 +0000] "GET /api/v1/login HTTP/1.1" 401 108 "https://martin.biz" "Mozilla/5.0 (Windows NT 6.1; WOW64; rv:33.0) Gecko/20100101 Firefox/33.0" "88.196.177.250"
192.168.0.2 - - [28/Nov/2024:22:58:52 +0000] "GET /api/v1/status HTTP/1.1" 401 3558 "https://whitehead.com" "Mozilla/5.0 (Windows NT 10.0; Win64; x64) AppleWebKit/537.36 (KHTML, like Gecko) Chrome/89.0.4389.82 Safari/537.36" "217.95.107.100"
192.168.0.3 - - [05/Dec/2024:22:58:52 +0000] "GET /api/v1/resource HTTP/1.1" 400 2443 "https://campbell-davis.org" "Mozilla/5.0 (Windows NT 6.1; WOW64; rv:33.0) Gecko/20100101 Firefox/33.0" "165.208.111.234"
192.168.0.2 - - [22/Nov/2024:22:58:52 +0000] "GET /api/v1/user HTTP/1.1" 301 3805 "https://johnson.com" "Mozilla/5.0 (Windows NT 10.0; Win64; x64) AppleWebKit/537.36 (KHTML, like Gecko) Chrome/89.0.4389.82 Safari/537.36" "191.16.235.180"
192.168.0.2 - - [07/Dec/2024:22:58:52 +0000] "GET /api/v1/status HTTP/1.1" 500 3632 "https://baker-roy.info" "Mozilla/5.0 (Windows NT 10.0; Win64; x64) AppleWebKit/537.36 (KHTML, like Gecko) Chrome/89.0.4389.82 Safari/537.36" "3.62.8.99"
192.168.0.1 - - [14/Nov/2024:22:58:52 +0000] "GET /api/v1/login HTTP/1.1" 404 4872 "https://harvey-patel.info" "Mozilla/5.0 (Windows NT 6.1; WOW64; rv:33.0) Gecko/20100101 Firefox/33.0" "171.21.108.135"
192.168.0.2 - - [03/Dec/2024:22:58:52 +0000] "GET /api/v1/resource HTTP/1.1" 200 3659 "https://johnson-harris.com" "Mozilla/5.0 (Windows NT 10.0; Win64; x64) AppleWebKit/537.36 (KHTML, like Gecko) Chrome/89.0.4389.82 Safari/537.36" "181.106.8.52"
192.168.0.3 - - [21/Nov/2024:22:58:52 +0000] "GET /api/v1/login HTTP/1.1" 400 3175 "https://garcia-little.org" "Mozilla/5.0 (Windows NT 6.1; WOW64; rv:33.0) Gecko/20100101 Firefox/33.0" "35.97.165.192"
192.168.0.2 - - [01/Dec/2024:22:58:52 +0000] "GET /api/v1/login HTTP/1.1" 500 2862 "https://sanchez-clark.biz" "Mozilla/5.0 (Windows NT 10.0; Win64; x64) AppleWebKit/537.36 (KHTML, like Gecko) Chrome/90.0.4430.85 Safari/537.36" "169.47.183.246"
192.168.0.2 - - [08/Nov/2024:22:58:52 +0000] "GET /api/v1/status HTTP/1.1" 401 4362 "https://davis-wheeler.com" "Mozilla/5.0 (Windows NT 10.0; Win64; x64) AppleWebKit/537.36 (KHTML, like Gecko) Chrome/90.0.4430.85 Safari/537.36" "213.34.21.12"
192.168.0.1 - - [05/Dec/2024:22:58:52 +0000] "GET /api/v1/status HTTP/1.1" 404 3872 "https://johnson-mitchell.com" "Mozilla/5.0 (Windows NT 10.0; Win64; x64) AppleWebKit/537.36 (KHTML, like Gecko) Chrome/90.0.4430.85 Safari/537.36" "223.209.73.208"
192.168.0.1 - - [30/Nov/2024:22:58:52 +0000] "GET /api/v1/status HTTP/1.1" 200 3978 "https://daniels.org" "Mozilla/5.0 (Windows NT 6.1; WOW64; rv:33.0) Gecko/20100101 Firefox/33.0" "69.185.119.116"
192.168.0.2 - - [05/Dec/2024:22:58:52 +0000] "GET /api/v1/login HTTP/1.1" 400 4819 "https://boyle.com" "Mozilla/5.0 (Windows NT 10.0; Win64; x64) AppleWebKit/537.36 (KHTML, like Gecko) Chrome/89.0.4389.82 Safari/537.36" "119.31.113.238"
192.168.0.3 - - [30/Nov/2024:22:58:52 +0000] "GET /api/v1/login HTTP/1.1" 404 1961 "https://shepherd.com" "Mozilla/5.0 (Windows NT 10.0; Win64; x64) AppleWebKit/537.36 (KHTML, like Gecko) Chrome/90.0.4430.85 Safari/537.36" "25.43.200.61"
192.168.0.1 - - [08/Nov/2024:22:58:52 +0000] "GET /api/v1/resource HTTP/1.1" 404 1043 "https://allen-lopez.org" "Mozilla/5.0 (Windows NT 10.0; Win64; x64) AppleWebKit/537.36 (KHTML, like Gecko) Chrome/90.0.4430.85 Safari/537.36" "212.23.226.139"
192.168.0.2 - - [10/Nov/2024:22:58:52 +0000] "GET /api/v1/resource HTTP/1.1" 500 3042 "https://gray-robles.info" "Mozilla/5.0 (Windows NT 10.0; Win64; x64) AppleWebKit/537.36 (KHTML, like Gecko) Chrome/90.0.4430.85 Safari/537.36" "141.49.15.214"
192.168.0.2 - - [20/Nov/2024:22:58:52 +0000] "GET /api/v1/data HTTP/1.1" 301 2755 "https://cabrera-thornton.com" "Mozilla/5.0 (Windows NT 6.1; WOW64; rv:33.0) Gecko/20100101 Firefox/33.0" "54.186.144.212"
192.168.0.3 - - [30/Nov/2024:22:58:52 +0000] "GET /api/v1/data HTTP/1.1" 200 1412 "https://davis-boone.com" "Mozilla/5.0 (Windows NT 10.0; Win64; x64) AppleWebKit/537.36 (KHTML, like Gecko) Chrome/89.0.4389.82 Safari/537.36" "37.156.178.153"
192.168.0.1 - - [24/Nov/2024:22:58:52 +0000] "GET /api/v1/resource HTTP/1.1" 200 1898 "https://tran-nguyen.com" "Mozilla/5.0 (Windows NT 10.0; Win64; x64) AppleWebKit/537.36 (KHTML, like Gecko) Chrome/90.0.4430.85 Safari/537.36" "79.91.82.56"
192.168.0.2 - - [23/Nov/2024:22:58:52 +0000] "GET /api/v1/resource HTTP/1.1" 400 705 "https://price.com" "Mozilla/5.0 (Windows NT 6.1; WOW64; rv:33.0) Gecko/20100101 Firefox/33.0" "160.151.88.23"
192.168.0.3 - - [26/Nov/2024:22:58:52 +0000] "GET /api/v1/login HTTP/1.1" 500 2556 "https://berry-green.com" "Mozilla/5.0 (Windows NT 10.0; Win64; x64) AppleWebKit/537.36 (KHTML, like Gecko) Chrome/89.0.4389.82 Safari/537.36" "192.206.80.19"
192.168.0.1 - - [03/Dec/2024:22:58:52 +0000] "GET /api/v1/status HTTP/1.1" 401 4730 "https://sanchez.org" "Mozilla/5.0 (Windows NT 10.0; Win64; x64) AppleWebKit/537.36 (KHTML, like Gecko) Chrome/89.0.4389.82 Safari/537.36" "133.7.15.218"
192.168.0.1 - - [05/Dec/2024:22:58:52 +0000] "GET /api/v1/status HTTP/1.1" 404 1689 "https://martin-davis.com" "Mozilla/5.0 (Windows NT 10.0; Win64; x64) AppleWebKit/537.36 (KHTML, like Gecko) Chrome/90.0.4430.85 Safari/537.36" "179.199.163.142"
192.168.0.2 - - [15/Nov/2024:22:58:52 +0000] "GET /api/v1/data HTTP/1.1" 500 2322 "https://thomas.biz" "Mozilla/5.0 (Windows NT 6.1; WOW64; rv:33.0) Gecko/20100101 Firefox/33.0" "113.77.86.87"
192.168.0.1 - - [08/Dec/2024:22:58:52 +0000] "GET /api/v1/data HTTP/1.1" 401 871 "https://flores-gibson.com" "Mozilla/5.0 (Windows NT 10.0; Win64; x64) AppleWebKit/537.36 (KHTML, like Gecko) Chrome/90.0.4430.85 Safari/537.36" "187.155.123.167"
192.168.0.1 - - [26/Nov/2024:22:58:52 +0000] "GET /api/v1/data HTTP/1.1" 500 1799 "https://osborne.com" "Mozilla/5.0 (Windows NT 10.0; Win64; x64) AppleWebKit/537.36 (KHTML, like Gecko) Chrome/90.0.4430.85 Safari/537.36" "180.65.133.226"
192.168.0.1 - - [12/Nov/2024:22:58:52 +0000] "GET /api/v1/user HTTP/1.1" 401 3994 "https://huynh.com" "Mozilla/5.0 (Windows NT 10.0; Win64; x64) AppleWebKit/537.36 (KHTML, like Gecko) Chrome/89.0.4389.82 Safari/537.36" "89.25.187.213"
192.168.0.1 - - [20/Nov/2024:22:58:52 +0000] "GET /api/v1/data HTTP/1.1" 400 2946 "https://smith.com" "Mozilla/5.0 (Windows NT 6.1; WOW64; rv:33.0) Gecko/20100101 Firefox/33.0" "86.54.157.11"
192.168.0.1 - - [03/Dec/2024:22:58:52 +0000] "GET /api/v1/login HTTP/1.1" 401 2554 "https://wilson.com" "Mozilla/5.0 (Windows NT 6.1; WOW64; rv:33.0) Gecko/20100101 Firefox/33.0" "154.158.100.125"
192.168.0.2 - - [10/Nov/2024:22:58:52 +0000] "GET /api/v1/user HTTP/1.1" 301 2326 "https://mcguire.com" "Mozilla/5.0 (Windows NT 10.0; Win64; x64) AppleWebKit/537.36 (KHTML, like Gecko) Chrome/89.0.4389.82 Safari/537.36" "68.54.248.174"
192.168.0.2 - - [08/Nov/2024:22:58:52 +0000] "GET /api/v1/resource HTTP/1.1" 500 3103 "https://morrow.com" "Mozilla/5.0 (Windows NT 6.1; WOW64; rv:33.0) Gecko/20100101 Firefox/33.0" "47.59.200.210"
192.168.0.2 - - [03/Dec/2024:22:58:52 +0000] "GET /api/v1/login HTTP/1.1" 404 2953 "https://may.com" "Mozilla/5.0 (Windows NT 10.0; Win64; x64) AppleWebKit/537.36 (KHTML, like Gecko) Chrome/89.0.4389.82 Safari/537.36" "111.210.46.60"
192.168.0.2 - - [07/Dec/2024:22:58:52 +0000] "GET /api/v1/status HTTP/1.1" 400 415 "https://lewis.com" "Mozilla/5.0 (Windows NT 10.0; Win64; x64) AppleWebKit/537.36 (KHTML, like Gecko) Chrome/89.0.4389.82 Safari/537.36" "8.34.53.2"
192.168.0.2 - - [14/Nov/2024:22:58:52 +0000] "GET /api/v1/user HTTP/1.1" 404 2887 "https://merritt.net" "Mozilla/5.0 (Windows NT 10.0; Win64; x64) AppleWebKit/537.36 (KHTML, like Gecko) Chrome/90.0.4430.85 Safari/537.36" "88.151.109.113"
192.168.0.1 - - [26/Nov/2024:22:58:52 +0000] "GET /api/v1/status HTTP/1.1" 500 4857 "https://henson.biz" "Mozilla/5.0 (Windows NT 6.1; WOW64; rv:33.0) Gecko/20100101 Firefox/33.0" "12.89.73.83"
192.168.0.2 - - [14/Nov/2024:22:58:52 +0000] "GET /api/v1/status HTTP/1.1" 404 2589 "https://clarke.info" "Mozilla/5.0 (Windows NT 10.0; Win64; x64) AppleWebKit/537.36 (KHTML, like Gecko) Chrome/90.0.4430.85 Safari/537.36" "102.167.199.220"
192.168.0.2 - - [17/Nov/2024:22:58:52 +0000] "GET /api/v1/data HTTP/1.1" 404 914 "https://johnson.org" "Mozilla/5.0 (Windows NT 10.0; Win64; x64) AppleWebKit/537.36 (KHTML, like Gecko) Chrome/90.0.4430.85 Safari/537.36" "31.119.106.12"
192.168.0.2 - - [05/Dec/2024:22:58:52 +0000] "GET /api/v1/data HTTP/1.1" 401 600 "https://vega.biz" "Mozilla/5.0 (Windows NT 10.0; Win64; x64) AppleWebKit/537.36 (KHTML, like Gecko) Chrome/90.0.4430.85 Safari/537.36" "149.215.216.139"
192.168.0.2 - - [13/Nov/2024:22:58:52 +0000] "GET /api/v1/resource HTTP/1.1" 500 734 "https://beasley-anderson.com" "Mozilla/5.0 (Windows NT 10.0; Win64; x64) AppleWebKit/537.36 (KHTML, like Gecko) Chrome/89.0.4389.82 Safari/537.36" "40.137.200.63"
192.168.0.3 - - [04/Dec/2024:22:58:52 +0000] "GET /api/v1/data HTTP/1.1" 400 4996 "https://williams-farley.com" "Mozilla/5.0 (Windows NT 10.0; Win64; x64) AppleWebKit/537.36 (KHTML, like Gecko) Chrome/90.0.4430.85 Safari/537.36" "58.250.29.160"
192.168.0.3 - - [15/Nov/2024:22:58:52 +0000] "GET /api/v1/status HTTP/1.1" 404 1785 "https://sims.info" "Mozilla/5.0 (Windows NT 10.0; Win64; x64) AppleWebKit/537.36 (KHTML, like Gecko) Chrome/90.0.4430.85 Safari/537.36" "108.152.141.16"
192.168.0.1 - - [07/Dec/2024:22:58:52 +0000] "GET /api/v1/status HTTP/1.1" 301 1392 "https://anderson.com" "Mozilla/5.0 (Windows NT 6.1; WOW64; rv:33.0) Gecko/20100101 Firefox/33.0" "121.128.126.210"
192.168.0.1 - - [15/Nov/2024:22:58:52 +0000] "GET /api/v1/status HTTP/1.1" 200 1773 "https://banks.com" "Mozilla/5.0 (Windows NT 10.0; Win64; x64) AppleWebKit/537.36 (KHTML, like Gecko) Chrome/89.0.4389.82 Safari/537.36" "8.254.79.178"
192.168.0.3 - - [12/Nov/2024:22:58:52 +0000] "GET /api/v1/resource HTTP/1.1" 301 4320 "https://morris.org" "Mozilla/5.0 (Windows NT 10.0; Win64; x64) AppleWebKit/537.36 (KHTML, like Gecko) Chrome/90.0.4430.85 Safari/537.36" "165.14.66.72"
192.168.0.2 - - [01/Dec/2024:22:58:52 +0000] "GET /api/v1/resource HTTP/1.1" 400 754 "https://combs.info" "Mozilla/5.0 (Windows NT 10.0; Win64; x64) AppleWebKit/537.36 (KHTML, like Gecko) Chrome/89.0.4389.82 Safari/537.36" "17.24.239.218"
192.168.0.2 - - [30/Nov/2024:22:58:52 +0000] "GET /api/v1/user HTTP/1.1" 401 347 "https://stephens.com" "Mozilla/5.0 (Windows NT 10.0; Win64; x64) AppleWebKit/537.36 (KHTML, like Gecko) Chrome/90.0.4430.85 Safari/537.36" "62.169.190.151"
192.168.0.3 - - [24/Nov/2024:22:58:52 +0000] "GET /api/v1/data HTTP/1.1" 404 4148 "https://phelps-greer.com" "Mozilla/5.0 (Windows NT 10.0; Win64; x64) AppleWebKit/537.36 (KHTML, like Gecko) Chrome/89.0.4389.82 Safari/537.36" "147.1.202.89"
192.168.0.1 - - [25/Nov/2024:22:58:52 +0000] "GET /api/v1/user HTTP/1.1" 301 3125 "https://chan-olson.com" "Mozilla/5.0 (Windows NT 10.0; Win64; x64) AppleWebKit/537.36 (KHTML, like Gecko) Chrome/90.0.4430.85 Safari/537.36" "75.220.59.204"
192.168.0.3 - - [28/Nov/2024:22:58:52 +0000] "GET /api/v1/user HTTP/1.1" 200 920 "https://marshall.org" "Mozilla/5.0 (Windows NT 6.1; WOW64; rv:33.0) Gecko/20100101 Firefox/33.0" "117.50.150.88"
192.168.0.1 - - [30/Nov/2024:22:58:52 +0000] "GET /api/v1/status HTTP/1.1" 400 4853 "https://ortega-hopkins.org" "Mozilla/5.0 (Windows NT 10.0; Win64; x64) AppleWebKit/537.36 (KHTML, like Gecko) Chrome/90.0.4430.85 Safari/537.36" "188.17.43.207"
192.168.0.3 - - [06/Dec/2024:22:58:52 +0000] "GET /api/v1/user HTTP/1.1" 404 1786 "https://cobb-kelly.info" "Mozilla/5.0 (Windows NT 10.0; Win64; x64) AppleWebKit/537.36 (KHTML, like Gecko) Chrome/89.0.4389.82 Safari/537.36" "47.149.136.75"
192.168.0.3 - - [14/Nov/2024:22:58:52 +0000] "GET /api/v1/data HTTP/1.1" 400 1472 "https://johnston-ashley.net" "Mozilla/5.0 (Windows NT 10.0; Win64; x64) AppleWebKit/537.36 (KHTML, like Gecko) Chrome/89.0.4389.82 Safari/537.36" "109.110.99.108"
192.168.0.3 - - [20/Nov/2024:22:58:52 +0000] "GET /api/v1/data HTTP/1.1" 400 3918 "https://barnes.com" "Mozilla/5.0 (Windows NT 10.0; Win64; x64) AppleWebKit/537.36 (KHTML, like Gecko) Chrome/90.0.4430.85 Safari/537.36" "53.100.139.104"
192.168.0.1 - - [17/Nov/2024:22:58:52 +0000] "GET /api/v1/status HTTP/1.1" 401 1710 "https://huerta.biz" "Mozilla/5.0 (Windows NT 10.0; Win64; x64) AppleWebKit/537.36 (KHTML, like Gecko) Chrome/90.0.4430.85 Safari/537.36" "12.214.54.169"
192.168.0.2 - - [27/Nov/2024:22:58:52 +0000] "GET /api/v1/user HTTP/1.1" 400 4188 "https://allen.com" "Mozilla/5.0 (Windows NT 6.1; WOW64; rv:33.0) Gecko/20100101 Firefox/33.0" "90.160.128.6"
192.168.0.2 - - [15/Nov/2024:22:58:52 +0000] "GET /api/v1/data HTTP/1.1" 200 2560 "https://thomas.org" "Mozilla/5.0 (Windows NT 6.1; WOW64; rv:33.0) Gecko/20100101 Firefox/33.0" "122.52.26.200"
192.168.0.2 - - [11/Nov/2024:22:58:52 +0000] "GET /api/v1/resource HTTP/1.1" 301 661 "https://gutierrez.com" "Mozilla/5.0 (Windows NT 6.1; WOW64; rv:33.0) Gecko/20100101 Firefox/33.0" "219.40.28.29"
192.168.0.3 - - [15/Nov/2024:22:58:52 +0000] "GET /api/v1/user HTTP/1.1" 401 3313 "https://ellis.com" "Mozilla/5.0 (Windows NT 6.1; WOW64; rv:33.0) Gecko/20100101 Firefox/33.0" "3.90.77.229"
192.168.0.2 - - [27/Nov/2024:22:58:52 +0000] "GET /api/v1/resource HTTP/1.1" 404 4102 "https://weiss-allen.info" "Mozilla/5.0 (Windows NT 10.0; Win64; x64) AppleWebKit/537.36 (KHTML, like Gecko) Chrome/90.0.4430.85 Safari/537.36" "137.141.216.137"
192.168.0.1 - - [27/Nov/2024:22:58:52 +0000] "GET /api/v1/user HTTP/1.1" 500 312 "https://rodriguez.com" "Mozilla/5.0 (Windows NT 6.1; WOW64; rv:33.0) Gecko/20100101 Firefox/33.0" "55.46.172.140"
192.168.0.3 - - [04/Dec/2024:22:58:52 +0000] "GET /api/v1/data HTTP/1.1" 404 4448 "https://perry-thompson.com" "Mozilla/5.0 (Windows NT 10.0; Win64; x64) AppleWebKit/537.36 (KHTML, like Gecko) Chrome/89.0.4389.82 Safari/537.36" "178.85.248.91"
192.168.0.1 - - [24/Nov/2024:22:58:52 +0000] "GET /api/v1/status HTTP/1.1" 404 2448 "https://griffin.com" "Mozilla/5.0 (Windows NT 10.0; Win64; x64) AppleWebKit/537.36 (KHTML, like Gecko) Chrome/90.0.4430.85 Safari/537.36" "173.47.152.54"
192.168.0.1 - - [29/Nov/2024:22:58:52 +0000] "GET /api/v1/resource HTTP/1.1" 401 3834 "https://johnson.com" "Mozilla/5.0 (Windows NT 10.0; Win64; x64) AppleWebKit/537.36 (KHTML, like Gecko) Chrome/89.0.4389.82 Safari/537.36" "208.118.107.77"
192.168.0.3 - - [09/Nov/2024:22:58:52 +0000] "GET /api/v1/login HTTP/1.1" 500 1398 "https://warner.com" "Mozilla/5.0 (Windows NT 6.1; WOW64; rv:33.0) Gecko/20100101 Firefox/33.0" "167.246.235.141"
192.168.0.1 - - [22/Nov/2024:22:58:52 +0000] "GET /api/v1/login HTTP/1.1" 401 1868 "https://stevens.info" "Mozilla/5.0 (Windows NT 6.1; WOW64; rv:33.0) Gecko/20100101 Firefox/33.0" "189.251.182.190"
192.168.0.3 - - [03/Dec/2024:22:58:52 +0000] "GET /api/v1/resource HTTP/1.1" 301 2156 "https://steele.net" "Mozilla/5.0 (Windows NT 10.0; Win64; x64) AppleWebKit/537.36 (KHTML, like Gecko) Chrome/90.0.4430.85 Safari/537.36" "183.223.17.244"
192.168.0.3 - - [21/Nov/2024:22:58:52 +0000] "GET /api/v1/user HTTP/1.1" 301 461 "https://harrington.com" "Mozilla/5.0 (Windows NT 6.1; WOW64; rv:33.0) Gecko/20100101 Firefox/33.0" "33.98.199.195"
192.168.0.1 - - [26/Nov/2024:22:58:52 +0000] "GET /api/v1/user HTTP/1.1" 400 849 "https://murphy.com" "Mozilla/5.0 (Windows NT 6.1; WOW64; rv:33.0) Gecko/20100101 Firefox/33.0" "5.178.210.95"
