192.168.0.3 - - [16/Nov/2024:22:58:52 +0000] "GET /api/v1/resource HTTP/1.1" 301 4041 "https://smith.com" "Mozilla/5.0 (Windows NT 10.0; Win64; x64) AppleWebKit/537.36 (KHTML, like Gecko) Chrome/89.0.4389.82 Safari/537.36" "170.207.57.219"
192.168.0.2 - - [06/Dec/2024:22:58:52 +0000] "GET /api/v1/resource HTTP/1.1" 400 4349 "https://barrera.info" "Mozilla/5.0 (Windows NT 10.0; Win64; x64) AppleWebKit/537.36 (KHTML, like Gecko) Chrome/89.0.4389.82 Safari/537.36" "220.157.156.210"
192.168.0.1 - - [25/Nov/2024:22:58:52 +0000] "GET /api/v1/resource HTTP/1.1" 404 4464 "https://thompson.com" "Mozilla/5.0 (Windows NT 10.0; Win64; x64) AppleWebKit/537.36 (KHTML, like Gecko) Chrome/89.0.4389.82 Safari/537.36" "177.82.27.177"
192.168.0.1 - - [12/Nov/2024:22:58:52 +0000] "GET /api/v1/resource HTTP/1.1" 301 786 "https://weber-cox.com" "Mozilla/5.0 (Windows NT 10.0; Win64; x64) AppleWebKit/537.36 (KHTML, like Gecko) Chrome/90.0.4430.85 Safari/537.36" "152.59.92.20"
192.168.0.3 - - [17/Nov/2024:22:58:52 +0000] "GET /api/v1/login HTTP/1.1" 200 4775 "https://black-gordon.org" "Mozilla/5.0 (Windows NT 10.0; Win64; x64) AppleWebKit/537.36 (KHTML, like Gecko) Chrome/90.0.4430.85 Safari/537.36" "170.145.114.254"
192.168.0.1 - - [05/Dec/2024:22:58:52 +0000] "GET /api/v1/status HTTP/1.1" 301 3553 "https://villegas-gallegos.com" "Mozilla/5.0 (Windows NT 10.0; Win64; x64) AppleWebKit/537.36 (KHTML, like Gecko) Chrome/90.0.4430.85 Safari/537.36" "222.147.107.149"
192.168.0.2 - - [24/Nov/2024:22:58:52 +0000] "GET /api/v1/data HTTP/1.1" 200 4142 "https://chang.info" "Mozilla/5.0 (Windows NT 10.0; Win64; x64) AppleWebKit/537.36 (KHTML, like Gecko) Chrome/90.0.4430.85 Safari/537.36" "92.65.99.108"
192.168.0.2 - - [19/Nov/2024:22:58:52 +0000] "GET /api/v1/login HTTP/1.1" 500 2437 "https://marshall.com" "Mozilla/5.0 (Windows NT 6.1; WOW64; rv:33.0) Gecko/20100101 Firefox/33.0" "16.170.212.250"
192.168.0.2 - - [21/Nov/2024:22:58:52 +0000] "GET /api/v1/data HTTP/1.1" 301 2824 "https://garcia-sutton.org" "Mozilla/5.0 (Windows NT 10.0; Win64; x64) AppleWebKit/537.36 (KHTML, like Gecko) Chrome/89.0.4389.82 Safari/537.36" "78.234.121.73"
192.168.0.1 - - [15/Nov/2024:22:58:52 +0000] "GET /api/v1/resource HTTP/1.1" 404 2515 "https://brown.biz" "Mozilla/5.0 (Windows NT 6.1; WOW64; rv:33.0) Gecko/20100101 Firefox/33.0" "137.102.190.130"
192.168.0.3 - - [15/Nov/2024:22:58:52 +0000] "GET /api/v1/user HTTP/1.1" 404 3045 "https://roberts.com" "Mozilla/5.0 (Windows NT 6.1; WOW64; rv:33.0) Gecko/20100101 Firefox/33.0" "123.120.15.230"
192.168.0.2 - - [28/Nov/2024:22:58:52 +0000] "GET /api/v1/data HTTP/1.1" 200 2497 "https://moore-tapia.biz" "Mozilla/5.0 (Windows NT 10.0; Win64; x64) AppleWebKit/537.36 (KHTML, like Gecko) Chrome/89.0.4389.82 Safari/537.36" "45.31.34.33"
192.168.0.2 - - [30/Nov/2024:22:58:52 +0000] "GET /api/v1/status HTTP/1.1" 404 1457 "https://fleming.net" "Mozilla/5.0 (Windows NT 6.1; WOW64; rv:33.0) Gecko/20100101 Firefox/33.0" "27.172.83.110"
192.168.0.1 - - [03/Dec/2024:22:58:52 +0000] "GET /api/v1/status HTTP/1.1" 200 1467 "https://white.com" "Mozilla/5.0 (Windows NT 10.0; Win64; x64) AppleWebKit/537.36 (KHTML, like Gecko) Chrome/89.0.4389.82 Safari/537.36" "83.100.241.229"
192.168.0.2 - - [20/Nov/2024:22:58:52 +0000] "GET /api/v1/login HTTP/1.1" 200 1698 "https://lopez-lane.info" "Mozilla/5.0 (Windows NT 6.1; WOW64; rv:33.0) Gecko/20100101 Firefox/33.0" "22.233.189.112"
192.168.0.2 - - [24/Nov/2024:22:58:52 +0000] "GET /api/v1/user HTTP/1.1" 301 4033 "https://morrow.biz" "Mozilla/5.0 (Windows NT 6.1; WOW64; rv:33.0) Gecko/20100101 Firefox/33.0" "80.122.244.108"
192.168.0.1 - - [20/Nov/2024:22:58:52 +0000] "GET /api/v1/resource HTTP/1.1" 401 4869 "https://wilson.net" "Mozilla/5.0 (Windows NT 10.0; Win64; x64) AppleWebKit/537.36 (KHTML, like Gecko) Chrome/90.0.4430.85 Safari/537.36" "172.154.134.207"
192.168.0.2 - - [14/Nov/2024:22:58:52 +0000] "GET /api/v1/resource HTTP/1.1" 404 2671 "https://stein.com" "Mozilla/5.0 (Windows NT 10.0; Win64; x64) AppleWebKit/537.36 (KHTML, like Gecko) Chrome/89.0.4389.82 Safari/537.36" "141.186.241.95"
192.168.0.1 - - [17/Nov/2024:22:58:52 +0000] "GET /api/v1/user HTTP/1.1" 301 4023 "https://morse.org" "Mozilla/5.0 (Windows NT 6.1; WOW64; rv:33.0) Gecko/20100101 Firefox/33.0" "191.203.50.255"
192.168.0.2 - - [16/Nov/2024:22:58:52 +0000] "GET /api/v1/status HTTP/1.1" 404 4047 "https://cochran-pena.com" "Mozilla/5.0 (Windows NT 10.0; Win64; x64) AppleWebKit/537.36 (KHTML, like Gecko) Chrome/89.0.4389.82 Safari/537.36" "6.200.167.168"
192.168.0.3 - - [03/Dec/2024:22:58:52 +0000] "GET /api/v1/status HTTP/1.1" 400 3702 "https://lowe-short.com" "Mozilla/5.0 (Windows NT 6.1; WOW64; rv:33.0) Gecko/20100101 Firefox/33.0" "123.246.3.131"
192.168.0.3 - - [10/Nov/2024:22:58:52 +0000] "GET /api/v1/user HTTP/1.1" 200 775 "https://boyer.org" "Mozilla/5.0 (Windows NT 6.1; WOW64; rv:33.0) Gecko/20100101 Firefox/33.0" "53.150.64.98"
192.168.0.2 - - [02/Dec/2024:22:58:52 +0000] "GET /api/v1/resource HTTP/1.1" 200 322 "https://williams.net" "Mozilla/5.0 (Windows NT 6.1; WOW64; rv:33.0) Gecko/20100101 Firefox/33.0" "105.19.73.233"
192.168.0.2 - - [25/Nov/2024:22:58:52 +0000] "GET /api/v1/login HTTP/1.1" 404 902 "https://lang.biz" "Mozilla/5.0 (Windows NT 10.0; Win64; x64) AppleWebKit/537.36 (KHTML, like Gecko) Chrome/90.0.4430.85 Safari/537.36" "196.179.107.129"
192.168.0.1 - - [17/Nov/2024:22:58:52 +0000] "GET /api/v1/data HTTP/1.1" 400 4837 "https://davis.net" "Mozilla/5.0 (Windows NT 6.1; WOW64; rv:33.0) Gecko/20100101 Firefox/33.0" "223.35.166.4"
192.168.0.2 - - [20/Nov/2024:22:58:52 +0000] "GET /api/v1/status HTTP/1.1" 404 948 "https://morales.com" "Mozilla/5.0 (Windows NT 10.0; Win64; x64) AppleWebKit/537.36 (KHTML, like Gecko) Chrome/89.0.4389.82 Safari/537.36" "46.6.29.241"
192.168.0.3 - - [07/Dec/2024:22:58:52 +0000] "GET /api/v1/resource HTTP/1.1" 301 1524 "https://martinez-reyes.com" "Mozilla/5.0 (Windows NT 6.1; WOW64; rv:33.0) Gecko/20100101 Firefox/33.0" "145.39.197.135"
192.168.0.3 - - [27/Nov/2024:22:58:52 +0000] "GET /api/v1/status HTTP/1.1" 401 1518 "https://torres-ramos.com" "Mozilla/5.0 (Windows NT 10.0; Win64; x64) AppleWebKit/537.36 (KHTML, like Gecko) Chrome/90.0.4430.85 Safari/537.36" "78.29.180.202"
192.168.0.2 - - [08/Nov/2024:22:58:52 +0000] "GET /api/v1/status HTTP/1.1" 500 726 "https://kennedy-wells.com" "Mozilla/5.0 (Windows NT 6.1; WOW64; rv:33.0) Gecko/20100101 Firefox/33.0" "1.69.110.244"
192.168.0.1 - - [08/Nov/2024:22:58:52 +0000] "GET /api/v1/user HTTP/1.1" 404 3302 "https://douglas.com" "Mozilla/5.0 (Windows NT 10.0; Win64; x64) AppleWebKit/537.36 (KHTML, like Gecko) Chrome/90.0.4430.85 Safari/537.36" "97.118.117.25"
192.168.0.2 - - [12/Nov/2024:22:58:52 +0000] "GET /api/v1/user HTTP/1.1" 500 2845 "https://green.com" "Mozilla/5.0 (Windows NT 10.0; Win64; x64) AppleWebKit/537.36 (KHTML, like Gecko) Chrome/90.0.4430.85 Safari/537.36" "33.88.118.225"
192.168.0.3 - - [09/Nov/2024:22:58:52 +0000] "GET /api/v1/login HTTP/1.1" 401 2426 "https://rodriguez-goodman.com" "Mozilla/5.0 (Windows NT 10.0; Win64; x64) AppleWebKit/537.36 (KHTML, like Gecko) Chrome/89.0.4389.82 Safari/537.36" "2.165.58.38"
192.168.0.2 - - [26/Nov/2024:22:58:52 +0000] "GET /api/v1/user HTTP/1.1" 200 3318 "https://carter.biz" "Mozilla/5.0 (Windows NT 10.0; Win64; x64) AppleWebKit/537.36 (KHTML, like Gecko) Chrome/89.0.4389.82 Safari/537.36" "191.178.156.108"
192.168.0.3 - - [11/Nov/2024:22:58:52 +0000] "GET /api/v1/status HTTP/1.1" 400 3922 "https://haynes-johnson.com" "Mozilla/5.0 (Windows NT 10.0; Win64; x64) AppleWebKit/537.36 (KHTML, like Gecko) Chrome/89.0.4389.82 Safari/537.36" "40.246.27.138"
192.168.0.3 - - [01/Dec/2024:22:58:52 +0000] "GET /api/v1/data HTTP/1.1" 301 1239 "https://gonzalez.com" "Mozilla/5.0 (Windows NT 10.0; Win64; x64) AppleWebKit/537.36 (KHTML, like Gecko) Chrome/89.0.4389.82 Safari/537.36" "68.58.182.120"
192.168.0.2 - - [14/Nov/2024:22:58:52 +0000] "GET /api/v1/status HTTP/1.1" 400 1549 "https://valencia-gaines.com" "Mozilla/5.0 (Windows NT 6.1; WOW64; rv:33.0) Gecko/20100101 Firefox/33.0" "163.177.85.24"
192.168.0.1 - - [14/Nov/2024:22:58:52 +0000] "GET /api/v1/login HTTP/1.1" 401 2342 "https://evans-decker.com" "Mozilla/5.0 (Windows NT 10.0; Win64; x64) AppleWebKit/537.36 (KHTML, like Gecko) Chrome/89.0.4389.82 Safari/537.36" "91.185.83.51"
192.168.0.1 - - [12/Nov/2024:22:58:52 +0000] "GET /api/v1/status HTTP/1.1" 400 2199 "https://hughes-thompson.net" "Mozilla/5.0 (Windows NT 10.0; Win64; x64) AppleWebKit/537.36 (KHTML, like Gecko) Chrome/90.0.4430.85 Safari/537.36" "18.132.9.74"
192.168.0.2 - - [07/Dec/2024:22:58:52 +0000] "GET /api/v1/login HTTP/1.1" 400 944 "https://young.com" "Mozilla/5.0 (Windows NT 6.1; WOW64; rv:33.0) Gecko/20100101 Firefox/33.0" "12.169.147.217"
192.168.0.1 - - [06/Dec/2024:22:58:52 +0000] "GET /api/v1/status HTTP/1.1" 500 4857 "https://davis.com" "Mozilla/5.0 (Windows NT 10.0; Win64; x64) AppleWebKit/537.36 (KHTML, like Gecko) Chrome/90.0.4430.85 Safari/537.36" "126.66.14.177"
192.168.0.2 - - [22/Nov/2024:22:58:52 +0000] "GET /api/v1/login HTTP/1.1" 301 3561 "https://carter.biz" "Mozilla/5.0 (Windows NT 10.0; Win64; x64) AppleWebKit/537.36 (KHTML, like Gecko) Chrome/89.0.4389.82 Safari/537.36" "150.198.184.166"
192.168.0.3 - - [04/Dec/2024:22:58:52 +0000] "GET /api/v1/status HTTP/1.1" 401 4885 "https://mccarthy.com" "Mozilla/5.0 (Windows NT 10.0; Win64; x64) AppleWebKit/537.36 (KHTML, like Gecko) Chrome/90.0.4430.85 Safari/537.36" "10.137.0.164"
192.168.0.3 - - [08/Dec/2024:22:58:52 +0000] "GET /api/v1/resource HTTP/1.1" 404 2605 "https://shannon.org" "Mozilla/5.0 (Windows NT 6.1; WOW64; rv:33.0) Gecko/20100101 Firefox/33.0" "195.92.11.41"
192.168.0.2 - - [23/Nov/2024:22:58:52 +0000] "GET /api/v1/data HTTP/1.1" 301 3807 "https://anderson.com" "Mozilla/5.0 (Windows NT 10.0; Win64; x64) AppleWebKit/537.36 (KHTML, like Gecko) Chrome/89.0.4389.82 Safari/537.36" "76.9.236.129"
192.168.0.2 - - [26/Nov/2024:22:58:52 +0000] "GET /api/v1/login HTTP/1.1" 400 3283 "https://ayers.com" "Mozilla/5.0 (Windows NT 10.0; Win64; x64) AppleWebKit/537.36 (KHTML, like Gecko) Chrome/90.0.4430.85 Safari/537.36" "87.228.214.54"
192.168.0.1 - - [05/Dec/2024:22:58:52 +0000] "GET /api/v1/user HTTP/1.1" 404 2948 "https://vang-conley.com" "Mozilla/5.0 (Windows NT 10.0; Win64; x64) AppleWebKit/537.36 (KHTML, like Gecko) Chrome/90.0.4430.85 Safari/537.36" "214.170.218.195"
192.168.0.1 - - [20/Nov/2024:22:58:52 +0000] "GET /api/v1/resource HTTP/1.1" 200 2163 "https://berger.org" "Mozilla/5.0 (Windows NT 10.0; Win64; x64) AppleWebKit/537.36 (KHTML, like Gecko) Chrome/90.0.4430.85 Safari/537.36" "159.87.13.60"
192.168.0.2 - - [01/Dec/2024:22:58:52 +0000] "GET /api/v1/resource HTTP/1.1" 500 3725 "https://young.com" "Mozilla/5.0 (Windows NT 10.0; Win64; x64) AppleWebKit/537.36 (KHTML, like Gecko) Chrome/89.0.4389.82 Safari/537.36" "170.249.249.26"
192.168.0.1 - - [21/Nov/2024:22:58:52 +0000] "GET /api/v1/data HTTP/1.1" 400 880 "https://paul.org" "Mozilla/5.0 (Windows NT 6.1; WOW64; rv:33.0) Gecko/20100101 Firefox/33.0" "189.192.151.140"
192.168.0.2 - - [07/Dec/2024:22:58:52 +0000] "GET /api/v1/status HTTP/1.1" 301 2570 "https://jones.info" "Mozilla/5.0 (Windows NT 10.0; Win64; x64) AppleWebKit/537.36 (KHTML, like Gecko) Chrome/89.0.4389.82 Safari/537.36" "186.241.22.83"
192.168.0.2 - - [21/Nov/2024:22:58:52 +0000] "GET /api/v1/status HTTP/1.1" 500 3326 "https://martin.org" "Mozilla/5.0 (Windows NT 10.0; Win64; x64) AppleWebKit/537.36 (KHTML, like Gecko) Chrome/90.0.4430.85 Safari/537.36" "176.65.80.189"
192.168.0.1 - - [18/Nov/2024:22:58:52 +0000] "GET /api/v1/status HTTP/1.1" 200 592 "https://crawford-barron.com" "Mozilla/5.0 (Windows NT 10.0; Win64; x64) AppleWebKit/537.36 (KHTML, like Gecko) Chrome/90.0.4430.85 Safari/537.36" "91.158.247.79"
192.168.0.1 - - [15/Nov/2024:22:58:52 +0000] "GET /api/v1/status HTTP/1.1" 404 2622 "https://hammond.com" "Mozilla/5.0 (Windows NT 10.0; Win64; x64) AppleWebKit/537.36 (KHTML, like Gecko) Chrome/89.0.4389.82 Safari/537.36" "187.226.227.177"
192.168.0.1 - - [10/Nov/2024:22:58:52 +0000] "GET /api/v1/resource HTTP/1.1" 401 4989 "https://day-bennett.com" "Mozilla/5.0 (Windows NT 6.1; WOW64; rv:33.0) Gecko/20100101 Firefox/33.0" "182.37.19.65"
192.168.0.2 - - [17/Nov/2024:22:58:52 +0000] "GET /api/v1/resource HTTP/1.1" 404 2047 "https://dorsey.net" "Mozilla/5.0 (Windows NT 10.0; Win64; x64) AppleWebKit/537.36 (KHTML, like Gecko) Chrome/90.0.4430.85 Safari/537.36" "60.128.219.130"
192.168.0.1 - - [18/Nov/2024:22:58:52 +0000] "GET /api/v1/status HTTP/1.1" 401 3193 "https://white-klein.com" "Mozilla/5.0 (Windows NT 10.0; Win64; x64) AppleWebKit/537.36 (KHTML, like Gecko) Chrome/90.0.4430.85 Safari/537.36" "14.231.229.202"
192.168.0.2 - - [14/Nov/2024:22:58:52 +0000] "GET /api/v1/resource HTTP/1.1" 401 3023 "https://martin-smith.biz" "Mozilla/5.0 (Windows NT 6.1; WOW64; rv:33.0) Gecko/20100101 Firefox/33.0" "202.202.250.184"
192.168.0.1 - - [14/Nov/2024:22:58:52 +0000] "GET /api/v1/data HTTP/1.1" 400 1684 "https://wilson.com" "Mozilla/5.0 (Windows NT 10.0; Win64; x64) AppleWebKit/537.36 (KHTML, like Gecko) Chrome/90.0.4430.85 Safari/537.36" "223.37.216.158"
192.168.0.2 - - [18/Nov/2024:22:58:52 +0000] "GET /api/v1/data HTTP/1.1" 404 2009 "https://jenkins.com" "Mozilla/5.0 (Windows NT 6.1; WOW64; rv:33.0) Gecko/20100101 Firefox/33.0" "43.240.143.136"
192.168.0.3 - - [17/Nov/2024:22:58:52 +0000] "GET /api/v1/data HTTP/1.1" 404 334 "https://reed-kidd.com" "Mozilla/5.0 (Windows NT 10.0; Win64; x64) AppleWebKit/537.36 (KHTML, like Gecko) Chrome/89.0.4389.82 Safari/537.36" "201.226.195.223"
192.168.0.1 - - [07/Dec/2024:22:58:52 +0000] "GET /api/v1/user HTTP/1.1" 400 2692 "https://stevenson.com" "Mozilla/5.0 (Windows NT 10.0; Win64; x64) AppleWebKit/537.36 (KHTML, like Gecko) Chrome/90.0.4430.85 Safari/537.36" "140.207.214.230"
192.168.0.1 - - [19/Nov/2024:22:58:52 +0000] "GET /api/v1/resource HTTP/1.1" 400 3468 "https://davis-johnson.org" "Mozilla/5.0 (Windows NT 6.1; WOW64; rv:33.0) Gecko/20100101 Firefox/33.0" "80.52.171.128"
192.168.0.1 - - [28/Nov/2024:22:58:52 +0000] "GET /api/v1/login HTTP/1.1" 404 633 "https://horton.com" "Mozilla/5.0 (Windows NT 10.0; Win64; x64) AppleWebKit/537.36 (KHTML, like Gecko) Chrome/89.0.4389.82 Safari/537.36" "85.27.127.179"
192.168.0.2 - - [19/Nov/2024:22:58:52 +0000] "GET /api/v1/user HTTP/1.1" 500 2819 "https://fuentes-mathews.com" "Mozilla/5.0 (Windows NT 10.0; Win64; x64) AppleWebKit/537.36 (KHTML, like Gecko) Chrome/90.0.4430.85 Safari/537.36" "180.96.167.222"
192.168.0.1 - - [12/Nov/2024:22:58:52 +0000] "GET /api/v1/login HTTP/1.1" 200 443 "https://fuller.com" "Mozilla/5.0 (Windows NT 6.1; WOW64; rv:33.0) Gecko/20100101 Firefox/33.0" "73.82.225.90"
192.168.0.3 - - [15/Nov/2024:22:58:52 +0000] "GET /api/v1/resource HTTP/1.1" 200 2675 "https://smith.com" "Mozilla/5.0 (Windows NT 10.0; Win64; x64) AppleWebKit/537.36 (KHTML, like Gecko) Chrome/89.0.4389.82 Safari/537.36" "187.169.107.55"
192.168.0.2 - - [09/Nov/2024:22:58:52 +0000] "GET /api/v1/resource HTTP/1.1" 301 2613 "https://moran-lopez.biz" "Mozilla/5.0 (Windows NT 10.0; Win64; x64) AppleWebKit/537.36 (KHTML, like Gecko) Chrome/90.0.4430.85 Safari/537.36" "107.6.96.141"
192.168.0.3 - - [08/Nov/2024:22:58:52 +0000] "GET /api/v1/status HTTP/1.1" 400 4755 "https://holt.com" "Mozilla/5.0 (Windows NT 10.0; Win64; x64) AppleWebKit/537.36 (KHTML, like Gecko) Chrome/90.0.4430.85 Safari/537.36" "129.42.251.97"
192.168.0.1 - - [06/Dec/2024:22:58:52 +0000] "GET /api/v1/status HTTP/1.1" 404 3849 "https://horn.com" "Mozilla/5.0 (Windows NT 6.1; WOW64; rv:33.0) Gecko/20100101 Firefox/33.0" "113.194.50.254"
192.168.0.2 - - [23/Nov/2024:22:58:52 +0000] "GET /api/v1/status HTTP/1.1" 404 3280 "https://hodge-aguilar.com" "Mozilla/5.0 (Windows NT 6.1; WOW64; rv:33.0) Gecko/20100101 Firefox/33.0" "117.82.196.80"
192.168.0.1 - - [15/Nov/2024:22:58:52 +0000] "GET /api/v1/status HTTP/1.1" 404 4312 "https://patel.com" "Mozilla/5.0 (Windows NT 10.0; Win64; x64) AppleWebKit/537.36 (KHTML, like Gecko) Chrome/89.0.4389.82 Safari/537.36" "48.134.247.55"
192.168.0.1 - - [11/Nov/2024:22:58:52 +0000] "GET /api/v1/resource HTTP/1.1" 401 3935 "https://bryant.com" "Mozilla/5.0 (Windows NT 10.0; Win64; x64) AppleWebKit/537.36 (KHTML, like Gecko) Chrome/89.0.4389.82 Safari/537.36" "114.28.162.132"
192.168.0.1 - - [12/Nov/2024:22:58:52 +0000] "GET /api/v1/data HTTP/1.1" 500 2855 "https://wells-garcia.biz" "Mozilla/5.0 (Windows NT 10.0; Win64; x64) AppleWebKit/537.36 (KHTML, like Gecko) Chrome/90.0.4430.85 Safari/537.36" "194.18.83.210"
192.168.0.3 - - [16/Nov/2024:22:58:52 +0000] "GET /api/v1/login HTTP/1.1" 401 3853 "https://oneill.com" "Mozilla/5.0 (Windows NT 6.1; WOW64; rv:33.0) Gecko/20100101 Firefox/33.0" "1.93.38.33"
192.168.0.1 - - [04/Dec/2024:22:58:52 +0000] "GET /api/v1/login HTTP/1.1" 200 1977 "https://parker.com" "Mozilla/5.0 (Windows NT 10.0; Win64; x64) AppleWebKit/537.36 (KHTML, like Gecko) Chrome/90.0.4430.85 Safari/537.36" "144.186.117.204"
192.168.0.3 - - [05/Dec/2024:22:58:52 +0000] "GET /api/v1/login HTTP/1.1" 500 621 "https://rogers-wilson.com" "Mozilla/5.0 (Windows NT 10.0; Win64; x64) AppleWebKit/537.36 (KHTML, like Gecko) Chrome/90.0.4430.85 Safari/537.36" "217.16.110.115"
192.168.0.3 - - [23/Nov/2024:22:58:52 +0000] "GET /api/v1/resource HTTP/1.1" 400 1347 "https://silva.com" "Mozilla/5.0 (Windows NT 10.0; Win64; x64) AppleWebKit/537.36 (KHTML, like Gecko) Chrome/89.0.4389.82 Safari/537.36" "45.77.251.31"
192.168.0.3 - - [27/Nov/2024:22:58:52 +0000] "GET /api/v1/user HTTP/1.1" 500 1522 "https://baker.net" "Mozilla/5.0 (Windows NT 10.0; Win64; x64) AppleWebKit/537.36 (KHTML, like Gecko) Chrome/90.0.4430.85 Safari/537.36" "104.51.105.164"
192.168.0.3 - - [07/Dec/2024:22:58:52 +0000] "GET /api/v1/resource HTTP/1.1" 401 1308 "https://lynch-gilmore.com" "Mozilla/5.0 (Windows NT 6.1; WOW64; rv:33.0) Gecko/20100101 Firefox/33.0" "166.156.216.37"
192.168.0.2 - - [20/Nov/2024:22:58:52 +0000] "GET /api/v1/user HTTP/1.1" 500 3980 "https://garcia.com" "Mozilla/5.0 (Windows NT 10.0; Win64; x64) AppleWebKit/537.36 (KHTML, like Gecko) Chrome/90.0.4430.85 Safari/537.36" "42.63.58.141"
192.168.0.2 - - [03/Dec/2024:22:58:52 +0000] "GET /api/v1/user HTTP/1.1" 400 3573 "https://daniel.biz" "Mozilla/5.0 (Windows NT 6.1; WOW64; rv:33.0) Gecko/20100101 Firefox/33.0" "1.57.242.86"
192.168.0.3 - - [15/Nov/2024:22:58:52 +0000] "GET /api/v1/status HTTP/1.1" 404 3618 "https://larson-davis.net" "Mozilla/5.0 (Windows NT 6.1; WOW64; rv:33.0) Gecko/20100101 Firefox/33.0" "160.8.162.5"
192.168.0.3 - - [20/Nov/2024:22:58:52 +0000] "GET /api/v1/login HTTP/1.1" 301 2263 "https://hart-morrison.net" "Mozilla/5.0 (Windows NT 10.0; Win64; x64) AppleWebKit/537.36 (KHTML, like Gecko) Chrome/90.0.4430.85 Safari/537.36" "123.66.64.13"
192.168.0.1 - - [08/Dec/2024:22:58:52 +0000] "GET /api/v1/data HTTP/1.1" 404 2405 "https://bates-lara.com" "Mozilla/5.0 (Windows NT 10.0; Win64; x64) AppleWebKit/537.36 (KHTML, like Gecko) Chrome/89.0.4389.82 Safari/537.36" "51.73.45.176"
192.168.0.2 - - [24/Nov/2024:22:58:52 +0000] "GET /api/v1/resource HTTP/1.1" 404 2959 "https://greer-gordon.com" "Mozilla/5.0 (Windows NT 6.1; WOW64; rv:33.0) Gecko/20100101 Firefox/33.0" "133.246.21.150"
192.168.0.2 - - [04/Dec/2024:22:58:52 +0000] "GET /api/v1/user HTTP/1.1" 200 2793 "https://taylor.com" "Mozilla/5.0 (Windows NT 6.1; WOW64; rv:33.0) Gecko/20100101 Firefox/33.0" "188.51.34.78"
192.168.0.2 - - [28/Nov/2024:22:58:52 +0000] "GET /api/v1/data HTTP/1.1" 404 4471 "https://anderson-moore.biz" "Mozilla/5.0 (Windows NT 10.0; Win64; x64) AppleWebKit/537.36 (KHTML, like Gecko) Chrome/89.0.4389.82 Safari/537.36" "185.44.39.178"
192.168.0.1 - - [29/Nov/2024:22:58:52 +0000] "GET /api/v1/data HTTP/1.1" 301 1390 "https://harper-moore.org" "Mozilla/5.0 (Windows NT 10.0; Win64; x64) AppleWebKit/537.36 (KHTML, like Gecko) Chrome/89.0.4389.82 Safari/537.36" "121.223.139.22"
192.168.0.3 - - [19/Nov/2024:22:58:52 +0000] "GET /api/v1/user HTTP/1.1" 500 1512 "https://morgan-townsend.org" "Mozilla/5.0 (Windows NT 6.1; WOW64; rv:33.0) Gecko/20100101 Firefox/33.0" "152.205.159.227"
192.168.0.2 - - [19/Nov/2024:22:58:52 +0000] "GET /api/v1/resource HTTP/1.1" 400 1689 "https://reeves.biz" "Mozilla/5.0 (Windows NT 10.0; Win64; x64) AppleWebKit/537.36 (KHTML, like Gecko) Chrome/89.0.4389.82 Safari/537.36" "136.228.197.118"
192.168.0.3 - - [26/Nov/2024:22:58:52 +0000] "GET /api/v1/status HTTP/1.1" 401 199 "https://oneill.org" "Mozilla/5.0 (Windows NT 6.1; WOW64; rv:33.0) Gecko/20100101 Firefox/33.0" "199.42.12.11"
192.168.0.1 - - [07/Dec/2024:22:58:52 +0000] "GET /api/v1/login HTTP/1.1" 400 1395 "https://foster.info" "Mozilla/5.0 (Windows NT 10.0; Win64; x64) AppleWebKit/537.36 (KHTML, like Gecko) Chrome/89.0.4389.82 Safari/537.36" "168.170.45.13"
192.168.0.2 - - [26/Nov/2024:22:58:52 +0000] "GET /api/v1/user HTTP/1.1" 301 929 "https://anderson.com" "Mozilla/5.0 (Windows NT 6.1; WOW64; rv:33.0) Gecko/20100101 Firefox/33.0" "184.2.115.57"
192.168.0.3 - - [20/Nov/2024:22:58:52 +0000] "GET /api/v1/resource HTTP/1.1" 500 2367 "https://ingram.com" "Mozilla/5.0 (Windows NT 10.0; Win64; x64) AppleWebKit/537.36 (KHTML, like Gecko) Chrome/90.0.4430.85 Safari/537.36" "95.214.56.88"
192.168.0.1 - - [11/Nov/2024:22:58:52 +0000] "GET /api/v1/login HTTP/1.1" 301 3911 "https://burch.com" "Mozilla/5.0 (Windows NT 10.0; Win64; x64) AppleWebKit/537.36 (KHTML, like Gecko) Chrome/89.0.4389.82 Safari/537.36" "210.68.94.200"
192.168.0.1 - - [19/Nov/2024:22:58:52 +0000] "GET /api/v1/status HTTP/1.1" 404 3465 "https://garcia.info" "Mozilla/5.0 (Windows NT 6.1; WOW64; rv:33.0) Gecko/20100101 Firefox/33.0" "93.8.149.94"
192.168.0.3 - - [10/Nov/2024:22:58:52 +0000] "GET /api/v1/data HTTP/1.1" 500 3920 "https://hughes.org" "Mozilla/5.0 (Windows NT 10.0; Win64; x64) AppleWebKit/537.36 (KHTML, like Gecko) Chrome/89.0.4389.82 Safari/537.36" "118.207.232.120"
192.168.0.2 - - [23/Nov/2024:22:58:52 +0000] "GET /api/v1/user HTTP/1.1" 200 403 "https://garrett.com" "Mozilla/5.0 (Windows NT 10.0; Win64; x64) AppleWebKit/537.36 (KHTML, like Gecko) Chrome/89.0.4389.82 Safari/537.36" "23.223.7.236"
192.168.0.3 - - [08/Nov/2024:22:58:52 +0000] "GET /api/v1/data HTTP/1.1" 404 682 "https://thomas.com" "Mozilla/5.0 (Windows NT 10.0; Win64; x64) AppleWebKit/537.36 (KHTML, like Gecko) Chrome/90.0.4430.85 Safari/537.36" "163.186.254.5"
192.168.0.1 - - [08/Dec/2024:22:58:52 +0000] "GET /api/v1/resource HTTP/1.1" 301 1527 "https://berg.org" "Mozilla/5.0 (Windows NT 6.1; WOW64; rv:33.0) Gecko/20100101 Firefox/33.0" "165.135.250.10"
192.168.0.1 - - [18/Nov/2024:22:58:52 +0000] "GET /api/v1/user HTTP/1.1" 400 2728 "https://ray.info" "Mozilla/5.0 (Windows NT 10.0; Win64; x64) AppleWebKit/537.36 (KHTML, like Gecko) Chrome/90.0.4430.85 Safari/537.36" "65.129.39.173"
192.168.0.1 - - [27/Nov/2024:22:58:52 +0000] "GET /api/v1/data HTTP/1.1" 500 1776 "https://lee.biz" "Mozilla/5.0 (Windows NT 10.0; Win64; x64) AppleWebKit/537.36 (KHTML, like Gecko) Chrome/90.0.4430.85 Safari/537.36" "15.97.2.73"
192.168.0.1 - - [15/Nov/2024:22:58:52 +0000] "GET /api/v1/resource HTTP/1.1" 400 1724 "https://jacobs.com" "Mozilla/5.0 (Windows NT 10.0; Win64; x64) AppleWebKit/537.36 (KHTML, like Gecko) Chrome/89.0.4389.82 Safari/537.36" "212.187.81.23"
192.168.0.3 - - [21/Nov/2024:22:58:52 +0000] "GET /api/v1/resource HTTP/1.1" 401 1315 "https://miller-chapman.com" "Mozilla/5.0 (Windows NT 10.0; Win64; x64) AppleWebKit/537.36 (KHTML, like Gecko) Chrome/90.0.4430.85 Safari/537.36" "195.14.117.99"
192.168.0.3 - - [22/Nov/2024:22:58:52 +0000] "GET /api/v1/user HTTP/1.1" 404 956 "https://boyd-young.info" "Mozilla/5.0 (Windows NT 10.0; Win64; x64) AppleWebKit/537.36 (KHTML, like Gecko) Chrome/90.0.4430.85 Safari/537.36" "40.154.254.175"
192.168.0.1 - - [07/Dec/2024:22:58:52 +0000] "GET /api/v1/user HTTP/1.1" 500 3915 "https://tate-davis.com" "Mozilla/5.0 (Windows NT 10.0; Win64; x64) AppleWebKit/537.36 (KHTML, like Gecko) Chrome/89.0.4389.82 Safari/537.36" "22.69.158.80"
192.168.0.1 - - [19/Nov/2024:22:58:52 +0000] "GET /api/v1/login HTTP/1.1" 200 4821 "https://galloway.com" "Mozilla/5.0 (Windows NT 10.0; Win64; x64) AppleWebKit/537.36 (KHTML, like Gecko) Chrome/90.0.4430.85 Safari/537.36" "168.60.102.173"
192.168.0.2 - - [09/Nov/2024:22:58:52 +0000] "GET /api/v1/login HTTP/1.1" 404 3536 "https://guzman.com" "Mozilla/5.0 (Windows NT 10.0; Win64; x64) AppleWebKit/537.36 (KHTML, like Gecko) Chrome/90.0.4430.85 Safari/537.36" "111.128.24.190"
192.168.0.1 - - [05/Dec/2024:22:58:52 +0000] "GET /api/v1/data HTTP/1.1" 200 871 "https://clark-martinez.org" "Mozilla/5.0 (Windows NT 6.1; WOW64; rv:33.0) Gecko/20100101 Firefox/33.0" "50.230.123.234"
192.168.0.1 - - [21/Nov/2024:22:58:52 +0000] "GET /api/v1/user HTTP/1.1" 301 3844 "https://huff.com" "Mozilla/5.0 (Windows NT 10.0; Win64; x64) AppleWebKit/537.36 (KHTML, like Gecko) Chrome/89.0.4389.82 Safari/537.36" "149.221.47.103"
192.168.0.1 - - [13/Nov/2024:22:58:52 +0000] "GET /api/v1/user HTTP/1.1" 401 4452 "https://washington-snow.com" "Mozilla/5.0 (Windows NT 10.0; Win64; x64) AppleWebKit/537.36 (KHTML, like Gecko) Chrome/89.0.4389.82 Safari/537.36" "70.119.155.143"
192.168.0.3 - - [18/Nov/2024:22:58:52 +0000] "GET /api/v1/login HTTP/1.1" 200 700 "https://mccullough-wood.com" "Mozilla/5.0 (Windows NT 10.0; Win64; x64) AppleWebKit/537.36 (KHTML, like Gecko) Chrome/89.0.4389.82 Safari/537.36" "91.201.246.38"
192.168.0.2 - - [10/Nov/2024:22:58:52 +0000] "GET /api/v1/resource HTTP/1.1" 500 965 "https://cain-miller.com" "Mozilla/5.0 (Windows NT 10.0; Win64; x64) AppleWebKit/537.36 (KHTML, like Gecko) Chrome/90.0.4430.85 Safari/537.36" "35.179.163.149"
192.168.0.2 - - [10/Nov/2024:22:58:52 +0000] "GET /api/v1/resource HTTP/1.1" 404 2180 "https://knight.net" "Mozilla/5.0 (Windows NT 10.0; Win64; x64) AppleWebKit/537.36 (KHTML, like Gecko) Chrome/89.0.4389.82 Safari/537.36" "71.145.83.153"
192.168.0.3 - - [12/Nov/2024:22:58:52 +0000] "GET /api/v1/login HTTP/1.1" 401 4042 "https://smith.com" "Mozilla/5.0 (Windows NT 10.0; Win64; x64) AppleWebKit/537.36 (KHTML, like Gecko) Chrome/89.0.4389.82 Safari/537.36" "200.25.109.176"
192.168.0.3 - - [03/Dec/2024:22:58:52 +0000] "GET /api/v1/resource HTTP/1.1" 401 152 "https://hunt.info" "Mozilla/5.0 (Windows NT 10.0; Win64; x64) AppleWebKit/537.36 (KHTML, like Gecko) Chrome/89.0.4389.82 Safari/537.36" "84.50.83.47"
192.168.0.3 - - [22/Nov/2024:22:58:52 +0000] "GET /api/v1/user HTTP/1.1" 404 849 "https://mccarty.com" "Mozilla/5.0 (Windows NT 10.0; Win64; x64) AppleWebKit/537.36 (KHTML, like Gecko) Chrome/90.0.4430.85 Safari/537.36" "163.200.239.197"
192.168.0.3 - - [10/Nov/2024:22:58:52 +0000] "GET /api/v1/data HTTP/1.1" 301 4798 "https://kennedy-mercado.org" "Mozilla/5.0 (Windows NT 10.0; Win64; x64) AppleWebKit/537.36 (KHTML, like Gecko) Chrome/90.0.4430.85 Safari/537.36" "137.124.28.248"
192.168.0.1 - - [03/Dec/2024:22:58:52 +0000] "GET /api/v1/login HTTP/1.1" 401 1438 "https://edwards-cunningham.org" "Mozilla/5.0 (Windows NT 6.1; WOW64; rv:33.0) Gecko/20100101 Firefox/33.0" "115.104.179.207"
192.168.0.3 - - [02/Dec/2024:22:58:52 +0000] "GET /api/v1/login HTTP/1.1" 200 3407 "https://armstrong.org" "Mozilla/5.0 (Windows NT 10.0; Win64; x64) AppleWebKit/537.36 (KHTML, like Gecko) Chrome/90.0.4430.85 Safari/537.36" "198.1.187.235"
192.168.0.3 - - [26/Nov/2024:22:58:52 +0000] "GET /api/v1/login HTTP/1.1" 400 3085 "https://jimenez-hammond.com" "Mozilla/5.0 (Windows NT 10.0; Win64; x64) AppleWebKit/537.36 (KHTML, like Gecko) Chrome/89.0.4389.82 Safari/537.36" "81.122.128.148"
192.168.0.1 - - [14/Nov/2024:22:58:52 +0000] "GET /api/v1/status HTTP/1.1" 200 596 "https://white.info" "Mozilla/5.0 (Windows NT 6.1; WOW64; rv:33.0) Gecko/20100101 Firefox/33.0" "155.215.123.43"
192.168.0.2 - - [06/Dec/2024:22:58:52 +0000] "GET /api/v1/data HTTP/1.1" 500 3483 "https://lozano.org" "Mozilla/5.0 (Windows NT 6.1; WOW64; rv:33.0) Gecko/20100101 Firefox/33.0" "223.94.111.16"
192.168.0.2 - - [19/Nov/2024:22:58:52 +0000] "GET /api/v1/login HTTP/1.1" 500 4821 "https://freeman-moore.biz" "Mozilla/5.0 (Windows NT 10.0; Win64; x64) AppleWebKit/537.36 (KHTML, like Gecko) Chrome/89.0.4389.82 Safari/537.36" "133.46.96.105"
192.168.0.1 - - [12/Nov/2024:22:58:52 +0000] "GET /api/v1/user HTTP/1.1" 301 2228 "https://hartman.com" "Mozilla/5.0 (Windows NT 6.1; WOW64; rv:33.0) Gecko/20100101 Firefox/33.0" "148.238.232.37"
192.168.0.3 - - [30/Nov/2024:22:58:52 +0000] "GET /api/v1/user HTTP/1.1" 200 2618 "https://johnson.com" "Mozilla/5.0 (Windows NT 6.1; WOW64; rv:33.0) Gecko/20100101 Firefox/33.0" "154.214.110.106"
192.168.0.2 - - [11/Nov/2024:22:58:52 +0000] "GET /api/v1/status HTTP/1.1" 200 2542 "https://gardner-baker.net" "Mozilla/5.0 (Windows NT 6.1; WOW64; rv:33.0) Gecko/20100101 Firefox/33.0" "100.2.114.42"
192.168.0.2 - - [25/Nov/2024:22:58:52 +0000] "GET /api/v1/login HTTP/1.1" 500 594 "https://doyle.com" "Mozilla/5.0 (Windows NT 6.1; WOW64; rv:33.0) Gecko/20100101 Firefox/33.0" "86.21.49.47"
192.168.0.2 - - [06/Dec/2024:22:58:52 +0000] "GET /api/v1/user HTTP/1.1" 404 2645 "https://moore.com" "Mozilla/5.0 (Windows NT 10.0; Win64; x64) AppleWebKit/537.36 (KHTML, like Gecko) Chrome/90.0.4430.85 Safari/537.36" "50.223.94.40"
192.168.0.2 - - [28/Nov/2024:22:58:52 +0000] "GET /api/v1/status HTTP/1.1" 400 4960 "https://reynolds-martinez.com" "Mozilla/5.0 (Windows NT 10.0; Win64; x64) AppleWebKit/537.36 (KHTML, like Gecko) Chrome/89.0.4389.82 Safari/537.36" "2.2.179.152"
192.168.0.2 - - [18/Nov/2024:22:58:52 +0000] "GET /api/v1/data HTTP/1.1" 200 568 "https://pennington-bell.com" "Mozilla/5.0 (Windows NT 10.0; Win64; x64) AppleWebKit/537.36 (KHTML, like Gecko) Chrome/89.0.4389.82 Safari/537.36" "30.46.97.201"
192.168.0.2 - - [13/Nov/2024:22:58:52 +0000] "GET /api/v1/data HTTP/1.1" 500 4388 "https://graham.com" "Mozilla/5.0 (Windows NT 10.0; Win64; x64) AppleWebKit/537.36 (KHTML, like Gecko) Chrome/90.0.4430.85 Safari/537.36" "159.39.219.123"
192.168.0.1 - - [08/Dec/2024:22:58:52 +0000] "GET /api/v1/status HTTP/1.1" 404 150 "https://ellis-smith.com" "Mozilla/5.0 (Windows NT 10.0; Win64; x64) AppleWebKit/537.36 (KHTML, like Gecko) Chrome/89.0.4389.82 Safari/537.36" "196.21.76.134"
192.168.0.3 - - [12/Nov/2024:22:58:52 +0000] "GET /api/v1/data HTTP/1.1" 401 4777 "https://henry.com" "Mozilla/5.0 (Windows NT 10.0; Win64; x64) AppleWebKit/537.36 (KHTML, like Gecko) Chrome/89.0.4389.82 Safari/537.36" "187.229.207.203"
192.168.0.2 - - [30/Nov/2024:22:58:52 +0000] "GET /api/v1/resource HTTP/1.1" 400 2436 "https://rush.com" "Mozilla/5.0 (Windows NT 6.1; WOW64; rv:33.0) Gecko/20100101 Firefox/33.0" "181.20.231.133"
192.168.0.3 - - [06/Dec/2024:22:58:52 +0000] "GET /api/v1/user HTTP/1.1" 404 4286 "https://calhoun-clark.biz" "Mozilla/5.0 (Windows NT 10.0; Win64; x64) AppleWebKit/537.36 (KHTML, like Gecko) Chrome/90.0.4430.85 Safari/537.36" "52.247.138.130"
192.168.0.3 - - [09/Nov/2024:22:58:52 +0000] "GET /api/v1/resource HTTP/1.1" 404 571 "https://joyce.org" "Mozilla/5.0 (Windows NT 10.0; Win64; x64) AppleWebKit/537.36 (KHTML, like Gecko) Chrome/90.0.4430.85 Safari/537.36" "46.131.194.43"
192.168.0.1 - - [07/Dec/2024:22:58:52 +0000] "GET /api/v1/user HTTP/1.1" 401 4898 "https://cole.com" "Mozilla/5.0 (Windows NT 10.0; Win64; x64) AppleWebKit/537.36 (KHTML, like Gecko) Chrome/90.0.4430.85 Safari/537.36" "36.197.255.5"
192.168.0.3 - - [08/Nov/2024:22:58:52 +0000] "GET /api/v1/user HTTP/1.1" 401 1492 "https://heath.com" "Mozilla/5.0 (Windows NT 10.0; Win64; x64) AppleWebKit/537.36 (KHTML, like Gecko) Chrome/90.0.4430.85 Safari/537.36" "178.147.105.142"
192.168.0.2 - - [24/Nov/2024:22:58:52 +0000] "GET /api/v1/status HTTP/1.1" 401 3886 "https://meyer-james.com" "Mozilla/5.0 (Windows NT 10.0; Win64; x64) AppleWebKit/537.36 (KHTML, like Gecko) Chrome/89.0.4389.82 Safari/537.36" "51.122.242.238"
192.168.0.1 - - [13/Nov/2024:22:58:52 +0000] "GET /api/v1/login HTTP/1.1" 301 3760 "https://miller.info" "Mozilla/5.0 (Windows NT 6.1; WOW64; rv:33.0) Gecko/20100101 Firefox/33.0" "107.104.228.217"
192.168.0.3 - - [16/Nov/2024:22:58:52 +0000] "GET /api/v1/resource HTTP/1.1" 301 4703 "https://lewis-duncan.org" "Mozilla/5.0 (Windows NT 10.0; Win64; x64) AppleWebKit/537.36 (KHTML, like Gecko) Chrome/89.0.4389.82 Safari/537.36" "53.22.168.208"
192.168.0.2 - - [13/Nov/2024:22:58:52 +0000] "GET /api/v1/status HTTP/1.1" 404 4922 "https://bauer.com" "Mozilla/5.0 (Windows NT 6.1; WOW64; rv:33.0) Gecko/20100101 Firefox/33.0" "16.13.167.71"
192.168.0.3 - - [09/Nov/2024:22:58:52 +0000] "GET /api/v1/data HTTP/1.1" 404 3334 "https://lane-lewis.net" "Mozilla/5.0 (Windows NT 10.0; Win64; x64) AppleWebKit/537.36 (KHTML, like Gecko) Chrome/90.0.4430.85 Safari/537.36" "131.131.39.123"
192.168.0.2 - - [28/Nov/2024:22:58:52 +0000] "GET /api/v1/user HTTP/1.1" 400 1006 "https://peterson.com" "Mozilla/5.0 (Windows NT 6.1; WOW64; rv:33.0) Gecko/20100101 Firefox/33.0" "204.249.254.26"
192.168.0.1 - - [22/Nov/2024:22:58:52 +0000] "GET /api/v1/data HTTP/1.1" 401 745 "https://hayes.com" "Mozilla/5.0 (Windows NT 6.1; WOW64; rv:33.0) Gecko/20100101 Firefox/33.0" "204.149.44.98"
192.168.0.2 - - [27/Nov/2024:22:58:52 +0000] "GET /api/v1/login HTTP/1.1" 200 2045 "https://daniels-wong.com" "Mozilla/5.0 (Windows NT 6.1; WOW64; rv:33.0) Gecko/20100101 Firefox/33.0" "126.199.181.222"
192.168.0.2 - - [06/Dec/2024:22:58:52 +0000] "GET /api/v1/user HTTP/1.1" 301 260 "https://ramirez-strong.com" "Mozilla/5.0 (Windows NT 6.1; WOW64; rv:33.0) Gecko/20100101 Firefox/33.0" "61.117.6.82"
192.168.0.1 - - [03/Dec/2024:22:58:52 +0000] "GET /api/v1/login HTTP/1.1" 400 2365 "https://parrish-scott.com" "Mozilla/5.0 (Windows NT 10.0; Win64; x64) AppleWebKit/537.36 (KHTML, like Gecko) Chrome/90.0.4430.85 Safari/537.36" "180.88.190.36"
192.168.0.1 - - [16/Nov/2024:22:58:52 +0000] "GET /api/v1/resource HTTP/1.1" 401 3448 "https://frye.com" "Mozilla/5.0 (Windows NT 6.1; WOW64; rv:33.0) Gecko/20100101 Firefox/33.0" "108.54.175.208"
192.168.0.2 - - [17/Nov/2024:22:58:52 +0000] "GET /api/v1/data HTTP/1.1" 404 3787 "https://dorsey-moore.com" "Mozilla/5.0 (Windows NT 10.0; Win64; x64) AppleWebKit/537.36 (KHTML, like Gecko) Chrome/89.0.4389.82 Safari/537.36" "125.113.90.124"
192.168.0.2 - - [19/Nov/2024:22:58:52 +0000] "GET /api/v1/login HTTP/1.1" 404 1126 "https://atkins.com" "Mozilla/5.0 (Windows NT 10.0; Win64; x64) AppleWebKit/537.36 (KHTML, like Gecko) Chrome/89.0.4389.82 Safari/537.36" "73.34.206.192"
192.168.0.1 - - [02/Dec/2024:22:58:52 +0000] "GET /api/v1/status HTTP/1.1" 404 339 "https://shepherd.biz" "Mozilla/5.0 (Windows NT 6.1; WOW64; rv:33.0) Gecko/20100101 Firefox/33.0" "187.0.39.102"
192.168.0.1 - - [05/Dec/2024:22:58:52 +0000] "GET /api/v1/data HTTP/1.1" 500 2127 "https://perkins.com" "Mozilla/5.0 (Windows NT 6.1; WOW64; rv:33.0) Gecko/20100101 Firefox/33.0" "115.165.210.156"
192.168.0.3 - - [16/Nov/2024:22:58:52 +0000] "GET /api/v1/status HTTP/1.1" 200 3426 "https://keller-turner.com" "Mozilla/5.0 (Windows NT 10.0; Win64; x64) AppleWebKit/537.36 (KHTML, like Gecko) Chrome/90.0.4430.85 Safari/537.36" "82.57.216.15"
192.168.0.1 - - [08/Nov/2024:22:58:52 +0000] "GET /api/v1/login HTTP/1.1" 404 3136 "https://thompson-white.com" "Mozilla/5.0 (Windows NT 6.1; WOW64; rv:33.0) Gecko/20100101 Firefox/33.0" "135.178.60.140"
192.168.0.2 - - [08/Dec/2024:22:58:52 +0000] "GET /api/v1/user HTTP/1.1" 500 4389 "https://riley.info" "Mozilla/5.0 (Windows NT 6.1; WOW64; rv:33.0) Gecko/20100101 Firefox/33.0" "17.182.66.179"
192.168.0.2 - - [17/Nov/2024:22:58:52 +0000] "GET /api/v1/status HTTP/1.1" 400 2686 "https://stewart-spencer.net" "Mozilla/5.0 (Windows NT 6.1; WOW64; rv:33.0) Gecko/20100101 Firefox/33.0" "138.194.104.181"
192.168.0.3 - - [06/Dec/2024:22:58:52 +0000] "GET /api/v1/status HTTP/1.1" 401 2636 "https://short.info" "Mozilla/5.0 (Windows NT 6.1; WOW64; rv:33.0) Gecko/20100101 Firefox/33.0" "30.219.15.210"
192.168.0.2 - - [23/Nov/2024:22:58:52 +0000] "GET /api/v1/user HTTP/1.1" 301 2964 "https://espinoza.org" "Mozilla/5.0 (Windows NT 10.0; Win64; x64) AppleWebKit/537.36 (KHTML, like Gecko) Chrome/89.0.4389.82 Safari/537.36" "49.42.122.198"
192.168.0.2 - - [01/Dec/2024:22:58:52 +0000] "GET /api/v1/user HTTP/1.1" 500 3442 "https://chavez-diaz.info" "Mozilla/5.0 (Windows NT 10.0; Win64; x64) AppleWebKit/537.36 (KHTML, like Gecko) Chrome/89.0.4389.82 Safari/537.36" "112.247.35.19"
192.168.0.1 - - [18/Nov/2024:22:58:52 +0000] "GET /api/v1/resource HTTP/1.1" 200 835 "https://williams.info" "Mozilla/5.0 (Windows NT 10.0; Win64; x64) AppleWebKit/537.36 (KHTML, like Gecko) Chrome/90.0.4430.85 Safari/537.36" "154.206.113.84"
192.168.0.2 - - [16/Nov/2024:22:58:52 +0000] "GET /api/v1/status HTTP/1.1" 301 1485 "https://fernandez-taylor.com" "Mozilla/5.0 (Windows NT 6.1; WOW64; rv:33.0) Gecko/20100101 Firefox/33.0" "78.116.84.227"
192.168.0.2 - - [15/Nov/2024:22:58:52 +0000] "GET /api/v1/login HTTP/1.1" 400 1564 "https://knight-galloway.com" "Mozilla/5.0 (Windows NT 10.0; Win64; x64) AppleWebKit/537.36 (KHTML, like Gecko) Chrome/90.0.4430.85 Safari/537.36" "35.47.167.79"
192.168.0.3 - - [06/Dec/2024:22:58:52 +0000] "GET /api/v1/login HTTP/1.1" 400 982 "https://richardson-marquez.net" "Mozilla/5.0 (Windows NT 6.1; WOW64; rv:33.0) Gecko/20100101 Firefox/33.0" "94.52.216.208"
192.168.0.1 - - [09/Nov/2024:22:58:52 +0000] "GET /api/v1/status HTTP/1.1" 401 3777 "https://jackson-baird.biz" "Mozilla/5.0 (Windows NT 6.1; WOW64; rv:33.0) Gecko/20100101 Firefox/33.0" "34.105.58.250"
192.168.0.3 - - [09/Nov/2024:22:58:52 +0000] "GET /api/v1/resource HTTP/1.1" 301 3516 "https://peterson-hensley.com" "Mozilla/5.0 (Windows NT 6.1; WOW64; rv:33.0) Gecko/20100101 Firefox/33.0" "156.79.119.110"
192.168.0.1 - - [13/Nov/2024:22:58:52 +0000] "GET /api/v1/status HTTP/1.1" 500 1054 "https://green.com" "Mozilla/5.0 (Windows NT 6.1; WOW64; rv:33.0) Gecko/20100101 Firefox/33.0" "84.172.19.12"
192.168.0.1 - - [20/Nov/2024:22:58:52 +0000] "GET /api/v1/resource HTTP/1.1" 301 2017 "https://ballard.com" "Mozilla/5.0 (Windows NT 10.0; Win64; x64) AppleWebKit/537.36 (KHTML, like Gecko) Chrome/89.0.4389.82 Safari/537.36" "46.236.183.151"
192.168.0.2 - - [20/Nov/2024:22:58:52 +0000] "GET /api/v1/status HTTP/1.1" 500 1750 "https://case.info" "Mozilla/5.0 (Windows NT 6.1; WOW64; rv:33.0) Gecko/20100101 Firefox/33.0" "197.52.193.30"
192.168.0.2 - - [14/Nov/2024:22:58:52 +0000] "GET /api/v1/status HTTP/1.1" 404 1520 "https://lawrence.com" "Mozilla/5.0 (Windows NT 6.1; WOW64; rv:33.0) Gecko/20100101 Firefox/33.0" "117.148.148.19"
192.168.0.1 - - [20/Nov/2024:22:58:52 +0000] "GET /api/v1/resource HTTP/1.1" 401 3649 "https://reyes.com" "Mozilla/5.0 (Windows NT 10.0; Win64; x64) AppleWebKit/537.36 (KHTML, like Gecko) Chrome/90.0.4430.85 Safari/537.36" "221.223.130.194"
192.168.0.1 - - [20/Nov/2024:22:58:52 +0000] "GET /api/v1/resource HTTP/1.1" 200 180 "https://peters-hill.net" "Mozilla/5.0 (Windows NT 10.0; Win64; x64) AppleWebKit/537.36 (KHTML, like Gecko) Chrome/90.0.4430.85 Safari/537.36" "176.209.11.226"
192.168.0.1 - - [28/Nov/2024:22:58:52 +0000] "GET /api/v1/data HTTP/1.1" 401 108 "https://serrano.com" "Mozilla/5.0 (Windows NT 10.0; Win64; x64) AppleWebKit/537.36 (KHTML, like Gecko) Chrome/90.0.4430.85 Safari/537.36" "124.71.40.2"
192.168.0.3 - - [15/Nov/2024:22:58:52 +0000] "GET /api/v1/user HTTP/1.1" 404 277 "https://murphy.com" "Mozilla/5.0 (Windows NT 10.0; Win64; x64) AppleWebKit/537.36 (KHTML, like Gecko) Chrome/90.0.4430.85 Safari/537.36" "19.143.101.173"
192.168.0.3 - - [03/Dec/2024:22:58:52 +0000] "GET /api/v1/login HTTP/1.1" 500 2241 "https://david.net" "Mozilla/5.0 (Windows NT 10.0; Win64; x64) AppleWebKit/537.36 (KHTML, like Gecko) Chrome/90.0.4430.85 Safari/537.36" "214.165.161.57"
192.168.0.3 - - [04/Dec/2024:22:58:52 +0000] "GET /api/v1/status HTTP/1.1" 404 658 "https://rasmussen.org" "Mozilla/5.0 (Windows NT 10.0; Win64; x64) AppleWebKit/537.36 (KHTML, like Gecko) Chrome/89.0.4389.82 Safari/537.36" "137.160.62.181"
192.168.0.1 - - [10/Nov/2024:22:58:52 +0000] "GET /api/v1/user HTTP/1.1" 200 308 "https://jackson-nichols.com" "Mozilla/5.0 (Windows NT 10.0; Win64; x64) AppleWebKit/537.36 (KHTML, like Gecko) Chrome/89.0.4389.82 Safari/537.36" "137.101.126.206"
192.168.0.3 - - [07/Dec/2024:22:58:52 +0000] "GET /api/v1/data HTTP/1.1" 200 3198 "https://andrews.com" "Mozilla/5.0 (Windows NT 10.0; Win64; x64) AppleWebKit/537.36 (KHTML, like Gecko) Chrome/89.0.4389.82 Safari/537.36" "58.137.112.90"
192.168.0.2 - - [05/Dec/2024:22:58:52 +0000] "GET /api/v1/data HTTP/1.1" 200 4155 "https://schultz-smith.info" "Mozilla/5.0 (Windows NT 10.0; Win64; x64) AppleWebKit/537.36 (KHTML, like Gecko) Chrome/90.0.4430.85 Safari/537.36" "61.133.44.28"
192.168.0.1 - - [18/Nov/2024:22:58:52 +0000] "GET /api/v1/data HTTP/1.1" 200 2082 "https://williamson-velez.com" "Mozilla/5.0 (Windows NT 6.1; WOW64; rv:33.0) Gecko/20100101 Firefox/33.0" "86.137.12.2"
192.168.0.1 - - [04/Dec/2024:22:58:52 +0000] "GET /api/v1/status HTTP/1.1" 401 4993 "https://gray.com" "Mozilla/5.0 (Windows NT 10.0; Win64; x64) AppleWebKit/537.36 (KHTML, like Gecko) Chrome/90.0.4430.85 Safari/537.36" "144.236.243.240"
192.168.0.2 - - [01/Dec/2024:22:58:52 +0000] "GET /api/v1/data HTTP/1.1" 404 1511 "https://white.com" "Mozilla/5.0 (Windows NT 10.0; Win64; x64) AppleWebKit/537.36 (KHTML, like Gecko) Chrome/89.0.4389.82 Safari/537.36" "96.29.181.150"
192.168.0.2 - - [06/Dec/2024:22:58:52 +0000] "GET /api/v1/resource HTTP/1.1" 500 4778 "https://rogers.org" "Mozilla/5.0 (Windows NT 6.1; WOW64; rv:33.0) Gecko/20100101 Firefox/33.0" "110.217.196.161"
192.168.0.2 - - [28/Nov/2024:22:58:52 +0000] "GET /api/v1/status HTTP/1.1" 200 824 "https://yoder.biz" "Mozilla/5.0 (Windows NT 10.0; Win64; x64) AppleWebKit/537.36 (KHTML, like Gecko) Chrome/89.0.4389.82 Safari/537.36" "158.243.169.198"
192.168.0.2 - - [04/Dec/2024:22:58:52 +0000] "GET /api/v1/resource HTTP/1.1" 401 2868 "https://cortez-farley.com" "Mozilla/5.0 (Windows NT 10.0; Win64; x64) AppleWebKit/537.36 (KHTML, like Gecko) Chrome/89.0.4389.82 Safari/537.36" "77.220.186.126"
192.168.0.1 - - [21/Nov/2024:22:58:52 +0000] "GET /api/v1/user HTTP/1.1" 401 3795 "https://frey.com" "Mozilla/5.0 (Windows NT 6.1; WOW64; rv:33.0) Gecko/20100101 Firefox/33.0" "101.220.182.162"
192.168.0.1 - - [13/Nov/2024:22:58:52 +0000] "GET /api/v1/data HTTP/1.1" 200 2116 "https://marks.org" "Mozilla/5.0 (Windows NT 6.1; WOW64; rv:33.0) Gecko/20100101 Firefox/33.0" "203.27.16.48"
192.168.0.2 - - [19/Nov/2024:22:58:52 +0000] "GET /api/v1/status HTTP/1.1" 301 587 "https://gibson.com" "Mozilla/5.0 (Windows NT 6.1; WOW64; rv:33.0) Gecko/20100101 Firefox/33.0" "134.30.78.27"
192.168.0.1 - - [16/Nov/2024:22:58:52 +0000] "GET /api/v1/login HTTP/1.1" 500 4125 "https://hamilton-peterson.com" "Mozilla/5.0 (Windows NT 6.1; WOW64; rv:33.0) Gecko/20100101 Firefox/33.0" "34.122.208.253"
192.168.0.3 - - [04/Dec/2024:22:58:52 +0000] "GET /api/v1/resource HTTP/1.1" 200 2108 "https://guzman-atkins.com" "Mozilla/5.0 (Windows NT 6.1; WOW64; rv:33.0) Gecko/20100101 Firefox/33.0" "65.209.65.236"
192.168.0.1 - - [20/Nov/2024:22:58:52 +0000] "GET /api/v1/login HTTP/1.1" 404 3236 "https://young-bolton.net" "Mozilla/5.0 (Windows NT 10.0; Win64; x64) AppleWebKit/537.36 (KHTML, like Gecko) Chrome/89.0.4389.82 Safari/537.36" "137.211.11.192"
192.168.0.1 - - [19/Nov/2024:22:58:52 +0000] "GET /api/v1/data HTTP/1.1" 401 1816 "https://davis.org" "Mozilla/5.0 (Windows NT 6.1; WOW64; rv:33.0) Gecko/20100101 Firefox/33.0" "47.8.63.110"
192.168.0.1 - - [25/Nov/2024:22:58:52 +0000] "GET /api/v1/data HTTP/1.1" 301 318 "https://gibson-saunders.com" "Mozilla/5.0 (Windows NT 6.1; WOW64; rv:33.0) Gecko/20100101 Firefox/33.0" "31.102.61.177"
192.168.0.1 - - [29/Nov/2024:22:58:52 +0000] "GET /api/v1/data HTTP/1.1" 200 1799 "https://hayden.com" "Mozilla/5.0 (Windows NT 10.0; Win64; x64) AppleWebKit/537.36 (KHTML, like Gecko) Chrome/90.0.4430.85 Safari/537.36" "52.92.36.57"
192.168.0.3 - - [05/Dec/2024:22:58:52 +0000] "GET /api/v1/user HTTP/1.1" 404 139 "https://jones-bentley.com" "Mozilla/5.0 (Windows NT 6.1; WOW64; rv:33.0) Gecko/20100101 Firefox/33.0" "141.208.171.63"
192.168.0.1 - - [19/Nov/2024:22:58:52 +0000] "GET /api/v1/user HTTP/1.1" 200 3820 "https://morton.info" "Mozilla/5.0 (Windows NT 6.1; WOW64; rv:33.0) Gecko/20100101 Firefox/33.0" "160.203.87.234"
192.168.0.2 - - [18/Nov/2024:22:58:52 +0000] "GET /api/v1/user HTTP/1.1" 401 1563 "https://patel-terry.com" "Mozilla/5.0 (Windows NT 6.1; WOW64; rv:33.0) Gecko/20100101 Firefox/33.0" "42.235.198.136"
192.168.0.3 - - [18/Nov/2024:22:58:52 +0000] "GET /api/v1/login HTTP/1.1" 301 4165 "https://moore-davis.info" "Mozilla/5.0 (Windows NT 10.0; Win64; x64) AppleWebKit/537.36 (KHTML, like Gecko) Chrome/89.0.4389.82 Safari/537.36" "18.167.146.109"
192.168.0.2 - - [11/Nov/2024:22:58:52 +0000] "GET /api/v1/user HTTP/1.1" 401 4358 "https://smith.biz" "Mozilla/5.0 (Windows NT 10.0; Win64; x64) AppleWebKit/537.36 (KHTML, like Gecko) Chrome/89.0.4389.82 Safari/537.36" "182.155.12.151"
192.168.0.1 - - [13/Nov/2024:22:58:52 +0000] "GET /api/v1/user HTTP/1.1" 401 1206 "https://sanchez.info" "Mozilla/5.0 (Windows NT 6.1; WOW64; rv:33.0) Gecko/20100101 Firefox/33.0" "36.239.34.89"
192.168.0.1 - - [26/Nov/2024:22:58:52 +0000] "GET /api/v1/resource HTTP/1.1" 200 3848 "https://stone.com" "Mozilla/5.0 (Windows NT 10.0; Win64; x64) AppleWebKit/537.36 (KHTML, like Gecko) Chrome/89.0.4389.82 Safari/537.36" "110.142.62.253"
192.168.0.3 - - [02/Dec/2024:22:58:52 +0000] "GET /api/v1/status HTTP/1.1" 400 511 "https://morrow-johnson.com" "Mozilla/5.0 (Windows NT 10.0; Win64; x64) AppleWebKit/537.36 (KHTML, like Gecko) Chrome/90.0.4430.85 Safari/537.36" "141.233.171.25"
192.168.0.2 - - [29/Nov/2024:22:58:52 +0000] "GET /api/v1/data HTTP/1.1" 301 3941 "https://crane-reeves.org" "Mozilla/5.0 (Windows NT 10.0; Win64; x64) AppleWebKit/537.36 (KHTML, like Gecko) Chrome/90.0.4430.85 Safari/537.36" "192.245.195.90"
192.168.0.2 - - [02/Dec/2024:22:58:52 +0000] "GET /api/v1/user HTTP/1.1" 401 4437 "https://rodriguez.net" "Mozilla/5.0 (Windows NT 10.0; Win64; x64) AppleWebKit/537.36 (KHTML, like Gecko) Chrome/90.0.4430.85 Safari/537.36" "104.180.69.85"
192.168.0.1 - - [15/Nov/2024:22:58:52 +0000] "GET /api/v1/status HTTP/1.1" 400 3220 "https://riley.com" "Mozilla/5.0 (Windows NT 6.1; WOW64; rv:33.0) Gecko/20100101 Firefox/33.0" "30.224.132.209"
192.168.0.3 - - [01/Dec/2024:22:58:52 +0000] "GET /api/v1/resource HTTP/1.1" 500 644 "https://jones-burke.info" "Mozilla/5.0 (Windows NT 6.1; WOW64; rv:33.0) Gecko/20100101 Firefox/33.0" "34.115.188.48"
192.168.0.3 - - [26/Nov/2024:22:58:52 +0000] "GET /api/v1/resource HTTP/1.1" 401 2903 "https://vincent-kelly.com" "Mozilla/5.0 (Windows NT 10.0; Win64; x64) AppleWebKit/537.36 (KHTML, like Gecko) Chrome/90.0.4430.85 Safari/537.36" "88.202.44.133"
192.168.0.3 - - [08/Dec/2024:22:58:52 +0000] "GET /api/v1/data HTTP/1.1" 301 3815 "https://parker.com" "Mozilla/5.0 (Windows NT 6.1; WOW64; rv:33.0) Gecko/20100101 Firefox/33.0" "86.202.122.196"
192.168.0.1 - - [01/Dec/2024:22:58:52 +0000] "GET /api/v1/user HTTP/1.1" 401 4887 "https://smith.com" "Mozilla/5.0 (Windows NT 6.1; WOW64; rv:33.0) Gecko/20100101 Firefox/33.0" "94.187.111.184"
192.168.0.2 - - [12/Nov/2024:22:58:52 +0000] "GET /api/v1/data HTTP/1.1" 200 1674 "https://smith.biz" "Mozilla/5.0 (Windows NT 10.0; Win64; x64) AppleWebKit/537.36 (KHTML, like Gecko) Chrome/90.0.4430.85 Safari/537.36" "4.187.187.201"
192.168.0.2 - - [26/Nov/2024:22:58:52 +0000] "GET /api/v1/resource HTTP/1.1" 301 2800 "https://kemp.info" "Mozilla/5.0 (Windows NT 10.0; Win64; x64) AppleWebKit/537.36 (KHTML, like Gecko) Chrome/90.0.4430.85 Safari/537.36" "53.21.161.60"
192.168.0.3 - - [28/Nov/2024:22:58:52 +0000] "GET /api/v1/resource HTTP/1.1" 400 4184 "https://smith.com" "Mozilla/5.0 (Windows NT 10.0; Win64; x64) AppleWebKit/537.36 (KHTML, like Gecko) Chrome/89.0.4389.82 Safari/537.36" "137.238.163.32"
192.168.0.2 - - [24/Nov/2024:22:58:52 +0000] "GET /api/v1/status HTTP/1.1" 200 380 "https://mills.info" "Mozilla/5.0 (Windows NT 10.0; Win64; x64) AppleWebKit/537.36 (KHTML, like Gecko) Chrome/89.0.4389.82 Safari/537.36" "11.211.5.191"
192.168.0.2 - - [20/Nov/2024:22:58:52 +0000] "GET /api/v1/status HTTP/1.1" 301 867 "https://taylor-suarez.info" "Mozilla/5.0 (Windows NT 10.0; Win64; x64) AppleWebKit/537.36 (KHTML, like Gecko) Chrome/89.0.4389.82 Safari/537.36" "5.214.130.209"
192.168.0.3 - - [07/Dec/2024:22:58:52 +0000] "GET /api/v1/user HTTP/1.1" 301 187 "https://crosby.com" "Mozilla/5.0 (Windows NT 10.0; Win64; x64) AppleWebKit/537.36 (KHTML, like Gecko) Chrome/89.0.4389.82 Safari/537.36" "87.159.6.105"
192.168.0.1 - - [17/Nov/2024:22:58:52 +0000] "GET /api/v1/data HTTP/1.1" 401 1735 "https://ford.com" "Mozilla/5.0 (Windows NT 6.1; WOW64; rv:33.0) Gecko/20100101 Firefox/33.0" "50.17.221.238"
192.168.0.1 - - [24/Nov/2024:22:58:52 +0000] "GET /api/v1/resource HTTP/1.1" 404 3072 "https://kramer-wagner.info" "Mozilla/5.0 (Windows NT 10.0; Win64; x64) AppleWebKit/537.36 (KHTML, like Gecko) Chrome/90.0.4430.85 Safari/537.36" "163.145.187.199"
192.168.0.2 - - [25/Nov/2024:22:58:52 +0000] "GET /api/v1/resource HTTP/1.1" 401 1150 "https://wolfe-nguyen.info" "Mozilla/5.0 (Windows NT 10.0; Win64; x64) AppleWebKit/537.36 (KHTML, like Gecko) Chrome/89.0.4389.82 Safari/537.36" "186.177.75.104"
192.168.0.1 - - [08/Nov/2024:22:58:52 +0000] "GET /api/v1/status HTTP/1.1" 400 3264 "https://franklin.net" "Mozilla/5.0 (Windows NT 10.0; Win64; x64) AppleWebKit/537.36 (KHTML, like Gecko) Chrome/90.0.4430.85 Safari/537.36" "25.51.52.71"
192.168.0.2 - - [26/Nov/2024:22:58:52 +0000] "GET /api/v1/user HTTP/1.1" 404 2498 "https://ramsey.com" "Mozilla/5.0 (Windows NT 10.0; Win64; x64) AppleWebKit/537.36 (KHTML, like Gecko) Chrome/90.0.4430.85 Safari/537.36" "147.171.7.113"
192.168.0.1 - - [02/Dec/2024:22:58:52 +0000] "GET /api/v1/data HTTP/1.1" 200 1212 "https://harmon.com" "Mozilla/5.0 (Windows NT 10.0; Win64; x64) AppleWebKit/537.36 (KHTML, like Gecko) Chrome/89.0.4389.82 Safari/537.36" "222.123.17.229"
