192.168.0.3 - - [10/Nov/2024:22:58:51 +0000] "GET /api/v1/resource HTTP/1.1" 200 4250 "https://boyd.net" "Mozilla/5.0 (Windows NT 10.0; Win64; x64) AppleWebKit/537.36 (KHTML, like Gecko) Chrome/90.0.4430.85 Safari/537.36" "29.214.133.71"
192.168.0.3 - - [15/Nov/2024:22:58:51 +0000] "GET /api/v1/user HTTP/1.1" 404 1829 "https://brown.biz" "Mozilla/5.0 (Windows NT 10.0; Win64; x64) AppleWebKit/537.36 (KHTML, like Gecko) Chrome/89.0.4389.82 Safari/537.36" "12.184.219.205"
192.168.0.1 - - [29/Nov/2024:22:58:51 +0000] "GET /api/v1/data HTTP/1.1" 401 640 "https://best.com" "Mozilla/5.0 (Windows NT 10.0; Win64; x64) AppleWebKit/537.36 (KHTML, like Gecko) Chrome/89.0.4389.82 Safari/537.36" "151.166.10.68"
192.168.0.3 - - [26/Nov/2024:22:58:51 +0000] "GET /api/v1/user HTTP/1.1" 200 3607 "https://hamilton.net" "Mozilla/5.0 (Windows NT 6.1; WOW64; rv:33.0) Gecko/20100101 Firefox/33.0" "6.191.220.152"
192.168.0.3 - - [11/Nov/2024:22:58:51 +0000] "GET /api/v1/resource HTTP/1.1" 400 4527 "https://roberts.net" "Mozilla/5.0 (Windows NT 10.0; Win64; x64) AppleWebKit/537.36 (KHTML, like Gecko) Chrome/89.0.4389.82 Safari/537.36" "80.23.152.251"
192.168.0.2 - - [06/Dec/2024:22:58:51 +0000] "GET /api/v1/user HTTP/1.1" 500 4710 "https://campbell.biz" "Mozilla/5.0 (Windows NT 6.1; WOW64; rv:33.0) Gecko/20100101 Firefox/33.0" "67.204.19.91"
192.168.0.2 - - [12/Nov/2024:22:58:51 +0000] "GET /api/v1/data HTTP/1.1" 401 668 "https://ramirez.com" "Mozilla/5.0 (Windows NT 10.0; Win64; x64) AppleWebKit/537.36 (KHTML, like Gecko) Chrome/90.0.4430.85 Safari/537.36" "140.97.123.51"
192.168.0.1 - - [04/Dec/2024:22:58:51 +0000] "GET /api/v1/status HTTP/1.1" 400 4779 "https://wilson.com" "Mozilla/5.0 (Windows NT 6.1; WOW64; rv:33.0) Gecko/20100101 Firefox/33.0" "37.72.163.219"
192.168.0.3 - - [09/Nov/2024:22:58:51 +0000] "GET /api/v1/login HTTP/1.1" 400 2287 "https://velez-flores.com" "Mozilla/5.0 (Windows NT 10.0; Win64; x64) AppleWebKit/537.36 (KHTML, like Gecko) Chrome/90.0.4430.85 Safari/537.36" "148.47.10.251"
192.168.0.3 - - [02/Dec/2024:22:58:51 +0000] "GET /api/v1/user HTTP/1.1" 401 2507 "https://ramirez-stewart.com" "Mozilla/5.0 (Windows NT 10.0; Win64; x64) AppleWebKit/537.36 (KHTML, like Gecko) Chrome/90.0.4430.85 Safari/537.36" "81.44.36.251"
192.168.0.2 - - [06/Dec/2024:22:58:51 +0000] "GET /api/v1/user HTTP/1.1" 401 1095 "https://rivera-farrell.com" "Mozilla/5.0 (Windows NT 10.0; Win64; x64) AppleWebKit/537.36 (KHTML, like Gecko) Chrome/90.0.4430.85 Safari/537.36" "203.251.159.131"
192.168.0.2 - - [05/Dec/2024:22:58:51 +0000] "GET /api/v1/login HTTP/1.1" 401 4456 "https://clark.com" "Mozilla/5.0 (Windows NT 10.0; Win64; x64) AppleWebKit/537.36 (KHTML, like Gecko) Chrome/89.0.4389.82 Safari/537.36" "144.58.25.98"
192.168.0.2 - - [26/Nov/2024:22:58:51 +0000] "GET /api/v1/resource HTTP/1.1" 500 4319 "https://wilson-jones.com" "Mozilla/5.0 (Windows NT 10.0; Win64; x64) AppleWebKit/537.36 (KHTML, like Gecko) Chrome/90.0.4430.85 Safari/537.36" "191.128.114.148"
192.168.0.2 - - [13/Nov/2024:22:58:51 +0000] "GET /api/v1/data HTTP/1.1" 404 4760 "https://williams.net" "Mozilla/5.0 (Windows NT 10.0; Win64; x64) AppleWebKit/537.36 (KHTML, like Gecko) Chrome/90.0.4430.85 Safari/537.36" "90.117.195.187"
192.168.0.2 - - [22/Nov/2024:22:58:51 +0000] "GET /api/v1/status HTTP/1.1" 401 4862 "https://deleon-wade.com" "Mozilla/5.0 (Windows NT 6.1; WOW64; rv:33.0) Gecko/20100101 Firefox/33.0" "52.22.13.114"
192.168.0.1 - - [08/Nov/2024:22:58:51 +0000] "GET /api/v1/user HTTP/1.1" 401 3204 "https://brown.com" "Mozilla/5.0 (Windows NT 10.0; Win64; x64) AppleWebKit/537.36 (KHTML, like Gecko) Chrome/90.0.4430.85 Safari/537.36" "211.55.252.244"
192.168.0.3 - - [12/Nov/2024:22:58:51 +0000] "GET /api/v1/status HTTP/1.1" 404 1915 "https://perry.info" "Mozilla/5.0 (Windows NT 6.1; WOW64; rv:33.0) Gecko/20100101 Firefox/33.0" "167.117.245.201"
192.168.0.3 - - [13/Nov/2024:22:58:51 +0000] "GET /api/v1/resource HTTP/1.1" 301 3531 "https://reynolds.com" "Mozilla/5.0 (Windows NT 10.0; Win64; x64) AppleWebKit/537.36 (KHTML, like Gecko) Chrome/90.0.4430.85 Safari/537.36" "149.89.139.143"
192.168.0.3 - - [26/Nov/2024:22:58:51 +0000] "GET /api/v1/data HTTP/1.1" 200 837 "https://lewis.org" "Mozilla/5.0 (Windows NT 6.1; WOW64; rv:33.0) Gecko/20100101 Firefox/33.0" "176.224.40.242"
192.168.0.3 - - [13/Nov/2024:22:58:51 +0000] "GET /api/v1/status HTTP/1.1" 400 1238 "https://mendez.com" "Mozilla/5.0 (Windows NT 10.0; Win64; x64) AppleWebKit/537.36 (KHTML, like Gecko) Chrome/90.0.4430.85 Safari/537.36" "136.115.76.10"
192.168.0.1 - - [24/Nov/2024:22:58:51 +0000] "GET /api/v1/login HTTP/1.1" 401 3486 "https://reese.com" "Mozilla/5.0 (Windows NT 10.0; Win64; x64) AppleWebKit/537.36 (KHTML, like Gecko) Chrome/90.0.4430.85 Safari/537.36" "64.128.181.165"
192.168.0.1 - - [30/Nov/2024:22:58:51 +0000] "GET /api/v1/user HTTP/1.1" 401 1075 "https://kirk.org" "Mozilla/5.0 (Windows NT 10.0; Win64; x64) AppleWebKit/537.36 (KHTML, like Gecko) Chrome/90.0.4430.85 Safari/537.36" "70.239.251.154"
192.168.0.1 - - [03/Dec/2024:22:58:51 +0000] "GET /api/v1/status HTTP/1.1" 404 4830 "https://fox.com" "Mozilla/5.0 (Windows NT 10.0; Win64; x64) AppleWebKit/537.36 (KHTML, like Gecko) Chrome/89.0.4389.82 Safari/537.36" "126.112.118.10"
192.168.0.1 - - [08/Nov/2024:22:58:51 +0000] "GET /api/v1/login HTTP/1.1" 301 2973 "https://cardenas-henderson.com" "Mozilla/5.0 (Windows NT 10.0; Win64; x64) AppleWebKit/537.36 (KHTML, like Gecko) Chrome/89.0.4389.82 Safari/537.36" "44.223.121.152"
192.168.0.1 - - [29/Nov/2024:22:58:51 +0000] "GET /api/v1/status HTTP/1.1" 200 2069 "https://schultz.biz" "Mozilla/5.0 (Windows NT 6.1; WOW64; rv:33.0) Gecko/20100101 Firefox/33.0" "159.224.78.96"
192.168.0.3 - - [03/Dec/2024:22:58:51 +0000] "GET /api/v1/login HTTP/1.1" 500 1320 "https://jones-merritt.com" "Mozilla/5.0 (Windows NT 10.0; Win64; x64) AppleWebKit/537.36 (KHTML, like Gecko) Chrome/90.0.4430.85 Safari/537.36" "203.167.7.119"
192.168.0.3 - - [09/Nov/2024:22:58:51 +0000] "GET /api/v1/data HTTP/1.1" 301 2072 "https://santiago.net" "Mozilla/5.0 (Windows NT 6.1; WOW64; rv:33.0) Gecko/20100101 Firefox/33.0" "138.175.188.140"
192.168.0.1 - - [17/Nov/2024:22:58:51 +0000] "GET /api/v1/data HTTP/1.1" 301 134 "https://harris.com" "Mozilla/5.0 (Windows NT 6.1; WOW64; rv:33.0) Gecko/20100101 Firefox/33.0" "63.201.204.106"
192.168.0.2 - - [20/Nov/2024:22:58:51 +0000] "GET /api/v1/resource HTTP/1.1" 301 3496 "https://lee.com" "Mozilla/5.0 (Windows NT 6.1; WOW64; rv:33.0) Gecko/20100101 Firefox/33.0" "171.30.132.10"
192.168.0.1 - - [22/Nov/2024:22:58:51 +0000] "GET /api/v1/login HTTP/1.1" 500 3203 "https://huber-tran.org" "Mozilla/5.0 (Windows NT 10.0; Win64; x64) AppleWebKit/537.36 (KHTML, like Gecko) Chrome/90.0.4430.85 Safari/537.36" "7.203.195.204"
192.168.0.1 - - [01/Dec/2024:22:58:51 +0000] "GET /api/v1/status HTTP/1.1" 301 1548 "https://doyle.com" "Mozilla/5.0 (Windows NT 10.0; Win64; x64) AppleWebKit/537.36 (KHTML, like Gecko) Chrome/89.0.4389.82 Safari/537.36" "184.209.21.66"
192.168.0.1 - - [09/Nov/2024:22:58:51 +0000] "GET /api/v1/login HTTP/1.1" 500 3973 "https://fernandez.info" "Mozilla/5.0 (Windows NT 10.0; Win64; x64) AppleWebKit/537.36 (KHTML, like Gecko) Chrome/89.0.4389.82 Safari/537.36" "98.155.61.77"
192.168.0.1 - - [19/Nov/2024:22:58:51 +0000] "GET /api/v1/status HTTP/1.1" 200 2403 "https://ruiz-chavez.biz" "Mozilla/5.0 (Windows NT 10.0; Win64; x64) AppleWebKit/537.36 (KHTML, like Gecko) Chrome/90.0.4430.85 Safari/537.36" "76.90.148.148"
192.168.0.1 - - [18/Nov/2024:22:58:51 +0000] "GET /api/v1/user HTTP/1.1" 401 4005 "https://rodriguez.com" "Mozilla/5.0 (Windows NT 10.0; Win64; x64) AppleWebKit/537.36 (KHTML, like Gecko) Chrome/90.0.4430.85 Safari/537.36" "95.159.140.150"
192.168.0.1 - - [17/Nov/2024:22:58:51 +0000] "GET /api/v1/resource HTTP/1.1" 500 3598 "https://williams-williams.com" "Mozilla/5.0 (Windows NT 10.0; Win64; x64) AppleWebKit/537.36 (KHTML, like Gecko) Chrome/90.0.4430.85 Safari/537.36" "190.114.122.255"
192.168.0.3 - - [06/Dec/2024:22:58:51 +0000] "GET /api/v1/data HTTP/1.1" 500 1433 "https://martin-bennett.com" "Mozilla/5.0 (Windows NT 10.0; Win64; x64) AppleWebKit/537.36 (KHTML, like Gecko) Chrome/89.0.4389.82 Safari/537.36" "60.83.4.232"
192.168.0.1 - - [19/Nov/2024:22:58:51 +0000] "GET /api/v1/user HTTP/1.1" 401 4843 "https://myers.info" "Mozilla/5.0 (Windows NT 10.0; Win64; x64) AppleWebKit/537.36 (KHTML, like Gecko) Chrome/90.0.4430.85 Safari/537.36" "101.214.5.109"
192.168.0.2 - - [29/Nov/2024:22:58:51 +0000] "GET /api/v1/status HTTP/1.1" 500 767 "https://sanchez.info" "Mozilla/5.0 (Windows NT 10.0; Win64; x64) AppleWebKit/537.36 (KHTML, like Gecko) Chrome/89.0.4389.82 Safari/537.36" "91.113.138.147"
192.168.0.2 - - [07/Dec/2024:22:58:51 +0000] "GET /api/v1/user HTTP/1.1" 401 232 "https://stewart.com" "Mozilla/5.0 (Windows NT 10.0; Win64; x64) AppleWebKit/537.36 (KHTML, like Gecko) Chrome/89.0.4389.82 Safari/537.36" "27.141.96.145"
192.168.0.2 - - [20/Nov/2024:22:58:51 +0000] "GET /api/v1/resource HTTP/1.1" 404 2046 "https://berg-melton.info" "Mozilla/5.0 (Windows NT 10.0; Win64; x64) AppleWebKit/537.36 (KHTML, like Gecko) Chrome/89.0.4389.82 Safari/537.36" "55.171.156.111"
192.168.0.2 - - [08/Nov/2024:22:58:51 +0000] "GET /api/v1/status HTTP/1.1" 301 3042 "https://mooney.biz" "Mozilla/5.0 (Windows NT 10.0; Win64; x64) AppleWebKit/537.36 (KHTML, like Gecko) Chrome/90.0.4430.85 Safari/537.36" "213.19.58.30"
192.168.0.1 - - [21/Nov/2024:22:58:51 +0000] "GET /api/v1/resource HTTP/1.1" 500 1665 "https://miller-johnson.com" "Mozilla/5.0 (Windows NT 10.0; Win64; x64) AppleWebKit/537.36 (KHTML, like Gecko) Chrome/90.0.4430.85 Safari/537.36" "119.224.132.242"
192.168.0.2 - - [04/Dec/2024:22:58:51 +0000] "GET /api/v1/user HTTP/1.1" 404 1669 "https://may.com" "Mozilla/5.0 (Windows NT 6.1; WOW64; rv:33.0) Gecko/20100101 Firefox/33.0" "153.141.150.220"
192.168.0.3 - - [02/Dec/2024:22:58:51 +0000] "GET /api/v1/data HTTP/1.1" 401 2394 "https://mitchell.com" "Mozilla/5.0 (Windows NT 10.0; Win64; x64) AppleWebKit/537.36 (KHTML, like Gecko) Chrome/90.0.4430.85 Safari/537.36" "87.8.72.236"
192.168.0.1 - - [21/Nov/2024:22:58:51 +0000] "GET /api/v1/login HTTP/1.1" 301 4053 "https://miller-collins.net" "Mozilla/5.0 (Windows NT 10.0; Win64; x64) AppleWebKit/537.36 (KHTML, like Gecko) Chrome/90.0.4430.85 Safari/537.36" "98.27.230.179"
192.168.0.2 - - [17/Nov/2024:22:58:51 +0000] "GET /api/v1/data HTTP/1.1" 400 1541 "https://maynard-jenkins.com" "Mozilla/5.0 (Windows NT 6.1; WOW64; rv:33.0) Gecko/20100101 Firefox/33.0" "171.215.86.223"
192.168.0.2 - - [03/Dec/2024:22:58:51 +0000] "GET /api/v1/data HTTP/1.1" 401 886 "https://lucas.net" "Mozilla/5.0 (Windows NT 10.0; Win64; x64) AppleWebKit/537.36 (KHTML, like Gecko) Chrome/90.0.4430.85 Safari/537.36" "207.93.247.223"
192.168.0.1 - - [24/Nov/2024:22:58:51 +0000] "GET /api/v1/user HTTP/1.1" 200 2856 "https://gonzalez.net" "Mozilla/5.0 (Windows NT 10.0; Win64; x64) AppleWebKit/537.36 (KHTML, like Gecko) Chrome/89.0.4389.82 Safari/537.36" "104.34.32.205"
192.168.0.3 - - [27/Nov/2024:22:58:51 +0000] "GET /api/v1/data HTTP/1.1" 200 3916 "https://chavez.com" "Mozilla/5.0 (Windows NT 10.0; Win64; x64) AppleWebKit/537.36 (KHTML, like Gecko) Chrome/89.0.4389.82 Safari/537.36" "59.64.226.53"
192.168.0.1 - - [30/Nov/2024:22:58:51 +0000] "GET /api/v1/user HTTP/1.1" 404 4120 "https://williams.com" "Mozilla/5.0 (Windows NT 10.0; Win64; x64) AppleWebKit/537.36 (KHTML, like Gecko) Chrome/90.0.4430.85 Safari/537.36" "194.38.76.221"
192.168.0.3 - - [28/Nov/2024:22:58:51 +0000] "GET /api/v1/login HTTP/1.1" 404 2428 "https://martin.com" "Mozilla/5.0 (Windows NT 10.0; Win64; x64) AppleWebKit/537.36 (KHTML, like Gecko) Chrome/90.0.4430.85 Safari/537.36" "68.126.191.230"
192.168.0.2 - - [23/Nov/2024:22:58:51 +0000] "GET /api/v1/login HTTP/1.1" 301 202 "https://love-lee.com" "Mozilla/5.0 (Windows NT 10.0; Win64; x64) AppleWebKit/537.36 (KHTML, like Gecko) Chrome/90.0.4430.85 Safari/537.36" "209.72.211.137"
192.168.0.2 - - [29/Nov/2024:22:58:51 +0000] "GET /api/v1/login HTTP/1.1" 404 2025 "https://williamson-vasquez.org" "Mozilla/5.0 (Windows NT 6.1; WOW64; rv:33.0) Gecko/20100101 Firefox/33.0" "65.131.250.89"
192.168.0.2 - - [17/Nov/2024:22:58:51 +0000] "GET /api/v1/login HTTP/1.1" 200 858 "https://howard.com" "Mozilla/5.0 (Windows NT 10.0; Win64; x64) AppleWebKit/537.36 (KHTML, like Gecko) Chrome/90.0.4430.85 Safari/537.36" "55.155.31.194"
192.168.0.3 - - [20/Nov/2024:22:58:51 +0000] "GET /api/v1/user HTTP/1.1" 500 4605 "https://thomas.com" "Mozilla/5.0 (Windows NT 10.0; Win64; x64) AppleWebKit/537.36 (KHTML, like Gecko) Chrome/90.0.4430.85 Safari/537.36" "217.223.83.39"
192.168.0.2 - - [23/Nov/2024:22:58:51 +0000] "GET /api/v1/login HTTP/1.1" 200 609 "https://williams.com" "Mozilla/5.0 (Windows NT 10.0; Win64; x64) AppleWebKit/537.36 (KHTML, like Gecko) Chrome/89.0.4389.82 Safari/537.36" "106.252.146.103"
192.168.0.2 - - [04/Dec/2024:22:58:51 +0000] "GET /api/v1/status HTTP/1.1" 401 3092 "https://ruiz-miller.com" "Mozilla/5.0 (Windows NT 10.0; Win64; x64) AppleWebKit/537.36 (KHTML, like Gecko) Chrome/89.0.4389.82 Safari/537.36" "223.157.209.32"
192.168.0.2 - - [01/Dec/2024:22:58:51 +0000] "GET /api/v1/status HTTP/1.1" 404 3601 "https://jefferson.info" "Mozilla/5.0 (Windows NT 10.0; Win64; x64) AppleWebKit/537.36 (KHTML, like Gecko) Chrome/90.0.4430.85 Safari/537.36" "123.64.87.59"
192.168.0.3 - - [23/Nov/2024:22:58:51 +0000] "GET /api/v1/data HTTP/1.1" 200 2177 "https://bowen.com" "Mozilla/5.0 (Windows NT 10.0; Win64; x64) AppleWebKit/537.36 (KHTML, like Gecko) Chrome/89.0.4389.82 Safari/537.36" "25.96.252.164"
192.168.0.1 - - [26/Nov/2024:22:58:51 +0000] "GET /api/v1/login HTTP/1.1" 500 4143 "https://montes.info" "Mozilla/5.0 (Windows NT 10.0; Win64; x64) AppleWebKit/537.36 (KHTML, like Gecko) Chrome/90.0.4430.85 Safari/537.36" "172.162.100.161"
192.168.0.3 - - [24/Nov/2024:22:58:51 +0000] "GET /api/v1/login HTTP/1.1" 301 3110 "https://wise.org" "Mozilla/5.0 (Windows NT 6.1; WOW64; rv:33.0) Gecko/20100101 Firefox/33.0" "157.115.160.169"
192.168.0.3 - - [26/Nov/2024:22:58:51 +0000] "GET /api/v1/status HTTP/1.1" 200 4160 "https://powell.com" "Mozilla/5.0 (Windows NT 10.0; Win64; x64) AppleWebKit/537.36 (KHTML, like Gecko) Chrome/89.0.4389.82 Safari/537.36" "143.240.154.110"
192.168.0.3 - - [10/Nov/2024:22:58:51 +0000] "GET /api/v1/resource HTTP/1.1" 301 1238 "https://stevens.info" "Mozilla/5.0 (Windows NT 10.0; Win64; x64) AppleWebKit/537.36 (KHTML, like Gecko) Chrome/90.0.4430.85 Safari/537.36" "130.96.93.208"
192.168.0.1 - - [04/Dec/2024:22:58:51 +0000] "GET /api/v1/status HTTP/1.1" 500 3092 "https://robinson.com" "Mozilla/5.0 (Windows NT 10.0; Win64; x64) AppleWebKit/537.36 (KHTML, like Gecko) Chrome/90.0.4430.85 Safari/537.36" "223.221.7.161"
192.168.0.1 - - [24/Nov/2024:22:58:51 +0000] "GET /api/v1/user HTTP/1.1" 301 4273 "https://barber.net" "Mozilla/5.0 (Windows NT 6.1; WOW64; rv:33.0) Gecko/20100101 Firefox/33.0" "46.176.19.253"
192.168.0.2 - - [24/Nov/2024:22:58:51 +0000] "GET /api/v1/login HTTP/1.1" 404 3858 "https://burton.com" "Mozilla/5.0 (Windows NT 10.0; Win64; x64) AppleWebKit/537.36 (KHTML, like Gecko) Chrome/90.0.4430.85 Safari/537.36" "143.28.11.45"
192.168.0.2 - - [11/Nov/2024:22:58:51 +0000] "GET /api/v1/login HTTP/1.1" 500 4456 "https://obrien.com" "Mozilla/5.0 (Windows NT 10.0; Win64; x64) AppleWebKit/537.36 (KHTML, like Gecko) Chrome/89.0.4389.82 Safari/537.36" "204.95.181.111"
192.168.0.1 - - [04/Dec/2024:22:58:51 +0000] "GET /api/v1/resource HTTP/1.1" 404 4642 "https://duran-reilly.org" "Mozilla/5.0 (Windows NT 10.0; Win64; x64) AppleWebKit/537.36 (KHTML, like Gecko) Chrome/89.0.4389.82 Safari/537.36" "201.222.18.53"
192.168.0.2 - - [23/Nov/2024:22:58:51 +0000] "GET /api/v1/status HTTP/1.1" 404 4074 "https://fisher-norris.net" "Mozilla/5.0 (Windows NT 6.1; WOW64; rv:33.0) Gecko/20100101 Firefox/33.0" "32.117.74.220"
192.168.0.3 - - [20/Nov/2024:22:58:51 +0000] "GET /api/v1/resource HTTP/1.1" 400 3575 "https://smith.org" "Mozilla/5.0 (Windows NT 10.0; Win64; x64) AppleWebKit/537.36 (KHTML, like Gecko) Chrome/90.0.4430.85 Safari/537.36" "100.0.244.18"
192.168.0.2 - - [26/Nov/2024:22:58:51 +0000] "GET /api/v1/login HTTP/1.1" 401 1555 "https://peterson.com" "Mozilla/5.0 (Windows NT 10.0; Win64; x64) AppleWebKit/537.36 (KHTML, like Gecko) Chrome/89.0.4389.82 Safari/537.36" "25.19.61.67"
192.168.0.3 - - [25/Nov/2024:22:58:51 +0000] "GET /api/v1/login HTTP/1.1" 404 1032 "https://schaefer-norton.com" "Mozilla/5.0 (Windows NT 10.0; Win64; x64) AppleWebKit/537.36 (KHTML, like Gecko) Chrome/90.0.4430.85 Safari/537.36" "53.164.201.36"
192.168.0.3 - - [25/Nov/2024:22:58:51 +0000] "GET /api/v1/user HTTP/1.1" 401 402 "https://carrillo.info" "Mozilla/5.0 (Windows NT 10.0; Win64; x64) AppleWebKit/537.36 (KHTML, like Gecko) Chrome/89.0.4389.82 Safari/537.36" "39.138.181.79"
192.168.0.3 - - [26/Nov/2024:22:58:51 +0000] "GET /api/v1/resource HTTP/1.1" 200 4000 "https://rhodes.net" "Mozilla/5.0 (Windows NT 10.0; Win64; x64) AppleWebKit/537.36 (KHTML, like Gecko) Chrome/89.0.4389.82 Safari/537.36" "64.22.55.219"
192.168.0.3 - - [15/Nov/2024:22:58:51 +0000] "GET /api/v1/data HTTP/1.1" 400 2697 "https://harper-casey.org" "Mozilla/5.0 (Windows NT 6.1; WOW64; rv:33.0) Gecko/20100101 Firefox/33.0" "151.45.165.13"
192.168.0.1 - - [08/Nov/2024:22:58:51 +0000] "GET /api/v1/login HTTP/1.1" 500 887 "https://white.com" "Mozilla/5.0 (Windows NT 10.0; Win64; x64) AppleWebKit/537.36 (KHTML, like Gecko) Chrome/90.0.4430.85 Safari/537.36" "6.238.216.43"
192.168.0.3 - - [04/Dec/2024:22:58:51 +0000] "GET /api/v1/status HTTP/1.1" 400 706 "https://gonzalez.com" "Mozilla/5.0 (Windows NT 10.0; Win64; x64) AppleWebKit/537.36 (KHTML, like Gecko) Chrome/90.0.4430.85 Safari/537.36" "139.203.155.201"
192.168.0.2 - - [14/Nov/2024:22:58:51 +0000] "GET /api/v1/login HTTP/1.1" 200 4544 "https://li-hensley.com" "Mozilla/5.0 (Windows NT 6.1; WOW64; rv:33.0) Gecko/20100101 Firefox/33.0" "125.130.182.102"
192.168.0.2 - - [26/Nov/2024:22:58:51 +0000] "GET /api/v1/login HTTP/1.1" 200 1775 "https://oconnor.org" "Mozilla/5.0 (Windows NT 10.0; Win64; x64) AppleWebKit/537.36 (KHTML, like Gecko) Chrome/90.0.4430.85 Safari/537.36" "214.217.99.233"
192.168.0.2 - - [26/Nov/2024:22:58:51 +0000] "GET /api/v1/login HTTP/1.1" 404 3322 "https://stone.com" "Mozilla/5.0 (Windows NT 10.0; Win64; x64) AppleWebKit/537.36 (KHTML, like Gecko) Chrome/90.0.4430.85 Safari/537.36" "72.100.230.104"
192.168.0.2 - - [04/Dec/2024:22:58:51 +0000] "GET /api/v1/status HTTP/1.1" 400 4354 "https://smith.com" "Mozilla/5.0 (Windows NT 6.1; WOW64; rv:33.0) Gecko/20100101 Firefox/33.0" "108.77.217.85"
192.168.0.2 - - [20/Nov/2024:22:58:51 +0000] "GET /api/v1/data HTTP/1.1" 401 471 "https://williams.com" "Mozilla/5.0 (Windows NT 10.0; Win64; x64) AppleWebKit/537.36 (KHTML, like Gecko) Chrome/89.0.4389.82 Safari/537.36" "76.57.216.16"
192.168.0.3 - - [25/Nov/2024:22:58:51 +0000] "GET /api/v1/resource HTTP/1.1" 400 929 "https://winters.biz" "Mozilla/5.0 (Windows NT 10.0; Win64; x64) AppleWebKit/537.36 (KHTML, like Gecko) Chrome/90.0.4430.85 Safari/537.36" "88.188.221.85"
192.168.0.1 - - [04/Dec/2024:22:58:51 +0000] "GET /api/v1/user HTTP/1.1" 500 2231 "https://brown.info" "Mozilla/5.0 (Windows NT 10.0; Win64; x64) AppleWebKit/537.36 (KHTML, like Gecko) Chrome/90.0.4430.85 Safari/537.36" "129.138.76.17"
192.168.0.1 - - [09/Nov/2024:22:58:51 +0000] "GET /api/v1/data HTTP/1.1" 401 1801 "https://mccann-deleon.com" "Mozilla/5.0 (Windows NT 10.0; Win64; x64) AppleWebKit/537.36 (KHTML, like Gecko) Chrome/89.0.4389.82 Safari/537.36" "221.65.223.195"
192.168.0.3 - - [13/Nov/2024:22:58:51 +0000] "GET /api/v1/login HTTP/1.1" 301 4336 "https://hill-sanchez.com" "Mozilla/5.0 (Windows NT 10.0; Win64; x64) AppleWebKit/537.36 (KHTML, like Gecko) Chrome/89.0.4389.82 Safari/537.36" "81.150.81.253"
192.168.0.3 - - [06/Dec/2024:22:58:51 +0000] "GET /api/v1/data HTTP/1.1" 401 2158 "https://smith.com" "Mozilla/5.0 (Windows NT 6.1; WOW64; rv:33.0) Gecko/20100101 Firefox/33.0" "70.50.199.36"
192.168.0.3 - - [04/Dec/2024:22:58:51 +0000] "GET /api/v1/user HTTP/1.1" 400 1270 "https://banks-scott.biz" "Mozilla/5.0 (Windows NT 6.1; WOW64; rv:33.0) Gecko/20100101 Firefox/33.0" "109.82.194.196"
192.168.0.2 - - [27/Nov/2024:22:58:51 +0000] "GET /api/v1/resource HTTP/1.1" 400 2457 "https://guzman-murray.com" "Mozilla/5.0 (Windows NT 6.1; WOW64; rv:33.0) Gecko/20100101 Firefox/33.0" "129.49.221.80"
192.168.0.2 - - [09/Nov/2024:22:58:51 +0000] "GET /api/v1/status HTTP/1.1" 200 3238 "https://murphy-garcia.com" "Mozilla/5.0 (Windows NT 10.0; Win64; x64) AppleWebKit/537.36 (KHTML, like Gecko) Chrome/90.0.4430.85 Safari/537.36" "49.66.102.21"
192.168.0.1 - - [04/Dec/2024:22:58:51 +0000] "GET /api/v1/login HTTP/1.1" 404 965 "https://adams.com" "Mozilla/5.0 (Windows NT 10.0; Win64; x64) AppleWebKit/537.36 (KHTML, like Gecko) Chrome/89.0.4389.82 Safari/537.36" "212.38.96.89"
192.168.0.1 - - [08/Nov/2024:22:58:51 +0000] "GET /api/v1/data HTTP/1.1" 200 4083 "https://clark-charles.com" "Mozilla/5.0 (Windows NT 10.0; Win64; x64) AppleWebKit/537.36 (KHTML, like Gecko) Chrome/89.0.4389.82 Safari/537.36" "106.144.79.124"
192.168.0.3 - - [14/Nov/2024:22:58:51 +0000] "GET /api/v1/login HTTP/1.1" 404 1220 "https://roberts.biz" "Mozilla/5.0 (Windows NT 10.0; Win64; x64) AppleWebKit/537.36 (KHTML, like Gecko) Chrome/89.0.4389.82 Safari/537.36" "59.208.85.63"
192.168.0.3 - - [21/Nov/2024:22:58:51 +0000] "GET /api/v1/user HTTP/1.1" 400 4432 "https://brown-carter.com" "Mozilla/5.0 (Windows NT 10.0; Win64; x64) AppleWebKit/537.36 (KHTML, like Gecko) Chrome/90.0.4430.85 Safari/537.36" "147.79.28.140"
192.168.0.2 - - [04/Dec/2024:22:58:51 +0000] "GET /api/v1/resource HTTP/1.1" 404 4371 "https://lester.com" "Mozilla/5.0 (Windows NT 10.0; Win64; x64) AppleWebKit/537.36 (KHTML, like Gecko) Chrome/90.0.4430.85 Safari/537.36" "207.129.195.216"
192.168.0.2 - - [12/Nov/2024:22:58:51 +0000] "GET /api/v1/resource HTTP/1.1" 200 3649 "https://fox.com" "Mozilla/5.0 (Windows NT 10.0; Win64; x64) AppleWebKit/537.36 (KHTML, like Gecko) Chrome/90.0.4430.85 Safari/537.36" "82.216.185.20"
192.168.0.2 - - [17/Nov/2024:22:58:51 +0000] "GET /api/v1/resource HTTP/1.1" 200 4825 "https://gonzales.com" "Mozilla/5.0 (Windows NT 6.1; WOW64; rv:33.0) Gecko/20100101 Firefox/33.0" "28.93.94.90"
192.168.0.1 - - [22/Nov/2024:22:58:51 +0000] "GET /api/v1/user HTTP/1.1" 500 151 "https://melendez.net" "Mozilla/5.0 (Windows NT 6.1; WOW64; rv:33.0) Gecko/20100101 Firefox/33.0" "38.227.215.223"
192.168.0.1 - - [12/Nov/2024:22:58:51 +0000] "GET /api/v1/user HTTP/1.1" 404 1007 "https://burns.org" "Mozilla/5.0 (Windows NT 6.1; WOW64; rv:33.0) Gecko/20100101 Firefox/33.0" "212.206.6.106"
192.168.0.3 - - [18/Nov/2024:22:58:51 +0000] "GET /api/v1/login HTTP/1.1" 301 4815 "https://salas-may.com" "Mozilla/5.0 (Windows NT 10.0; Win64; x64) AppleWebKit/537.36 (KHTML, like Gecko) Chrome/89.0.4389.82 Safari/537.36" "198.126.168.84"
192.168.0.3 - - [30/Nov/2024:22:58:51 +0000] "GET /api/v1/login HTTP/1.1" 301 3543 "https://gonzalez.info" "Mozilla/5.0 (Windows NT 6.1; WOW64; rv:33.0) Gecko/20100101 Firefox/33.0" "188.175.31.146"
192.168.0.1 - - [06/Dec/2024:22:58:51 +0000] "GET /api/v1/user HTTP/1.1" 200 1046 "https://tran.biz" "Mozilla/5.0 (Windows NT 10.0; Win64; x64) AppleWebKit/537.36 (KHTML, like Gecko) Chrome/90.0.4430.85 Safari/537.36" "39.22.67.99"
192.168.0.1 - - [19/Nov/2024:22:58:51 +0000] "GET /api/v1/status HTTP/1.1" 404 3584 "https://shannon.biz" "Mozilla/5.0 (Windows NT 6.1; WOW64; rv:33.0) Gecko/20100101 Firefox/33.0" "74.35.61.215"
192.168.0.1 - - [25/Nov/2024:22:58:51 +0000] "GET /api/v1/status HTTP/1.1" 400 3061 "https://fisher.org" "Mozilla/5.0 (Windows NT 10.0; Win64; x64) AppleWebKit/537.36 (KHTML, like Gecko) Chrome/89.0.4389.82 Safari/537.36" "76.147.27.117"
192.168.0.3 - - [13/Nov/2024:22:58:51 +0000] "GET /api/v1/user HTTP/1.1" 200 3006 "https://elliott.biz" "Mozilla/5.0 (Windows NT 10.0; Win64; x64) AppleWebKit/537.36 (KHTML, like Gecko) Chrome/90.0.4430.85 Safari/537.36" "27.67.92.148"
192.168.0.2 - - [26/Nov/2024:22:58:51 +0000] "GET /api/v1/login HTTP/1.1" 301 4946 "https://huff.com" "Mozilla/5.0 (Windows NT 10.0; Win64; x64) AppleWebKit/537.36 (KHTML, like Gecko) Chrome/89.0.4389.82 Safari/537.36" "92.34.161.126"
192.168.0.2 - - [18/Nov/2024:22:58:51 +0000] "GET /api/v1/login HTTP/1.1" 301 3173 "https://rivera.net" "Mozilla/5.0 (Windows NT 10.0; Win64; x64) AppleWebKit/537.36 (KHTML, like Gecko) Chrome/89.0.4389.82 Safari/537.36" "139.93.66.131"
192.168.0.1 - - [24/Nov/2024:22:58:51 +0000] "GET /api/v1/login HTTP/1.1" 404 1579 "https://doyle-mitchell.info" "Mozilla/5.0 (Windows NT 10.0; Win64; x64) AppleWebKit/537.36 (KHTML, like Gecko) Chrome/89.0.4389.82 Safari/537.36" "36.243.86.47"
192.168.0.3 - - [14/Nov/2024:22:58:51 +0000] "GET /api/v1/data HTTP/1.1" 301 4552 "https://fowler.com" "Mozilla/5.0 (Windows NT 10.0; Win64; x64) AppleWebKit/537.36 (KHTML, like Gecko) Chrome/89.0.4389.82 Safari/537.36" "44.130.231.64"
192.168.0.1 - - [27/Nov/2024:22:58:51 +0000] "GET /api/v1/data HTTP/1.1" 404 3518 "https://warren.net" "Mozilla/5.0 (Windows NT 10.0; Win64; x64) AppleWebKit/537.36 (KHTML, like Gecko) Chrome/90.0.4430.85 Safari/537.36" "139.157.8.61"
192.168.0.2 - - [29/Nov/2024:22:58:51 +0000] "GET /api/v1/user HTTP/1.1" 500 1568 "https://parker-wilson.com" "Mozilla/5.0 (Windows NT 10.0; Win64; x64) AppleWebKit/537.36 (KHTML, like Gecko) Chrome/89.0.4389.82 Safari/537.36" "40.130.53.67"
192.168.0.3 - - [28/Nov/2024:22:58:51 +0000] "GET /api/v1/user HTTP/1.1" 404 2052 "https://johnson.com" "Mozilla/5.0 (Windows NT 10.0; Win64; x64) AppleWebKit/537.36 (KHTML, like Gecko) Chrome/89.0.4389.82 Safari/537.36" "74.78.182.82"
192.168.0.1 - - [15/Nov/2024:22:58:51 +0000] "GET /api/v1/login HTTP/1.1" 400 2496 "https://mitchell.com" "Mozilla/5.0 (Windows NT 10.0; Win64; x64) AppleWebKit/537.36 (KHTML, like Gecko) Chrome/90.0.4430.85 Safari/537.36" "79.115.60.86"
192.168.0.2 - - [24/Nov/2024:22:58:51 +0000] "GET /api/v1/data HTTP/1.1" 301 3411 "https://rodriguez-alvarez.com" "Mozilla/5.0 (Windows NT 10.0; Win64; x64) AppleWebKit/537.36 (KHTML, like Gecko) Chrome/90.0.4430.85 Safari/537.36" "136.131.69.11"
192.168.0.2 - - [26/Nov/2024:22:58:51 +0000] "GET /api/v1/user HTTP/1.1" 500 1167 "https://guerrero-williams.biz" "Mozilla/5.0 (Windows NT 10.0; Win64; x64) AppleWebKit/537.36 (KHTML, like Gecko) Chrome/89.0.4389.82 Safari/537.36" "65.7.192.11"
192.168.0.1 - - [22/Nov/2024:22:58:51 +0000] "GET /api/v1/login HTTP/1.1" 401 4422 "https://brown.net" "Mozilla/5.0 (Windows NT 6.1; WOW64; rv:33.0) Gecko/20100101 Firefox/33.0" "45.63.135.11"
192.168.0.1 - - [05/Dec/2024:22:58:51 +0000] "GET /api/v1/data HTTP/1.1" 404 4927 "https://miranda.com" "Mozilla/5.0 (Windows NT 10.0; Win64; x64) AppleWebKit/537.36 (KHTML, like Gecko) Chrome/89.0.4389.82 Safari/537.36" "205.159.67.158"
192.168.0.1 - - [18/Nov/2024:22:58:51 +0000] "GET /api/v1/user HTTP/1.1" 400 2630 "https://joseph.biz" "Mozilla/5.0 (Windows NT 6.1; WOW64; rv:33.0) Gecko/20100101 Firefox/33.0" "30.216.28.157"
192.168.0.3 - - [16/Nov/2024:22:58:51 +0000] "GET /api/v1/data HTTP/1.1" 200 3580 "https://foster.org" "Mozilla/5.0 (Windows NT 6.1; WOW64; rv:33.0) Gecko/20100101 Firefox/33.0" "8.51.229.245"
192.168.0.1 - - [01/Dec/2024:22:58:51 +0000] "GET /api/v1/data HTTP/1.1" 400 2058 "https://copeland-ryan.com" "Mozilla/5.0 (Windows NT 10.0; Win64; x64) AppleWebKit/537.36 (KHTML, like Gecko) Chrome/90.0.4430.85 Safari/537.36" "129.155.5.27"
192.168.0.3 - - [04/Dec/2024:22:58:51 +0000] "GET /api/v1/resource HTTP/1.1" 401 4645 "https://phillips.biz" "Mozilla/5.0 (Windows NT 6.1; WOW64; rv:33.0) Gecko/20100101 Firefox/33.0" "54.126.119.138"
192.168.0.1 - - [10/Nov/2024:22:58:51 +0000] "GET /api/v1/user HTTP/1.1" 301 872 "https://king-gray.com" "Mozilla/5.0 (Windows NT 6.1; WOW64; rv:33.0) Gecko/20100101 Firefox/33.0" "201.136.113.3"
192.168.0.3 - - [18/Nov/2024:22:58:51 +0000] "GET /api/v1/user HTTP/1.1" 301 2046 "https://jackson-beasley.net" "Mozilla/5.0 (Windows NT 10.0; Win64; x64) AppleWebKit/537.36 (KHTML, like Gecko) Chrome/90.0.4430.85 Safari/537.36" "155.92.56.30"
192.168.0.2 - - [16/Nov/2024:22:58:51 +0000] "GET /api/v1/resource HTTP/1.1" 301 4687 "https://howard-harrison.com" "Mozilla/5.0 (Windows NT 10.0; Win64; x64) AppleWebKit/537.36 (KHTML, like Gecko) Chrome/89.0.4389.82 Safari/537.36" "128.198.31.46"
192.168.0.3 - - [09/Nov/2024:22:58:51 +0000] "GET /api/v1/status HTTP/1.1" 301 2915 "https://mcmahon.com" "Mozilla/5.0 (Windows NT 6.1; WOW64; rv:33.0) Gecko/20100101 Firefox/33.0" "64.156.14.206"
192.168.0.2 - - [03/Dec/2024:22:58:51 +0000] "GET /api/v1/user HTTP/1.1" 401 516 "https://mitchell.com" "Mozilla/5.0 (Windows NT 10.0; Win64; x64) AppleWebKit/537.36 (KHTML, like Gecko) Chrome/90.0.4430.85 Safari/537.36" "38.122.147.83"
192.168.0.2 - - [26/Nov/2024:22:58:51 +0000] "GET /api/v1/status HTTP/1.1" 301 1705 "https://green-miller.com" "Mozilla/5.0 (Windows NT 10.0; Win64; x64) AppleWebKit/537.36 (KHTML, like Gecko) Chrome/89.0.4389.82 Safari/537.36" "44.38.73.66"
192.168.0.2 - - [18/Nov/2024:22:58:51 +0000] "GET /api/v1/resource HTTP/1.1" 401 1814 "https://hall.com" "Mozilla/5.0 (Windows NT 6.1; WOW64; rv:33.0) Gecko/20100101 Firefox/33.0" "194.109.216.112"
192.168.0.1 - - [02/Dec/2024:22:58:51 +0000] "GET /api/v1/user HTTP/1.1" 404 701 "https://richards-sanders.com" "Mozilla/5.0 (Windows NT 10.0; Win64; x64) AppleWebKit/537.36 (KHTML, like Gecko) Chrome/89.0.4389.82 Safari/537.36" "193.158.12.200"
192.168.0.2 - - [22/Nov/2024:22:58:51 +0000] "GET /api/v1/status HTTP/1.1" 400 4801 "https://myers-lester.com" "Mozilla/5.0 (Windows NT 6.1; WOW64; rv:33.0) Gecko/20100101 Firefox/33.0" "35.47.206.118"
192.168.0.1 - - [24/Nov/2024:22:58:51 +0000] "GET /api/v1/resource HTTP/1.1" 401 2762 "https://greer-stewart.com" "Mozilla/5.0 (Windows NT 6.1; WOW64; rv:33.0) Gecko/20100101 Firefox/33.0" "142.64.198.164"
192.168.0.3 - - [07/Dec/2024:22:58:51 +0000] "GET /api/v1/user HTTP/1.1" 404 2593 "https://hawkins.com" "Mozilla/5.0 (Windows NT 6.1; WOW64; rv:33.0) Gecko/20100101 Firefox/33.0" "151.97.64.211"
192.168.0.1 - - [22/Nov/2024:22:58:51 +0000] "GET /api/v1/resource HTTP/1.1" 400 1245 "https://vazquez.com" "Mozilla/5.0 (Windows NT 10.0; Win64; x64) AppleWebKit/537.36 (KHTML, like Gecko) Chrome/89.0.4389.82 Safari/537.36" "147.149.249.243"
192.168.0.3 - - [10/Nov/2024:22:58:51 +0000] "GET /api/v1/resource HTTP/1.1" 404 3148 "https://murphy.info" "Mozilla/5.0 (Windows NT 6.1; WOW64; rv:33.0) Gecko/20100101 Firefox/33.0" "22.47.245.164"
192.168.0.3 - - [18/Nov/2024:22:58:51 +0000] "GET /api/v1/resource HTTP/1.1" 301 4309 "https://hoover-hicks.com" "Mozilla/5.0 (Windows NT 10.0; Win64; x64) AppleWebKit/537.36 (KHTML, like Gecko) Chrome/90.0.4430.85 Safari/537.36" "185.250.72.140"
192.168.0.3 - - [30/Nov/2024:22:58:51 +0000] "GET /api/v1/resource HTTP/1.1" 401 2012 "https://fletcher-huang.com" "Mozilla/5.0 (Windows NT 10.0; Win64; x64) AppleWebKit/537.36 (KHTML, like Gecko) Chrome/90.0.4430.85 Safari/537.36" "68.207.148.96"
192.168.0.1 - - [03/Dec/2024:22:58:51 +0000] "GET /api/v1/status HTTP/1.1" 401 293 "https://campos.com" "Mozilla/5.0 (Windows NT 6.1; WOW64; rv:33.0) Gecko/20100101 Firefox/33.0" "165.41.131.111"
192.168.0.1 - - [28/Nov/2024:22:58:51 +0000] "GET /api/v1/resource HTTP/1.1" 401 4749 "https://powers.com" "Mozilla/5.0 (Windows NT 6.1; WOW64; rv:33.0) Gecko/20100101 Firefox/33.0" "92.237.120.75"
192.168.0.2 - - [02/Dec/2024:22:58:51 +0000] "GET /api/v1/login HTTP/1.1" 500 2288 "https://butler.com" "Mozilla/5.0 (Windows NT 10.0; Win64; x64) AppleWebKit/537.36 (KHTML, like Gecko) Chrome/90.0.4430.85 Safari/537.36" "132.183.134.7"
192.168.0.3 - - [25/Nov/2024:22:58:51 +0000] "GET /api/v1/login HTTP/1.1" 404 2766 "https://gordon-graham.com" "Mozilla/5.0 (Windows NT 6.1; WOW64; rv:33.0) Gecko/20100101 Firefox/33.0" "95.218.43.189"
192.168.0.1 - - [29/Nov/2024:22:58:51 +0000] "GET /api/v1/data HTTP/1.1" 301 2745 "https://cooper.com" "Mozilla/5.0 (Windows NT 6.1; WOW64; rv:33.0) Gecko/20100101 Firefox/33.0" "44.141.95.149"
192.168.0.3 - - [14/Nov/2024:22:58:51 +0000] "GET /api/v1/resource HTTP/1.1" 500 4369 "https://miller-herrera.com" "Mozilla/5.0 (Windows NT 10.0; Win64; x64) AppleWebKit/537.36 (KHTML, like Gecko) Chrome/89.0.4389.82 Safari/537.36" "44.41.19.176"
192.168.0.1 - - [27/Nov/2024:22:58:51 +0000] "GET /api/v1/data HTTP/1.1" 401 383 "https://owens.com" "Mozilla/5.0 (Windows NT 10.0; Win64; x64) AppleWebKit/537.36 (KHTML, like Gecko) Chrome/89.0.4389.82 Safari/537.36" "146.196.78.16"
192.168.0.1 - - [03/Dec/2024:22:58:51 +0000] "GET /api/v1/status HTTP/1.1" 301 4128 "https://butler-williams.com" "Mozilla/5.0 (Windows NT 10.0; Win64; x64) AppleWebKit/537.36 (KHTML, like Gecko) Chrome/89.0.4389.82 Safari/537.36" "198.142.245.222"
192.168.0.3 - - [23/Nov/2024:22:58:51 +0000] "GET /api/v1/resource HTTP/1.1" 500 1472 "https://palmer-rivera.com" "Mozilla/5.0 (Windows NT 6.1; WOW64; rv:33.0) Gecko/20100101 Firefox/33.0" "179.118.68.67"
192.168.0.2 - - [24/Nov/2024:22:58:51 +0000] "GET /api/v1/user HTTP/1.1" 200 1804 "https://olson.com" "Mozilla/5.0 (Windows NT 10.0; Win64; x64) AppleWebKit/537.36 (KHTML, like Gecko) Chrome/89.0.4389.82 Safari/537.36" "119.166.7.245"
192.168.0.1 - - [07/Dec/2024:22:58:51 +0000] "GET /api/v1/status HTTP/1.1" 301 4912 "https://stout-pena.com" "Mozilla/5.0 (Windows NT 6.1; WOW64; rv:33.0) Gecko/20100101 Firefox/33.0" "85.158.46.254"
192.168.0.1 - - [02/Dec/2024:22:58:51 +0000] "GET /api/v1/login HTTP/1.1" 500 1131 "https://mayer-allen.info" "Mozilla/5.0 (Windows NT 6.1; WOW64; rv:33.0) Gecko/20100101 Firefox/33.0" "156.113.91.28"
192.168.0.3 - - [07/Dec/2024:22:58:51 +0000] "GET /api/v1/status HTTP/1.1" 401 222 "https://lewis.com" "Mozilla/5.0 (Windows NT 10.0; Win64; x64) AppleWebKit/537.36 (KHTML, like Gecko) Chrome/89.0.4389.82 Safari/537.36" "191.135.80.43"
192.168.0.3 - - [02/Dec/2024:22:58:51 +0000] "GET /api/v1/status HTTP/1.1" 500 438 "https://boyd-stone.com" "Mozilla/5.0 (Windows NT 10.0; Win64; x64) AppleWebKit/537.36 (KHTML, like Gecko) Chrome/90.0.4430.85 Safari/537.36" "22.61.245.253"
192.168.0.3 - - [19/Nov/2024:22:58:51 +0000] "GET /api/v1/user HTTP/1.1" 500 247 "https://hayes-fox.info" "Mozilla/5.0 (Windows NT 10.0; Win64; x64) AppleWebKit/537.36 (KHTML, like Gecko) Chrome/89.0.4389.82 Safari/537.36" "177.167.190.152"
192.168.0.1 - - [02/Dec/2024:22:58:51 +0000] "GET /api/v1/status HTTP/1.1" 404 3919 "https://martin-ramos.org" "Mozilla/5.0 (Windows NT 6.1; WOW64; rv:33.0) Gecko/20100101 Firefox/33.0" "122.184.217.35"
192.168.0.1 - - [10/Nov/2024:22:58:51 +0000] "GET /api/v1/resource HTTP/1.1" 401 522 "https://pugh.com" "Mozilla/5.0 (Windows NT 6.1; WOW64; rv:33.0) Gecko/20100101 Firefox/33.0" "16.42.205.182"
192.168.0.2 - - [08/Nov/2024:22:58:51 +0000] "GET /api/v1/user HTTP/1.1" 500 1068 "https://evans.com" "Mozilla/5.0 (Windows NT 6.1; WOW64; rv:33.0) Gecko/20100101 Firefox/33.0" "179.240.137.196"
192.168.0.2 - - [08/Dec/2024:22:58:51 +0000] "GET /api/v1/user HTTP/1.1" 301 1337 "https://johnson-alexander.biz" "Mozilla/5.0 (Windows NT 6.1; WOW64; rv:33.0) Gecko/20100101 Firefox/33.0" "54.192.243.153"
192.168.0.3 - - [07/Dec/2024:22:58:51 +0000] "GET /api/v1/resource HTTP/1.1" 400 1969 "https://campbell.com" "Mozilla/5.0 (Windows NT 10.0; Win64; x64) AppleWebKit/537.36 (KHTML, like Gecko) Chrome/89.0.4389.82 Safari/537.36" "178.163.120.76"
192.168.0.3 - - [18/Nov/2024:22:58:51 +0000] "GET /api/v1/status HTTP/1.1" 404 2039 "https://richard.com" "Mozilla/5.0 (Windows NT 10.0; Win64; x64) AppleWebKit/537.36 (KHTML, like Gecko) Chrome/90.0.4430.85 Safari/537.36" "201.160.128.140"
192.168.0.1 - - [13/Nov/2024:22:58:51 +0000] "GET /api/v1/resource HTTP/1.1" 404 2395 "https://blankenship-smith.biz" "Mozilla/5.0 (Windows NT 10.0; Win64; x64) AppleWebKit/537.36 (KHTML, like Gecko) Chrome/90.0.4430.85 Safari/537.36" "206.221.27.19"
192.168.0.3 - - [08/Dec/2024:22:58:51 +0000] "GET /api/v1/user HTTP/1.1" 500 2726 "https://andrews.com" "Mozilla/5.0 (Windows NT 10.0; Win64; x64) AppleWebKit/537.36 (KHTML, like Gecko) Chrome/89.0.4389.82 Safari/537.36" "213.144.62.47"
192.168.0.3 - - [16/Nov/2024:22:58:51 +0000] "GET /api/v1/resource HTTP/1.1" 400 1636 "https://greene-silva.biz" "Mozilla/5.0 (Windows NT 10.0; Win64; x64) AppleWebKit/537.36 (KHTML, like Gecko) Chrome/89.0.4389.82 Safari/537.36" "25.8.200.226"
192.168.0.3 - - [08/Dec/2024:22:58:51 +0000] "GET /api/v1/resource HTTP/1.1" 400 305 "https://weiss-wagner.com" "Mozilla/5.0 (Windows NT 10.0; Win64; x64) AppleWebKit/537.36 (KHTML, like Gecko) Chrome/90.0.4430.85 Safari/537.36" "9.92.185.77"
192.168.0.1 - - [01/Dec/2024:22:58:51 +0000] "GET /api/v1/user HTTP/1.1" 500 4118 "https://mitchell.com" "Mozilla/5.0 (Windows NT 10.0; Win64; x64) AppleWebKit/537.36 (KHTML, like Gecko) Chrome/90.0.4430.85 Safari/537.36" "198.85.143.114"
192.168.0.2 - - [12/Nov/2024:22:58:51 +0000] "GET /api/v1/resource HTTP/1.1" 401 1565 "https://perez.net" "Mozilla/5.0 (Windows NT 10.0; Win64; x64) AppleWebKit/537.36 (KHTML, like Gecko) Chrome/89.0.4389.82 Safari/537.36" "97.217.239.129"
192.168.0.1 - - [12/Nov/2024:22:58:51 +0000] "GET /api/v1/resource HTTP/1.1" 500 3434 "https://montgomery-strong.com" "Mozilla/5.0 (Windows NT 10.0; Win64; x64) AppleWebKit/537.36 (KHTML, like Gecko) Chrome/90.0.4430.85 Safari/537.36" "122.218.156.23"
192.168.0.2 - - [27/Nov/2024:22:58:51 +0000] "GET /api/v1/status HTTP/1.1" 400 1531 "https://pope.net" "Mozilla/5.0 (Windows NT 6.1; WOW64; rv:33.0) Gecko/20100101 Firefox/33.0" "18.110.109.103"
192.168.0.3 - - [02/Dec/2024:22:58:51 +0000] "GET /api/v1/resource HTTP/1.1" 404 4605 "https://santiago.com" "Mozilla/5.0 (Windows NT 10.0; Win64; x64) AppleWebKit/537.36 (KHTML, like Gecko) Chrome/89.0.4389.82 Safari/537.36" "179.63.225.82"
192.168.0.2 - - [02/Dec/2024:22:58:51 +0000] "GET /api/v1/user HTTP/1.1" 404 3710 "https://tanner.com" "Mozilla/5.0 (Windows NT 10.0; Win64; x64) AppleWebKit/537.36 (KHTML, like Gecko) Chrome/90.0.4430.85 Safari/537.36" "31.101.217.102"
192.168.0.2 - - [22/Nov/2024:22:58:51 +0000] "GET /api/v1/login HTTP/1.1" 500 272 "https://silva-walker.net" "Mozilla/5.0 (Windows NT 10.0; Win64; x64) AppleWebKit/537.36 (KHTML, like Gecko) Chrome/90.0.4430.85 Safari/537.36" "197.111.149.36"
192.168.0.3 - - [09/Nov/2024:22:58:51 +0000] "GET /api/v1/user HTTP/1.1" 301 2149 "https://pacheco.com" "Mozilla/5.0 (Windows NT 10.0; Win64; x64) AppleWebKit/537.36 (KHTML, like Gecko) Chrome/89.0.4389.82 Safari/537.36" "133.108.79.150"
192.168.0.3 - - [03/Dec/2024:22:58:51 +0000] "GET /api/v1/user HTTP/1.1" 200 290 "https://salazar.net" "Mozilla/5.0 (Windows NT 10.0; Win64; x64) AppleWebKit/537.36 (KHTML, like Gecko) Chrome/89.0.4389.82 Safari/537.36" "134.232.162.127"
192.168.0.2 - - [21/Nov/2024:22:58:51 +0000] "GET /api/v1/status HTTP/1.1" 401 4597 "https://lee.com" "Mozilla/5.0 (Windows NT 10.0; Win64; x64) AppleWebKit/537.36 (KHTML, like Gecko) Chrome/90.0.4430.85 Safari/537.36" "117.107.234.143"
192.168.0.3 - - [13/Nov/2024:22:58:51 +0000] "GET /api/v1/user HTTP/1.1" 500 4830 "https://hurley.com" "Mozilla/5.0 (Windows NT 10.0; Win64; x64) AppleWebKit/537.36 (KHTML, like Gecko) Chrome/90.0.4430.85 Safari/537.36" "111.14.16.182"
192.168.0.3 - - [17/Nov/2024:22:58:51 +0000] "GET /api/v1/user HTTP/1.1" 200 3594 "https://klein.info" "Mozilla/5.0 (Windows NT 10.0; Win64; x64) AppleWebKit/537.36 (KHTML, like Gecko) Chrome/90.0.4430.85 Safari/537.36" "120.38.245.135"
192.168.0.1 - - [15/Nov/2024:22:58:51 +0000] "GET /api/v1/data HTTP/1.1" 401 4028 "https://yu.com" "Mozilla/5.0 (Windows NT 6.1; WOW64; rv:33.0) Gecko/20100101 Firefox/33.0" "178.171.3.234"
192.168.0.1 - - [05/Dec/2024:22:58:51 +0000] "GET /api/v1/resource HTTP/1.1" 200 3132 "https://thompson.com" "Mozilla/5.0 (Windows NT 10.0; Win64; x64) AppleWebKit/537.36 (KHTML, like Gecko) Chrome/89.0.4389.82 Safari/537.36" "17.176.247.116"
192.168.0.2 - - [19/Nov/2024:22:58:51 +0000] "GET /api/v1/user HTTP/1.1" 301 2741 "https://dean-kidd.org" "Mozilla/5.0 (Windows NT 6.1; WOW64; rv:33.0) Gecko/20100101 Firefox/33.0" "117.235.206.84"
192.168.0.3 - - [01/Dec/2024:22:58:51 +0000] "GET /api/v1/status HTTP/1.1" 500 3086 "https://patel-mendez.org" "Mozilla/5.0 (Windows NT 10.0; Win64; x64) AppleWebKit/537.36 (KHTML, like Gecko) Chrome/89.0.4389.82 Safari/537.36" "21.138.239.159"
192.168.0.1 - - [04/Dec/2024:22:58:51 +0000] "GET /api/v1/user HTTP/1.1" 404 2749 "https://butler.com" "Mozilla/5.0 (Windows NT 6.1; WOW64; rv:33.0) Gecko/20100101 Firefox/33.0" "153.73.120.136"
192.168.0.3 - - [30/Nov/2024:22:58:51 +0000] "GET /api/v1/login HTTP/1.1" 500 4020 "https://miller.net" "Mozilla/5.0 (Windows NT 6.1; WOW64; rv:33.0) Gecko/20100101 Firefox/33.0" "222.53.234.182"
192.168.0.2 - - [27/Nov/2024:22:58:51 +0000] "GET /api/v1/user HTTP/1.1" 400 374 "https://barrett-ewing.com" "Mozilla/5.0 (Windows NT 10.0; Win64; x64) AppleWebKit/537.36 (KHTML, like Gecko) Chrome/89.0.4389.82 Safari/537.36" "48.44.64.165"
192.168.0.2 - - [11/Nov/2024:22:58:51 +0000] "GET /api/v1/login HTTP/1.1" 404 156 "https://ward.org" "Mozilla/5.0 (Windows NT 10.0; Win64; x64) AppleWebKit/537.36 (KHTML, like Gecko) Chrome/89.0.4389.82 Safari/537.36" "181.199.49.117"
192.168.0.3 - - [12/Nov/2024:22:58:51 +0000] "GET /api/v1/status HTTP/1.1" 400 1305 "https://hurley-brooks.org" "Mozilla/5.0 (Windows NT 6.1; WOW64; rv:33.0) Gecko/20100101 Firefox/33.0" "162.246.197.132"
192.168.0.1 - - [09/Nov/2024:22:58:51 +0000] "GET /api/v1/resource HTTP/1.1" 401 4091 "https://hill.com" "Mozilla/5.0 (Windows NT 6.1; WOW64; rv:33.0) Gecko/20100101 Firefox/33.0" "27.111.25.201"
192.168.0.3 - - [27/Nov/2024:22:58:51 +0000] "GET /api/v1/login HTTP/1.1" 401 3500 "https://schneider.net" "Mozilla/5.0 (Windows NT 6.1; WOW64; rv:33.0) Gecko/20100101 Firefox/33.0" "118.200.124.220"
192.168.0.2 - - [26/Nov/2024:22:58:51 +0000] "GET /api/v1/data HTTP/1.1" 401 287 "https://hill-day.biz" "Mozilla/5.0 (Windows NT 6.1; WOW64; rv:33.0) Gecko/20100101 Firefox/33.0" "31.231.104.189"
192.168.0.1 - - [22/Nov/2024:22:58:51 +0000] "GET /api/v1/status HTTP/1.1" 400 4526 "https://howard-gilbert.net" "Mozilla/5.0 (Windows NT 10.0; Win64; x64) AppleWebKit/537.36 (KHTML, like Gecko) Chrome/90.0.4430.85 Safari/537.36" "185.150.67.90"
192.168.0.3 - - [24/Nov/2024:22:58:51 +0000] "GET /api/v1/user HTTP/1.1" 500 431 "https://freeman.com" "Mozilla/5.0 (Windows NT 6.1; WOW64; rv:33.0) Gecko/20100101 Firefox/33.0" "42.1.155.91"
192.168.0.2 - - [12/Nov/2024:22:58:51 +0000] "GET /api/v1/user HTTP/1.1" 200 3254 "https://mullins.com" "Mozilla/5.0 (Windows NT 10.0; Win64; x64) AppleWebKit/537.36 (KHTML, like Gecko) Chrome/90.0.4430.85 Safari/537.36" "133.191.148.235"
192.168.0.3 - - [14/Nov/2024:22:58:51 +0000] "GET /api/v1/login HTTP/1.1" 404 4416 "https://santana.com" "Mozilla/5.0 (Windows NT 10.0; Win64; x64) AppleWebKit/537.36 (KHTML, like Gecko) Chrome/90.0.4430.85 Safari/537.36" "30.120.101.148"
192.168.0.2 - - [24/Nov/2024:22:58:51 +0000] "GET /api/v1/status HTTP/1.1" 200 2735 "https://white.com" "Mozilla/5.0 (Windows NT 6.1; WOW64; rv:33.0) Gecko/20100101 Firefox/33.0" "194.169.189.65"
192.168.0.1 - - [29/Nov/2024:22:58:51 +0000] "GET /api/v1/login HTTP/1.1" 500 804 "https://gonzales-nash.com" "Mozilla/5.0 (Windows NT 10.0; Win64; x64) AppleWebKit/537.36 (KHTML, like Gecko) Chrome/89.0.4389.82 Safari/537.36" "216.29.241.79"
192.168.0.3 - - [02/Dec/2024:22:58:51 +0000] "GET /api/v1/login HTTP/1.1" 200 4240 "https://miller-donaldson.org" "Mozilla/5.0 (Windows NT 10.0; Win64; x64) AppleWebKit/537.36 (KHTML, like Gecko) Chrome/90.0.4430.85 Safari/537.36" "11.91.213.32"
192.168.0.1 - - [20/Nov/2024:22:58:51 +0000] "GET /api/v1/login HTTP/1.1" 404 4262 "https://dodson.org" "Mozilla/5.0 (Windows NT 6.1; WOW64; rv:33.0) Gecko/20100101 Firefox/33.0" "172.71.166.52"
192.168.0.2 - - [05/Dec/2024:22:58:51 +0000] "GET /api/v1/login HTTP/1.1" 400 2468 "https://whitney-molina.com" "Mozilla/5.0 (Windows NT 6.1; WOW64; rv:33.0) Gecko/20100101 Firefox/33.0" "9.221.84.101"
192.168.0.2 - - [08/Nov/2024:22:58:51 +0000] "GET /api/v1/resource HTTP/1.1" 500 2260 "https://sanford.com" "Mozilla/5.0 (Windows NT 10.0; Win64; x64) AppleWebKit/537.36 (KHTML, like Gecko) Chrome/90.0.4430.85 Safari/537.36" "126.126.193.172"
192.168.0.3 - - [26/Nov/2024:22:58:51 +0000] "GET /api/v1/data HTTP/1.1" 401 622 "https://parker.org" "Mozilla/5.0 (Windows NT 10.0; Win64; x64) AppleWebKit/537.36 (KHTML, like Gecko) Chrome/90.0.4430.85 Safari/537.36" "35.64.193.237"
192.168.0.2 - - [16/Nov/2024:22:58:51 +0000] "GET /api/v1/login HTTP/1.1" 401 3582 "https://hernandez.biz" "Mozilla/5.0 (Windows NT 10.0; Win64; x64) AppleWebKit/537.36 (KHTML, like Gecko) Chrome/89.0.4389.82 Safari/537.36" "214.157.194.166"
192.168.0.1 - - [08/Nov/2024:22:58:51 +0000] "GET /api/v1/status HTTP/1.1" 400 3020 "https://brooks.com" "Mozilla/5.0 (Windows NT 6.1; WOW64; rv:33.0) Gecko/20100101 Firefox/33.0" "99.148.46.77"
192.168.0.2 - - [05/Dec/2024:22:58:51 +0000] "GET /api/v1/data HTTP/1.1" 400 4592 "https://whitehead.com" "Mozilla/5.0 (Windows NT 6.1; WOW64; rv:33.0) Gecko/20100101 Firefox/33.0" "189.144.128.162"
192.168.0.3 - - [02/Dec/2024:22:58:51 +0000] "GET /api/v1/status HTTP/1.1" 404 2401 "https://flores.org" "Mozilla/5.0 (Windows NT 6.1; WOW64; rv:33.0) Gecko/20100101 Firefox/33.0" "15.236.80.91"
192.168.0.3 - - [26/Nov/2024:22:58:51 +0000] "GET /api/v1/resource HTTP/1.1" 301 1705 "https://washington-ochoa.org" "Mozilla/5.0 (Windows NT 10.0; Win64; x64) AppleWebKit/537.36 (KHTML, like Gecko) Chrome/90.0.4430.85 Safari/537.36" "36.177.223.6"
192.168.0.3 - - [08/Dec/2024:22:58:51 +0000] "GET /api/v1/login HTTP/1.1" 200 2266 "https://hensley-koch.com" "Mozilla/5.0 (Windows NT 10.0; Win64; x64) AppleWebKit/537.36 (KHTML, like Gecko) Chrome/90.0.4430.85 Safari/537.36" "121.59.80.225"
192.168.0.1 - - [22/Nov/2024:22:58:51 +0000] "GET /api/v1/data HTTP/1.1" 404 1489 "https://richardson.biz" "Mozilla/5.0 (Windows NT 6.1; WOW64; rv:33.0) Gecko/20100101 Firefox/33.0" "171.184.41.118"
192.168.0.1 - - [21/Nov/2024:22:58:51 +0000] "GET /api/v1/data HTTP/1.1" 400 4462 "https://cooper-frey.com" "Mozilla/5.0 (Windows NT 6.1; WOW64; rv:33.0) Gecko/20100101 Firefox/33.0" "15.228.26.188"
192.168.0.1 - - [16/Nov/2024:22:58:51 +0000] "GET /api/v1/resource HTTP/1.1" 200 1867 "https://brown.com" "Mozilla/5.0 (Windows NT 6.1; WOW64; rv:33.0) Gecko/20100101 Firefox/33.0" "62.215.117.53"
192.168.0.2 - - [20/Nov/2024:22:58:51 +0000] "GET /api/v1/login HTTP/1.1" 301 180 "https://walker.net" "Mozilla/5.0 (Windows NT 6.1; WOW64; rv:33.0) Gecko/20100101 Firefox/33.0" "10.35.91.191"
192.168.0.1 - - [21/Nov/2024:22:58:51 +0000] "GET /api/v1/status HTTP/1.1" 401 1746 "https://palmer-stone.com" "Mozilla/5.0 (Windows NT 10.0; Win64; x64) AppleWebKit/537.36 (KHTML, like Gecko) Chrome/90.0.4430.85 Safari/537.36" "33.170.32.88"
192.168.0.3 - - [11/Nov/2024:22:58:51 +0000] "GET /api/v1/user HTTP/1.1" 400 3738 "https://martinez-miller.biz" "Mozilla/5.0 (Windows NT 10.0; Win64; x64) AppleWebKit/537.36 (KHTML, like Gecko) Chrome/89.0.4389.82 Safari/537.36" "146.137.134.148"
192.168.0.2 - - [14/Nov/2024:22:58:51 +0000] "GET /api/v1/data HTTP/1.1" 404 3187 "https://roberts.com" "Mozilla/5.0 (Windows NT 10.0; Win64; x64) AppleWebKit/537.36 (KHTML, like Gecko) Chrome/90.0.4430.85 Safari/537.36" "38.188.169.200"
192.168.0.1 - - [25/Nov/2024:22:58:51 +0000] "GET /api/v1/status HTTP/1.1" 500 1223 "https://ford-chandler.com" "Mozilla/5.0 (Windows NT 10.0; Win64; x64) AppleWebKit/537.36 (KHTML, like Gecko) Chrome/90.0.4430.85 Safari/537.36" "197.246.164.175"
192.168.0.1 - - [23/Nov/2024:22:58:51 +0000] "GET /api/v1/login HTTP/1.1" 401 3360 "https://murphy.com" "Mozilla/5.0 (Windows NT 6.1; WOW64; rv:33.0) Gecko/20100101 Firefox/33.0" "117.122.231.131"
192.168.0.3 - - [13/Nov/2024:22:58:51 +0000] "GET /api/v1/user HTTP/1.1" 404 1671 "https://mcintyre.net" "Mozilla/5.0 (Windows NT 10.0; Win64; x64) AppleWebKit/537.36 (KHTML, like Gecko) Chrome/89.0.4389.82 Safari/537.36" "134.63.58.85"
192.168.0.3 - - [26/Nov/2024:22:58:51 +0000] "GET /api/v1/data HTTP/1.1" 200 4441 "https://flores.info" "Mozilla/5.0 (Windows NT 10.0; Win64; x64) AppleWebKit/537.36 (KHTML, like Gecko) Chrome/90.0.4430.85 Safari/537.36" "208.91.197.204"
192.168.0.1 - - [24/Nov/2024:22:58:51 +0000] "GET /api/v1/login HTTP/1.1" 500 3374 "https://guzman-guerra.com" "Mozilla/5.0 (Windows NT 6.1; WOW64; rv:33.0) Gecko/20100101 Firefox/33.0" "80.229.156.208"
192.168.0.2 - - [02/Dec/2024:22:58:51 +0000] "GET /api/v1/status HTTP/1.1" 500 4911 "https://wilson.info" "Mozilla/5.0 (Windows NT 6.1; WOW64; rv:33.0) Gecko/20100101 Firefox/33.0" "92.159.220.206"
192.168.0.2 - - [22/Nov/2024:22:58:51 +0000] "GET /api/v1/login HTTP/1.1" 400 2481 "https://kelly.com" "Mozilla/5.0 (Windows NT 10.0; Win64; x64) AppleWebKit/537.36 (KHTML, like Gecko) Chrome/90.0.4430.85 Safari/537.36" "206.193.11.221"
192.168.0.3 - - [15/Nov/2024:22:58:51 +0000] "GET /api/v1/resource HTTP/1.1" 404 3208 "https://gonzales-wright.com" "Mozilla/5.0 (Windows NT 10.0; Win64; x64) AppleWebKit/537.36 (KHTML, like Gecko) Chrome/89.0.4389.82 Safari/537.36" "68.157.5.109"
192.168.0.2 - - [14/Nov/2024:22:58:51 +0000] "GET /api/v1/data HTTP/1.1" 404 4226 "https://ramirez-williams.com" "Mozilla/5.0 (Windows NT 6.1; WOW64; rv:33.0) Gecko/20100101 Firefox/33.0" "75.151.71.93"
192.168.0.1 - - [26/Nov/2024:22:58:51 +0000] "GET /api/v1/data HTTP/1.1" 404 3270 "https://gonzales.com" "Mozilla/5.0 (Windows NT 10.0; Win64; x64) AppleWebKit/537.36 (KHTML, like Gecko) Chrome/89.0.4389.82 Safari/537.36" "38.244.78.142"
192.168.0.3 - - [06/Dec/2024:22:58:51 +0000] "GET /api/v1/data HTTP/1.1" 500 3062 "https://johnson.net" "Mozilla/5.0 (Windows NT 6.1; WOW64; rv:33.0) Gecko/20100101 Firefox/33.0" "53.240.122.215"
192.168.0.2 - - [10/Nov/2024:22:58:51 +0000] "GET /api/v1/login HTTP/1.1" 301 1066 "https://higgins-caldwell.org" "Mozilla/5.0 (Windows NT 6.1; WOW64; rv:33.0) Gecko/20100101 Firefox/33.0" "40.138.200.112"
