192.168.0.1 - - [08/Dec/2024:22:58:51 +0000] "GET /api/v1/resource HTTP/1.1" 401 4492 "https://thomas-jones.com" "Mozilla/5.0 (Windows NT 10.0; Win64; x64) AppleWebKit/537.36 (KHTML, like Gecko) Chrome/89.0.4389.82 Safari/537.36" "58.202.32.99"
192.168.0.3 - - [24/Nov/2024:22:58:51 +0000] "GET /api/v1/user HTTP/1.1" 400 4095 "https://robinson-bradshaw.com" "Mozilla/5.0 (Windows NT 6.1; WOW64; rv:33.0) Gecko/20100101 Firefox/33.0" "181.187.232.238"
192.168.0.2 - - [17/Nov/2024:22:58:51 +0000] "GET /api/v1/resource HTTP/1.1" 500 4595 "https://shaffer-abbott.org" "Mozilla/5.0 (Windows NT 10.0; Win64; x64) AppleWebKit/537.36 (KHTML, like Gecko) Chrome/89.0.4389.82 Safari/537.36" "19.67.189.104"
192.168.0.2 - - [15/Nov/2024:22:58:51 +0000] "GET /api/v1/status HTTP/1.1" 400 1826 "https://wright.org" "Mozilla/5.0 (Windows NT 6.1; WOW64; rv:33.0) Gecko/20100101 Firefox/33.0" "116.49.3.126"
192.168.0.2 - - [19/Nov/2024:22:58:51 +0000] "GET /api/v1/login HTTP/1.1" 400 3862 "https://johnston.net" "Mozilla/5.0 (Windows NT 10.0; Win64; x64) AppleWebKit/537.36 (KHTML, like Gecko) Chrome/90.0.4430.85 Safari/537.36" "3.73.59.84"
192.168.0.1 - - [30/Nov/2024:22:58:51 +0000] "GET /api/v1/user HTTP/1.1" 200 535 "https://george-short.com" "Mozilla/5.0 (Windows NT 6.1; WOW64; rv:33.0) Gecko/20100101 Firefox/33.0" "134.77.179.221"
192.168.0.2 - - [27/Nov/2024:22:58:51 +0000] "GET /api/v1/login HTTP/1.1" 404 1681 "https://bradley-brown.biz" "Mozilla/5.0 (Windows NT 10.0; Win64; x64) AppleWebKit/537.36 (KHTML, like Gecko) Chrome/89.0.4389.82 Safari/537.36" "36.203.215.100"
192.168.0.2 - - [14/Nov/2024:22:58:51 +0000] "GET /api/v1/data HTTP/1.1" 404 2925 "https://brewer-barnes.info" "Mozilla/5.0 (Windows NT 6.1; WOW64; rv:33.0) Gecko/20100101 Firefox/33.0" "164.199.179.37"
192.168.0.1 - - [24/Nov/2024:22:58:51 +0000] "GET /api/v1/status HTTP/1.1" 200 4562 "https://collins-dillon.net" "Mozilla/5.0 (Windows NT 10.0; Win64; x64) AppleWebKit/537.36 (KHTML, like Gecko) Chrome/90.0.4430.85 Safari/537.36" "215.119.155.185"
192.168.0.2 - - [10/Nov/2024:22:58:51 +0000] "GET /api/v1/data HTTP/1.1" 404 984 "https://weber.biz" "Mozilla/5.0 (Windows NT 6.1; WOW64; rv:33.0) Gecko/20100101 Firefox/33.0" "99.223.123.234"
192.168.0.2 - - [10/Nov/2024:22:58:51 +0000] "GET /api/v1/status HTTP/1.1" 400 3500 "https://garcia.com" "Mozilla/5.0 (Windows NT 6.1; WOW64; rv:33.0) Gecko/20100101 Firefox/33.0" "107.86.254.234"
192.168.0.1 - - [19/Nov/2024:22:58:51 +0000] "GET /api/v1/status HTTP/1.1" 301 1731 "https://wilson.com" "Mozilla/5.0 (Windows NT 6.1; WOW64; rv:33.0) Gecko/20100101 Firefox/33.0" "98.241.230.46"
192.168.0.2 - - [23/Nov/2024:22:58:51 +0000] "GET /api/v1/resource HTTP/1.1" 400 2641 "https://brown.net" "Mozilla/5.0 (Windows NT 10.0; Win64; x64) AppleWebKit/537.36 (KHTML, like Gecko) Chrome/90.0.4430.85 Safari/537.36" "105.178.164.159"
192.168.0.2 - - [21/Nov/2024:22:58:51 +0000] "GET /api/v1/login HTTP/1.1" 401 3304 "https://weber.com" "Mozilla/5.0 (Windows NT 10.0; Win64; x64) AppleWebKit/537.36 (KHTML, like Gecko) Chrome/89.0.4389.82 Safari/537.36" "210.124.51.59"
192.168.0.1 - - [12/Nov/2024:22:58:51 +0000] "GET /api/v1/resource HTTP/1.1" 404 972 "https://hudson.com" "Mozilla/5.0 (Windows NT 6.1; WOW64; rv:33.0) Gecko/20100101 Firefox/33.0" "190.124.255.234"
192.168.0.2 - - [22/Nov/2024:22:58:51 +0000] "GET /api/v1/login HTTP/1.1" 404 766 "https://cain.com" "Mozilla/5.0 (Windows NT 10.0; Win64; x64) AppleWebKit/537.36 (KHTML, like Gecko) Chrome/89.0.4389.82 Safari/537.36" "21.44.180.169"
192.168.0.3 - - [22/Nov/2024:22:58:51 +0000] "GET /api/v1/data HTTP/1.1" 500 3585 "https://parks.info" "Mozilla/5.0 (Windows NT 6.1; WOW64; rv:33.0) Gecko/20100101 Firefox/33.0" "90.40.105.230"
192.168.0.3 - - [28/Nov/2024:22:58:51 +0000] "GET /api/v1/login HTTP/1.1" 200 1321 "https://baker.org" "Mozilla/5.0 (Windows NT 10.0; Win64; x64) AppleWebKit/537.36 (KHTML, like Gecko) Chrome/90.0.4430.85 Safari/537.36" "65.188.65.80"
192.168.0.2 - - [06/Dec/2024:22:58:51 +0000] "GET /api/v1/resource HTTP/1.1" 301 3888 "https://jackson.com" "Mozilla/5.0 (Windows NT 10.0; Win64; x64) AppleWebKit/537.36 (KHTML, like Gecko) Chrome/89.0.4389.82 Safari/537.36" "115.117.128.218"
192.168.0.1 - - [10/Nov/2024:22:58:51 +0000] "GET /api/v1/login HTTP/1.1" 200 861 "https://carter.com" "Mozilla/5.0 (Windows NT 6.1; WOW64; rv:33.0) Gecko/20100101 Firefox/33.0" "26.246.25.231"
192.168.0.2 - - [04/Dec/2024:22:58:51 +0000] "GET /api/v1/status HTTP/1.1" 401 4502 "https://lambert-fisher.com" "Mozilla/5.0 (Windows NT 10.0; Win64; x64) AppleWebKit/537.36 (KHTML, like Gecko) Chrome/89.0.4389.82 Safari/537.36" "184.58.8.245"
192.168.0.1 - - [24/Nov/2024:22:58:51 +0000] "GET /api/v1/user HTTP/1.1" 500 2146 "https://parker.com" "Mozilla/5.0 (Windows NT 6.1; WOW64; rv:33.0) Gecko/20100101 Firefox/33.0" "63.78.252.215"
192.168.0.1 - - [23/Nov/2024:22:58:51 +0000] "GET /api/v1/data HTTP/1.1" 401 1339 "https://smith.info" "Mozilla/5.0 (Windows NT 10.0; Win64; x64) AppleWebKit/537.36 (KHTML, like Gecko) Chrome/89.0.4389.82 Safari/537.36" "13.9.137.151"
192.168.0.3 - - [19/Nov/2024:22:58:51 +0000] "GET /api/v1/status HTTP/1.1" 200 4695 "https://barker.com" "Mozilla/5.0 (Windows NT 6.1; WOW64; rv:33.0) Gecko/20100101 Firefox/33.0" "84.220.157.190"
192.168.0.2 - - [12/Nov/2024:22:58:51 +0000] "GET /api/v1/user HTTP/1.1" 301 1493 "https://miller.com" "Mozilla/5.0 (Windows NT 10.0; Win64; x64) AppleWebKit/537.36 (KHTML, like Gecko) Chrome/89.0.4389.82 Safari/537.36" "182.50.218.209"
192.168.0.1 - - [24/Nov/2024:22:58:51 +0000] "GET /api/v1/login HTTP/1.1" 200 1606 "https://medina.com" "Mozilla/5.0 (Windows NT 6.1; WOW64; rv:33.0) Gecko/20100101 Firefox/33.0" "184.170.171.150"
192.168.0.3 - - [21/Nov/2024:22:58:51 +0000] "GET /api/v1/login HTTP/1.1" 200 346 "https://chaney-barron.com" "Mozilla/5.0 (Windows NT 6.1; WOW64; rv:33.0) Gecko/20100101 Firefox/33.0" "118.148.218.22"
192.168.0.3 - - [13/Nov/2024:22:58:51 +0000] "GET /api/v1/login HTTP/1.1" 401 4418 "https://dunlap.com" "Mozilla/5.0 (Windows NT 10.0; Win64; x64) AppleWebKit/537.36 (KHTML, like Gecko) Chrome/90.0.4430.85 Safari/537.36" "67.151.7.149"
192.168.0.2 - - [28/Nov/2024:22:58:51 +0000] "GET /api/v1/status HTTP/1.1" 400 4769 "https://lewis.com" "Mozilla/5.0 (Windows NT 10.0; Win64; x64) AppleWebKit/537.36 (KHTML, like Gecko) Chrome/90.0.4430.85 Safari/537.36" "175.192.51.215"
192.168.0.3 - - [15/Nov/2024:22:58:51 +0000] "GET /api/v1/status HTTP/1.1" 404 3230 "https://hebert.biz" "Mozilla/5.0 (Windows NT 10.0; Win64; x64) AppleWebKit/537.36 (KHTML, like Gecko) Chrome/90.0.4430.85 Safari/537.36" "172.173.143.121"
192.168.0.2 - - [21/Nov/2024:22:58:51 +0000] "GET /api/v1/data HTTP/1.1" 301 3017 "https://martinez.com" "Mozilla/5.0 (Windows NT 10.0; Win64; x64) AppleWebKit/537.36 (KHTML, like Gecko) Chrome/90.0.4430.85 Safari/537.36" "187.115.32.6"
192.168.0.3 - - [13/Nov/2024:22:58:51 +0000] "GET /api/v1/resource HTTP/1.1" 500 3654 "https://moore.net" "Mozilla/5.0 (Windows NT 10.0; Win64; x64) AppleWebKit/537.36 (KHTML, like Gecko) Chrome/89.0.4389.82 Safari/537.36" "200.114.156.58"
192.168.0.2 - - [21/Nov/2024:22:58:51 +0000] "GET /api/v1/data HTTP/1.1" 200 3213 "https://smith.biz" "Mozilla/5.0 (Windows NT 10.0; Win64; x64) AppleWebKit/537.36 (KHTML, like Gecko) Chrome/89.0.4389.82 Safari/537.36" "192.242.106.222"
192.168.0.1 - - [26/Nov/2024:22:58:51 +0000] "GET /api/v1/login HTTP/1.1" 500 3833 "https://greer.com" "Mozilla/5.0 (Windows NT 10.0; Win64; x64) AppleWebKit/537.36 (KHTML, like Gecko) Chrome/89.0.4389.82 Safari/537.36" "201.87.167.1"
192.168.0.1 - - [11/Nov/2024:22:58:51 +0000] "GET /api/v1/resource HTTP/1.1" 404 677 "https://thomas.com" "Mozilla/5.0 (Windows NT 10.0; Win64; x64) AppleWebKit/537.36 (KHTML, like Gecko) Chrome/90.0.4430.85 Safari/537.36" "162.80.127.75"
192.168.0.2 - - [11/Nov/2024:22:58:51 +0000] "GET /api/v1/user HTTP/1.1" 401 1411 "https://logan.com" "Mozilla/5.0 (Windows NT 6.1; WOW64; rv:33.0) Gecko/20100101 Firefox/33.0" "4.40.189.1"
192.168.0.3 - - [03/Dec/2024:22:58:51 +0000] "GET /api/v1/user HTTP/1.1" 401 980 "https://ramsey-baker.com" "Mozilla/5.0 (Windows NT 6.1; WOW64; rv:33.0) Gecko/20100101 Firefox/33.0" "103.7.39.203"
192.168.0.2 - - [08/Dec/2024:22:58:51 +0000] "GET /api/v1/login HTTP/1.1" 400 3389 "https://rodgers-bennett.com" "Mozilla/5.0 (Windows NT 10.0; Win64; x64) AppleWebKit/537.36 (KHTML, like Gecko) Chrome/89.0.4389.82 Safari/537.36" "69.224.38.111"
192.168.0.2 - - [15/Nov/2024:22:58:51 +0000] "GET /api/v1/resource HTTP/1.1" 400 1716 "https://johnson.com" "Mozilla/5.0 (Windows NT 10.0; Win64; x64) AppleWebKit/537.36 (KHTML, like Gecko) Chrome/89.0.4389.82 Safari/537.36" "175.158.7.137"
192.168.0.1 - - [13/Nov/2024:22:58:51 +0000] "GET /api/v1/user HTTP/1.1" 400 1455 "https://martinez.com" "Mozilla/5.0 (Windows NT 10.0; Win64; x64) AppleWebKit/537.36 (KHTML, like Gecko) Chrome/89.0.4389.82 Safari/537.36" "92.81.130.191"
192.168.0.3 - - [06/Dec/2024:22:58:51 +0000] "GET /api/v1/resource HTTP/1.1" 401 2392 "https://kelly.info" "Mozilla/5.0 (Windows NT 6.1; WOW64; rv:33.0) Gecko/20100101 Firefox/33.0" "103.88.54.53"
192.168.0.1 - - [25/Nov/2024:22:58:51 +0000] "GET /api/v1/data HTTP/1.1" 404 722 "https://faulkner-baker.com" "Mozilla/5.0 (Windows NT 10.0; Win64; x64) AppleWebKit/537.36 (KHTML, like Gecko) Chrome/90.0.4430.85 Safari/537.36" "8.137.50.73"
192.168.0.2 - - [16/Nov/2024:22:58:51 +0000] "GET /api/v1/data HTTP/1.1" 401 1442 "https://davidson-frank.com" "Mozilla/5.0 (Windows NT 6.1; WOW64; rv:33.0) Gecko/20100101 Firefox/33.0" "206.212.127.223"
192.168.0.1 - - [19/Nov/2024:22:58:51 +0000] "GET /api/v1/login HTTP/1.1" 500 648 "https://nash.biz" "Mozilla/5.0 (Windows NT 10.0; Win64; x64) AppleWebKit/537.36 (KHTML, like Gecko) Chrome/89.0.4389.82 Safari/537.36" "37.213.131.47"
192.168.0.3 - - [11/Nov/2024:22:58:51 +0000] "GET /api/v1/resource HTTP/1.1" 200 4727 "https://downs.com" "Mozilla/5.0 (Windows NT 10.0; Win64; x64) AppleWebKit/537.36 (KHTML, like Gecko) Chrome/90.0.4430.85 Safari/537.36" "199.134.251.67"
192.168.0.3 - - [08/Nov/2024:22:58:51 +0000] "GET /api/v1/resource HTTP/1.1" 301 3605 "https://herrera.com" "Mozilla/5.0 (Windows NT 10.0; Win64; x64) AppleWebKit/537.36 (KHTML, like Gecko) Chrome/89.0.4389.82 Safari/537.36" "48.147.14.28"
192.168.0.2 - - [17/Nov/2024:22:58:51 +0000] "GET /api/v1/resource HTTP/1.1" 404 3617 "https://richardson.com" "Mozilla/5.0 (Windows NT 10.0; Win64; x64) AppleWebKit/537.36 (KHTML, like Gecko) Chrome/89.0.4389.82 Safari/537.36" "195.128.147.37"
192.168.0.1 - - [03/Dec/2024:22:58:51 +0000] "GET /api/v1/resource HTTP/1.1" 500 4414 "https://parker.com" "Mozilla/5.0 (Windows NT 10.0; Win64; x64) AppleWebKit/537.36 (KHTML, like Gecko) Chrome/89.0.4389.82 Safari/537.36" "21.226.37.17"
192.168.0.1 - - [20/Nov/2024:22:58:51 +0000] "GET /api/v1/login HTTP/1.1" 200 4656 "https://shaw.info" "Mozilla/5.0 (Windows NT 10.0; Win64; x64) AppleWebKit/537.36 (KHTML, like Gecko) Chrome/90.0.4430.85 Safari/537.36" "213.113.53.233"
192.168.0.1 - - [09/Nov/2024:22:58:51 +0000] "GET /api/v1/status HTTP/1.1" 500 1648 "https://flores-morgan.info" "Mozilla/5.0 (Windows NT 6.1; WOW64; rv:33.0) Gecko/20100101 Firefox/33.0" "183.31.58.236"
192.168.0.1 - - [07/Dec/2024:22:58:51 +0000] "GET /api/v1/data HTTP/1.1" 404 2434 "https://woods.info" "Mozilla/5.0 (Windows NT 10.0; Win64; x64) AppleWebKit/537.36 (KHTML, like Gecko) Chrome/89.0.4389.82 Safari/537.36" "14.242.190.47"
192.168.0.3 - - [17/Nov/2024:22:58:51 +0000] "GET /api/v1/login HTTP/1.1" 401 246 "https://taylor-lopez.biz" "Mozilla/5.0 (Windows NT 10.0; Win64; x64) AppleWebKit/537.36 (KHTML, like Gecko) Chrome/90.0.4430.85 Safari/537.36" "182.189.183.216"
192.168.0.1 - - [11/Nov/2024:22:58:51 +0000] "GET /api/v1/resource HTTP/1.1" 401 3691 "https://brown-espinoza.com" "Mozilla/5.0 (Windows NT 6.1; WOW64; rv:33.0) Gecko/20100101 Firefox/33.0" "39.128.124.146"
192.168.0.1 - - [28/Nov/2024:22:58:51 +0000] "GET /api/v1/data HTTP/1.1" 400 254 "https://williams.com" "Mozilla/5.0 (Windows NT 10.0; Win64; x64) AppleWebKit/537.36 (KHTML, like Gecko) Chrome/90.0.4430.85 Safari/537.36" "87.156.207.68"
192.168.0.3 - - [13/Nov/2024:22:58:51 +0000] "GET /api/v1/data HTTP/1.1" 404 3832 "https://walsh.com" "Mozilla/5.0 (Windows NT 10.0; Win64; x64) AppleWebKit/537.36 (KHTML, like Gecko) Chrome/90.0.4430.85 Safari/537.36" "136.25.91.16"
192.168.0.3 - - [16/Nov/2024:22:58:51 +0000] "GET /api/v1/login HTTP/1.1" 301 4042 "https://sanchez.org" "Mozilla/5.0 (Windows NT 10.0; Win64; x64) AppleWebKit/537.36 (KHTML, like Gecko) Chrome/90.0.4430.85 Safari/537.36" "95.95.232.185"
192.168.0.3 - - [28/Nov/2024:22:58:51 +0000] "GET /api/v1/login HTTP/1.1" 200 3203 "https://garrett-cox.biz" "Mozilla/5.0 (Windows NT 6.1; WOW64; rv:33.0) Gecko/20100101 Firefox/33.0" "78.79.30.84"
192.168.0.2 - - [01/Dec/2024:22:58:51 +0000] "GET /api/v1/login HTTP/1.1" 301 2647 "https://padilla.org" "Mozilla/5.0 (Windows NT 6.1; WOW64; rv:33.0) Gecko/20100101 Firefox/33.0" "28.84.217.238"
192.168.0.1 - - [04/Dec/2024:22:58:51 +0000] "GET /api/v1/login HTTP/1.1" 400 4072 "https://abbott.com" "Mozilla/5.0 (Windows NT 6.1; WOW64; rv:33.0) Gecko/20100101 Firefox/33.0" "197.80.237.4"
192.168.0.1 - - [29/Nov/2024:22:58:51 +0000] "GET /api/v1/login HTTP/1.1" 200 3394 "https://glenn.com" "Mozilla/5.0 (Windows NT 10.0; Win64; x64) AppleWebKit/537.36 (KHTML, like Gecko) Chrome/90.0.4430.85 Safari/537.36" "135.250.107.54"
192.168.0.1 - - [27/Nov/2024:22:58:51 +0000] "GET /api/v1/user HTTP/1.1" 401 3886 "https://smith.org" "Mozilla/5.0 (Windows NT 6.1; WOW64; rv:33.0) Gecko/20100101 Firefox/33.0" "85.79.0.159"
192.168.0.2 - - [24/Nov/2024:22:58:51 +0000] "GET /api/v1/data HTTP/1.1" 401 878 "https://rivera.com" "Mozilla/5.0 (Windows NT 6.1; WOW64; rv:33.0) Gecko/20100101 Firefox/33.0" "195.219.235.112"
192.168.0.1 - - [09/Nov/2024:22:58:51 +0000] "GET /api/v1/data HTTP/1.1" 404 4183 "https://drake.net" "Mozilla/5.0 (Windows NT 10.0; Win64; x64) AppleWebKit/537.36 (KHTML, like Gecko) Chrome/89.0.4389.82 Safari/537.36" "70.242.91.29"
192.168.0.1 - - [26/Nov/2024:22:58:51 +0000] "GET /api/v1/user HTTP/1.1" 401 981 "https://short-yang.biz" "Mozilla/5.0 (Windows NT 10.0; Win64; x64) AppleWebKit/537.36 (KHTML, like Gecko) Chrome/90.0.4430.85 Safari/537.36" "29.177.214.15"
192.168.0.2 - - [28/Nov/2024:22:58:51 +0000] "GET /api/v1/user HTTP/1.1" 401 4683 "https://rodriguez.com" "Mozilla/5.0 (Windows NT 10.0; Win64; x64) AppleWebKit/537.36 (KHTML, like Gecko) Chrome/89.0.4389.82 Safari/537.36" "116.103.81.142"
192.168.0.1 - - [12/Nov/2024:22:58:51 +0000] "GET /api/v1/login HTTP/1.1" 401 1437 "https://buck.com" "Mozilla/5.0 (Windows NT 6.1; WOW64; rv:33.0) Gecko/20100101 Firefox/33.0" "91.9.253.72"
192.168.0.1 - - [21/Nov/2024:22:58:51 +0000] "GET /api/v1/status HTTP/1.1" 500 4382 "https://chen.info" "Mozilla/5.0 (Windows NT 6.1; WOW64; rv:33.0) Gecko/20100101 Firefox/33.0" "20.173.177.163"
192.168.0.2 - - [21/Nov/2024:22:58:51 +0000] "GET /api/v1/login HTTP/1.1" 500 2573 "https://wong.com" "Mozilla/5.0 (Windows NT 10.0; Win64; x64) AppleWebKit/537.36 (KHTML, like Gecko) Chrome/90.0.4430.85 Safari/537.36" "8.222.239.93"
192.168.0.1 - - [12/Nov/2024:22:58:51 +0000] "GET /api/v1/status HTTP/1.1" 400 215 "https://rodriguez-perry.net" "Mozilla/5.0 (Windows NT 10.0; Win64; x64) AppleWebKit/537.36 (KHTML, like Gecko) Chrome/89.0.4389.82 Safari/537.36" "17.216.239.143"
192.168.0.1 - - [16/Nov/2024:22:58:51 +0000] "GET /api/v1/login HTTP/1.1" 404 1880 "https://barrett.com" "Mozilla/5.0 (Windows NT 10.0; Win64; x64) AppleWebKit/537.36 (KHTML, like Gecko) Chrome/89.0.4389.82 Safari/537.36" "55.154.29.109"
192.168.0.3 - - [18/Nov/2024:22:58:51 +0000] "GET /api/v1/resource HTTP/1.1" 401 2445 "https://wagner.com" "Mozilla/5.0 (Windows NT 6.1; WOW64; rv:33.0) Gecko/20100101 Firefox/33.0" "160.237.69.123"
192.168.0.2 - - [21/Nov/2024:22:58:51 +0000] "GET /api/v1/user HTTP/1.1" 400 4746 "https://rose.org" "Mozilla/5.0 (Windows NT 10.0; Win64; x64) AppleWebKit/537.36 (KHTML, like Gecko) Chrome/90.0.4430.85 Safari/537.36" "164.159.89.252"
192.168.0.1 - - [24/Nov/2024:22:58:51 +0000] "GET /api/v1/resource HTTP/1.1" 404 4214 "https://parsons.org" "Mozilla/5.0 (Windows NT 10.0; Win64; x64) AppleWebKit/537.36 (KHTML, like Gecko) Chrome/89.0.4389.82 Safari/537.36" "133.107.237.241"
192.168.0.2 - - [19/Nov/2024:22:58:51 +0000] "GET /api/v1/resource HTTP/1.1" 404 4802 "https://atkinson-thompson.info" "Mozilla/5.0 (Windows NT 6.1; WOW64; rv:33.0) Gecko/20100101 Firefox/33.0" "84.68.222.55"
192.168.0.1 - - [23/Nov/2024:22:58:51 +0000] "GET /api/v1/data HTTP/1.1" 301 2834 "https://miller.com" "Mozilla/5.0 (Windows NT 10.0; Win64; x64) AppleWebKit/537.36 (KHTML, like Gecko) Chrome/89.0.4389.82 Safari/537.36" "37.20.3.105"
192.168.0.2 - - [08/Nov/2024:22:58:51 +0000] "GET /api/v1/status HTTP/1.1" 401 2071 "https://miller.com" "Mozilla/5.0 (Windows NT 6.1; WOW64; rv:33.0) Gecko/20100101 Firefox/33.0" "92.126.97.255"
192.168.0.2 - - [17/Nov/2024:22:58:51 +0000] "GET /api/v1/resource HTTP/1.1" 500 2295 "https://rodriguez-blake.net" "Mozilla/5.0 (Windows NT 6.1; WOW64; rv:33.0) Gecko/20100101 Firefox/33.0" "192.118.147.33"
192.168.0.2 - - [07/Dec/2024:22:58:51 +0000] "GET /api/v1/status HTTP/1.1" 500 3935 "https://hamilton-jackson.com" "Mozilla/5.0 (Windows NT 6.1; WOW64; rv:33.0) Gecko/20100101 Firefox/33.0" "190.199.223.182"
192.168.0.2 - - [04/Dec/2024:22:58:51 +0000] "GET /api/v1/data HTTP/1.1" 301 3122 "https://murphy.com" "Mozilla/5.0 (Windows NT 10.0; Win64; x64) AppleWebKit/537.36 (KHTML, like Gecko) Chrome/89.0.4389.82 Safari/537.36" "86.158.171.34"
192.168.0.2 - - [26/Nov/2024:22:58:51 +0000] "GET /api/v1/data HTTP/1.1" 401 4310 "https://mendoza.com" "Mozilla/5.0 (Windows NT 10.0; Win64; x64) AppleWebKit/537.36 (KHTML, like Gecko) Chrome/89.0.4389.82 Safari/537.36" "66.199.106.250"
192.168.0.1 - - [26/Nov/2024:22:58:51 +0000] "GET /api/v1/resource HTTP/1.1" 500 1633 "https://haney.com" "Mozilla/5.0 (Windows NT 6.1; WOW64; rv:33.0) Gecko/20100101 Firefox/33.0" "77.164.107.83"
192.168.0.1 - - [05/Dec/2024:22:58:51 +0000] "GET /api/v1/status HTTP/1.1" 500 194 "https://stephenson.com" "Mozilla/5.0 (Windows NT 10.0; Win64; x64) AppleWebKit/537.36 (KHTML, like Gecko) Chrome/89.0.4389.82 Safari/537.36" "159.52.224.69"
192.168.0.2 - - [29/Nov/2024:22:58:51 +0000] "GET /api/v1/data HTTP/1.1" 500 1035 "https://jackson.com" "Mozilla/5.0 (Windows NT 6.1; WOW64; rv:33.0) Gecko/20100101 Firefox/33.0" "82.214.2.162"
192.168.0.3 - - [01/Dec/2024:22:58:51 +0000] "GET /api/v1/login HTTP/1.1" 404 2819 "https://morton.com" "Mozilla/5.0 (Windows NT 10.0; Win64; x64) AppleWebKit/537.36 (KHTML, like Gecko) Chrome/90.0.4430.85 Safari/537.36" "154.10.80.79"
192.168.0.3 - - [11/Nov/2024:22:58:51 +0000] "GET /api/v1/login HTTP/1.1" 404 1867 "https://dougherty.com" "Mozilla/5.0 (Windows NT 10.0; Win64; x64) AppleWebKit/537.36 (KHTML, like Gecko) Chrome/89.0.4389.82 Safari/537.36" "141.48.51.63"
192.168.0.2 - - [25/Nov/2024:22:58:51 +0000] "GET /api/v1/user HTTP/1.1" 301 1707 "https://burton.com" "Mozilla/5.0 (Windows NT 10.0; Win64; x64) AppleWebKit/537.36 (KHTML, like Gecko) Chrome/90.0.4430.85 Safari/537.36" "26.153.195.49"
192.168.0.1 - - [21/Nov/2024:22:58:51 +0000] "GET /api/v1/data HTTP/1.1" 301 1705 "https://fitzgerald-perry.com" "Mozilla/5.0 (Windows NT 10.0; Win64; x64) AppleWebKit/537.36 (KHTML, like Gecko) Chrome/90.0.4430.85 Safari/537.36" "66.88.239.88"
192.168.0.2 - - [13/Nov/2024:22:58:51 +0000] "GET /api/v1/status HTTP/1.1" 400 4120 "https://hernandez.com" "Mozilla/5.0 (Windows NT 10.0; Win64; x64) AppleWebKit/537.36 (KHTML, like Gecko) Chrome/90.0.4430.85 Safari/537.36" "110.187.141.4"
192.168.0.1 - - [28/Nov/2024:22:58:51 +0000] "GET /api/v1/resource HTTP/1.1" 200 2139 "https://young.biz" "Mozilla/5.0 (Windows NT 10.0; Win64; x64) AppleWebKit/537.36 (KHTML, like Gecko) Chrome/90.0.4430.85 Safari/537.36" "159.54.168.51"
192.168.0.3 - - [18/Nov/2024:22:58:51 +0000] "GET /api/v1/data HTTP/1.1" 400 1233 "https://moore.com" "Mozilla/5.0 (Windows NT 10.0; Win64; x64) AppleWebKit/537.36 (KHTML, like Gecko) Chrome/90.0.4430.85 Safari/537.36" "48.114.0.175"
192.168.0.1 - - [03/Dec/2024:22:58:51 +0000] "GET /api/v1/data HTTP/1.1" 301 3865 "https://anderson.info" "Mozilla/5.0 (Windows NT 6.1; WOW64; rv:33.0) Gecko/20100101 Firefox/33.0" "137.115.229.58"
192.168.0.2 - - [21/Nov/2024:22:58:51 +0000] "GET /api/v1/data HTTP/1.1" 401 4512 "https://davis.com" "Mozilla/5.0 (Windows NT 10.0; Win64; x64) AppleWebKit/537.36 (KHTML, like Gecko) Chrome/90.0.4430.85 Safari/537.36" "37.6.64.212"
192.168.0.1 - - [10/Nov/2024:22:58:51 +0000] "GET /api/v1/user HTTP/1.1" 400 4147 "https://mann-roth.org" "Mozilla/5.0 (Windows NT 10.0; Win64; x64) AppleWebKit/537.36 (KHTML, like Gecko) Chrome/90.0.4430.85 Safari/537.36" "154.224.239.200"
192.168.0.3 - - [30/Nov/2024:22:58:51 +0000] "GET /api/v1/data HTTP/1.1" 301 2575 "https://wall.org" "Mozilla/5.0 (Windows NT 10.0; Win64; x64) AppleWebKit/537.36 (KHTML, like Gecko) Chrome/89.0.4389.82 Safari/537.36" "108.68.181.175"
192.168.0.1 - - [12/Nov/2024:22:58:51 +0000] "GET /api/v1/status HTTP/1.1" 301 1207 "https://miller.info" "Mozilla/5.0 (Windows NT 6.1; WOW64; rv:33.0) Gecko/20100101 Firefox/33.0" "28.84.213.168"
192.168.0.2 - - [25/Nov/2024:22:58:51 +0000] "GET /api/v1/status HTTP/1.1" 404 1601 "https://smith.com" "Mozilla/5.0 (Windows NT 10.0; Win64; x64) AppleWebKit/537.36 (KHTML, like Gecko) Chrome/90.0.4430.85 Safari/537.36" "115.155.153.12"
192.168.0.1 - - [20/Nov/2024:22:58:51 +0000] "GET /api/v1/status HTTP/1.1" 401 2773 "https://richardson-bond.com" "Mozilla/5.0 (Windows NT 10.0; Win64; x64) AppleWebKit/537.36 (KHTML, like Gecko) Chrome/90.0.4430.85 Safari/537.36" "36.224.34.97"
192.168.0.3 - - [11/Nov/2024:22:58:51 +0000] "GET /api/v1/data HTTP/1.1" 404 1604 "https://medina.com" "Mozilla/5.0 (Windows NT 6.1; WOW64; rv:33.0) Gecko/20100101 Firefox/33.0" "31.14.156.63"
192.168.0.3 - - [03/Dec/2024:22:58:51 +0000] "GET /api/v1/resource HTTP/1.1" 400 1706 "https://garcia-perez.biz" "Mozilla/5.0 (Windows NT 10.0; Win64; x64) AppleWebKit/537.36 (KHTML, like Gecko) Chrome/89.0.4389.82 Safari/537.36" "120.77.108.112"
192.168.0.2 - - [12/Nov/2024:22:58:51 +0000] "GET /api/v1/status HTTP/1.1" 404 1442 "https://bullock.com" "Mozilla/5.0 (Windows NT 6.1; WOW64; rv:33.0) Gecko/20100101 Firefox/33.0" "157.144.21.89"
192.168.0.2 - - [09/Nov/2024:22:58:51 +0000] "GET /api/v1/data HTTP/1.1" 301 4183 "https://ward.org" "Mozilla/5.0 (Windows NT 6.1; WOW64; rv:33.0) Gecko/20100101 Firefox/33.0" "213.14.12.47"
192.168.0.3 - - [11/Nov/2024:22:58:51 +0000] "GET /api/v1/data HTTP/1.1" 500 1597 "https://burch-paul.com" "Mozilla/5.0 (Windows NT 10.0; Win64; x64) AppleWebKit/537.36 (KHTML, like Gecko) Chrome/90.0.4430.85 Safari/537.36" "59.114.230.79"
192.168.0.3 - - [09/Nov/2024:22:58:51 +0000] "GET /api/v1/status HTTP/1.1" 301 2432 "https://williams.info" "Mozilla/5.0 (Windows NT 6.1; WOW64; rv:33.0) Gecko/20100101 Firefox/33.0" "81.196.250.173"
192.168.0.3 - - [07/Dec/2024:22:58:51 +0000] "GET /api/v1/resource HTTP/1.1" 400 4657 "https://fuentes-wall.com" "Mozilla/5.0 (Windows NT 6.1; WOW64; rv:33.0) Gecko/20100101 Firefox/33.0" "195.186.133.223"
192.168.0.3 - - [01/Dec/2024:22:58:51 +0000] "GET /api/v1/resource HTTP/1.1" 200 3175 "https://romero-holmes.net" "Mozilla/5.0 (Windows NT 10.0; Win64; x64) AppleWebKit/537.36 (KHTML, like Gecko) Chrome/89.0.4389.82 Safari/537.36" "124.36.206.68"
192.168.0.1 - - [26/Nov/2024:22:58:51 +0000] "GET /api/v1/data HTTP/1.1" 404 3890 "https://johnson.com" "Mozilla/5.0 (Windows NT 10.0; Win64; x64) AppleWebKit/537.36 (KHTML, like Gecko) Chrome/90.0.4430.85 Safari/537.36" "185.77.88.55"
192.168.0.3 - - [06/Dec/2024:22:58:51 +0000] "GET /api/v1/data HTTP/1.1" 404 4290 "https://davis-young.info" "Mozilla/5.0 (Windows NT 10.0; Win64; x64) AppleWebKit/537.36 (KHTML, like Gecko) Chrome/89.0.4389.82 Safari/537.36" "160.136.86.163"
192.168.0.3 - - [03/Dec/2024:22:58:51 +0000] "GET /api/v1/user HTTP/1.1" 404 731 "https://mcdonald.com" "Mozilla/5.0 (Windows NT 6.1; WOW64; rv:33.0) Gecko/20100101 Firefox/33.0" "163.122.253.162"
192.168.0.3 - - [02/Dec/2024:22:58:51 +0000] "GET /api/v1/user HTTP/1.1" 500 4010 "https://luna-barnett.info" "Mozilla/5.0 (Windows NT 6.1; WOW64; rv:33.0) Gecko/20100101 Firefox/33.0" "115.69.8.42"
192.168.0.3 - - [19/Nov/2024:22:58:51 +0000] "GET /api/v1/status HTTP/1.1" 500 4281 "https://meyer-costa.com" "Mozilla/5.0 (Windows NT 10.0; Win64; x64) AppleWebKit/537.36 (KHTML, like Gecko) Chrome/90.0.4430.85 Safari/537.36" "131.37.187.228"
192.168.0.3 - - [07/Dec/2024:22:58:51 +0000] "GET /api/v1/resource HTTP/1.1" 200 4107 "https://mcintyre.biz" "Mozilla/5.0 (Windows NT 10.0; Win64; x64) AppleWebKit/537.36 (KHTML, like Gecko) Chrome/89.0.4389.82 Safari/537.36" "10.79.40.52"
192.168.0.1 - - [17/Nov/2024:22:58:51 +0000] "GET /api/v1/data HTTP/1.1" 301 558 "https://kelly.info" "Mozilla/5.0 (Windows NT 6.1; WOW64; rv:33.0) Gecko/20100101 Firefox/33.0" "23.144.182.141"
192.168.0.1 - - [05/Dec/2024:22:58:51 +0000] "GET /api/v1/login HTTP/1.1" 200 925 "https://horn.com" "Mozilla/5.0 (Windows NT 10.0; Win64; x64) AppleWebKit/537.36 (KHTML, like Gecko) Chrome/90.0.4430.85 Safari/537.36" "112.44.247.197"
192.168.0.1 - - [17/Nov/2024:22:58:51 +0000] "GET /api/v1/user HTTP/1.1" 301 649 "https://thompson.com" "Mozilla/5.0 (Windows NT 10.0; Win64; x64) AppleWebKit/537.36 (KHTML, like Gecko) Chrome/90.0.4430.85 Safari/537.36" "66.146.179.135"
192.168.0.2 - - [28/Nov/2024:22:58:51 +0000] "GET /api/v1/login HTTP/1.1" 500 580 "https://rojas.com" "Mozilla/5.0 (Windows NT 10.0; Win64; x64) AppleWebKit/537.36 (KHTML, like Gecko) Chrome/90.0.4430.85 Safari/537.36" "218.191.140.189"
192.168.0.1 - - [30/Nov/2024:22:58:51 +0000] "GET /api/v1/user HTTP/1.1" 401 4238 "https://sims.biz" "Mozilla/5.0 (Windows NT 10.0; Win64; x64) AppleWebKit/537.36 (KHTML, like Gecko) Chrome/89.0.4389.82 Safari/537.36" "32.186.23.95"
192.168.0.2 - - [17/Nov/2024:22:58:51 +0000] "GET /api/v1/user HTTP/1.1" 401 3561 "https://nash-young.com" "Mozilla/5.0 (Windows NT 10.0; Win64; x64) AppleWebKit/537.36 (KHTML, like Gecko) Chrome/89.0.4389.82 Safari/537.36" "217.11.253.121"
192.168.0.1 - - [12/Nov/2024:22:58:51 +0000] "GET /api/v1/login HTTP/1.1" 404 1262 "https://king.com" "Mozilla/5.0 (Windows NT 10.0; Win64; x64) AppleWebKit/537.36 (KHTML, like Gecko) Chrome/90.0.4430.85 Safari/537.36" "105.208.19.71"
192.168.0.1 - - [15/Nov/2024:22:58:51 +0000] "GET /api/v1/resource HTTP/1.1" 404 741 "https://owens.com" "Mozilla/5.0 (Windows NT 10.0; Win64; x64) AppleWebKit/537.36 (KHTML, like Gecko) Chrome/90.0.4430.85 Safari/537.36" "148.20.58.136"
192.168.0.3 - - [22/Nov/2024:22:58:51 +0000] "GET /api/v1/resource HTTP/1.1" 301 2861 "https://aguilar.com" "Mozilla/5.0 (Windows NT 6.1; WOW64; rv:33.0) Gecko/20100101 Firefox/33.0" "191.20.178.186"
192.168.0.2 - - [28/Nov/2024:22:58:51 +0000] "GET /api/v1/status HTTP/1.1" 200 2259 "https://pierce-davis.com" "Mozilla/5.0 (Windows NT 10.0; Win64; x64) AppleWebKit/537.36 (KHTML, like Gecko) Chrome/90.0.4430.85 Safari/537.36" "92.248.82.234"
192.168.0.2 - - [29/Nov/2024:22:58:51 +0000] "GET /api/v1/status HTTP/1.1" 200 2228 "https://russell.org" "Mozilla/5.0 (Windows NT 10.0; Win64; x64) AppleWebKit/537.36 (KHTML, like Gecko) Chrome/90.0.4430.85 Safari/537.36" "126.162.222.115"
192.168.0.2 - - [20/Nov/2024:22:58:51 +0000] "GET /api/v1/status HTTP/1.1" 301 3550 "https://jones.org" "Mozilla/5.0 (Windows NT 10.0; Win64; x64) AppleWebKit/537.36 (KHTML, like Gecko) Chrome/90.0.4430.85 Safari/537.36" "215.166.122.200"
192.168.0.1 - - [20/Nov/2024:22:58:51 +0000] "GET /api/v1/user HTTP/1.1" 401 3011 "https://black-moss.info" "Mozilla/5.0 (Windows NT 10.0; Win64; x64) AppleWebKit/537.36 (KHTML, like Gecko) Chrome/90.0.4430.85 Safari/537.36" "169.43.52.162"
192.168.0.2 - - [16/Nov/2024:22:58:51 +0000] "GET /api/v1/login HTTP/1.1" 301 2209 "https://fernandez.com" "Mozilla/5.0 (Windows NT 6.1; WOW64; rv:33.0) Gecko/20100101 Firefox/33.0" "208.55.37.243"
192.168.0.1 - - [07/Dec/2024:22:58:51 +0000] "GET /api/v1/user HTTP/1.1" 401 3309 "https://robles.com" "Mozilla/5.0 (Windows NT 10.0; Win64; x64) AppleWebKit/537.36 (KHTML, like Gecko) Chrome/89.0.4389.82 Safari/537.36" "151.209.232.212"
192.168.0.1 - - [04/Dec/2024:22:58:51 +0000] "GET /api/v1/resource HTTP/1.1" 500 2936 "https://mendez.com" "Mozilla/5.0 (Windows NT 6.1; WOW64; rv:33.0) Gecko/20100101 Firefox/33.0" "13.47.165.63"
192.168.0.3 - - [21/Nov/2024:22:58:51 +0000] "GET /api/v1/resource HTTP/1.1" 404 3577 "https://ward-maldonado.com" "Mozilla/5.0 (Windows NT 6.1; WOW64; rv:33.0) Gecko/20100101 Firefox/33.0" "183.218.5.87"
192.168.0.3 - - [21/Nov/2024:22:58:51 +0000] "GET /api/v1/data HTTP/1.1" 301 2659 "https://bates.biz" "Mozilla/5.0 (Windows NT 6.1; WOW64; rv:33.0) Gecko/20100101 Firefox/33.0" "37.41.23.195"
192.168.0.2 - - [16/Nov/2024:22:58:51 +0000] "GET /api/v1/status HTTP/1.1" 200 4453 "https://santana.com" "Mozilla/5.0 (Windows NT 10.0; Win64; x64) AppleWebKit/537.36 (KHTML, like Gecko) Chrome/89.0.4389.82 Safari/537.36" "210.143.36.162"
192.168.0.3 - - [15/Nov/2024:22:58:51 +0000] "GET /api/v1/login HTTP/1.1" 500 3697 "https://cooke.org" "Mozilla/5.0 (Windows NT 6.1; WOW64; rv:33.0) Gecko/20100101 Firefox/33.0" "109.0.27.50"
192.168.0.1 - - [20/Nov/2024:22:58:51 +0000] "GET /api/v1/user HTTP/1.1" 301 4954 "https://jackson-rodgers.info" "Mozilla/5.0 (Windows NT 10.0; Win64; x64) AppleWebKit/537.36 (KHTML, like Gecko) Chrome/90.0.4430.85 Safari/537.36" "132.251.228.218"
192.168.0.3 - - [11/Nov/2024:22:58:51 +0000] "GET /api/v1/data HTTP/1.1" 400 508 "https://smith.net" "Mozilla/5.0 (Windows NT 10.0; Win64; x64) AppleWebKit/537.36 (KHTML, like Gecko) Chrome/90.0.4430.85 Safari/537.36" "221.77.252.125"
192.168.0.2 - - [25/Nov/2024:22:58:51 +0000] "GET /api/v1/status HTTP/1.1" 500 2832 "https://kramer.net" "Mozilla/5.0 (Windows NT 6.1; WOW64; rv:33.0) Gecko/20100101 Firefox/33.0" "198.2.151.41"
192.168.0.2 - - [19/Nov/2024:22:58:51 +0000] "GET /api/v1/status HTTP/1.1" 200 2010 "https://whitehead.info" "Mozilla/5.0 (Windows NT 6.1; WOW64; rv:33.0) Gecko/20100101 Firefox/33.0" "207.18.61.10"
192.168.0.2 - - [16/Nov/2024:22:58:51 +0000] "GET /api/v1/data HTTP/1.1" 401 1313 "https://woods.com" "Mozilla/5.0 (Windows NT 10.0; Win64; x64) AppleWebKit/537.36 (KHTML, like Gecko) Chrome/90.0.4430.85 Safari/537.36" "190.24.146.202"
192.168.0.3 - - [26/Nov/2024:22:58:51 +0000] "GET /api/v1/login HTTP/1.1" 500 3974 "https://wilson.net" "Mozilla/5.0 (Windows NT 10.0; Win64; x64) AppleWebKit/537.36 (KHTML, like Gecko) Chrome/90.0.4430.85 Safari/537.36" "81.254.203.19"
192.168.0.3 - - [13/Nov/2024:22:58:51 +0000] "GET /api/v1/resource HTTP/1.1" 404 4745 "https://wright-escobar.com" "Mozilla/5.0 (Windows NT 10.0; Win64; x64) AppleWebKit/537.36 (KHTML, like Gecko) Chrome/90.0.4430.85 Safari/537.36" "93.186.80.182"
192.168.0.3 - - [21/Nov/2024:22:58:51 +0000] "GET /api/v1/user HTTP/1.1" 404 941 "https://mullins.com" "Mozilla/5.0 (Windows NT 6.1; WOW64; rv:33.0) Gecko/20100101 Firefox/33.0" "30.229.187.176"
192.168.0.3 - - [07/Dec/2024:22:58:51 +0000] "GET /api/v1/login HTTP/1.1" 400 1623 "https://williams.com" "Mozilla/5.0 (Windows NT 10.0; Win64; x64) AppleWebKit/537.36 (KHTML, like Gecko) Chrome/90.0.4430.85 Safari/537.36" "106.67.142.115"
192.168.0.3 - - [05/Dec/2024:22:58:51 +0000] "GET /api/v1/login HTTP/1.1" 400 1219 "https://herrera.net" "Mozilla/5.0 (Windows NT 10.0; Win64; x64) AppleWebKit/537.36 (KHTML, like Gecko) Chrome/89.0.4389.82 Safari/537.36" "209.203.132.132"
192.168.0.3 - - [30/Nov/2024:22:58:51 +0000] "GET /api/v1/data HTTP/1.1" 200 1779 "https://richardson.biz" "Mozilla/5.0 (Windows NT 10.0; Win64; x64) AppleWebKit/537.36 (KHTML, like Gecko) Chrome/90.0.4430.85 Safari/537.36" "124.49.33.166"
192.168.0.1 - - [11/Nov/2024:22:58:51 +0000] "GET /api/v1/login HTTP/1.1" 401 2519 "https://mathews-miller.com" "Mozilla/5.0 (Windows NT 6.1; WOW64; rv:33.0) Gecko/20100101 Firefox/33.0" "167.44.23.29"
192.168.0.3 - - [21/Nov/2024:22:58:51 +0000] "GET /api/v1/user HTTP/1.1" 301 849 "https://parker-bennett.net" "Mozilla/5.0 (Windows NT 10.0; Win64; x64) AppleWebKit/537.36 (KHTML, like Gecko) Chrome/90.0.4430.85 Safari/537.36" "178.240.118.11"
192.168.0.2 - - [24/Nov/2024:22:58:51 +0000] "GET /api/v1/data HTTP/1.1" 401 925 "https://norris-fletcher.com" "Mozilla/5.0 (Windows NT 6.1; WOW64; rv:33.0) Gecko/20100101 Firefox/33.0" "200.90.129.190"
192.168.0.3 - - [17/Nov/2024:22:58:51 +0000] "GET /api/v1/status HTTP/1.1" 301 3842 "https://fitzpatrick.com" "Mozilla/5.0 (Windows NT 10.0; Win64; x64) AppleWebKit/537.36 (KHTML, like Gecko) Chrome/90.0.4430.85 Safari/537.36" "178.132.51.142"
192.168.0.2 - - [27/Nov/2024:22:58:51 +0000] "GET /api/v1/user HTTP/1.1" 400 3465 "https://sanders.com" "Mozilla/5.0 (Windows NT 10.0; Win64; x64) AppleWebKit/537.36 (KHTML, like Gecko) Chrome/89.0.4389.82 Safari/537.36" "80.3.252.83"
192.168.0.3 - - [01/Dec/2024:22:58:51 +0000] "GET /api/v1/status HTTP/1.1" 200 752 "https://dennis.com" "Mozilla/5.0 (Windows NT 10.0; Win64; x64) AppleWebKit/537.36 (KHTML, like Gecko) Chrome/89.0.4389.82 Safari/537.36" "8.57.243.145"
192.168.0.2 - - [08/Dec/2024:22:58:51 +0000] "GET /api/v1/resource HTTP/1.1" 404 3233 "https://crawford.com" "Mozilla/5.0 (Windows NT 10.0; Win64; x64) AppleWebKit/537.36 (KHTML, like Gecko) Chrome/89.0.4389.82 Safari/537.36" "169.84.85.76"
192.168.0.3 - - [06/Dec/2024:22:58:51 +0000] "GET /api/v1/login HTTP/1.1" 200 619 "https://dawson.org" "Mozilla/5.0 (Windows NT 10.0; Win64; x64) AppleWebKit/537.36 (KHTML, like Gecko) Chrome/90.0.4430.85 Safari/537.36" "66.212.35.231"
192.168.0.3 - - [27/Nov/2024:22:58:51 +0000] "GET /api/v1/resource HTTP/1.1" 500 2179 "https://jordan.org" "Mozilla/5.0 (Windows NT 6.1; WOW64; rv:33.0) Gecko/20100101 Firefox/33.0" "9.199.121.160"
192.168.0.1 - - [25/Nov/2024:22:58:51 +0000] "GET /api/v1/user HTTP/1.1" 500 1277 "https://taylor.org" "Mozilla/5.0 (Windows NT 6.1; WOW64; rv:33.0) Gecko/20100101 Firefox/33.0" "134.52.61.53"
192.168.0.2 - - [26/Nov/2024:22:58:51 +0000] "GET /api/v1/resource HTTP/1.1" 400 737 "https://thomas.com" "Mozilla/5.0 (Windows NT 6.1; WOW64; rv:33.0) Gecko/20100101 Firefox/33.0" "10.26.55.118"
192.168.0.3 - - [08/Nov/2024:22:58:51 +0000] "GET /api/v1/status HTTP/1.1" 200 2527 "https://allen-carter.biz" "Mozilla/5.0 (Windows NT 6.1; WOW64; rv:33.0) Gecko/20100101 Firefox/33.0" "87.43.40.179"
192.168.0.3 - - [09/Nov/2024:22:58:51 +0000] "GET /api/v1/data HTTP/1.1" 401 481 "https://davis.com" "Mozilla/5.0 (Windows NT 10.0; Win64; x64) AppleWebKit/537.36 (KHTML, like Gecko) Chrome/90.0.4430.85 Safari/537.36" "137.119.109.126"
192.168.0.3 - - [23/Nov/2024:22:58:51 +0000] "GET /api/v1/status HTTP/1.1" 401 2591 "https://mcclure.com" "Mozilla/5.0 (Windows NT 10.0; Win64; x64) AppleWebKit/537.36 (KHTML, like Gecko) Chrome/90.0.4430.85 Safari/537.36" "178.218.1.0"
192.168.0.1 - - [30/Nov/2024:22:58:51 +0000] "GET /api/v1/data HTTP/1.1" 401 1333 "https://lawrence.com" "Mozilla/5.0 (Windows NT 10.0; Win64; x64) AppleWebKit/537.36 (KHTML, like Gecko) Chrome/89.0.4389.82 Safari/537.36" "162.139.77.60"
192.168.0.2 - - [17/Nov/2024:22:58:51 +0000] "GET /api/v1/login HTTP/1.1" 200 1951 "https://ellis.com" "Mozilla/5.0 (Windows NT 10.0; Win64; x64) AppleWebKit/537.36 (KHTML, like Gecko) Chrome/90.0.4430.85 Safari/537.36" "128.160.118.18"
192.168.0.3 - - [06/Dec/2024:22:58:51 +0000] "GET /api/v1/login HTTP/1.1" 301 4048 "https://wade-marquez.info" "Mozilla/5.0 (Windows NT 10.0; Win64; x64) AppleWebKit/537.36 (KHTML, like Gecko) Chrome/90.0.4430.85 Safari/537.36" "142.237.70.224"
192.168.0.3 - - [24/Nov/2024:22:58:51 +0000] "GET /api/v1/data HTTP/1.1" 500 2303 "https://carter.com" "Mozilla/5.0 (Windows NT 6.1; WOW64; rv:33.0) Gecko/20100101 Firefox/33.0" "20.236.169.60"
192.168.0.1 - - [24/Nov/2024:22:58:51 +0000] "GET /api/v1/status HTTP/1.1" 200 1517 "https://chang-hanson.com" "Mozilla/5.0 (Windows NT 10.0; Win64; x64) AppleWebKit/537.36 (KHTML, like Gecko) Chrome/90.0.4430.85 Safari/537.36" "159.181.56.138"
192.168.0.3 - - [22/Nov/2024:22:58:51 +0000] "GET /api/v1/data HTTP/1.1" 200 1057 "https://boyd-gibson.com" "Mozilla/5.0 (Windows NT 6.1; WOW64; rv:33.0) Gecko/20100101 Firefox/33.0" "182.120.102.124"
192.168.0.2 - - [08/Nov/2024:22:58:51 +0000] "GET /api/v1/status HTTP/1.1" 401 1292 "https://zavala.com" "Mozilla/5.0 (Windows NT 10.0; Win64; x64) AppleWebKit/537.36 (KHTML, like Gecko) Chrome/89.0.4389.82 Safari/537.36" "104.242.60.73"
192.168.0.3 - - [17/Nov/2024:22:58:51 +0000] "GET /api/v1/data HTTP/1.1" 500 3654 "https://lewis.com" "Mozilla/5.0 (Windows NT 6.1; WOW64; rv:33.0) Gecko/20100101 Firefox/33.0" "63.5.191.26"
192.168.0.2 - - [14/Nov/2024:22:58:51 +0000] "GET /api/v1/login HTTP/1.1" 301 4132 "https://roberts.com" "Mozilla/5.0 (Windows NT 10.0; Win64; x64) AppleWebKit/537.36 (KHTML, like Gecko) Chrome/89.0.4389.82 Safari/537.36" "168.97.185.218"
192.168.0.3 - - [08/Dec/2024:22:58:51 +0000] "GET /api/v1/login HTTP/1.1" 401 4721 "https://jones.com" "Mozilla/5.0 (Windows NT 10.0; Win64; x64) AppleWebKit/537.36 (KHTML, like Gecko) Chrome/90.0.4430.85 Safari/537.36" "68.112.68.95"
192.168.0.2 - - [03/Dec/2024:22:58:51 +0000] "GET /api/v1/status HTTP/1.1" 200 142 "https://wiley-jones.org" "Mozilla/5.0 (Windows NT 6.1; WOW64; rv:33.0) Gecko/20100101 Firefox/33.0" "195.197.58.150"
192.168.0.2 - - [23/Nov/2024:22:58:51 +0000] "GET /api/v1/login HTTP/1.1" 404 3227 "https://wright.com" "Mozilla/5.0 (Windows NT 10.0; Win64; x64) AppleWebKit/537.36 (KHTML, like Gecko) Chrome/89.0.4389.82 Safari/537.36" "37.163.30.95"
192.168.0.1 - - [03/Dec/2024:22:58:51 +0000] "GET /api/v1/resource HTTP/1.1" 400 2141 "https://parker-hooper.info" "Mozilla/5.0 (Windows NT 10.0; Win64; x64) AppleWebKit/537.36 (KHTML, like Gecko) Chrome/90.0.4430.85 Safari/537.36" "146.80.98.134"
192.168.0.3 - - [26/Nov/2024:22:58:51 +0000] "GET /api/v1/login HTTP/1.1" 500 3289 "https://may.info" "Mozilla/5.0 (Windows NT 10.0; Win64; x64) AppleWebKit/537.36 (KHTML, like Gecko) Chrome/89.0.4389.82 Safari/537.36" "160.129.62.128"
192.168.0.3 - - [18/Nov/2024:22:58:51 +0000] "GET /api/v1/login HTTP/1.1" 500 4372 "https://moon-burke.net" "Mozilla/5.0 (Windows NT 6.1; WOW64; rv:33.0) Gecko/20100101 Firefox/33.0" "193.34.103.176"
192.168.0.1 - - [06/Dec/2024:22:58:51 +0000] "GET /api/v1/resource HTTP/1.1" 401 2674 "https://martinez-gomez.net" "Mozilla/5.0 (Windows NT 6.1; WOW64; rv:33.0) Gecko/20100101 Firefox/33.0" "213.212.198.17"
192.168.0.3 - - [13/Nov/2024:22:58:51 +0000] "GET /api/v1/user HTTP/1.1" 500 2837 "https://shepherd-scott.com" "Mozilla/5.0 (Windows NT 10.0; Win64; x64) AppleWebKit/537.36 (KHTML, like Gecko) Chrome/89.0.4389.82 Safari/537.36" "35.252.111.206"
192.168.0.1 - - [11/Nov/2024:22:58:51 +0000] "GET /api/v1/user HTTP/1.1" 301 3638 "https://stewart.net" "Mozilla/5.0 (Windows NT 10.0; Win64; x64) AppleWebKit/537.36 (KHTML, like Gecko) Chrome/89.0.4389.82 Safari/537.36" "130.112.226.168"
192.168.0.1 - - [16/Nov/2024:22:58:51 +0000] "GET /api/v1/status HTTP/1.1" 200 1803 "https://kennedy.com" "Mozilla/5.0 (Windows NT 10.0; Win64; x64) AppleWebKit/537.36 (KHTML, like Gecko) Chrome/90.0.4430.85 Safari/537.36" "198.209.180.77"
192.168.0.2 - - [15/Nov/2024:22:58:51 +0000] "GET /api/v1/status HTTP/1.1" 500 3033 "https://escobar-harris.info" "Mozilla/5.0 (Windows NT 10.0; Win64; x64) AppleWebKit/537.36 (KHTML, like Gecko) Chrome/89.0.4389.82 Safari/537.36" "170.171.169.97"
192.168.0.2 - - [22/Nov/2024:22:58:51 +0000] "GET /api/v1/resource HTTP/1.1" 200 3034 "https://madden.org" "Mozilla/5.0 (Windows NT 10.0; Win64; x64) AppleWebKit/537.36 (KHTML, like Gecko) Chrome/89.0.4389.82 Safari/537.36" "91.215.242.251"
192.168.0.2 - - [21/Nov/2024:22:58:51 +0000] "GET /api/v1/login HTTP/1.1" 400 1513 "https://beck.com" "Mozilla/5.0 (Windows NT 6.1; WOW64; rv:33.0) Gecko/20100101 Firefox/33.0" "182.33.190.153"
192.168.0.2 - - [11/Nov/2024:22:58:51 +0000] "GET /api/v1/data HTTP/1.1" 301 601 "https://smith.com" "Mozilla/5.0 (Windows NT 10.0; Win64; x64) AppleWebKit/537.36 (KHTML, like Gecko) Chrome/89.0.4389.82 Safari/537.36" "100.19.235.242"
192.168.0.3 - - [23/Nov/2024:22:58:51 +0000] "GET /api/v1/user HTTP/1.1" 301 4666 "https://juarez.com" "Mozilla/5.0 (Windows NT 6.1; WOW64; rv:33.0) Gecko/20100101 Firefox/33.0" "182.0.123.94"
192.168.0.1 - - [16/Nov/2024:22:58:51 +0000] "GET /api/v1/login HTTP/1.1" 301 4040 "https://lopez.biz" "Mozilla/5.0 (Windows NT 6.1; WOW64; rv:33.0) Gecko/20100101 Firefox/33.0" "85.251.114.172"
192.168.0.1 - - [05/Dec/2024:22:58:51 +0000] "GET /api/v1/status HTTP/1.1" 404 2585 "https://cardenas-liu.com" "Mozilla/5.0 (Windows NT 10.0; Win64; x64) AppleWebKit/537.36 (KHTML, like Gecko) Chrome/90.0.4430.85 Safari/537.36" "53.205.73.3"
192.168.0.3 - - [04/Dec/2024:22:58:51 +0000] "GET /api/v1/login HTTP/1.1" 500 1428 "https://hall.com" "Mozilla/5.0 (Windows NT 10.0; Win64; x64) AppleWebKit/537.36 (KHTML, like Gecko) Chrome/89.0.4389.82 Safari/537.36" "135.45.87.148"
192.168.0.1 - - [25/Nov/2024:22:58:51 +0000] "GET /api/v1/resource HTTP/1.1" 301 4782 "https://shaw-moore.net" "Mozilla/5.0 (Windows NT 6.1; WOW64; rv:33.0) Gecko/20100101 Firefox/33.0" "62.228.29.51"
192.168.0.3 - - [02/Dec/2024:22:58:51 +0000] "GET /api/v1/resource HTTP/1.1" 500 2553 "https://rodriguez.com" "Mozilla/5.0 (Windows NT 6.1; WOW64; rv:33.0) Gecko/20100101 Firefox/33.0" "98.111.202.71"
192.168.0.3 - - [27/Nov/2024:22:58:51 +0000] "GET /api/v1/resource HTTP/1.1" 400 2358 "https://dickerson.com" "Mozilla/5.0 (Windows NT 10.0; Win64; x64) AppleWebKit/537.36 (KHTML, like Gecko) Chrome/89.0.4389.82 Safari/537.36" "192.57.22.221"
192.168.0.3 - - [12/Nov/2024:22:58:51 +0000] "GET /api/v1/user HTTP/1.1" 500 1887 "https://thompson.info" "Mozilla/5.0 (Windows NT 6.1; WOW64; rv:33.0) Gecko/20100101 Firefox/33.0" "170.149.233.206"
192.168.0.1 - - [27/Nov/2024:22:58:51 +0000] "GET /api/v1/resource HTTP/1.1" 500 3836 "https://munoz-jones.com" "Mozilla/5.0 (Windows NT 10.0; Win64; x64) AppleWebKit/537.36 (KHTML, like Gecko) Chrome/89.0.4389.82 Safari/537.36" "222.238.161.38"
192.168.0.3 - - [16/Nov/2024:22:58:51 +0000] "GET /api/v1/login HTTP/1.1" 401 3847 "https://solis-skinner.net" "Mozilla/5.0 (Windows NT 6.1; WOW64; rv:33.0) Gecko/20100101 Firefox/33.0" "17.65.17.241"
192.168.0.2 - - [08/Dec/2024:22:58:51 +0000] "GET /api/v1/status HTTP/1.1" 401 4088 "https://campbell.info" "Mozilla/5.0 (Windows NT 10.0; Win64; x64) AppleWebKit/537.36 (KHTML, like Gecko) Chrome/90.0.4430.85 Safari/537.36" "37.106.1.218"
192.168.0.3 - - [16/Nov/2024:22:58:51 +0000] "GET /api/v1/status HTTP/1.1" 301 3476 "https://carpenter-smith.biz" "Mozilla/5.0 (Windows NT 6.1; WOW64; rv:33.0) Gecko/20100101 Firefox/33.0" "213.125.45.45"
192.168.0.2 - - [29/Nov/2024:22:58:51 +0000] "GET /api/v1/status HTTP/1.1" 301 4856 "https://alvarez.com" "Mozilla/5.0 (Windows NT 10.0; Win64; x64) AppleWebKit/537.36 (KHTML, like Gecko) Chrome/90.0.4430.85 Safari/537.36" "140.216.37.190"
192.168.0.2 - - [25/Nov/2024:22:58:51 +0000] "GET /api/v1/login HTTP/1.1" 301 2872 "https://oliver.info" "Mozilla/5.0 (Windows NT 10.0; Win64; x64) AppleWebKit/537.36 (KHTML, like Gecko) Chrome/90.0.4430.85 Safari/537.36" "153.176.54.195"
192.168.0.3 - - [10/Nov/2024:22:58:51 +0000] "GET /api/v1/resource HTTP/1.1" 401 625 "https://ryan-nguyen.com" "Mozilla/5.0 (Windows NT 6.1; WOW64; rv:33.0) Gecko/20100101 Firefox/33.0" "97.169.43.12"
192.168.0.2 - - [23/Nov/2024:22:58:51 +0000] "GET /api/v1/login HTTP/1.1" 200 2390 "https://newman.com" "Mozilla/5.0 (Windows NT 6.1; WOW64; rv:33.0) Gecko/20100101 Firefox/33.0" "215.223.4.240"
192.168.0.1 - - [13/Nov/2024:22:58:51 +0000] "GET /api/v1/resource HTTP/1.1" 500 603 "https://morris-thomas.com" "Mozilla/5.0 (Windows NT 6.1; WOW64; rv:33.0) Gecko/20100101 Firefox/33.0" "177.167.124.96"
192.168.0.3 - - [02/Dec/2024:22:58:51 +0000] "GET /api/v1/login HTTP/1.1" 404 2707 "https://fisher.biz" "Mozilla/5.0 (Windows NT 10.0; Win64; x64) AppleWebKit/537.36 (KHTML, like Gecko) Chrome/89.0.4389.82 Safari/537.36" "154.115.38.37"
192.168.0.3 - - [08/Dec/2024:22:58:51 +0000] "GET /api/v1/data HTTP/1.1" 200 2721 "https://taylor.info" "Mozilla/5.0 (Windows NT 10.0; Win64; x64) AppleWebKit/537.36 (KHTML, like Gecko) Chrome/89.0.4389.82 Safari/537.36" "177.194.224.228"
192.168.0.3 - - [12/Nov/2024:22:58:51 +0000] "GET /api/v1/login HTTP/1.1" 500 1056 "https://conner.com" "Mozilla/5.0 (Windows NT 10.0; Win64; x64) AppleWebKit/537.36 (KHTML, like Gecko) Chrome/89.0.4389.82 Safari/537.36" "35.84.252.222"
192.168.0.1 - - [28/Nov/2024:22:58:51 +0000] "GET /api/v1/user HTTP/1.1" 500 3589 "https://mcdonald.biz" "Mozilla/5.0 (Windows NT 10.0; Win64; x64) AppleWebKit/537.36 (KHTML, like Gecko) Chrome/90.0.4430.85 Safari/537.36" "218.89.184.110"
192.168.0.3 - - [29/Nov/2024:22:58:51 +0000] "GET /api/v1/login HTTP/1.1" 301 1298 "https://brown.com" "Mozilla/5.0 (Windows NT 10.0; Win64; x64) AppleWebKit/537.36 (KHTML, like Gecko) Chrome/90.0.4430.85 Safari/537.36" "23.220.230.75"
192.168.0.2 - - [24/Nov/2024:22:58:51 +0000] "GET /api/v1/data HTTP/1.1" 404 436 "https://tyler.com" "Mozilla/5.0 (Windows NT 10.0; Win64; x64) AppleWebKit/537.36 (KHTML, like Gecko) Chrome/89.0.4389.82 Safari/537.36" "128.112.79.86"
192.168.0.1 - - [09/Nov/2024:22:58:51 +0000] "GET /api/v1/status HTTP/1.1" 200 3235 "https://ramsey-hicks.com" "Mozilla/5.0 (Windows NT 10.0; Win64; x64) AppleWebKit/537.36 (KHTML, like Gecko) Chrome/89.0.4389.82 Safari/537.36" "137.193.250.251"
192.168.0.3 - - [15/Nov/2024:22:58:51 +0000] "GET /api/v1/login HTTP/1.1" 404 1576 "https://rivas-ortiz.biz" "Mozilla/5.0 (Windows NT 10.0; Win64; x64) AppleWebKit/537.36 (KHTML, like Gecko) Chrome/90.0.4430.85 Safari/537.36" "137.157.253.11"
192.168.0.1 - - [04/Dec/2024:22:58:51 +0000] "GET /api/v1/resource HTTP/1.1" 301 492 "https://norton.biz" "Mozilla/5.0 (Windows NT 6.1; WOW64; rv:33.0) Gecko/20100101 Firefox/33.0" "60.189.103.144"
192.168.0.2 - - [03/Dec/2024:22:58:51 +0000] "GET /api/v1/status HTTP/1.1" 400 1638 "https://king-holmes.com" "Mozilla/5.0 (Windows NT 6.1; WOW64; rv:33.0) Gecko/20100101 Firefox/33.0" "114.183.182.55"
192.168.0.1 - - [29/Nov/2024:22:58:51 +0000] "GET /api/v1/data HTTP/1.1" 404 1158 "https://wilson.net" "Mozilla/5.0 (Windows NT 6.1; WOW64; rv:33.0) Gecko/20100101 Firefox/33.0" "89.81.225.231"
192.168.0.1 - - [23/Nov/2024:22:58:51 +0000] "GET /api/v1/resource HTTP/1.1" 200 2172 "https://hood-hernandez.org" "Mozilla/5.0 (Windows NT 10.0; Win64; x64) AppleWebKit/537.36 (KHTML, like Gecko) Chrome/89.0.4389.82 Safari/537.36" "170.95.195.205"
192.168.0.3 - - [01/Dec/2024:22:58:51 +0000] "GET /api/v1/login HTTP/1.1" 500 4228 "https://garcia-vasquez.info" "Mozilla/5.0 (Windows NT 6.1; WOW64; rv:33.0) Gecko/20100101 Firefox/33.0" "1.49.104.162"
192.168.0.1 - - [29/Nov/2024:22:58:51 +0000] "GET /api/v1/data HTTP/1.1" 301 4847 "https://smith.com" "Mozilla/5.0 (Windows NT 10.0; Win64; x64) AppleWebKit/537.36 (KHTML, like Gecko) Chrome/89.0.4389.82 Safari/537.36" "25.85.221.173"
192.168.0.3 - - [17/Nov/2024:22:58:51 +0000] "GET /api/v1/status HTTP/1.1" 301 2887 "https://webb-coleman.com" "Mozilla/5.0 (Windows NT 10.0; Win64; x64) AppleWebKit/537.36 (KHTML, like Gecko) Chrome/90.0.4430.85 Safari/537.36" "215.211.151.34"
192.168.0.1 - - [01/Dec/2024:22:58:51 +0000] "GET /api/v1/status HTTP/1.1" 404 1669 "https://fox.org" "Mozilla/5.0 (Windows NT 10.0; Win64; x64) AppleWebKit/537.36 (KHTML, like Gecko) Chrome/89.0.4389.82 Safari/537.36" "65.219.18.116"
192.168.0.1 - - [23/Nov/2024:22:58:51 +0000] "GET /api/v1/status HTTP/1.1" 401 4964 "https://miller.biz" "Mozilla/5.0 (Windows NT 10.0; Win64; x64) AppleWebKit/537.36 (KHTML, like Gecko) Chrome/90.0.4430.85 Safari/537.36" "221.48.70.63"
192.168.0.3 - - [19/Nov/2024:22:58:51 +0000] "GET /api/v1/status HTTP/1.1" 200 4756 "https://butler.info" "Mozilla/5.0 (Windows NT 10.0; Win64; x64) AppleWebKit/537.36 (KHTML, like Gecko) Chrome/89.0.4389.82 Safari/537.36" "78.166.185.241"
192.168.0.2 - - [10/Nov/2024:22:58:51 +0000] "GET /api/v1/login HTTP/1.1" 400 4936 "https://carroll.info" "Mozilla/5.0 (Windows NT 6.1; WOW64; rv:33.0) Gecko/20100101 Firefox/33.0" "60.77.13.140"
192.168.0.3 - - [18/Nov/2024:22:58:51 +0000] "GET /api/v1/resource HTTP/1.1" 200 4242 "https://stephenson.org" "Mozilla/5.0 (Windows NT 6.1; WOW64; rv:33.0) Gecko/20100101 Firefox/33.0" "11.34.214.23"
192.168.0.2 - - [05/Dec/2024:22:58:51 +0000] "GET /api/v1/status HTTP/1.1" 500 985 "https://williams-berg.com" "Mozilla/5.0 (Windows NT 6.1; WOW64; rv:33.0) Gecko/20100101 Firefox/33.0" "6.213.170.120"
192.168.0.1 - - [16/Nov/2024:22:58:51 +0000] "GET /api/v1/login HTTP/1.1" 401 1489 "https://williams.com" "Mozilla/5.0 (Windows NT 10.0; Win64; x64) AppleWebKit/537.36 (KHTML, like Gecko) Chrome/89.0.4389.82 Safari/537.36" "215.200.3.63"
192.168.0.1 - - [08/Nov/2024:22:58:51 +0000] "GET /api/v1/user HTTP/1.1" 401 2334 "https://hernandez.com" "Mozilla/5.0 (Windows NT 6.1; WOW64; rv:33.0) Gecko/20100101 Firefox/33.0" "38.160.187.25"
192.168.0.1 - - [08/Nov/2024:22:58:51 +0000] "GET /api/v1/status HTTP/1.1" 401 3833 "https://hansen-giles.com" "Mozilla/5.0 (Windows NT 10.0; Win64; x64) AppleWebKit/537.36 (KHTML, like Gecko) Chrome/89.0.4389.82 Safari/537.36" "176.51.124.83"
192.168.0.3 - - [14/Nov/2024:22:58:51 +0000] "GET /api/v1/login HTTP/1.1" 400 187 "https://lopez.com" "Mozilla/5.0 (Windows NT 6.1; WOW64; rv:33.0) Gecko/20100101 Firefox/33.0" "131.154.180.17"
192.168.0.1 - - [02/Dec/2024:22:58:51 +0000] "GET /api/v1/user HTTP/1.1" 404 137 "https://phillips.com" "Mozilla/5.0 (Windows NT 10.0; Win64; x64) AppleWebKit/537.36 (KHTML, like Gecko) Chrome/89.0.4389.82 Safari/537.36" "186.175.211.82"
192.168.0.3 - - [16/Nov/2024:22:58:51 +0000] "GET /api/v1/data HTTP/1.1" 500 4113 "https://mclaughlin-blanchard.com" "Mozilla/5.0 (Windows NT 10.0; Win64; x64) AppleWebKit/537.36 (KHTML, like Gecko) Chrome/89.0.4389.82 Safari/537.36" "103.138.227.166"
