192.168.0.3 - - [28/Nov/2024:22:58:52 +0000] "GET /api/v1/login HTTP/1.1" 404 3216 "https://carter-collins.com" "Mozilla/5.0 (Windows NT 10.0; Win64; x64) AppleWebKit/537.36 (KHTML, like Gecko) Chrome/90.0.4430.85 Safari/537.36" "93.124.99.7"
192.168.0.1 - - [18/Nov/2024:22:58:52 +0000] "GET /api/v1/login HTTP/1.1" 404 2653 "https://miles-martin.com" "Mozilla/5.0 (Windows NT 10.0; Win64; x64) AppleWebKit/537.36 (KHTML, like Gecko) Chrome/89.0.4389.82 Safari/537.36" "77.26.47.152"
192.168.0.1 - - [15/Nov/2024:22:58:52 +0000] "GET /api/v1/user HTTP/1.1" 301 3705 "https://contreras.biz" "Mozilla/5.0 (Windows NT 6.1; WOW64; rv:33.0) Gecko/20100101 Firefox/33.0" "25.18.50.230"
192.168.0.2 - - [14/Nov/2024:22:58:52 +0000] "GET /api/v1/resource HTTP/1.1" 404 2715 "https://miller-smith.info" "Mozilla/5.0 (Windows NT 10.0; Win64; x64) AppleWebKit/537.36 (KHTML, like Gecko) Chrome/89.0.4389.82 Safari/537.36" "4.194.226.219"
192.168.0.2 - - [25/Nov/2024:22:58:52 +0000] "GET /api/v1/data HTTP/1.1" 404 754 "https://rodriguez.com" "Mozilla/5.0 (Windows NT 6.1; WOW64; rv:33.0) Gecko/20100101 Firefox/33.0" "187.174.189.17"
192.168.0.3 - - [17/Nov/2024:22:58:52 +0000] "GET /api/v1/data HTTP/1.1" 500 2477 "https://rose.com" "Mozilla/5.0 (Windows NT 6.1; WOW64; rv:33.0) Gecko/20100101 Firefox/33.0" "204.199.247.129"
192.168.0.3 - - [12/Nov/2024:22:58:52 +0000] "GET /api/v1/user HTTP/1.1" 401 1430 "https://glenn.net" "Mozilla/5.0 (Windows NT 10.0; Win64; x64) AppleWebKit/537.36 (KHTML, like Gecko) Chrome/89.0.4389.82 Safari/537.36" "136.36.164.34"
192.168.0.3 - - [04/Dec/2024:22:58:52 +0000] "GET /api/v1/resource HTTP/1.1" 500 3160 "https://johnson.com" "Mozilla/5.0 (Windows NT 6.1; WOW64; rv:33.0) Gecko/20100101 Firefox/33.0" "83.252.255.82"
192.168.0.2 - - [08/Nov/2024:22:58:52 +0000] "GET /api/v1/login HTTP/1.1" 404 2717 "https://brennan-mills.org" "Mozilla/5.0 (Windows NT 10.0; Win64; x64) AppleWebKit/537.36 (KHTML, like Gecko) Chrome/89.0.4389.82 Safari/537.36" "82.242.205.42"
192.168.0.3 - - [29/Nov/2024:22:58:52 +0000] "GET /api/v1/resource HTTP/1.1" 301 2185 "https://mcpherson.info" "Mozilla/5.0 (Windows NT 10.0; Win64; x64) AppleWebKit/537.36 (KHTML, like Gecko) Chrome/89.0.4389.82 Safari/537.36" "120.183.141.62"
192.168.0.1 - - [01/Dec/2024:22:58:52 +0000] "GET /api/v1/login HTTP/1.1" 400 2691 "https://ashley-liu.biz" "Mozilla/5.0 (Windows NT 6.1; WOW64; rv:33.0) Gecko/20100101 Firefox/33.0" "207.251.182.101"
192.168.0.2 - - [18/Nov/2024:22:58:52 +0000] "GET /api/v1/status HTTP/1.1" 301 1924 "https://riddle.com" "Mozilla/5.0 (Windows NT 10.0; Win64; x64) AppleWebKit/537.36 (KHTML, like Gecko) Chrome/90.0.4430.85 Safari/537.36" "192.137.157.37"
192.168.0.2 - - [10/Nov/2024:22:58:52 +0000] "GET /api/v1/status HTTP/1.1" 301 533 "https://finley.com" "Mozilla/5.0 (Windows NT 10.0; Win64; x64) AppleWebKit/537.36 (KHTML, like Gecko) Chrome/89.0.4389.82 Safari/537.36" "92.15.127.176"
192.168.0.3 - - [29/Nov/2024:22:58:52 +0000] "GET /api/v1/data HTTP/1.1" 401 4561 "https://peterson.biz" "Mozilla/5.0 (Windows NT 10.0; Win64; x64) AppleWebKit/537.36 (KHTML, like Gecko) Chrome/90.0.4430.85 Safari/537.36" "196.84.104.40"
192.168.0.1 - - [23/Nov/2024:22:58:52 +0000] "GET /api/v1/login HTTP/1.1" 200 4387 "https://howard-dyer.com" "Mozilla/5.0 (Windows NT 10.0; Win64; x64) AppleWebKit/537.36 (KHTML, like Gecko) Chrome/89.0.4389.82 Safari/537.36" "119.78.144.203"
192.168.0.1 - - [07/Dec/2024:22:58:52 +0000] "GET /api/v1/data HTTP/1.1" 404 148 "https://navarro.biz" "Mozilla/5.0 (Windows NT 6.1; WOW64; rv:33.0) Gecko/20100101 Firefox/33.0" "42.158.100.77"
192.168.0.2 - - [12/Nov/2024:22:58:52 +0000] "GET /api/v1/resource HTTP/1.1" 500 2371 "https://newman.net" "Mozilla/5.0 (Windows NT 10.0; Win64; x64) AppleWebKit/537.36 (KHTML, like Gecko) Chrome/90.0.4430.85 Safari/537.36" "103.123.245.100"
192.168.0.1 - - [24/Nov/2024:22:58:52 +0000] "GET /api/v1/login HTTP/1.1" 500 2878 "https://adams.com" "Mozilla/5.0 (Windows NT 10.0; Win64; x64) AppleWebKit/537.36 (KHTML, like Gecko) Chrome/89.0.4389.82 Safari/537.36" "133.23.163.177"
192.168.0.2 - - [10/Nov/2024:22:58:52 +0000] "GET /api/v1/status HTTP/1.1" 500 1205 "https://saunders.biz" "Mozilla/5.0 (Windows NT 10.0; Win64; x64) AppleWebKit/537.36 (KHTML, like Gecko) Chrome/89.0.4389.82 Safari/537.36" "17.39.104.3"
192.168.0.3 - - [03/Dec/2024:22:58:52 +0000] "GET /api/v1/login HTTP/1.1" 404 1858 "https://wilson-green.info" "Mozilla/5.0 (Windows NT 10.0; Win64; x64) AppleWebKit/537.36 (KHTML, like Gecko) Chrome/89.0.4389.82 Safari/537.36" "164.78.163.38"
192.168.0.3 - - [25/Nov/2024:22:58:52 +0000] "GET /api/v1/status HTTP/1.1" 404 2717 "https://rios-ibarra.com" "Mozilla/5.0 (Windows NT 10.0; Win64; x64) AppleWebKit/537.36 (KHTML, like Gecko) Chrome/89.0.4389.82 Safari/537.36" "174.79.196.180"
192.168.0.2 - - [11/Nov/2024:22:58:52 +0000] "GET /api/v1/status HTTP/1.1" 401 4156 "https://robinson.com" "Mozilla/5.0 (Windows NT 10.0; Win64; x64) AppleWebKit/537.36 (KHTML, like Gecko) Chrome/89.0.4389.82 Safari/537.36" "146.186.227.144"
192.168.0.3 - - [22/Nov/2024:22:58:52 +0000] "GET /api/v1/user HTTP/1.1" 400 176 "https://craig-knox.com" "Mozilla/5.0 (Windows NT 10.0; Win64; x64) AppleWebKit/537.36 (KHTML, like Gecko) Chrome/89.0.4389.82 Safari/537.36" "219.194.32.161"
192.168.0.3 - - [03/Dec/2024:22:58:52 +0000] "GET /api/v1/status HTTP/1.1" 400 2186 "https://ramirez.biz" "Mozilla/5.0 (Windows NT 6.1; WOW64; rv:33.0) Gecko/20100101 Firefox/33.0" "13.8.101.230"
192.168.0.3 - - [29/Nov/2024:22:58:52 +0000] "GET /api/v1/login HTTP/1.1" 401 3518 "https://weeks.com" "Mozilla/5.0 (Windows NT 10.0; Win64; x64) AppleWebKit/537.36 (KHTML, like Gecko) Chrome/90.0.4430.85 Safari/537.36" "48.203.67.215"
192.168.0.2 - - [28/Nov/2024:22:58:52 +0000] "GET /api/v1/user HTTP/1.1" 200 579 "https://brown-monroe.com" "Mozilla/5.0 (Windows NT 6.1; WOW64; rv:33.0) Gecko/20100101 Firefox/33.0" "68.110.11.248"
192.168.0.3 - - [23/Nov/2024:22:58:52 +0000] "GET /api/v1/data HTTP/1.1" 301 4757 "https://kane-friedman.com" "Mozilla/5.0 (Windows NT 6.1; WOW64; rv:33.0) Gecko/20100101 Firefox/33.0" "33.58.233.219"
192.168.0.3 - - [25/Nov/2024:22:58:52 +0000] "GET /api/v1/data HTTP/1.1" 301 4290 "https://olson.info" "Mozilla/5.0 (Windows NT 6.1; WOW64; rv:33.0) Gecko/20100101 Firefox/33.0" "136.11.253.94"
192.168.0.3 - - [27/Nov/2024:22:58:52 +0000] "GET /api/v1/status HTTP/1.1" 301 4969 "https://bryant-galvan.com" "Mozilla/5.0 (Windows NT 6.1; WOW64; rv:33.0) Gecko/20100101 Firefox/33.0" "172.48.225.44"
192.168.0.1 - - [22/Nov/2024:22:58:52 +0000] "GET /api/v1/user HTTP/1.1" 400 3862 "https://delacruz.org" "Mozilla/5.0 (Windows NT 6.1; WOW64; rv:33.0) Gecko/20100101 Firefox/33.0" "128.1.2.127"
192.168.0.3 - - [02/Dec/2024:22:58:52 +0000] "GET /api/v1/user HTTP/1.1" 200 2051 "https://smith.com" "Mozilla/5.0 (Windows NT 10.0; Win64; x64) AppleWebKit/537.36 (KHTML, like Gecko) Chrome/90.0.4430.85 Safari/537.36" "46.210.158.217"
192.168.0.3 - - [03/Dec/2024:22:58:52 +0000] "GET /api/v1/status HTTP/1.1" 401 2570 "https://wagner.com" "Mozilla/5.0 (Windows NT 6.1; WOW64; rv:33.0) Gecko/20100101 Firefox/33.0" "75.83.43.114"
192.168.0.1 - - [05/Dec/2024:22:58:52 +0000] "GET /api/v1/user HTTP/1.1" 301 4202 "https://gonzalez.com" "Mozilla/5.0 (Windows NT 10.0; Win64; x64) AppleWebKit/537.36 (KHTML, like Gecko) Chrome/90.0.4430.85 Safari/537.36" "137.211.49.56"
192.168.0.3 - - [08/Dec/2024:22:58:52 +0000] "GET /api/v1/status HTTP/1.1" 404 2633 "https://white.com" "Mozilla/5.0 (Windows NT 10.0; Win64; x64) AppleWebKit/537.36 (KHTML, like Gecko) Chrome/90.0.4430.85 Safari/537.36" "219.29.109.25"
192.168.0.3 - - [21/Nov/2024:22:58:52 +0000] "GET /api/v1/login HTTP/1.1" 401 221 "https://vega.com" "Mozilla/5.0 (Windows NT 10.0; Win64; x64) AppleWebKit/537.36 (KHTML, like Gecko) Chrome/89.0.4389.82 Safari/537.36" "169.128.217.157"
192.168.0.2 - - [03/Dec/2024:22:58:52 +0000] "GET /api/v1/user HTTP/1.1" 400 299 "https://sanchez.org" "Mozilla/5.0 (Windows NT 6.1; WOW64; rv:33.0) Gecko/20100101 Firefox/33.0" "13.73.214.28"
192.168.0.2 - - [18/Nov/2024:22:58:52 +0000] "GET /api/v1/status HTTP/1.1" 200 2404 "https://lambert-flynn.info" "Mozilla/5.0 (Windows NT 6.1; WOW64; rv:33.0) Gecko/20100101 Firefox/33.0" "199.127.76.110"
192.168.0.1 - - [26/Nov/2024:22:58:52 +0000] "GET /api/v1/user HTTP/1.1" 500 748 "https://clayton.com" "Mozilla/5.0 (Windows NT 10.0; Win64; x64) AppleWebKit/537.36 (KHTML, like Gecko) Chrome/90.0.4430.85 Safari/537.36" "9.218.48.221"
192.168.0.3 - - [01/Dec/2024:22:58:52 +0000] "GET /api/v1/resource HTTP/1.1" 200 1526 "https://herrera.com" "Mozilla/5.0 (Windows NT 10.0; Win64; x64) AppleWebKit/537.36 (KHTML, like Gecko) Chrome/89.0.4389.82 Safari/537.36" "176.201.103.170"
192.168.0.3 - - [29/Nov/2024:22:58:52 +0000] "GET /api/v1/data HTTP/1.1" 401 751 "https://pierce.org" "Mozilla/5.0 (Windows NT 6.1; WOW64; rv:33.0) Gecko/20100101 Firefox/33.0" "123.212.74.215"
192.168.0.3 - - [08/Nov/2024:22:58:52 +0000] "GET /api/v1/data HTTP/1.1" 401 3698 "https://wilcox.com" "Mozilla/5.0 (Windows NT 10.0; Win64; x64) AppleWebKit/537.36 (KHTML, like Gecko) Chrome/89.0.4389.82 Safari/537.36" "184.52.117.191"
192.168.0.1 - - [15/Nov/2024:22:58:52 +0000] "GET /api/v1/login HTTP/1.1" 200 3971 "https://thompson.net" "Mozilla/5.0 (Windows NT 10.0; Win64; x64) AppleWebKit/537.36 (KHTML, like Gecko) Chrome/89.0.4389.82 Safari/537.36" "187.17.98.63"
192.168.0.2 - - [23/Nov/2024:22:58:52 +0000] "GET /api/v1/user HTTP/1.1" 301 1002 "https://austin.org" "Mozilla/5.0 (Windows NT 10.0; Win64; x64) AppleWebKit/537.36 (KHTML, like Gecko) Chrome/89.0.4389.82 Safari/537.36" "65.143.110.15"
192.168.0.2 - - [21/Nov/2024:22:58:52 +0000] "GET /api/v1/status HTTP/1.1" 200 2617 "https://evans.com" "Mozilla/5.0 (Windows NT 10.0; Win64; x64) AppleWebKit/537.36 (KHTML, like Gecko) Chrome/89.0.4389.82 Safari/537.36" "9.92.210.152"
192.168.0.2 - - [25/Nov/2024:22:58:52 +0000] "GET /api/v1/login HTTP/1.1" 404 1909 "https://payne.info" "Mozilla/5.0 (Windows NT 10.0; Win64; x64) AppleWebKit/537.36 (KHTML, like Gecko) Chrome/90.0.4430.85 Safari/537.36" "89.168.251.130"
192.168.0.3 - - [16/Nov/2024:22:58:52 +0000] "GET /api/v1/login HTTP/1.1" 401 2557 "https://wheeler.com" "Mozilla/5.0 (Windows NT 10.0; Win64; x64) AppleWebKit/537.36 (KHTML, like Gecko) Chrome/89.0.4389.82 Safari/537.36" "32.127.156.147"
192.168.0.1 - - [27/Nov/2024:22:58:52 +0000] "GET /api/v1/status HTTP/1.1" 401 3185 "https://stevenson.com" "Mozilla/5.0 (Windows NT 6.1; WOW64; rv:33.0) Gecko/20100101 Firefox/33.0" "26.111.58.14"
192.168.0.1 - - [10/Nov/2024:22:58:52 +0000] "GET /api/v1/user HTTP/1.1" 404 3680 "https://burgess.biz" "Mozilla/5.0 (Windows NT 10.0; Win64; x64) AppleWebKit/537.36 (KHTML, like Gecko) Chrome/89.0.4389.82 Safari/537.36" "134.102.177.247"
192.168.0.1 - - [08/Dec/2024:22:58:52 +0000] "GET /api/v1/data HTTP/1.1" 200 2862 "https://miles.com" "Mozilla/5.0 (Windows NT 6.1; WOW64; rv:33.0) Gecko/20100101 Firefox/33.0" "112.14.206.149"
192.168.0.3 - - [09/Nov/2024:22:58:52 +0000] "GET /api/v1/user HTTP/1.1" 404 495 "https://hickman.com" "Mozilla/5.0 (Windows NT 10.0; Win64; x64) AppleWebKit/537.36 (KHTML, like Gecko) Chrome/90.0.4430.85 Safari/537.36" "191.177.137.220"
192.168.0.3 - - [02/Dec/2024:22:58:52 +0000] "GET /api/v1/user HTTP/1.1" 401 3359 "https://hartman.com" "Mozilla/5.0 (Windows NT 10.0; Win64; x64) AppleWebKit/537.36 (KHTML, like Gecko) Chrome/89.0.4389.82 Safari/537.36" "211.50.89.242"
192.168.0.3 - - [07/Dec/2024:22:58:52 +0000] "GET /api/v1/resource HTTP/1.1" 500 2801 "https://hernandez.com" "Mozilla/5.0 (Windows NT 10.0; Win64; x64) AppleWebKit/537.36 (KHTML, like Gecko) Chrome/90.0.4430.85 Safari/537.36" "220.78.171.209"
192.168.0.1 - - [22/Nov/2024:22:58:52 +0000] "GET /api/v1/user HTTP/1.1" 404 225 "https://cruz.com" "Mozilla/5.0 (Windows NT 10.0; Win64; x64) AppleWebKit/537.36 (KHTML, like Gecko) Chrome/89.0.4389.82 Safari/537.36" "88.180.203.87"
192.168.0.3 - - [02/Dec/2024:22:58:52 +0000] "GET /api/v1/data HTTP/1.1" 200 4934 "https://hebert-jensen.com" "Mozilla/5.0 (Windows NT 6.1; WOW64; rv:33.0) Gecko/20100101 Firefox/33.0" "137.151.151.120"
192.168.0.2 - - [12/Nov/2024:22:58:52 +0000] "GET /api/v1/login HTTP/1.1" 301 2864 "https://williams-francis.com" "Mozilla/5.0 (Windows NT 6.1; WOW64; rv:33.0) Gecko/20100101 Firefox/33.0" "49.255.218.121"
192.168.0.3 - - [10/Nov/2024:22:58:52 +0000] "GET /api/v1/status HTTP/1.1" 200 2254 "https://church.com" "Mozilla/5.0 (Windows NT 6.1; WOW64; rv:33.0) Gecko/20100101 Firefox/33.0" "20.189.180.224"
192.168.0.1 - - [09/Nov/2024:22:58:52 +0000] "GET /api/v1/resource HTTP/1.1" 200 3578 "https://williams.biz" "Mozilla/5.0 (Windows NT 10.0; Win64; x64) AppleWebKit/537.36 (KHTML, like Gecko) Chrome/89.0.4389.82 Safari/537.36" "53.207.12.144"
192.168.0.2 - - [07/Dec/2024:22:58:52 +0000] "GET /api/v1/data HTTP/1.1" 200 4687 "https://parker-navarro.info" "Mozilla/5.0 (Windows NT 6.1; WOW64; rv:33.0) Gecko/20100101 Firefox/33.0" "8.82.238.34"
192.168.0.2 - - [29/Nov/2024:22:58:52 +0000] "GET /api/v1/resource HTTP/1.1" 401 3785 "https://chang-garcia.com" "Mozilla/5.0 (Windows NT 10.0; Win64; x64) AppleWebKit/537.36 (KHTML, like Gecko) Chrome/90.0.4430.85 Safari/537.36" "162.26.162.101"
192.168.0.2 - - [08/Dec/2024:22:58:52 +0000] "GET /api/v1/status HTTP/1.1" 200 3534 "https://alexander.com" "Mozilla/5.0 (Windows NT 6.1; WOW64; rv:33.0) Gecko/20100101 Firefox/33.0" "158.63.147.199"
192.168.0.1 - - [28/Nov/2024:22:58:52 +0000] "GET /api/v1/data HTTP/1.1" 400 1622 "https://harrington.com" "Mozilla/5.0 (Windows NT 10.0; Win64; x64) AppleWebKit/537.36 (KHTML, like Gecko) Chrome/89.0.4389.82 Safari/537.36" "88.34.13.40"
192.168.0.3 - - [24/Nov/2024:22:58:52 +0000] "GET /api/v1/user HTTP/1.1" 500 4701 "https://yang.org" "Mozilla/5.0 (Windows NT 6.1; WOW64; rv:33.0) Gecko/20100101 Firefox/33.0" "25.217.6.145"
192.168.0.3 - - [03/Dec/2024:22:58:52 +0000] "GET /api/v1/resource HTTP/1.1" 500 4468 "https://sharp.com" "Mozilla/5.0 (Windows NT 10.0; Win64; x64) AppleWebKit/537.36 (KHTML, like Gecko) Chrome/89.0.4389.82 Safari/537.36" "17.4.49.215"
192.168.0.3 - - [12/Nov/2024:22:58:52 +0000] "GET /api/v1/resource HTTP/1.1" 404 1497 "https://hunt.biz" "Mozilla/5.0 (Windows NT 10.0; Win64; x64) AppleWebKit/537.36 (KHTML, like Gecko) Chrome/90.0.4430.85 Safari/537.36" "124.102.57.156"
192.168.0.2 - - [22/Nov/2024:22:58:52 +0000] "GET /api/v1/user HTTP/1.1" 400 3310 "https://knox.com" "Mozilla/5.0 (Windows NT 10.0; Win64; x64) AppleWebKit/537.36 (KHTML, like Gecko) Chrome/90.0.4430.85 Safari/537.36" "94.16.173.99"
192.168.0.2 - - [30/Nov/2024:22:58:52 +0000] "GET /api/v1/login HTTP/1.1" 404 4032 "https://kane.com" "Mozilla/5.0 (Windows NT 10.0; Win64; x64) AppleWebKit/537.36 (KHTML, like Gecko) Chrome/90.0.4430.85 Safari/537.36" "199.132.166.59"
192.168.0.2 - - [25/Nov/2024:22:58:52 +0000] "GET /api/v1/login HTTP/1.1" 404 1813 "https://miller.com" "Mozilla/5.0 (Windows NT 6.1; WOW64; rv:33.0) Gecko/20100101 Firefox/33.0" "81.246.174.48"
192.168.0.2 - - [12/Nov/2024:22:58:52 +0000] "GET /api/v1/user HTTP/1.1" 401 2681 "https://hudson-jordan.com" "Mozilla/5.0 (Windows NT 10.0; Win64; x64) AppleWebKit/537.36 (KHTML, like Gecko) Chrome/89.0.4389.82 Safari/537.36" "59.99.93.136"
192.168.0.2 - - [24/Nov/2024:22:58:52 +0000] "GET /api/v1/status HTTP/1.1" 401 4886 "https://rojas.com" "Mozilla/5.0 (Windows NT 10.0; Win64; x64) AppleWebKit/537.36 (KHTML, like Gecko) Chrome/90.0.4430.85 Safari/537.36" "1.95.137.101"
192.168.0.3 - - [08/Nov/2024:22:58:52 +0000] "GET /api/v1/status HTTP/1.1" 200 1664 "https://peterson.com" "Mozilla/5.0 (Windows NT 10.0; Win64; x64) AppleWebKit/537.36 (KHTML, like Gecko) Chrome/90.0.4430.85 Safari/537.36" "97.169.20.52"
192.168.0.3 - - [24/Nov/2024:22:58:52 +0000] "GET /api/v1/resource HTTP/1.1" 500 4779 "https://newton.com" "Mozilla/5.0 (Windows NT 6.1; WOW64; rv:33.0) Gecko/20100101 Firefox/33.0" "77.206.60.255"
192.168.0.3 - - [03/Dec/2024:22:58:52 +0000] "GET /api/v1/user HTTP/1.1" 400 619 "https://mason.info" "Mozilla/5.0 (Windows NT 10.0; Win64; x64) AppleWebKit/537.36 (KHTML, like Gecko) Chrome/89.0.4389.82 Safari/537.36" "28.36.60.134"
192.168.0.1 - - [27/Nov/2024:22:58:52 +0000] "GET /api/v1/data HTTP/1.1" 301 4971 "https://flores.biz" "Mozilla/5.0 (Windows NT 10.0; Win64; x64) AppleWebKit/537.36 (KHTML, like Gecko) Chrome/90.0.4430.85 Safari/537.36" "103.146.179.236"
192.168.0.1 - - [08/Nov/2024:22:58:52 +0000] "GET /api/v1/data HTTP/1.1" 500 3826 "https://powell.com" "Mozilla/5.0 (Windows NT 6.1; WOW64; rv:33.0) Gecko/20100101 Firefox/33.0" "154.117.121.79"
192.168.0.3 - - [30/Nov/2024:22:58:52 +0000] "GET /api/v1/resource HTTP/1.1" 404 742 "https://marquez-reyes.com" "Mozilla/5.0 (Windows NT 6.1; WOW64; rv:33.0) Gecko/20100101 Firefox/33.0" "179.31.102.21"
192.168.0.2 - - [15/Nov/2024:22:58:52 +0000] "GET /api/v1/status HTTP/1.1" 200 1998 "https://johnston.com" "Mozilla/5.0 (Windows NT 6.1; WOW64; rv:33.0) Gecko/20100101 Firefox/33.0" "45.126.62.195"
192.168.0.2 - - [15/Nov/2024:22:58:52 +0000] "GET /api/v1/user HTTP/1.1" 400 4378 "https://zuniga-jones.com" "Mozilla/5.0 (Windows NT 10.0; Win64; x64) AppleWebKit/537.36 (KHTML, like Gecko) Chrome/89.0.4389.82 Safari/537.36" "77.236.19.56"
192.168.0.2 - - [08/Dec/2024:22:58:52 +0000] "GET /api/v1/data HTTP/1.1" 301 3410 "https://dennis-mcclain.info" "Mozilla/5.0 (Windows NT 10.0; Win64; x64) AppleWebKit/537.36 (KHTML, like Gecko) Chrome/90.0.4430.85 Safari/537.36" "98.32.193.119"
192.168.0.3 - - [16/Nov/2024:22:58:52 +0000] "GET /api/v1/resource HTTP/1.1" 200 3783 "https://smith-martinez.info" "Mozilla/5.0 (Windows NT 10.0; Win64; x64) AppleWebKit/537.36 (KHTML, like Gecko) Chrome/89.0.4389.82 Safari/537.36" "133.160.83.11"
192.168.0.1 - - [14/Nov/2024:22:58:52 +0000] "GET /api/v1/login HTTP/1.1" 401 469 "https://page.biz" "Mozilla/5.0 (Windows NT 10.0; Win64; x64) AppleWebKit/537.36 (KHTML, like Gecko) Chrome/89.0.4389.82 Safari/537.36" "19.222.220.116"
192.168.0.1 - - [17/Nov/2024:22:58:52 +0000] "GET /api/v1/login HTTP/1.1" 500 2984 "https://anderson-valenzuela.com" "Mozilla/5.0 (Windows NT 10.0; Win64; x64) AppleWebKit/537.36 (KHTML, like Gecko) Chrome/89.0.4389.82 Safari/537.36" "177.92.192.200"
192.168.0.2 - - [01/Dec/2024:22:58:52 +0000] "GET /api/v1/login HTTP/1.1" 400 1580 "https://stewart-hays.com" "Mozilla/5.0 (Windows NT 6.1; WOW64; rv:33.0) Gecko/20100101 Firefox/33.0" "130.74.107.118"
192.168.0.3 - - [09/Nov/2024:22:58:52 +0000] "GET /api/v1/data HTTP/1.1" 404 4399 "https://hernandez-brown.net" "Mozilla/5.0 (Windows NT 10.0; Win64; x64) AppleWebKit/537.36 (KHTML, like Gecko) Chrome/90.0.4430.85 Safari/537.36" "37.85.62.3"
192.168.0.1 - - [23/Nov/2024:22:58:52 +0000] "GET /api/v1/data HTTP/1.1" 401 2719 "https://villa.com" "Mozilla/5.0 (Windows NT 6.1; WOW64; rv:33.0) Gecko/20100101 Firefox/33.0" "211.24.143.103"
192.168.0.2 - - [14/Nov/2024:22:58:52 +0000] "GET /api/v1/user HTTP/1.1" 401 1453 "https://sandoval.com" "Mozilla/5.0 (Windows NT 10.0; Win64; x64) AppleWebKit/537.36 (KHTML, like Gecko) Chrome/89.0.4389.82 Safari/537.36" "20.77.208.242"
192.168.0.3 - - [28/Nov/2024:22:58:52 +0000] "GET /api/v1/user HTTP/1.1" 500 2094 "https://richardson.biz" "Mozilla/5.0 (Windows NT 10.0; Win64; x64) AppleWebKit/537.36 (KHTML, like Gecko) Chrome/90.0.4430.85 Safari/537.36" "106.153.239.204"
192.168.0.1 - - [19/Nov/2024:22:58:52 +0000] "GET /api/v1/status HTTP/1.1" 401 2961 "https://dougherty.com" "Mozilla/5.0 (Windows NT 6.1; WOW64; rv:33.0) Gecko/20100101 Firefox/33.0" "114.221.14.1"
192.168.0.2 - - [12/Nov/2024:22:58:52 +0000] "GET /api/v1/data HTTP/1.1" 400 3009 "https://hill.com" "Mozilla/5.0 (Windows NT 6.1; WOW64; rv:33.0) Gecko/20100101 Firefox/33.0" "53.240.24.140"
192.168.0.2 - - [24/Nov/2024:22:58:52 +0000] "GET /api/v1/status HTTP/1.1" 404 4043 "https://davis-thompson.biz" "Mozilla/5.0 (Windows NT 10.0; Win64; x64) AppleWebKit/537.36 (KHTML, like Gecko) Chrome/90.0.4430.85 Safari/537.36" "214.57.138.82"
192.168.0.1 - - [03/Dec/2024:22:58:52 +0000] "GET /api/v1/login HTTP/1.1" 404 1325 "https://henry.com" "Mozilla/5.0 (Windows NT 10.0; Win64; x64) AppleWebKit/537.36 (KHTML, like Gecko) Chrome/90.0.4430.85 Safari/537.36" "99.234.184.159"
192.168.0.3 - - [01/Dec/2024:22:58:52 +0000] "GET /api/v1/login HTTP/1.1" 200 2025 "https://horn.biz" "Mozilla/5.0 (Windows NT 10.0; Win64; x64) AppleWebKit/537.36 (KHTML, like Gecko) Chrome/89.0.4389.82 Safari/537.36" "73.132.89.239"
192.168.0.1 - - [08/Dec/2024:22:58:52 +0000] "GET /api/v1/resource HTTP/1.1" 301 3347 "https://martin-cooley.com" "Mozilla/5.0 (Windows NT 10.0; Win64; x64) AppleWebKit/537.36 (KHTML, like Gecko) Chrome/89.0.4389.82 Safari/537.36" "28.50.178.196"
192.168.0.3 - - [17/Nov/2024:22:58:52 +0000] "GET /api/v1/user HTTP/1.1" 200 2070 "https://baker-hendricks.com" "Mozilla/5.0 (Windows NT 6.1; WOW64; rv:33.0) Gecko/20100101 Firefox/33.0" "63.251.225.11"
192.168.0.1 - - [27/Nov/2024:22:58:52 +0000] "GET /api/v1/login HTTP/1.1" 400 4362 "https://sandoval.net" "Mozilla/5.0 (Windows NT 6.1; WOW64; rv:33.0) Gecko/20100101 Firefox/33.0" "193.183.128.235"
192.168.0.2 - - [06/Dec/2024:22:58:52 +0000] "GET /api/v1/user HTTP/1.1" 200 1781 "https://alvarado.com" "Mozilla/5.0 (Windows NT 6.1; WOW64; rv:33.0) Gecko/20100101 Firefox/33.0" "56.178.111.250"
192.168.0.3 - - [14/Nov/2024:22:58:52 +0000] "GET /api/v1/data HTTP/1.1" 401 1934 "https://zamora.com" "Mozilla/5.0 (Windows NT 10.0; Win64; x64) AppleWebKit/537.36 (KHTML, like Gecko) Chrome/90.0.4430.85 Safari/537.36" "108.167.212.135"
192.168.0.2 - - [18/Nov/2024:22:58:52 +0000] "GET /api/v1/user HTTP/1.1" 401 3087 "https://gould.com" "Mozilla/5.0 (Windows NT 10.0; Win64; x64) AppleWebKit/537.36 (KHTML, like Gecko) Chrome/90.0.4430.85 Safari/537.36" "156.83.171.114"
192.168.0.1 - - [08/Nov/2024:22:58:52 +0000] "GET /api/v1/data HTTP/1.1" 301 476 "https://richards-hubbard.com" "Mozilla/5.0 (Windows NT 6.1; WOW64; rv:33.0) Gecko/20100101 Firefox/33.0" "160.205.11.133"
192.168.0.3 - - [22/Nov/2024:22:58:52 +0000] "GET /api/v1/login HTTP/1.1" 500 4148 "https://green.com" "Mozilla/5.0 (Windows NT 10.0; Win64; x64) AppleWebKit/537.36 (KHTML, like Gecko) Chrome/89.0.4389.82 Safari/537.36" "114.9.28.249"
192.168.0.1 - - [14/Nov/2024:22:58:52 +0000] "GET /api/v1/status HTTP/1.1" 400 758 "https://brown-park.com" "Mozilla/5.0 (Windows NT 10.0; Win64; x64) AppleWebKit/537.36 (KHTML, like Gecko) Chrome/89.0.4389.82 Safari/537.36" "187.131.231.109"
192.168.0.1 - - [28/Nov/2024:22:58:52 +0000] "GET /api/v1/status HTTP/1.1" 401 1113 "https://reynolds-miller.com" "Mozilla/5.0 (Windows NT 10.0; Win64; x64) AppleWebKit/537.36 (KHTML, like Gecko) Chrome/89.0.4389.82 Safari/537.36" "134.82.136.107"
192.168.0.2 - - [23/Nov/2024:22:58:52 +0000] "GET /api/v1/data HTTP/1.1" 401 4027 "https://stevenson-roberts.com" "Mozilla/5.0 (Windows NT 10.0; Win64; x64) AppleWebKit/537.36 (KHTML, like Gecko) Chrome/90.0.4430.85 Safari/537.36" "26.200.47.75"
192.168.0.3 - - [17/Nov/2024:22:58:52 +0000] "GET /api/v1/user HTTP/1.1" 200 373 "https://ward.info" "Mozilla/5.0 (Windows NT 10.0; Win64; x64) AppleWebKit/537.36 (KHTML, like Gecko) Chrome/90.0.4430.85 Safari/537.36" "215.186.236.250"
192.168.0.1 - - [08/Nov/2024:22:58:52 +0000] "GET /api/v1/data HTTP/1.1" 301 3006 "https://butler.com" "Mozilla/5.0 (Windows NT 10.0; Win64; x64) AppleWebKit/537.36 (KHTML, like Gecko) Chrome/90.0.4430.85 Safari/537.36" "153.94.48.207"
192.168.0.1 - - [08/Dec/2024:22:58:52 +0000] "GET /api/v1/status HTTP/1.1" 500 1361 "https://rodriguez.com" "Mozilla/5.0 (Windows NT 10.0; Win64; x64) AppleWebKit/537.36 (KHTML, like Gecko) Chrome/90.0.4430.85 Safari/537.36" "182.43.122.169"
192.168.0.2 - - [18/Nov/2024:22:58:52 +0000] "GET /api/v1/user HTTP/1.1" 400 1998 "https://chan-maynard.com" "Mozilla/5.0 (Windows NT 10.0; Win64; x64) AppleWebKit/537.36 (KHTML, like Gecko) Chrome/89.0.4389.82 Safari/537.36" "162.22.100.216"
192.168.0.2 - - [23/Nov/2024:22:58:52 +0000] "GET /api/v1/data HTTP/1.1" 200 3727 "https://bell.com" "Mozilla/5.0 (Windows NT 10.0; Win64; x64) AppleWebKit/537.36 (KHTML, like Gecko) Chrome/90.0.4430.85 Safari/537.36" "218.229.118.186"
192.168.0.1 - - [25/Nov/2024:22:58:52 +0000] "GET /api/v1/login HTTP/1.1" 400 756 "https://garner-smith.com" "Mozilla/5.0 (Windows NT 10.0; Win64; x64) AppleWebKit/537.36 (KHTML, like Gecko) Chrome/90.0.4430.85 Safari/537.36" "29.196.33.197"
192.168.0.3 - - [02/Dec/2024:22:58:52 +0000] "GET /api/v1/data HTTP/1.1" 301 4715 "https://ramos.biz" "Mozilla/5.0 (Windows NT 10.0; Win64; x64) AppleWebKit/537.36 (KHTML, like Gecko) Chrome/89.0.4389.82 Safari/537.36" "211.112.212.9"
192.168.0.2 - - [29/Nov/2024:22:58:52 +0000] "GET /api/v1/data HTTP/1.1" 301 772 "https://garrett-schaefer.com" "Mozilla/5.0 (Windows NT 10.0; Win64; x64) AppleWebKit/537.36 (KHTML, like Gecko) Chrome/89.0.4389.82 Safari/537.36" "62.13.255.93"
192.168.0.1 - - [03/Dec/2024:22:58:52 +0000] "GET /api/v1/resource HTTP/1.1" 404 1023 "https://nash.com" "Mozilla/5.0 (Windows NT 10.0; Win64; x64) AppleWebKit/537.36 (KHTML, like Gecko) Chrome/90.0.4430.85 Safari/537.36" "212.85.53.136"
192.168.0.1 - - [30/Nov/2024:22:58:52 +0000] "GET /api/v1/data HTTP/1.1" 404 2636 "https://robinson.com" "Mozilla/5.0 (Windows NT 10.0; Win64; x64) AppleWebKit/537.36 (KHTML, like Gecko) Chrome/90.0.4430.85 Safari/537.36" "165.24.196.77"
192.168.0.3 - - [19/Nov/2024:22:58:52 +0000] "GET /api/v1/status HTTP/1.1" 401 1324 "https://rivera.org" "Mozilla/5.0 (Windows NT 10.0; Win64; x64) AppleWebKit/537.36 (KHTML, like Gecko) Chrome/90.0.4430.85 Safari/537.36" "27.95.10.29"
192.168.0.1 - - [14/Nov/2024:22:58:52 +0000] "GET /api/v1/user HTTP/1.1" 200 2293 "https://bailey.info" "Mozilla/5.0 (Windows NT 10.0; Win64; x64) AppleWebKit/537.36 (KHTML, like Gecko) Chrome/89.0.4389.82 Safari/537.36" "13.214.141.3"
192.168.0.2 - - [20/Nov/2024:22:58:52 +0000] "GET /api/v1/login HTTP/1.1" 301 3288 "https://fernandez.info" "Mozilla/5.0 (Windows NT 10.0; Win64; x64) AppleWebKit/537.36 (KHTML, like Gecko) Chrome/90.0.4430.85 Safari/537.36" "52.119.53.122"
192.168.0.1 - - [03/Dec/2024:22:58:52 +0000] "GET /api/v1/data HTTP/1.1" 301 3401 "https://vasquez-frost.info" "Mozilla/5.0 (Windows NT 10.0; Win64; x64) AppleWebKit/537.36 (KHTML, like Gecko) Chrome/89.0.4389.82 Safari/537.36" "86.175.83.37"
192.168.0.1 - - [08/Dec/2024:22:58:52 +0000] "GET /api/v1/resource HTTP/1.1" 401 2950 "https://mann.com" "Mozilla/5.0 (Windows NT 6.1; WOW64; rv:33.0) Gecko/20100101 Firefox/33.0" "11.255.194.138"
192.168.0.2 - - [16/Nov/2024:22:58:52 +0000] "GET /api/v1/user HTTP/1.1" 301 813 "https://williams.com" "Mozilla/5.0 (Windows NT 6.1; WOW64; rv:33.0) Gecko/20100101 Firefox/33.0" "219.220.20.169"
192.168.0.3 - - [02/Dec/2024:22:58:52 +0000] "GET /api/v1/resource HTTP/1.1" 401 2122 "https://clark.info" "Mozilla/5.0 (Windows NT 10.0; Win64; x64) AppleWebKit/537.36 (KHTML, like Gecko) Chrome/90.0.4430.85 Safari/537.36" "27.132.109.118"
192.168.0.1 - - [05/Dec/2024:22:58:52 +0000] "GET /api/v1/data HTTP/1.1" 301 1467 "https://friedman-curry.com" "Mozilla/5.0 (Windows NT 6.1; WOW64; rv:33.0) Gecko/20100101 Firefox/33.0" "38.85.133.37"
192.168.0.1 - - [18/Nov/2024:22:58:52 +0000] "GET /api/v1/data HTTP/1.1" 500 4533 "https://martinez-sanchez.com" "Mozilla/5.0 (Windows NT 10.0; Win64; x64) AppleWebKit/537.36 (KHTML, like Gecko) Chrome/90.0.4430.85 Safari/537.36" "174.143.214.27"
192.168.0.3 - - [24/Nov/2024:22:58:52 +0000] "GET /api/v1/user HTTP/1.1" 401 3664 "https://jackson-white.net" "Mozilla/5.0 (Windows NT 6.1; WOW64; rv:33.0) Gecko/20100101 Firefox/33.0" "192.63.75.18"
192.168.0.2 - - [16/Nov/2024:22:58:52 +0000] "GET /api/v1/login HTTP/1.1" 400 3799 "https://rice.com" "Mozilla/5.0 (Windows NT 6.1; WOW64; rv:33.0) Gecko/20100101 Firefox/33.0" "137.25.217.10"
192.168.0.1 - - [15/Nov/2024:22:58:52 +0000] "GET /api/v1/resource HTTP/1.1" 401 4230 "https://carpenter.com" "Mozilla/5.0 (Windows NT 6.1; WOW64; rv:33.0) Gecko/20100101 Firefox/33.0" "10.230.3.47"
192.168.0.1 - - [03/Dec/2024:22:58:52 +0000] "GET /api/v1/login HTTP/1.1" 200 4045 "https://peterson-strickland.com" "Mozilla/5.0 (Windows NT 10.0; Win64; x64) AppleWebKit/537.36 (KHTML, like Gecko) Chrome/90.0.4430.85 Safari/537.36" "194.242.113.97"
192.168.0.2 - - [23/Nov/2024:22:58:52 +0000] "GET /api/v1/resource HTTP/1.1" 401 2136 "https://christensen-jennings.biz" "Mozilla/5.0 (Windows NT 10.0; Win64; x64) AppleWebKit/537.36 (KHTML, like Gecko) Chrome/89.0.4389.82 Safari/537.36" "8.153.222.41"
192.168.0.1 - - [22/Nov/2024:22:58:52 +0000] "GET /api/v1/resource HTTP/1.1" 301 4337 "https://salinas.info" "Mozilla/5.0 (Windows NT 10.0; Win64; x64) AppleWebKit/537.36 (KHTML, like Gecko) Chrome/90.0.4430.85 Safari/537.36" "80.69.235.22"
192.168.0.1 - - [16/Nov/2024:22:58:52 +0000] "GET /api/v1/user HTTP/1.1" 401 915 "https://barnes.org" "Mozilla/5.0 (Windows NT 10.0; Win64; x64) AppleWebKit/537.36 (KHTML, like Gecko) Chrome/89.0.4389.82 Safari/537.36" "195.40.103.130"
192.168.0.2 - - [16/Nov/2024:22:58:52 +0000] "GET /api/v1/status HTTP/1.1" 401 4478 "https://rogers-stein.biz" "Mozilla/5.0 (Windows NT 10.0; Win64; x64) AppleWebKit/537.36 (KHTML, like Gecko) Chrome/89.0.4389.82 Safari/537.36" "126.8.241.187"
192.168.0.1 - - [19/Nov/2024:22:58:52 +0000] "GET /api/v1/data HTTP/1.1" 404 3183 "https://lawson.com" "Mozilla/5.0 (Windows NT 10.0; Win64; x64) AppleWebKit/537.36 (KHTML, like Gecko) Chrome/90.0.4430.85 Safari/537.36" "39.100.151.127"
192.168.0.3 - - [29/Nov/2024:22:58:52 +0000] "GET /api/v1/user HTTP/1.1" 500 1083 "https://lewis.com" "Mozilla/5.0 (Windows NT 6.1; WOW64; rv:33.0) Gecko/20100101 Firefox/33.0" "90.128.141.119"
192.168.0.2 - - [05/Dec/2024:22:58:52 +0000] "GET /api/v1/data HTTP/1.1" 401 4413 "https://phillips-patton.com" "Mozilla/5.0 (Windows NT 10.0; Win64; x64) AppleWebKit/537.36 (KHTML, like Gecko) Chrome/90.0.4430.85 Safari/537.36" "37.53.125.252"
192.168.0.3 - - [16/Nov/2024:22:58:52 +0000] "GET /api/v1/user HTTP/1.1" 404 2601 "https://trujillo.info" "Mozilla/5.0 (Windows NT 10.0; Win64; x64) AppleWebKit/537.36 (KHTML, like Gecko) Chrome/90.0.4430.85 Safari/537.36" "203.239.176.90"
192.168.0.1 - - [02/Dec/2024:22:58:52 +0000] "GET /api/v1/login HTTP/1.1" 301 1793 "https://waters.info" "Mozilla/5.0 (Windows NT 10.0; Win64; x64) AppleWebKit/537.36 (KHTML, like Gecko) Chrome/90.0.4430.85 Safari/537.36" "95.44.186.171"
192.168.0.3 - - [14/Nov/2024:22:58:52 +0000] "GET /api/v1/data HTTP/1.1" 401 2016 "https://murray.com" "Mozilla/5.0 (Windows NT 10.0; Win64; x64) AppleWebKit/537.36 (KHTML, like Gecko) Chrome/90.0.4430.85 Safari/537.36" "36.124.185.130"
192.168.0.3 - - [16/Nov/2024:22:58:52 +0000] "GET /api/v1/login HTTP/1.1" 400 2591 "https://johnson.org" "Mozilla/5.0 (Windows NT 10.0; Win64; x64) AppleWebKit/537.36 (KHTML, like Gecko) Chrome/90.0.4430.85 Safari/537.36" "84.139.212.11"
192.168.0.3 - - [12/Nov/2024:22:58:52 +0000] "GET /api/v1/data HTTP/1.1" 400 1813 "https://taylor.biz" "Mozilla/5.0 (Windows NT 10.0; Win64; x64) AppleWebKit/537.36 (KHTML, like Gecko) Chrome/89.0.4389.82 Safari/537.36" "143.187.122.132"
192.168.0.2 - - [26/Nov/2024:22:58:52 +0000] "GET /api/v1/user HTTP/1.1" 500 3433 "https://wilkinson-fox.com" "Mozilla/5.0 (Windows NT 10.0; Win64; x64) AppleWebKit/537.36 (KHTML, like Gecko) Chrome/90.0.4430.85 Safari/537.36" "1.197.122.65"
192.168.0.2 - - [28/Nov/2024:22:58:52 +0000] "GET /api/v1/resource HTTP/1.1" 401 3462 "https://graham.com" "Mozilla/5.0 (Windows NT 6.1; WOW64; rv:33.0) Gecko/20100101 Firefox/33.0" "195.198.133.94"
192.168.0.3 - - [28/Nov/2024:22:58:52 +0000] "GET /api/v1/user HTTP/1.1" 400 649 "https://hawkins-callahan.net" "Mozilla/5.0 (Windows NT 6.1; WOW64; rv:33.0) Gecko/20100101 Firefox/33.0" "59.4.111.91"
192.168.0.3 - - [10/Nov/2024:22:58:52 +0000] "GET /api/v1/status HTTP/1.1" 301 139 "https://ingram.com" "Mozilla/5.0 (Windows NT 10.0; Win64; x64) AppleWebKit/537.36 (KHTML, like Gecko) Chrome/89.0.4389.82 Safari/537.36" "36.104.175.244"
192.168.0.3 - - [20/Nov/2024:22:58:52 +0000] "GET /api/v1/user HTTP/1.1" 401 1342 "https://allen.com" "Mozilla/5.0 (Windows NT 6.1; WOW64; rv:33.0) Gecko/20100101 Firefox/33.0" "170.127.0.137"
192.168.0.1 - - [01/Dec/2024:22:58:52 +0000] "GET /api/v1/user HTTP/1.1" 500 2049 "https://garrett-jones.org" "Mozilla/5.0 (Windows NT 10.0; Win64; x64) AppleWebKit/537.36 (KHTML, like Gecko) Chrome/89.0.4389.82 Safari/537.36" "181.180.170.252"
192.168.0.3 - - [26/Nov/2024:22:58:52 +0000] "GET /api/v1/resource HTTP/1.1" 200 4859 "https://taylor.info" "Mozilla/5.0 (Windows NT 10.0; Win64; x64) AppleWebKit/537.36 (KHTML, like Gecko) Chrome/89.0.4389.82 Safari/537.36" "202.23.253.183"
192.168.0.1 - - [07/Dec/2024:22:58:52 +0000] "GET /api/v1/status HTTP/1.1" 401 4727 "https://bryant-larson.com" "Mozilla/5.0 (Windows NT 10.0; Win64; x64) AppleWebKit/537.36 (KHTML, like Gecko) Chrome/89.0.4389.82 Safari/537.36" "169.127.170.165"
192.168.0.2 - - [14/Nov/2024:22:58:52 +0000] "GET /api/v1/data HTTP/1.1" 301 3206 "https://price-baldwin.org" "Mozilla/5.0 (Windows NT 6.1; WOW64; rv:33.0) Gecko/20100101 Firefox/33.0" "14.243.164.221"
192.168.0.2 - - [29/Nov/2024:22:58:52 +0000] "GET /api/v1/data HTTP/1.1" 401 4524 "https://olson-yang.biz" "Mozilla/5.0 (Windows NT 10.0; Win64; x64) AppleWebKit/537.36 (KHTML, like Gecko) Chrome/90.0.4430.85 Safari/537.36" "38.88.34.2"
192.168.0.3 - - [18/Nov/2024:22:58:52 +0000] "GET /api/v1/login HTTP/1.1" 200 565 "https://wright.com" "Mozilla/5.0 (Windows NT 10.0; Win64; x64) AppleWebKit/537.36 (KHTML, like Gecko) Chrome/89.0.4389.82 Safari/537.36" "37.205.157.145"
192.168.0.1 - - [26/Nov/2024:22:58:52 +0000] "GET /api/v1/user HTTP/1.1" 404 4532 "https://nelson-williams.com" "Mozilla/5.0 (Windows NT 6.1; WOW64; rv:33.0) Gecko/20100101 Firefox/33.0" "121.53.35.37"
192.168.0.1 - - [13/Nov/2024:22:58:52 +0000] "GET /api/v1/status HTTP/1.1" 400 2863 "https://garrett-williams.info" "Mozilla/5.0 (Windows NT 10.0; Win64; x64) AppleWebKit/537.36 (KHTML, like Gecko) Chrome/89.0.4389.82 Safari/537.36" "118.67.49.73"
192.168.0.2 - - [22/Nov/2024:22:58:52 +0000] "GET /api/v1/data HTTP/1.1" 404 1120 "https://goodwin-hanna.com" "Mozilla/5.0 (Windows NT 10.0; Win64; x64) AppleWebKit/537.36 (KHTML, like Gecko) Chrome/89.0.4389.82 Safari/537.36" "35.121.61.17"
192.168.0.1 - - [03/Dec/2024:22:58:52 +0000] "GET /api/v1/resource HTTP/1.1" 200 891 "https://escobar.net" "Mozilla/5.0 (Windows NT 6.1; WOW64; rv:33.0) Gecko/20100101 Firefox/33.0" "132.145.36.54"
192.168.0.2 - - [01/Dec/2024:22:58:52 +0000] "GET /api/v1/user HTTP/1.1" 200 2581 "https://molina-schroeder.net" "Mozilla/5.0 (Windows NT 10.0; Win64; x64) AppleWebKit/537.36 (KHTML, like Gecko) Chrome/89.0.4389.82 Safari/537.36" "88.145.190.80"
192.168.0.2 - - [04/Dec/2024:22:58:52 +0000] "GET /api/v1/data HTTP/1.1" 401 4154 "https://lee.info" "Mozilla/5.0 (Windows NT 10.0; Win64; x64) AppleWebKit/537.36 (KHTML, like Gecko) Chrome/89.0.4389.82 Safari/537.36" "140.126.49.58"
192.168.0.2 - - [08/Nov/2024:22:58:52 +0000] "GET /api/v1/resource HTTP/1.1" 401 169 "https://rocha.com" "Mozilla/5.0 (Windows NT 10.0; Win64; x64) AppleWebKit/537.36 (KHTML, like Gecko) Chrome/90.0.4430.85 Safari/537.36" "50.206.37.178"
192.168.0.3 - - [11/Nov/2024:22:58:52 +0000] "GET /api/v1/resource HTTP/1.1" 400 1852 "https://mendoza.biz" "Mozilla/5.0 (Windows NT 6.1; WOW64; rv:33.0) Gecko/20100101 Firefox/33.0" "199.186.28.182"
192.168.0.1 - - [16/Nov/2024:22:58:52 +0000] "GET /api/v1/data HTTP/1.1" 404 1452 "https://phillips.com" "Mozilla/5.0 (Windows NT 10.0; Win64; x64) AppleWebKit/537.36 (KHTML, like Gecko) Chrome/89.0.4389.82 Safari/537.36" "177.195.105.229"
192.168.0.1 - - [29/Nov/2024:22:58:52 +0000] "GET /api/v1/user HTTP/1.1" 404 4097 "https://lopez.com" "Mozilla/5.0 (Windows NT 10.0; Win64; x64) AppleWebKit/537.36 (KHTML, like Gecko) Chrome/90.0.4430.85 Safari/537.36" "122.48.219.78"
192.168.0.2 - - [30/Nov/2024:22:58:52 +0000] "GET /api/v1/data HTTP/1.1" 200 651 "https://malone.info" "Mozilla/5.0 (Windows NT 10.0; Win64; x64) AppleWebKit/537.36 (KHTML, like Gecko) Chrome/90.0.4430.85 Safari/537.36" "81.175.197.32"
192.168.0.2 - - [27/Nov/2024:22:58:52 +0000] "GET /api/v1/user HTTP/1.1" 301 3566 "https://tucker-mason.net" "Mozilla/5.0 (Windows NT 10.0; Win64; x64) AppleWebKit/537.36 (KHTML, like Gecko) Chrome/90.0.4430.85 Safari/537.36" "36.74.150.80"
192.168.0.2 - - [15/Nov/2024:22:58:52 +0000] "GET /api/v1/login HTTP/1.1" 200 4841 "https://barnett.com" "Mozilla/5.0 (Windows NT 6.1; WOW64; rv:33.0) Gecko/20100101 Firefox/33.0" "119.178.76.249"
192.168.0.2 - - [22/Nov/2024:22:58:52 +0000] "GET /api/v1/user HTTP/1.1" 301 316 "https://flores.info" "Mozilla/5.0 (Windows NT 6.1; WOW64; rv:33.0) Gecko/20100101 Firefox/33.0" "61.186.224.11"
192.168.0.2 - - [17/Nov/2024:22:58:52 +0000] "GET /api/v1/user HTTP/1.1" 404 4187 "https://esparza.org" "Mozilla/5.0 (Windows NT 10.0; Win64; x64) AppleWebKit/537.36 (KHTML, like Gecko) Chrome/89.0.4389.82 Safari/537.36" "92.98.13.83"
192.168.0.1 - - [28/Nov/2024:22:58:52 +0000] "GET /api/v1/login HTTP/1.1" 400 584 "https://schmidt.com" "Mozilla/5.0 (Windows NT 10.0; Win64; x64) AppleWebKit/537.36 (KHTML, like Gecko) Chrome/89.0.4389.82 Safari/537.36" "40.95.55.99"
192.168.0.3 - - [26/Nov/2024:22:58:52 +0000] "GET /api/v1/login HTTP/1.1" 404 3744 "https://crawford.com" "Mozilla/5.0 (Windows NT 6.1; WOW64; rv:33.0) Gecko/20100101 Firefox/33.0" "216.10.26.199"
192.168.0.2 - - [01/Dec/2024:22:58:52 +0000] "GET /api/v1/resource HTTP/1.1" 500 1835 "https://yang.info" "Mozilla/5.0 (Windows NT 6.1; WOW64; rv:33.0) Gecko/20100101 Firefox/33.0" "217.160.25.210"
192.168.0.2 - - [03/Dec/2024:22:58:52 +0000] "GET /api/v1/status HTTP/1.1" 200 3059 "https://martin.com" "Mozilla/5.0 (Windows NT 6.1; WOW64; rv:33.0) Gecko/20100101 Firefox/33.0" "13.101.218.106"
192.168.0.2 - - [14/Nov/2024:22:58:52 +0000] "GET /api/v1/login HTTP/1.1" 301 1109 "https://roberts.biz" "Mozilla/5.0 (Windows NT 6.1; WOW64; rv:33.0) Gecko/20100101 Firefox/33.0" "181.171.79.139"
192.168.0.2 - - [11/Nov/2024:22:58:52 +0000] "GET /api/v1/login HTTP/1.1" 200 614 "https://white.com" "Mozilla/5.0 (Windows NT 10.0; Win64; x64) AppleWebKit/537.36 (KHTML, like Gecko) Chrome/90.0.4430.85 Safari/537.36" "80.88.237.77"
192.168.0.1 - - [28/Nov/2024:22:58:52 +0000] "GET /api/v1/data HTTP/1.1" 400 1399 "https://cooper.com" "Mozilla/5.0 (Windows NT 10.0; Win64; x64) AppleWebKit/537.36 (KHTML, like Gecko) Chrome/90.0.4430.85 Safari/537.36" "67.155.98.175"
192.168.0.3 - - [17/Nov/2024:22:58:52 +0000] "GET /api/v1/user HTTP/1.1" 301 1307 "https://vang.com" "Mozilla/5.0 (Windows NT 10.0; Win64; x64) AppleWebKit/537.36 (KHTML, like Gecko) Chrome/89.0.4389.82 Safari/537.36" "21.158.130.188"
192.168.0.3 - - [15/Nov/2024:22:58:52 +0000] "GET /api/v1/resource HTTP/1.1" 301 4683 "https://morrison-harvey.net" "Mozilla/5.0 (Windows NT 10.0; Win64; x64) AppleWebKit/537.36 (KHTML, like Gecko) Chrome/90.0.4430.85 Safari/537.36" "76.160.119.138"
192.168.0.2 - - [27/Nov/2024:22:58:52 +0000] "GET /api/v1/data HTTP/1.1" 401 967 "https://munoz.net" "Mozilla/5.0 (Windows NT 10.0; Win64; x64) AppleWebKit/537.36 (KHTML, like Gecko) Chrome/90.0.4430.85 Safari/537.36" "79.184.151.242"
192.168.0.3 - - [21/Nov/2024:22:58:52 +0000] "GET /api/v1/resource HTTP/1.1" 301 1816 "https://gamble.org" "Mozilla/5.0 (Windows NT 10.0; Win64; x64) AppleWebKit/537.36 (KHTML, like Gecko) Chrome/89.0.4389.82 Safari/537.36" "77.158.222.157"
192.168.0.2 - - [04/Dec/2024:22:58:52 +0000] "GET /api/v1/resource HTTP/1.1" 200 1892 "https://conner.org" "Mozilla/5.0 (Windows NT 10.0; Win64; x64) AppleWebKit/537.36 (KHTML, like Gecko) Chrome/89.0.4389.82 Safari/537.36" "4.223.122.77"
192.168.0.2 - - [27/Nov/2024:22:58:52 +0000] "GET /api/v1/data HTTP/1.1" 400 1801 "https://caldwell-wells.com" "Mozilla/5.0 (Windows NT 10.0; Win64; x64) AppleWebKit/537.36 (KHTML, like Gecko) Chrome/89.0.4389.82 Safari/537.36" "210.175.56.253"
192.168.0.1 - - [05/Dec/2024:22:58:52 +0000] "GET /api/v1/resource HTTP/1.1" 500 4253 "https://gonzalez.net" "Mozilla/5.0 (Windows NT 10.0; Win64; x64) AppleWebKit/537.36 (KHTML, like Gecko) Chrome/89.0.4389.82 Safari/537.36" "117.248.156.139"
192.168.0.2 - - [29/Nov/2024:22:58:52 +0000] "GET /api/v1/resource HTTP/1.1" 400 217 "https://parker.org" "Mozilla/5.0 (Windows NT 10.0; Win64; x64) AppleWebKit/537.36 (KHTML, like Gecko) Chrome/89.0.4389.82 Safari/537.36" "161.207.18.212"
192.168.0.3 - - [21/Nov/2024:22:58:52 +0000] "GET /api/v1/data HTTP/1.1" 500 4800 "https://dunn.org" "Mozilla/5.0 (Windows NT 10.0; Win64; x64) AppleWebKit/537.36 (KHTML, like Gecko) Chrome/89.0.4389.82 Safari/537.36" "174.83.219.93"
192.168.0.2 - - [10/Nov/2024:22:58:52 +0000] "GET /api/v1/data HTTP/1.1" 500 2662 "https://berg.com" "Mozilla/5.0 (Windows NT 6.1; WOW64; rv:33.0) Gecko/20100101 Firefox/33.0" "114.168.213.241"
192.168.0.1 - - [13/Nov/2024:22:58:52 +0000] "GET /api/v1/resource HTTP/1.1" 400 4380 "https://rice.com" "Mozilla/5.0 (Windows NT 6.1; WOW64; rv:33.0) Gecko/20100101 Firefox/33.0" "176.202.82.222"
192.168.0.2 - - [01/Dec/2024:22:58:52 +0000] "GET /api/v1/status HTTP/1.1" 200 3268 "https://williams-hamilton.com" "Mozilla/5.0 (Windows NT 6.1; WOW64; rv:33.0) Gecko/20100101 Firefox/33.0" "30.91.58.93"
192.168.0.1 - - [21/Nov/2024:22:58:52 +0000] "GET /api/v1/data HTTP/1.1" 200 4387 "https://burke-robertson.com" "Mozilla/5.0 (Windows NT 10.0; Win64; x64) AppleWebKit/537.36 (KHTML, like Gecko) Chrome/90.0.4430.85 Safari/537.36" "99.39.127.46"
192.168.0.2 - - [29/Nov/2024:22:58:52 +0000] "GET /api/v1/user HTTP/1.1" 401 1995 "https://bailey.com" "Mozilla/5.0 (Windows NT 6.1; WOW64; rv:33.0) Gecko/20100101 Firefox/33.0" "81.217.228.77"
192.168.0.3 - - [24/Nov/2024:22:58:52 +0000] "GET /api/v1/data HTTP/1.1" 400 2661 "https://farmer.info" "Mozilla/5.0 (Windows NT 6.1; WOW64; rv:33.0) Gecko/20100101 Firefox/33.0" "39.120.108.92"
192.168.0.1 - - [10/Nov/2024:22:58:52 +0000] "GET /api/v1/login HTTP/1.1" 301 158 "https://johnson.com" "Mozilla/5.0 (Windows NT 10.0; Win64; x64) AppleWebKit/537.36 (KHTML, like Gecko) Chrome/90.0.4430.85 Safari/537.36" "217.214.61.251"
192.168.0.3 - - [30/Nov/2024:22:58:52 +0000] "GET /api/v1/resource HTTP/1.1" 404 953 "https://butler.com" "Mozilla/5.0 (Windows NT 10.0; Win64; x64) AppleWebKit/537.36 (KHTML, like Gecko) Chrome/90.0.4430.85 Safari/537.36" "16.126.155.108"
192.168.0.3 - - [27/Nov/2024:22:58:52 +0000] "GET /api/v1/data HTTP/1.1" 400 156 "https://blackwell.com" "Mozilla/5.0 (Windows NT 6.1; WOW64; rv:33.0) Gecko/20100101 Firefox/33.0" "15.226.63.184"
192.168.0.1 - - [10/Nov/2024:22:58:52 +0000] "GET /api/v1/login HTTP/1.1" 401 786 "https://walker.biz" "Mozilla/5.0 (Windows NT 6.1; WOW64; rv:33.0) Gecko/20100101 Firefox/33.0" "41.179.244.191"
192.168.0.1 - - [15/Nov/2024:22:58:52 +0000] "GET /api/v1/status HTTP/1.1" 400 2026 "https://thompson-russell.com" "Mozilla/5.0 (Windows NT 10.0; Win64; x64) AppleWebKit/537.36 (KHTML, like Gecko) Chrome/89.0.4389.82 Safari/537.36" "217.208.156.148"
192.168.0.1 - - [04/Dec/2024:22:58:52 +0000] "GET /api/v1/user HTTP/1.1" 200 1829 "https://martinez.org" "Mozilla/5.0 (Windows NT 10.0; Win64; x64) AppleWebKit/537.36 (KHTML, like Gecko) Chrome/89.0.4389.82 Safari/537.36" "201.119.184.241"
192.168.0.3 - - [28/Nov/2024:22:58:52 +0000] "GET /api/v1/user HTTP/1.1" 401 989 "https://miller.org" "Mozilla/5.0 (Windows NT 10.0; Win64; x64) AppleWebKit/537.36 (KHTML, like Gecko) Chrome/90.0.4430.85 Safari/537.36" "160.190.128.142"
192.168.0.2 - - [11/Nov/2024:22:58:52 +0000] "GET /api/v1/user HTTP/1.1" 200 1159 "https://lewis.com" "Mozilla/5.0 (Windows NT 10.0; Win64; x64) AppleWebKit/537.36 (KHTML, like Gecko) Chrome/89.0.4389.82 Safari/537.36" "50.103.17.43"
192.168.0.1 - - [16/Nov/2024:22:58:52 +0000] "GET /api/v1/user HTTP/1.1" 400 4626 "https://hernandez.info" "Mozilla/5.0 (Windows NT 10.0; Win64; x64) AppleWebKit/537.36 (KHTML, like Gecko) Chrome/89.0.4389.82 Safari/537.36" "202.243.88.210"
192.168.0.3 - - [29/Nov/2024:22:58:52 +0000] "GET /api/v1/data HTTP/1.1" 200 4751 "https://mosley.net" "Mozilla/5.0 (Windows NT 10.0; Win64; x64) AppleWebKit/537.36 (KHTML, like Gecko) Chrome/89.0.4389.82 Safari/537.36" "199.150.29.227"
192.168.0.1 - - [24/Nov/2024:22:58:52 +0000] "GET /api/v1/resource HTTP/1.1" 404 3791 "https://kline.biz" "Mozilla/5.0 (Windows NT 6.1; WOW64; rv:33.0) Gecko/20100101 Firefox/33.0" "23.198.251.85"
192.168.0.2 - - [13/Nov/2024:22:58:52 +0000] "GET /api/v1/user HTTP/1.1" 404 282 "https://martin.com" "Mozilla/5.0 (Windows NT 10.0; Win64; x64) AppleWebKit/537.36 (KHTML, like Gecko) Chrome/89.0.4389.82 Safari/537.36" "183.196.33.105"
192.168.0.2 - - [01/Dec/2024:22:58:52 +0000] "GET /api/v1/status HTTP/1.1" 401 1211 "https://turner.biz" "Mozilla/5.0 (Windows NT 10.0; Win64; x64) AppleWebKit/537.36 (KHTML, like Gecko) Chrome/90.0.4430.85 Safari/537.36" "129.109.97.52"
192.168.0.1 - - [22/Nov/2024:22:58:52 +0000] "GET /api/v1/login HTTP/1.1" 404 4724 "https://cortez.com" "Mozilla/5.0 (Windows NT 10.0; Win64; x64) AppleWebKit/537.36 (KHTML, like Gecko) Chrome/90.0.4430.85 Safari/537.36" "105.17.142.90"
192.168.0.2 - - [26/Nov/2024:22:58:52 +0000] "GET /api/v1/data HTTP/1.1" 401 4855 "https://moses.com" "Mozilla/5.0 (Windows NT 6.1; WOW64; rv:33.0) Gecko/20100101 Firefox/33.0" "53.236.168.209"
192.168.0.1 - - [01/Dec/2024:22:58:52 +0000] "GET /api/v1/status HTTP/1.1" 404 992 "https://johnson-watson.com" "Mozilla/5.0 (Windows NT 10.0; Win64; x64) AppleWebKit/537.36 (KHTML, like Gecko) Chrome/90.0.4430.85 Safari/537.36" "76.67.127.42"
192.168.0.3 - - [21/Nov/2024:22:58:52 +0000] "GET /api/v1/resource HTTP/1.1" 404 2361 "https://brown-fritz.org" "Mozilla/5.0 (Windows NT 10.0; Win64; x64) AppleWebKit/537.36 (KHTML, like Gecko) Chrome/90.0.4430.85 Safari/537.36" "117.169.233.92"
192.168.0.1 - - [20/Nov/2024:22:58:52 +0000] "GET /api/v1/data HTTP/1.1" 200 1068 "https://robinson.com" "Mozilla/5.0 (Windows NT 10.0; Win64; x64) AppleWebKit/537.36 (KHTML, like Gecko) Chrome/89.0.4389.82 Safari/537.36" "119.214.168.122"
192.168.0.3 - - [28/Nov/2024:22:58:52 +0000] "GET /api/v1/user HTTP/1.1" 404 1911 "https://kline-sanders.biz" "Mozilla/5.0 (Windows NT 10.0; Win64; x64) AppleWebKit/537.36 (KHTML, like Gecko) Chrome/90.0.4430.85 Safari/537.36" "181.10.83.66"
192.168.0.1 - - [09/Nov/2024:22:58:52 +0000] "GET /api/v1/login HTTP/1.1" 301 3541 "https://boyd.com" "Mozilla/5.0 (Windows NT 6.1; WOW64; rv:33.0) Gecko/20100101 Firefox/33.0" "211.2.194.62"
192.168.0.2 - - [15/Nov/2024:22:58:52 +0000] "GET /api/v1/data HTTP/1.1" 301 1708 "https://stewart.biz" "Mozilla/5.0 (Windows NT 10.0; Win64; x64) AppleWebKit/537.36 (KHTML, like Gecko) Chrome/89.0.4389.82 Safari/537.36" "74.144.64.189"
192.168.0.2 - - [08/Nov/2024:22:58:52 +0000] "GET /api/v1/status HTTP/1.1" 400 772 "https://mills-ellison.biz" "Mozilla/5.0 (Windows NT 10.0; Win64; x64) AppleWebKit/537.36 (KHTML, like Gecko) Chrome/90.0.4430.85 Safari/537.36" "170.205.175.158"
192.168.0.1 - - [19/Nov/2024:22:58:52 +0000] "GET /api/v1/user HTTP/1.1" 500 733 "https://brown.com" "Mozilla/5.0 (Windows NT 6.1; WOW64; rv:33.0) Gecko/20100101 Firefox/33.0" "210.6.242.252"
192.168.0.2 - - [10/Nov/2024:22:58:52 +0000] "GET /api/v1/status HTTP/1.1" 500 3924 "https://riley.com" "Mozilla/5.0 (Windows NT 10.0; Win64; x64) AppleWebKit/537.36 (KHTML, like Gecko) Chrome/90.0.4430.85 Safari/537.36" "163.115.135.174"
192.168.0.3 - - [22/Nov/2024:22:58:52 +0000] "GET /api/v1/user HTTP/1.1" 301 2688 "https://sexton.com" "Mozilla/5.0 (Windows NT 10.0; Win64; x64) AppleWebKit/537.36 (KHTML, like Gecko) Chrome/89.0.4389.82 Safari/537.36" "32.178.126.225"
192.168.0.2 - - [16/Nov/2024:22:58:52 +0000] "GET /api/v1/login HTTP/1.1" 200 2512 "https://hernandez.biz" "Mozilla/5.0 (Windows NT 10.0; Win64; x64) AppleWebKit/537.36 (KHTML, like Gecko) Chrome/90.0.4430.85 Safari/537.36" "8.56.234.244"
192.168.0.2 - - [12/Nov/2024:22:58:52 +0000] "GET /api/v1/resource HTTP/1.1" 500 2864 "https://johnson.com" "Mozilla/5.0 (Windows NT 10.0; Win64; x64) AppleWebKit/537.36 (KHTML, like Gecko) Chrome/89.0.4389.82 Safari/537.36" "216.158.139.161"
192.168.0.2 - - [03/Dec/2024:22:58:52 +0000] "GET /api/v1/status HTTP/1.1" 301 3257 "https://brooks.com" "Mozilla/5.0 (Windows NT 10.0; Win64; x64) AppleWebKit/537.36 (KHTML, like Gecko) Chrome/89.0.4389.82 Safari/537.36" "164.212.15.253"
192.168.0.1 - - [26/Nov/2024:22:58:52 +0000] "GET /api/v1/resource HTTP/1.1" 400 4500 "https://martinez.info" "Mozilla/5.0 (Windows NT 6.1; WOW64; rv:33.0) Gecko/20100101 Firefox/33.0" "163.80.225.253"
192.168.0.1 - - [26/Nov/2024:22:58:52 +0000] "GET /api/v1/resource HTTP/1.1" 500 524 "https://smith.com" "Mozilla/5.0 (Windows NT 10.0; Win64; x64) AppleWebKit/537.36 (KHTML, like Gecko) Chrome/90.0.4430.85 Safari/537.36" "195.128.94.245"
192.168.0.3 - - [21/Nov/2024:22:58:52 +0000] "GET /api/v1/login HTTP/1.1" 400 3361 "https://mcneil-morris.com" "Mozilla/5.0 (Windows NT 6.1; WOW64; rv:33.0) Gecko/20100101 Firefox/33.0" "146.117.136.60"
192.168.0.1 - - [18/Nov/2024:22:58:52 +0000] "GET /api/v1/data HTTP/1.1" 200 4683 "https://williams-moore.com" "Mozilla/5.0 (Windows NT 10.0; Win64; x64) AppleWebKit/537.36 (KHTML, like Gecko) Chrome/89.0.4389.82 Safari/537.36" "8.33.128.229"
192.168.0.1 - - [27/Nov/2024:22:58:52 +0000] "GET /api/v1/data HTTP/1.1" 401 1982 "https://butler-lopez.org" "Mozilla/5.0 (Windows NT 6.1; WOW64; rv:33.0) Gecko/20100101 Firefox/33.0" "82.56.56.0"
192.168.0.2 - - [04/Dec/2024:22:58:52 +0000] "GET /api/v1/resource HTTP/1.1" 401 671 "https://baker-fisher.org" "Mozilla/5.0 (Windows NT 10.0; Win64; x64) AppleWebKit/537.36 (KHTML, like Gecko) Chrome/90.0.4430.85 Safari/537.36" "179.214.208.182"
192.168.0.2 - - [02/Dec/2024:22:58:52 +0000] "GET /api/v1/user HTTP/1.1" 301 4771 "https://acosta.biz" "Mozilla/5.0 (Windows NT 6.1; WOW64; rv:33.0) Gecko/20100101 Firefox/33.0" "212.102.87.213"
192.168.0.3 - - [25/Nov/2024:22:58:52 +0000] "GET /api/v1/user HTTP/1.1" 301 2901 "https://ferguson-mcintosh.com" "Mozilla/5.0 (Windows NT 6.1; WOW64; rv:33.0) Gecko/20100101 Firefox/33.0" "205.246.125.155"
