192.168.0.3 - - [16/Nov/2024:22:58:51 +0000] "GET /api/v1/login HTTP/1.1" 500 2736 "https://clark.net" "Mozilla/5.0 (Windows NT 6.1; WOW64; rv:33.0) Gecko/20100101 Firefox/33.0" "28.44.68.162"
192.168.0.2 - - [25/Nov/2024:22:58:51 +0000] "GET /api/v1/login HTTP/1.1" 200 2151 "https://weber.com" "Mozilla/5.0 (Windows NT 10.0; Win64; x64) AppleWebKit/537.36 (KHTML, like Gecko) Chrome/89.0.4389.82 Safari/537.36" "77.164.102.149"
192.168.0.2 - - [11/Nov/2024:22:58:51 +0000] "GET /api/v1/status HTTP/1.1" 500 2356 "https://jefferson.com" "Mozilla/5.0 (Windows NT 10.0; Win64; x64) AppleWebKit/537.36 (KHTML, like Gecko) Chrome/90.0.4430.85 Safari/537.36" "155.153.117.193"
192.168.0.2 - - [02/Dec/2024:22:58:51 +0000] "GET /api/v1/data HTTP/1.1" 200 1562 "https://roberts-ramirez.com" "Mozilla/5.0 (Windows NT 10.0; Win64; x64) AppleWebKit/537.36 (KHTML, like Gecko) Chrome/90.0.4430.85 Safari/537.36" "115.50.191.86"
192.168.0.2 - - [10/Nov/2024:22:58:51 +0000] "GET /api/v1/login HTTP/1.1" 500 2654 "https://castro.com" "Mozilla/5.0 (Windows NT 10.0; Win64; x64) AppleWebKit/537.36 (KHTML, like Gecko) Chrome/89.0.4389.82 Safari/537.36" "130.91.92.137"
192.168.0.1 - - [28/Nov/2024:22:58:51 +0000] "GET /api/v1/data HTTP/1.1" 500 3782 "https://herman.com" "Mozilla/5.0 (Windows NT 6.1; WOW64; rv:33.0) Gecko/20100101 Firefox/33.0" "131.245.162.79"
192.168.0.2 - - [08/Dec/2024:22:58:51 +0000] "GET /api/v1/resource HTTP/1.1" 200 1699 "https://thompson.com" "Mozilla/5.0 (Windows NT 6.1; WOW64; rv:33.0) Gecko/20100101 Firefox/33.0" "210.198.157.253"
192.168.0.2 - - [12/Nov/2024:22:58:51 +0000] "GET /api/v1/user HTTP/1.1" 404 1439 "https://ruiz-erickson.info" "Mozilla/5.0 (Windows NT 10.0; Win64; x64) AppleWebKit/537.36 (KHTML, like Gecko) Chrome/90.0.4430.85 Safari/537.36" "80.69.116.147"
192.168.0.2 - - [03/Dec/2024:22:58:51 +0000] "GET /api/v1/status HTTP/1.1" 500 1796 "https://evans.com" "Mozilla/5.0 (Windows NT 10.0; Win64; x64) AppleWebKit/537.36 (KHTML, like Gecko) Chrome/90.0.4430.85 Safari/537.36" "184.205.251.52"
192.168.0.2 - - [26/Nov/2024:22:58:51 +0000] "GET /api/v1/user HTTP/1.1" 401 2870 "https://gould.com" "Mozilla/5.0 (Windows NT 6.1; WOW64; rv:33.0) Gecko/20100101 Firefox/33.0" "93.93.147.73"
192.168.0.1 - - [20/Nov/2024:22:58:51 +0000] "GET /api/v1/data HTTP/1.1" 401 327 "https://rubio-wheeler.org" "Mozilla/5.0 (Windows NT 10.0; Win64; x64) AppleWebKit/537.36 (KHTML, like Gecko) Chrome/89.0.4389.82 Safari/537.36" "107.159.40.10"
192.168.0.1 - - [27/Nov/2024:22:58:51 +0000] "GET /api/v1/data HTTP/1.1" 500 2852 "https://knight-morris.org" "Mozilla/5.0 (Windows NT 6.1; WOW64; rv:33.0) Gecko/20100101 Firefox/33.0" "1.54.30.111"
192.168.0.2 - - [17/Nov/2024:22:58:51 +0000] "GET /api/v1/login HTTP/1.1" 301 2607 "https://wells.com" "Mozilla/5.0 (Windows NT 6.1; WOW64; rv:33.0) Gecko/20100101 Firefox/33.0" "62.93.228.8"
192.168.0.3 - - [15/Nov/2024:22:58:51 +0000] "GET /api/v1/data HTTP/1.1" 404 1582 "https://king-hood.biz" "Mozilla/5.0 (Windows NT 6.1; WOW64; rv:33.0) Gecko/20100101 Firefox/33.0" "22.168.89.64"
192.168.0.3 - - [04/Dec/2024:22:58:51 +0000] "GET /api/v1/data HTTP/1.1" 301 4684 "https://bowen-hayes.info" "Mozilla/5.0 (Windows NT 10.0; Win64; x64) AppleWebKit/537.36 (KHTML, like Gecko) Chrome/89.0.4389.82 Safari/537.36" "214.107.196.185"
192.168.0.2 - - [24/Nov/2024:22:58:51 +0000] "GET /api/v1/user HTTP/1.1" 301 1141 "https://walker.com" "Mozilla/5.0 (Windows NT 10.0; Win64; x64) AppleWebKit/537.36 (KHTML, like Gecko) Chrome/89.0.4389.82 Safari/537.36" "92.86.53.60"
192.168.0.1 - - [17/Nov/2024:22:58:51 +0000] "GET /api/v1/data HTTP/1.1" 404 4654 "https://castaneda.com" "Mozilla/5.0 (Windows NT 6.1; WOW64; rv:33.0) Gecko/20100101 Firefox/33.0" "207.165.180.224"
192.168.0.2 - - [05/Dec/2024:22:58:51 +0000] "GET /api/v1/resource HTTP/1.1" 301 3589 "https://martinez-reid.net" "Mozilla/5.0 (Windows NT 6.1; WOW64; rv:33.0) Gecko/20100101 Firefox/33.0" "174.129.208.4"
192.168.0.1 - - [06/Dec/2024:22:58:51 +0000] "GET /api/v1/data HTTP/1.1" 404 4702 "https://lozano-mcconnell.info" "Mozilla/5.0 (Windows NT 10.0; Win64; x64) AppleWebKit/537.36 (KHTML, like Gecko) Chrome/90.0.4430.85 Safari/537.36" "145.53.93.190"
192.168.0.2 - - [28/Nov/2024:22:58:51 +0000] "GET /api/v1/user HTTP/1.1" 401 1267 "https://lewis.com" "Mozilla/5.0 (Windows NT 6.1; WOW64; rv:33.0) Gecko/20100101 Firefox/33.0" "198.97.9.219"
192.168.0.3 - - [26/Nov/2024:22:58:51 +0000] "GET /api/v1/user HTTP/1.1" 500 2271 "https://mcguire.biz" "Mozilla/5.0 (Windows NT 6.1; WOW64; rv:33.0) Gecko/20100101 Firefox/33.0" "176.124.10.45"
192.168.0.2 - - [09/Nov/2024:22:58:51 +0000] "GET /api/v1/resource HTTP/1.1" 500 4412 "https://brooks-stanley.com" "Mozilla/5.0 (Windows NT 10.0; Win64; x64) AppleWebKit/537.36 (KHTML, like Gecko) Chrome/89.0.4389.82 Safari/537.36" "170.177.82.118"
192.168.0.1 - - [19/Nov/2024:22:58:51 +0000] "GET /api/v1/login HTTP/1.1" 301 2254 "https://smith.net" "Mozilla/5.0 (Windows NT 10.0; Win64; x64) AppleWebKit/537.36 (KHTML, like Gecko) Chrome/90.0.4430.85 Safari/537.36" "137.20.162.254"
192.168.0.1 - - [19/Nov/2024:22:58:51 +0000] "GET /api/v1/status HTTP/1.1" 200 1235 "https://soto.net" "Mozilla/5.0 (Windows NT 10.0; Win64; x64) AppleWebKit/537.36 (KHTML, like Gecko) Chrome/89.0.4389.82 Safari/537.36" "199.77.99.71"
192.168.0.3 - - [17/Nov/2024:22:58:51 +0000] "GET /api/v1/resource HTTP/1.1" 401 1150 "https://rice.info" "Mozilla/5.0 (Windows NT 10.0; Win64; x64) AppleWebKit/537.36 (KHTML, like Gecko) Chrome/89.0.4389.82 Safari/537.36" "119.52.12.62"
192.168.0.1 - - [13/Nov/2024:22:58:51 +0000] "GET /api/v1/user HTTP/1.1" 401 2510 "https://jones.com" "Mozilla/5.0 (Windows NT 10.0; Win64; x64) AppleWebKit/537.36 (KHTML, like Gecko) Chrome/90.0.4430.85 Safari/537.36" "58.228.18.234"
192.168.0.2 - - [05/Dec/2024:22:58:51 +0000] "GET /api/v1/resource HTTP/1.1" 500 2926 "https://garrett.com" "Mozilla/5.0 (Windows NT 10.0; Win64; x64) AppleWebKit/537.36 (KHTML, like Gecko) Chrome/89.0.4389.82 Safari/537.36" "48.98.216.8"
192.168.0.1 - - [25/Nov/2024:22:58:51 +0000] "GET /api/v1/status HTTP/1.1" 301 4694 "https://chaney-bell.net" "Mozilla/5.0 (Windows NT 10.0; Win64; x64) AppleWebKit/537.36 (KHTML, like Gecko) Chrome/89.0.4389.82 Safari/537.36" "145.105.155.110"
192.168.0.2 - - [19/Nov/2024:22:58:51 +0000] "GET /api/v1/status HTTP/1.1" 400 2184 "https://wong.org" "Mozilla/5.0 (Windows NT 10.0; Win64; x64) AppleWebKit/537.36 (KHTML, like Gecko) Chrome/90.0.4430.85 Safari/537.36" "2.56.128.227"
192.168.0.2 - - [27/Nov/2024:22:58:51 +0000] "GET /api/v1/status HTTP/1.1" 200 2183 "https://dixon.com" "Mozilla/5.0 (Windows NT 6.1; WOW64; rv:33.0) Gecko/20100101 Firefox/33.0" "23.151.4.237"
192.168.0.3 - - [23/Nov/2024:22:58:51 +0000] "GET /api/v1/user HTTP/1.1" 500 2739 "https://rangel.net" "Mozilla/5.0 (Windows NT 10.0; Win64; x64) AppleWebKit/537.36 (KHTML, like Gecko) Chrome/89.0.4389.82 Safari/537.36" "137.86.191.158"
192.168.0.2 - - [30/Nov/2024:22:58:51 +0000] "GET /api/v1/user HTTP/1.1" 200 3452 "https://miller.com" "Mozilla/5.0 (Windows NT 6.1; WOW64; rv:33.0) Gecko/20100101 Firefox/33.0" "128.235.13.148"
192.168.0.3 - - [27/Nov/2024:22:58:51 +0000] "GET /api/v1/login HTTP/1.1" 500 1835 "https://barber.com" "Mozilla/5.0 (Windows NT 10.0; Win64; x64) AppleWebKit/537.36 (KHTML, like Gecko) Chrome/90.0.4430.85 Safari/537.36" "206.226.35.147"
192.168.0.3 - - [08/Dec/2024:22:58:51 +0000] "GET /api/v1/user HTTP/1.1" 200 319 "https://perry.com" "Mozilla/5.0 (Windows NT 10.0; Win64; x64) AppleWebKit/537.36 (KHTML, like Gecko) Chrome/90.0.4430.85 Safari/537.36" "98.121.173.46"
192.168.0.2 - - [28/Nov/2024:22:58:51 +0000] "GET /api/v1/status HTTP/1.1" 200 825 "https://price.com" "Mozilla/5.0 (Windows NT 10.0; Win64; x64) AppleWebKit/537.36 (KHTML, like Gecko) Chrome/89.0.4389.82 Safari/537.36" "2.137.224.46"
192.168.0.3 - - [29/Nov/2024:22:58:51 +0000] "GET /api/v1/data HTTP/1.1" 200 3904 "https://smith.info" "Mozilla/5.0 (Windows NT 6.1; WOW64; rv:33.0) Gecko/20100101 Firefox/33.0" "136.118.112.105"
192.168.0.2 - - [28/Nov/2024:22:58:51 +0000] "GET /api/v1/data HTTP/1.1" 301 4823 "https://casey-freeman.com" "Mozilla/5.0 (Windows NT 10.0; Win64; x64) AppleWebKit/537.36 (KHTML, like Gecko) Chrome/90.0.4430.85 Safari/537.36" "45.117.52.199"
192.168.0.2 - - [29/Nov/2024:22:58:51 +0000] "GET /api/v1/resource HTTP/1.1" 301 3646 "https://glover.com" "Mozilla/5.0 (Windows NT 10.0; Win64; x64) AppleWebKit/537.36 (KHTML, like Gecko) Chrome/90.0.4430.85 Safari/537.36" "96.108.201.210"
192.168.0.2 - - [08/Nov/2024:22:58:51 +0000] "GET /api/v1/user HTTP/1.1" 301 4517 "https://howard.com" "Mozilla/5.0 (Windows NT 6.1; WOW64; rv:33.0) Gecko/20100101 Firefox/33.0" "187.246.31.234"
192.168.0.1 - - [01/Dec/2024:22:58:51 +0000] "GET /api/v1/login HTTP/1.1" 401 341 "https://shea.com" "Mozilla/5.0 (Windows NT 6.1; WOW64; rv:33.0) Gecko/20100101 Firefox/33.0" "71.7.143.71"
192.168.0.3 - - [06/Dec/2024:22:58:51 +0000] "GET /api/v1/user HTTP/1.1" 200 4758 "https://morrison.net" "Mozilla/5.0 (Windows NT 10.0; Win64; x64) AppleWebKit/537.36 (KHTML, like Gecko) Chrome/89.0.4389.82 Safari/537.36" "145.129.177.81"
192.168.0.3 - - [29/Nov/2024:22:58:51 +0000] "GET /api/v1/user HTTP/1.1" 404 4464 "https://robinson-medina.org" "Mozilla/5.0 (Windows NT 6.1; WOW64; rv:33.0) Gecko/20100101 Firefox/33.0" "94.245.92.178"
192.168.0.2 - - [22/Nov/2024:22:58:51 +0000] "GET /api/v1/status HTTP/1.1" 404 728 "https://pratt.com" "Mozilla/5.0 (Windows NT 6.1; WOW64; rv:33.0) Gecko/20100101 Firefox/33.0" "13.73.180.153"
192.168.0.3 - - [27/Nov/2024:22:58:51 +0000] "GET /api/v1/status HTTP/1.1" 500 2726 "https://holt-richardson.com" "Mozilla/5.0 (Windows NT 10.0; Win64; x64) AppleWebKit/537.36 (KHTML, like Gecko) Chrome/90.0.4430.85 Safari/537.36" "49.155.24.48"
192.168.0.2 - - [04/Dec/2024:22:58:51 +0000] "GET /api/v1/user HTTP/1.1" 401 3817 "https://waters.com" "Mozilla/5.0 (Windows NT 10.0; Win64; x64) AppleWebKit/537.36 (KHTML, like Gecko) Chrome/90.0.4430.85 Safari/537.36" "91.41.117.78"
192.168.0.2 - - [15/Nov/2024:22:58:51 +0000] "GET /api/v1/status HTTP/1.1" 400 3358 "https://rose.com" "Mozilla/5.0 (Windows NT 10.0; Win64; x64) AppleWebKit/537.36 (KHTML, like Gecko) Chrome/89.0.4389.82 Safari/537.36" "198.186.203.250"
192.168.0.1 - - [09/Nov/2024:22:58:51 +0000] "GET /api/v1/resource HTTP/1.1" 400 2025 "https://foster.biz" "Mozilla/5.0 (Windows NT 10.0; Win64; x64) AppleWebKit/537.36 (KHTML, like Gecko) Chrome/89.0.4389.82 Safari/537.36" "63.146.130.32"
192.168.0.2 - - [08/Dec/2024:22:58:51 +0000] "GET /api/v1/resource HTTP/1.1" 500 879 "https://baldwin.biz" "Mozilla/5.0 (Windows NT 10.0; Win64; x64) AppleWebKit/537.36 (KHTML, like Gecko) Chrome/90.0.4430.85 Safari/537.36" "36.41.217.63"
192.168.0.3 - - [13/Nov/2024:22:58:51 +0000] "GET /api/v1/user HTTP/1.1" 401 3791 "https://murillo.info" "Mozilla/5.0 (Windows NT 10.0; Win64; x64) AppleWebKit/537.36 (KHTML, like Gecko) Chrome/89.0.4389.82 Safari/537.36" "179.44.254.55"
192.168.0.2 - - [07/Dec/2024:22:58:51 +0000] "GET /api/v1/login HTTP/1.1" 401 2976 "https://james.com" "Mozilla/5.0 (Windows NT 10.0; Win64; x64) AppleWebKit/537.36 (KHTML, like Gecko) Chrome/89.0.4389.82 Safari/537.36" "67.71.244.155"
192.168.0.3 - - [12/Nov/2024:22:58:51 +0000] "GET /api/v1/resource HTTP/1.1" 401 4709 "https://tran.com" "Mozilla/5.0 (Windows NT 10.0; Win64; x64) AppleWebKit/537.36 (KHTML, like Gecko) Chrome/90.0.4430.85 Safari/537.36" "41.199.89.193"
192.168.0.2 - - [30/Nov/2024:22:58:51 +0000] "GET /api/v1/data HTTP/1.1" 500 823 "https://smith-johnson.info" "Mozilla/5.0 (Windows NT 6.1; WOW64; rv:33.0) Gecko/20100101 Firefox/33.0" "89.50.11.40"
192.168.0.2 - - [30/Nov/2024:22:58:51 +0000] "GET /api/v1/login HTTP/1.1" 400 4708 "https://gould.com" "Mozilla/5.0 (Windows NT 10.0; Win64; x64) AppleWebKit/537.36 (KHTML, like Gecko) Chrome/90.0.4430.85 Safari/537.36" "109.222.13.123"
192.168.0.2 - - [11/Nov/2024:22:58:51 +0000] "GET /api/v1/login HTTP/1.1" 404 3086 "https://simmons.com" "Mozilla/5.0 (Windows NT 10.0; Win64; x64) AppleWebKit/537.36 (KHTML, like Gecko) Chrome/89.0.4389.82 Safari/537.36" "85.136.145.8"
192.168.0.2 - - [14/Nov/2024:22:58:51 +0000] "GET /api/v1/login HTTP/1.1" 404 966 "https://robinson.com" "Mozilla/5.0 (Windows NT 10.0; Win64; x64) AppleWebKit/537.36 (KHTML, like Gecko) Chrome/90.0.4430.85 Safari/537.36" "9.158.36.219"
192.168.0.3 - - [24/Nov/2024:22:58:51 +0000] "GET /api/v1/user HTTP/1.1" 404 4082 "https://hall.com" "Mozilla/5.0 (Windows NT 10.0; Win64; x64) AppleWebKit/537.36 (KHTML, like Gecko) Chrome/90.0.4430.85 Safari/537.36" "75.86.67.7"
192.168.0.2 - - [29/Nov/2024:22:58:51 +0000] "GET /api/v1/user HTTP/1.1" 400 1489 "https://crawford.net" "Mozilla/5.0 (Windows NT 6.1; WOW64; rv:33.0) Gecko/20100101 Firefox/33.0" "115.79.157.108"
192.168.0.2 - - [29/Nov/2024:22:58:51 +0000] "GET /api/v1/data HTTP/1.1" 404 4580 "https://vargas.info" "Mozilla/5.0 (Windows NT 10.0; Win64; x64) AppleWebKit/537.36 (KHTML, like Gecko) Chrome/90.0.4430.85 Safari/537.36" "70.200.28.58"
192.168.0.3 - - [25/Nov/2024:22:58:51 +0000] "GET /api/v1/resource HTTP/1.1" 404 4723 "https://blackwell.com" "Mozilla/5.0 (Windows NT 10.0; Win64; x64) AppleWebKit/537.36 (KHTML, like Gecko) Chrome/90.0.4430.85 Safari/537.36" "7.82.104.69"
192.168.0.2 - - [09/Nov/2024:22:58:51 +0000] "GET /api/v1/user HTTP/1.1" 500 4961 "https://olson.com" "Mozilla/5.0 (Windows NT 10.0; Win64; x64) AppleWebKit/537.36 (KHTML, like Gecko) Chrome/90.0.4430.85 Safari/537.36" "223.185.53.89"
192.168.0.1 - - [24/Nov/2024:22:58:51 +0000] "GET /api/v1/login HTTP/1.1" 200 2467 "https://mullins.com" "Mozilla/5.0 (Windows NT 10.0; Win64; x64) AppleWebKit/537.36 (KHTML, like Gecko) Chrome/89.0.4389.82 Safari/537.36" "9.21.250.204"
192.168.0.3 - - [11/Nov/2024:22:58:51 +0000] "GET /api/v1/data HTTP/1.1" 400 1394 "https://harris-lopez.com" "Mozilla/5.0 (Windows NT 6.1; WOW64; rv:33.0) Gecko/20100101 Firefox/33.0" "35.234.215.0"
192.168.0.1 - - [26/Nov/2024:22:58:51 +0000] "GET /api/v1/user HTTP/1.1" 400 1287 "https://blackwell.com" "Mozilla/5.0 (Windows NT 10.0; Win64; x64) AppleWebKit/537.36 (KHTML, like Gecko) Chrome/90.0.4430.85 Safari/537.36" "122.146.26.0"
192.168.0.1 - - [20/Nov/2024:22:58:51 +0000] "GET /api/v1/login HTTP/1.1" 500 1898 "https://gibson.info" "Mozilla/5.0 (Windows NT 10.0; Win64; x64) AppleWebKit/537.36 (KHTML, like Gecko) Chrome/89.0.4389.82 Safari/537.36" "214.40.118.151"
192.168.0.2 - - [03/Dec/2024:22:58:51 +0000] "GET /api/v1/data HTTP/1.1" 200 1689 "https://stewart.com" "Mozilla/5.0 (Windows NT 6.1; WOW64; rv:33.0) Gecko/20100101 Firefox/33.0" "19.251.247.66"
192.168.0.3 - - [04/Dec/2024:22:58:51 +0000] "GET /api/v1/login HTTP/1.1" 401 4699 "https://key.com" "Mozilla/5.0 (Windows NT 10.0; Win64; x64) AppleWebKit/537.36 (KHTML, like Gecko) Chrome/89.0.4389.82 Safari/537.36" "176.201.84.124"
192.168.0.2 - - [05/Dec/2024:22:58:51 +0000] "GET /api/v1/resource HTTP/1.1" 404 958 "https://guzman.net" "Mozilla/5.0 (Windows NT 6.1; WOW64; rv:33.0) Gecko/20100101 Firefox/33.0" "2.154.85.99"
192.168.0.3 - - [18/Nov/2024:22:58:51 +0000] "GET /api/v1/login HTTP/1.1" 301 1245 "https://stanley.biz" "Mozilla/5.0 (Windows NT 10.0; Win64; x64) AppleWebKit/537.36 (KHTML, like Gecko) Chrome/90.0.4430.85 Safari/537.36" "74.103.29.231"
192.168.0.1 - - [04/Dec/2024:22:58:51 +0000] "GET /api/v1/data HTTP/1.1" 301 831 "https://choi-charles.org" "Mozilla/5.0 (Windows NT 10.0; Win64; x64) AppleWebKit/537.36 (KHTML, like Gecko) Chrome/90.0.4430.85 Safari/537.36" "94.232.70.52"
192.168.0.1 - - [03/Dec/2024:22:58:51 +0000] "GET /api/v1/resource HTTP/1.1" 500 2109 "https://freeman.com" "Mozilla/5.0 (Windows NT 6.1; WOW64; rv:33.0) Gecko/20100101 Firefox/33.0" "71.102.154.155"
192.168.0.2 - - [04/Dec/2024:22:58:51 +0000] "GET /api/v1/status HTTP/1.1" 200 3582 "https://wheeler-benson.com" "Mozilla/5.0 (Windows NT 10.0; Win64; x64) AppleWebKit/537.36 (KHTML, like Gecko) Chrome/90.0.4430.85 Safari/537.36" "17.104.67.54"
192.168.0.3 - - [02/Dec/2024:22:58:51 +0000] "GET /api/v1/user HTTP/1.1" 401 1993 "https://martin-chapman.com" "Mozilla/5.0 (Windows NT 10.0; Win64; x64) AppleWebKit/537.36 (KHTML, like Gecko) Chrome/90.0.4430.85 Safari/537.36" "176.7.172.243"
192.168.0.2 - - [01/Dec/2024:22:58:51 +0000] "GET /api/v1/user HTTP/1.1" 301 2046 "https://bolton.org" "Mozilla/5.0 (Windows NT 10.0; Win64; x64) AppleWebKit/537.36 (KHTML, like Gecko) Chrome/89.0.4389.82 Safari/537.36" "158.35.222.68"
192.168.0.1 - - [08/Nov/2024:22:58:51 +0000] "GET /api/v1/resource HTTP/1.1" 400 501 "https://conley.com" "Mozilla/5.0 (Windows NT 6.1; WOW64; rv:33.0) Gecko/20100101 Firefox/33.0" "43.188.18.159"
192.168.0.2 - - [01/Dec/2024:22:58:51 +0000] "GET /api/v1/data HTTP/1.1" 404 1896 "https://anthony-gutierrez.com" "Mozilla/5.0 (Windows NT 10.0; Win64; x64) AppleWebKit/537.36 (KHTML, like Gecko) Chrome/90.0.4430.85 Safari/537.36" "195.200.230.10"
192.168.0.2 - - [07/Dec/2024:22:58:51 +0000] "GET /api/v1/status HTTP/1.1" 200 4736 "https://tyler.net" "Mozilla/5.0 (Windows NT 10.0; Win64; x64) AppleWebKit/537.36 (KHTML, like Gecko) Chrome/89.0.4389.82 Safari/537.36" "85.9.167.203"
192.168.0.2 - - [03/Dec/2024:22:58:51 +0000] "GET /api/v1/status HTTP/1.1" 400 4842 "https://torres-jackson.com" "Mozilla/5.0 (Windows NT 10.0; Win64; x64) AppleWebKit/537.36 (KHTML, like Gecko) Chrome/89.0.4389.82 Safari/537.36" "160.120.66.190"
192.168.0.2 - - [30/Nov/2024:22:58:51 +0000] "GET /api/v1/login HTTP/1.1" 404 2752 "https://johnson.com" "Mozilla/5.0 (Windows NT 6.1; WOW64; rv:33.0) Gecko/20100101 Firefox/33.0" "81.235.82.252"
192.168.0.1 - - [08/Dec/2024:22:58:51 +0000] "GET /api/v1/login HTTP/1.1" 200 1788 "https://berry-martinez.org" "Mozilla/5.0 (Windows NT 10.0; Win64; x64) AppleWebKit/537.36 (KHTML, like Gecko) Chrome/90.0.4430.85 Safari/537.36" "201.225.222.103"
192.168.0.3 - - [08/Dec/2024:22:58:51 +0000] "GET /api/v1/user HTTP/1.1" 200 4360 "https://patel.com" "Mozilla/5.0 (Windows NT 6.1; WOW64; rv:33.0) Gecko/20100101 Firefox/33.0" "89.40.99.114"
192.168.0.3 - - [11/Nov/2024:22:58:51 +0000] "GET /api/v1/resource HTTP/1.1" 200 2985 "https://shelton-moody.biz" "Mozilla/5.0 (Windows NT 6.1; WOW64; rv:33.0) Gecko/20100101 Firefox/33.0" "36.101.206.4"
192.168.0.2 - - [23/Nov/2024:22:58:51 +0000] "GET /api/v1/user HTTP/1.1" 404 4834 "https://bowers.com" "Mozilla/5.0 (Windows NT 10.0; Win64; x64) AppleWebKit/537.36 (KHTML, like Gecko) Chrome/89.0.4389.82 Safari/537.36" "7.244.200.55"
192.168.0.1 - - [12/Nov/2024:22:58:51 +0000] "GET /api/v1/data HTTP/1.1" 404 1380 "https://price.com" "Mozilla/5.0 (Windows NT 10.0; Win64; x64) AppleWebKit/537.36 (KHTML, like Gecko) Chrome/90.0.4430.85 Safari/537.36" "33.127.242.40"
192.168.0.3 - - [09/Nov/2024:22:58:51 +0000] "GET /api/v1/resource HTTP/1.1" 301 2140 "https://jones.com" "Mozilla/5.0 (Windows NT 10.0; Win64; x64) AppleWebKit/537.36 (KHTML, like Gecko) Chrome/90.0.4430.85 Safari/537.36" "182.11.138.145"
192.168.0.1 - - [08/Nov/2024:22:58:51 +0000] "GET /api/v1/user HTTP/1.1" 301 3008 "https://lindsey-gutierrez.biz" "Mozilla/5.0 (Windows NT 6.1; WOW64; rv:33.0) Gecko/20100101 Firefox/33.0" "130.30.195.66"
192.168.0.2 - - [19/Nov/2024:22:58:51 +0000] "GET /api/v1/user HTTP/1.1" 301 2130 "https://hogan-gross.org" "Mozilla/5.0 (Windows NT 10.0; Win64; x64) AppleWebKit/537.36 (KHTML, like Gecko) Chrome/90.0.4430.85 Safari/537.36" "187.60.111.112"
192.168.0.1 - - [24/Nov/2024:22:58:51 +0000] "GET /api/v1/data HTTP/1.1" 301 4414 "https://watson.com" "Mozilla/5.0 (Windows NT 10.0; Win64; x64) AppleWebKit/537.36 (KHTML, like Gecko) Chrome/90.0.4430.85 Safari/537.36" "183.131.186.12"
192.168.0.3 - - [17/Nov/2024:22:58:51 +0000] "GET /api/v1/user HTTP/1.1" 404 1985 "https://mendoza-walker.com" "Mozilla/5.0 (Windows NT 6.1; WOW64; rv:33.0) Gecko/20100101 Firefox/33.0" "52.247.19.189"
192.168.0.1 - - [13/Nov/2024:22:58:51 +0000] "GET /api/v1/user HTTP/1.1" 301 4408 "https://wagner.com" "Mozilla/5.0 (Windows NT 10.0; Win64; x64) AppleWebKit/537.36 (KHTML, like Gecko) Chrome/89.0.4389.82 Safari/537.36" "62.228.103.120"
192.168.0.3 - - [12/Nov/2024:22:58:51 +0000] "GET /api/v1/resource HTTP/1.1" 401 1726 "https://manning.com" "Mozilla/5.0 (Windows NT 10.0; Win64; x64) AppleWebKit/537.36 (KHTML, like Gecko) Chrome/90.0.4430.85 Safari/537.36" "49.172.173.182"
192.168.0.1 - - [10/Nov/2024:22:58:51 +0000] "GET /api/v1/user HTTP/1.1" 404 2232 "https://ross.com" "Mozilla/5.0 (Windows NT 10.0; Win64; x64) AppleWebKit/537.36 (KHTML, like Gecko) Chrome/90.0.4430.85 Safari/537.36" "100.140.178.62"
192.168.0.2 - - [22/Nov/2024:22:58:51 +0000] "GET /api/v1/user HTTP/1.1" 301 4132 "https://perry.net" "Mozilla/5.0 (Windows NT 10.0; Win64; x64) AppleWebKit/537.36 (KHTML, like Gecko) Chrome/90.0.4430.85 Safari/537.36" "167.94.244.126"
192.168.0.3 - - [23/Nov/2024:22:58:51 +0000] "GET /api/v1/data HTTP/1.1" 200 300 "https://davenport.com" "Mozilla/5.0 (Windows NT 10.0; Win64; x64) AppleWebKit/537.36 (KHTML, like Gecko) Chrome/90.0.4430.85 Safari/537.36" "140.203.77.32"
192.168.0.3 - - [02/Dec/2024:22:58:51 +0000] "GET /api/v1/data HTTP/1.1" 200 2671 "https://nichols.org" "Mozilla/5.0 (Windows NT 10.0; Win64; x64) AppleWebKit/537.36 (KHTML, like Gecko) Chrome/89.0.4389.82 Safari/537.36" "60.37.25.95"
192.168.0.1 - - [08/Dec/2024:22:58:51 +0000] "GET /api/v1/resource HTTP/1.1" 500 1705 "https://holmes.org" "Mozilla/5.0 (Windows NT 10.0; Win64; x64) AppleWebKit/537.36 (KHTML, like Gecko) Chrome/90.0.4430.85 Safari/537.36" "191.230.97.29"
192.168.0.2 - - [22/Nov/2024:22:58:51 +0000] "GET /api/v1/status HTTP/1.1" 200 2013 "https://byrd.com" "Mozilla/5.0 (Windows NT 6.1; WOW64; rv:33.0) Gecko/20100101 Firefox/33.0" "134.194.56.88"
192.168.0.1 - - [10/Nov/2024:22:58:51 +0000] "GET /api/v1/status HTTP/1.1" 500 1034 "https://clayton.biz" "Mozilla/5.0 (Windows NT 10.0; Win64; x64) AppleWebKit/537.36 (KHTML, like Gecko) Chrome/89.0.4389.82 Safari/537.36" "160.193.180.148"
192.168.0.3 - - [23/Nov/2024:22:58:51 +0000] "GET /api/v1/login HTTP/1.1" 404 2269 "https://wilson.net" "Mozilla/5.0 (Windows NT 10.0; Win64; x64) AppleWebKit/537.36 (KHTML, like Gecko) Chrome/89.0.4389.82 Safari/537.36" "129.242.143.243"
192.168.0.2 - - [08/Dec/2024:22:58:51 +0000] "GET /api/v1/data HTTP/1.1" 400 1345 "https://young-davis.org" "Mozilla/5.0 (Windows NT 10.0; Win64; x64) AppleWebKit/537.36 (KHTML, like Gecko) Chrome/90.0.4430.85 Safari/537.36" "71.9.113.87"
192.168.0.1 - - [24/Nov/2024:22:58:51 +0000] "GET /api/v1/login HTTP/1.1" 301 3242 "https://douglas-jones.biz" "Mozilla/5.0 (Windows NT 10.0; Win64; x64) AppleWebKit/537.36 (KHTML, like Gecko) Chrome/89.0.4389.82 Safari/537.36" "138.141.186.169"
192.168.0.1 - - [21/Nov/2024:22:58:51 +0000] "GET /api/v1/user HTTP/1.1" 400 4068 "https://gray-swanson.com" "Mozilla/5.0 (Windows NT 6.1; WOW64; rv:33.0) Gecko/20100101 Firefox/33.0" "70.217.210.173"
192.168.0.1 - - [12/Nov/2024:22:58:51 +0000] "GET /api/v1/login HTTP/1.1" 401 464 "https://mcknight-kim.biz" "Mozilla/5.0 (Windows NT 6.1; WOW64; rv:33.0) Gecko/20100101 Firefox/33.0" "31.237.189.223"
192.168.0.1 - - [15/Nov/2024:22:58:51 +0000] "GET /api/v1/resource HTTP/1.1" 301 2879 "https://moore.com" "Mozilla/5.0 (Windows NT 10.0; Win64; x64) AppleWebKit/537.36 (KHTML, like Gecko) Chrome/89.0.4389.82 Safari/537.36" "10.100.146.47"
192.168.0.3 - - [20/Nov/2024:22:58:51 +0000] "GET /api/v1/login HTTP/1.1" 400 1171 "https://adkins.com" "Mozilla/5.0 (Windows NT 10.0; Win64; x64) AppleWebKit/537.36 (KHTML, like Gecko) Chrome/89.0.4389.82 Safari/537.36" "24.138.50.74"
192.168.0.1 - - [20/Nov/2024:22:58:51 +0000] "GET /api/v1/status HTTP/1.1" 200 4548 "https://walker-walter.com" "Mozilla/5.0 (Windows NT 10.0; Win64; x64) AppleWebKit/537.36 (KHTML, like Gecko) Chrome/89.0.4389.82 Safari/537.36" "9.137.237.38"
192.168.0.3 - - [02/Dec/2024:22:58:51 +0000] "GET /api/v1/user HTTP/1.1" 500 1457 "https://harper.org" "Mozilla/5.0 (Windows NT 10.0; Win64; x64) AppleWebKit/537.36 (KHTML, like Gecko) Chrome/89.0.4389.82 Safari/537.36" "216.18.66.27"
192.168.0.2 - - [03/Dec/2024:22:58:51 +0000] "GET /api/v1/user HTTP/1.1" 400 4668 "https://williams-arias.com" "Mozilla/5.0 (Windows NT 10.0; Win64; x64) AppleWebKit/537.36 (KHTML, like Gecko) Chrome/90.0.4430.85 Safari/537.36" "148.17.240.26"
192.168.0.3 - - [07/Dec/2024:22:58:51 +0000] "GET /api/v1/user HTTP/1.1" 301 4017 "https://braun.net" "Mozilla/5.0 (Windows NT 10.0; Win64; x64) AppleWebKit/537.36 (KHTML, like Gecko) Chrome/89.0.4389.82 Safari/537.36" "23.95.209.254"
192.168.0.2 - - [20/Nov/2024:22:58:51 +0000] "GET /api/v1/data HTTP/1.1" 400 3093 "https://barker-lawrence.com" "Mozilla/5.0 (Windows NT 10.0; Win64; x64) AppleWebKit/537.36 (KHTML, like Gecko) Chrome/90.0.4430.85 Safari/537.36" "102.140.163.134"
192.168.0.1 - - [23/Nov/2024:22:58:51 +0000] "GET /api/v1/login HTTP/1.1" 500 2805 "https://jackson.org" "Mozilla/5.0 (Windows NT 10.0; Win64; x64) AppleWebKit/537.36 (KHTML, like Gecko) Chrome/89.0.4389.82 Safari/537.36" "9.55.63.217"
192.168.0.3 - - [08/Nov/2024:22:58:51 +0000] "GET /api/v1/data HTTP/1.1" 301 506 "https://deleon.com" "Mozilla/5.0 (Windows NT 10.0; Win64; x64) AppleWebKit/537.36 (KHTML, like Gecko) Chrome/90.0.4430.85 Safari/537.36" "123.135.149.111"
192.168.0.1 - - [28/Nov/2024:22:58:51 +0000] "GET /api/v1/user HTTP/1.1" 301 2491 "https://james.com" "Mozilla/5.0 (Windows NT 10.0; Win64; x64) AppleWebKit/537.36 (KHTML, like Gecko) Chrome/89.0.4389.82 Safari/537.36" "68.63.46.22"
192.168.0.2 - - [24/Nov/2024:22:58:51 +0000] "GET /api/v1/resource HTTP/1.1" 400 2932 "https://clark.biz" "Mozilla/5.0 (Windows NT 10.0; Win64; x64) AppleWebKit/537.36 (KHTML, like Gecko) Chrome/90.0.4430.85 Safari/537.36" "18.106.132.227"
192.168.0.1 - - [10/Nov/2024:22:58:51 +0000] "GET /api/v1/data HTTP/1.1" 401 3840 "https://sutton.com" "Mozilla/5.0 (Windows NT 10.0; Win64; x64) AppleWebKit/537.36 (KHTML, like Gecko) Chrome/89.0.4389.82 Safari/537.36" "141.193.233.96"
192.168.0.2 - - [29/Nov/2024:22:58:51 +0000] "GET /api/v1/data HTTP/1.1" 404 3506 "https://martinez-johnson.com" "Mozilla/5.0 (Windows NT 6.1; WOW64; rv:33.0) Gecko/20100101 Firefox/33.0" "1.79.115.49"
192.168.0.1 - - [24/Nov/2024:22:58:51 +0000] "GET /api/v1/data HTTP/1.1" 301 1322 "https://hensley.info" "Mozilla/5.0 (Windows NT 6.1; WOW64; rv:33.0) Gecko/20100101 Firefox/33.0" "20.174.197.227"
192.168.0.2 - - [15/Nov/2024:22:58:51 +0000] "GET /api/v1/login HTTP/1.1" 200 2559 "https://jones.com" "Mozilla/5.0 (Windows NT 6.1; WOW64; rv:33.0) Gecko/20100101 Firefox/33.0" "13.95.81.152"
192.168.0.2 - - [12/Nov/2024:22:58:51 +0000] "GET /api/v1/data HTTP/1.1" 401 4304 "https://taylor.com" "Mozilla/5.0 (Windows NT 6.1; WOW64; rv:33.0) Gecko/20100101 Firefox/33.0" "52.251.180.121"
192.168.0.1 - - [26/Nov/2024:22:58:51 +0000] "GET /api/v1/login HTTP/1.1" 200 3956 "https://arnold-thomas.com" "Mozilla/5.0 (Windows NT 10.0; Win64; x64) AppleWebKit/537.36 (KHTML, like Gecko) Chrome/90.0.4430.85 Safari/537.36" "13.13.132.134"
192.168.0.2 - - [21/Nov/2024:22:58:51 +0000] "GET /api/v1/status HTTP/1.1" 404 2682 "https://hansen.com" "Mozilla/5.0 (Windows NT 10.0; Win64; x64) AppleWebKit/537.36 (KHTML, like Gecko) Chrome/90.0.4430.85 Safari/537.36" "112.127.224.163"
192.168.0.3 - - [24/Nov/2024:22:58:51 +0000] "GET /api/v1/data HTTP/1.1" 500 3992 "https://moore.com" "Mozilla/5.0 (Windows NT 10.0; Win64; x64) AppleWebKit/537.36 (KHTML, like Gecko) Chrome/90.0.4430.85 Safari/537.36" "34.222.68.61"
192.168.0.2 - - [09/Nov/2024:22:58:51 +0000] "GET /api/v1/status HTTP/1.1" 400 850 "https://smith.com" "Mozilla/5.0 (Windows NT 6.1; WOW64; rv:33.0) Gecko/20100101 Firefox/33.0" "98.178.255.62"
192.168.0.1 - - [29/Nov/2024:22:58:51 +0000] "GET /api/v1/data HTTP/1.1" 404 4486 "https://brown.com" "Mozilla/5.0 (Windows NT 6.1; WOW64; rv:33.0) Gecko/20100101 Firefox/33.0" "149.252.136.80"
192.168.0.3 - - [19/Nov/2024:22:58:51 +0000] "GET /api/v1/status HTTP/1.1" 401 2764 "https://jones.com" "Mozilla/5.0 (Windows NT 6.1; WOW64; rv:33.0) Gecko/20100101 Firefox/33.0" "159.137.118.65"
192.168.0.1 - - [08/Dec/2024:22:58:51 +0000] "GET /api/v1/resource HTTP/1.1" 400 3020 "https://murphy-white.org" "Mozilla/5.0 (Windows NT 6.1; WOW64; rv:33.0) Gecko/20100101 Firefox/33.0" "62.127.146.6"
192.168.0.1 - - [09/Nov/2024:22:58:51 +0000] "GET /api/v1/resource HTTP/1.1" 401 2486 "https://rubio-frye.com" "Mozilla/5.0 (Windows NT 10.0; Win64; x64) AppleWebKit/537.36 (KHTML, like Gecko) Chrome/89.0.4389.82 Safari/537.36" "80.124.141.51"
192.168.0.3 - - [17/Nov/2024:22:58:51 +0000] "GET /api/v1/user HTTP/1.1" 301 132 "https://mcbride.org" "Mozilla/5.0 (Windows NT 10.0; Win64; x64) AppleWebKit/537.36 (KHTML, like Gecko) Chrome/90.0.4430.85 Safari/537.36" "218.219.16.137"
192.168.0.1 - - [12/Nov/2024:22:58:51 +0000] "GET /api/v1/data HTTP/1.1" 400 693 "https://love.info" "Mozilla/5.0 (Windows NT 10.0; Win64; x64) AppleWebKit/537.36 (KHTML, like Gecko) Chrome/89.0.4389.82 Safari/537.36" "165.218.37.53"
192.168.0.3 - - [18/Nov/2024:22:58:51 +0000] "GET /api/v1/status HTTP/1.1" 500 4505 "https://pruitt.biz" "Mozilla/5.0 (Windows NT 10.0; Win64; x64) AppleWebKit/537.36 (KHTML, like Gecko) Chrome/90.0.4430.85 Safari/537.36" "158.156.192.29"
192.168.0.1 - - [19/Nov/2024:22:58:51 +0000] "GET /api/v1/status HTTP/1.1" 401 1463 "https://phillips.com" "Mozilla/5.0 (Windows NT 10.0; Win64; x64) AppleWebKit/537.36 (KHTML, like Gecko) Chrome/89.0.4389.82 Safari/537.36" "58.28.108.203"
192.168.0.3 - - [12/Nov/2024:22:58:51 +0000] "GET /api/v1/data HTTP/1.1" 404 4687 "https://cruz.info" "Mozilla/5.0 (Windows NT 10.0; Win64; x64) AppleWebKit/537.36 (KHTML, like Gecko) Chrome/89.0.4389.82 Safari/537.36" "75.171.229.109"
192.168.0.1 - - [25/Nov/2024:22:58:51 +0000] "GET /api/v1/status HTTP/1.1" 404 171 "https://johnson.com" "Mozilla/5.0 (Windows NT 6.1; WOW64; rv:33.0) Gecko/20100101 Firefox/33.0" "175.78.217.12"
192.168.0.3 - - [02/Dec/2024:22:58:51 +0000] "GET /api/v1/status HTTP/1.1" 404 1294 "https://wilkerson.info" "Mozilla/5.0 (Windows NT 6.1; WOW64; rv:33.0) Gecko/20100101 Firefox/33.0" "148.151.30.23"
192.168.0.2 - - [01/Dec/2024:22:58:51 +0000] "GET /api/v1/data HTTP/1.1" 400 3014 "https://sanchez.com" "Mozilla/5.0 (Windows NT 6.1; WOW64; rv:33.0) Gecko/20100101 Firefox/33.0" "119.71.77.73"
192.168.0.2 - - [02/Dec/2024:22:58:51 +0000] "GET /api/v1/status HTTP/1.1" 500 4408 "https://russo.com" "Mozilla/5.0 (Windows NT 6.1; WOW64; rv:33.0) Gecko/20100101 Firefox/33.0" "5.61.164.206"
192.168.0.1 - - [10/Nov/2024:22:58:51 +0000] "GET /api/v1/login HTTP/1.1" 500 850 "https://smith.com" "Mozilla/5.0 (Windows NT 10.0; Win64; x64) AppleWebKit/537.36 (KHTML, like Gecko) Chrome/90.0.4430.85 Safari/537.36" "151.70.137.171"
192.168.0.3 - - [11/Nov/2024:22:58:51 +0000] "GET /api/v1/user HTTP/1.1" 401 2056 "https://hurley-thomas.com" "Mozilla/5.0 (Windows NT 6.1; WOW64; rv:33.0) Gecko/20100101 Firefox/33.0" "204.16.144.151"
192.168.0.2 - - [20/Nov/2024:22:58:51 +0000] "GET /api/v1/user HTTP/1.1" 401 3136 "https://murphy.com" "Mozilla/5.0 (Windows NT 10.0; Win64; x64) AppleWebKit/537.36 (KHTML, like Gecko) Chrome/90.0.4430.85 Safari/537.36" "44.78.232.97"
192.168.0.3 - - [16/Nov/2024:22:58:51 +0000] "GET /api/v1/resource HTTP/1.1" 500 2637 "https://cline.com" "Mozilla/5.0 (Windows NT 10.0; Win64; x64) AppleWebKit/537.36 (KHTML, like Gecko) Chrome/89.0.4389.82 Safari/537.36" "177.112.175.184"
192.168.0.1 - - [28/Nov/2024:22:58:51 +0000] "GET /api/v1/user HTTP/1.1" 200 2271 "https://mullen.com" "Mozilla/5.0 (Windows NT 6.1; WOW64; rv:33.0) Gecko/20100101 Firefox/33.0" "28.228.81.162"
192.168.0.2 - - [23/Nov/2024:22:58:51 +0000] "GET /api/v1/resource HTTP/1.1" 400 737 "https://mitchell-levy.info" "Mozilla/5.0 (Windows NT 10.0; Win64; x64) AppleWebKit/537.36 (KHTML, like Gecko) Chrome/89.0.4389.82 Safari/537.36" "97.169.0.161"
192.168.0.2 - - [17/Nov/2024:22:58:51 +0000] "GET /api/v1/status HTTP/1.1" 200 3458 "https://trujillo-dougherty.com" "Mozilla/5.0 (Windows NT 10.0; Win64; x64) AppleWebKit/537.36 (KHTML, like Gecko) Chrome/89.0.4389.82 Safari/537.36" "99.39.123.39"
192.168.0.1 - - [14/Nov/2024:22:58:51 +0000] "GET /api/v1/user HTTP/1.1" 400 2845 "https://henderson-gordon.com" "Mozilla/5.0 (Windows NT 6.1; WOW64; rv:33.0) Gecko/20100101 Firefox/33.0" "140.97.211.110"
192.168.0.3 - - [12/Nov/2024:22:58:51 +0000] "GET /api/v1/user HTTP/1.1" 200 4867 "https://powers.com" "Mozilla/5.0 (Windows NT 10.0; Win64; x64) AppleWebKit/537.36 (KHTML, like Gecko) Chrome/90.0.4430.85 Safari/537.36" "179.97.80.231"
192.168.0.1 - - [29/Nov/2024:22:58:51 +0000] "GET /api/v1/user HTTP/1.1" 400 570 "https://dawson.com" "Mozilla/5.0 (Windows NT 6.1; WOW64; rv:33.0) Gecko/20100101 Firefox/33.0" "181.123.45.105"
192.168.0.2 - - [09/Nov/2024:22:58:51 +0000] "GET /api/v1/user HTTP/1.1" 400 2752 "https://jensen.com" "Mozilla/5.0 (Windows NT 6.1; WOW64; rv:33.0) Gecko/20100101 Firefox/33.0" "40.242.65.159"
192.168.0.2 - - [05/Dec/2024:22:58:51 +0000] "GET /api/v1/data HTTP/1.1" 200 3900 "https://alvarez.com" "Mozilla/5.0 (Windows NT 10.0; Win64; x64) AppleWebKit/537.36 (KHTML, like Gecko) Chrome/90.0.4430.85 Safari/537.36" "214.116.225.229"
192.168.0.2 - - [05/Dec/2024:22:58:51 +0000] "GET /api/v1/user HTTP/1.1" 400 3050 "https://baldwin.net" "Mozilla/5.0 (Windows NT 6.1; WOW64; rv:33.0) Gecko/20100101 Firefox/33.0" "78.118.115.132"
192.168.0.2 - - [14/Nov/2024:22:58:51 +0000] "GET /api/v1/login HTTP/1.1" 200 1897 "https://montgomery-johnson.com" "Mozilla/5.0 (Windows NT 10.0; Win64; x64) AppleWebKit/537.36 (KHTML, like Gecko) Chrome/90.0.4430.85 Safari/537.36" "192.14.46.141"
192.168.0.1 - - [17/Nov/2024:22:58:51 +0000] "GET /api/v1/login HTTP/1.1" 400 3721 "https://martin.info" "Mozilla/5.0 (Windows NT 10.0; Win64; x64) AppleWebKit/537.36 (KHTML, like Gecko) Chrome/89.0.4389.82 Safari/537.36" "73.197.96.47"
192.168.0.1 - - [06/Dec/2024:22:58:51 +0000] "GET /api/v1/resource HTTP/1.1" 500 3458 "https://roberts.com" "Mozilla/5.0 (Windows NT 6.1; WOW64; rv:33.0) Gecko/20100101 Firefox/33.0" "96.119.173.247"
192.168.0.1 - - [20/Nov/2024:22:58:51 +0000] "GET /api/v1/login HTTP/1.1" 401 2828 "https://villa.info" "Mozilla/5.0 (Windows NT 10.0; Win64; x64) AppleWebKit/537.36 (KHTML, like Gecko) Chrome/90.0.4430.85 Safari/537.36" "64.63.27.254"
192.168.0.2 - - [05/Dec/2024:22:58:51 +0000] "GET /api/v1/data HTTP/1.1" 200 4595 "https://hess.com" "Mozilla/5.0 (Windows NT 10.0; Win64; x64) AppleWebKit/537.36 (KHTML, like Gecko) Chrome/89.0.4389.82 Safari/537.36" "210.48.103.254"
192.168.0.2 - - [02/Dec/2024:22:58:51 +0000] "GET /api/v1/data HTTP/1.1" 404 3901 "https://clark.com" "Mozilla/5.0 (Windows NT 10.0; Win64; x64) AppleWebKit/537.36 (KHTML, like Gecko) Chrome/89.0.4389.82 Safari/537.36" "184.213.212.31"
192.168.0.3 - - [13/Nov/2024:22:58:51 +0000] "GET /api/v1/user HTTP/1.1" 301 1547 "https://clark.info" "Mozilla/5.0 (Windows NT 6.1; WOW64; rv:33.0) Gecko/20100101 Firefox/33.0" "94.53.73.126"
192.168.0.1 - - [29/Nov/2024:22:58:51 +0000] "GET /api/v1/status HTTP/1.1" 404 374 "https://durham.com" "Mozilla/5.0 (Windows NT 10.0; Win64; x64) AppleWebKit/537.36 (KHTML, like Gecko) Chrome/90.0.4430.85 Safari/537.36" "41.217.19.77"
192.168.0.2 - - [14/Nov/2024:22:58:51 +0000] "GET /api/v1/status HTTP/1.1" 400 2783 "https://bell.net" "Mozilla/5.0 (Windows NT 10.0; Win64; x64) AppleWebKit/537.36 (KHTML, like Gecko) Chrome/90.0.4430.85 Safari/537.36" "120.253.4.172"
192.168.0.3 - - [05/Dec/2024:22:58:51 +0000] "GET /api/v1/login HTTP/1.1" 404 4214 "https://rivera.biz" "Mozilla/5.0 (Windows NT 10.0; Win64; x64) AppleWebKit/537.36 (KHTML, like Gecko) Chrome/90.0.4430.85 Safari/537.36" "25.143.53.4"
192.168.0.3 - - [10/Nov/2024:22:58:51 +0000] "GET /api/v1/data HTTP/1.1" 500 751 "https://ballard.info" "Mozilla/5.0 (Windows NT 10.0; Win64; x64) AppleWebKit/537.36 (KHTML, like Gecko) Chrome/89.0.4389.82 Safari/537.36" "214.209.195.245"
192.168.0.2 - - [02/Dec/2024:22:58:51 +0000] "GET /api/v1/resource HTTP/1.1" 404 499 "https://walters.com" "Mozilla/5.0 (Windows NT 10.0; Win64; x64) AppleWebKit/537.36 (KHTML, like Gecko) Chrome/89.0.4389.82 Safari/537.36" "202.168.115.150"
192.168.0.3 - - [18/Nov/2024:22:58:51 +0000] "GET /api/v1/status HTTP/1.1" 500 1342 "https://cox.org" "Mozilla/5.0 (Windows NT 10.0; Win64; x64) AppleWebKit/537.36 (KHTML, like Gecko) Chrome/90.0.4430.85 Safari/537.36" "124.207.86.212"
192.168.0.2 - - [13/Nov/2024:22:58:51 +0000] "GET /api/v1/resource HTTP/1.1" 500 4710 "https://ray-mills.com" "Mozilla/5.0 (Windows NT 10.0; Win64; x64) AppleWebKit/537.36 (KHTML, like Gecko) Chrome/89.0.4389.82 Safari/537.36" "133.49.167.222"
192.168.0.2 - - [21/Nov/2024:22:58:51 +0000] "GET /api/v1/resource HTTP/1.1" 500 3407 "https://fisher.com" "Mozilla/5.0 (Windows NT 6.1; WOW64; rv:33.0) Gecko/20100101 Firefox/33.0" "28.68.8.118"
192.168.0.2 - - [02/Dec/2024:22:58:51 +0000] "GET /api/v1/login HTTP/1.1" 400 4573 "https://walter.com" "Mozilla/5.0 (Windows NT 10.0; Win64; x64) AppleWebKit/537.36 (KHTML, like Gecko) Chrome/89.0.4389.82 Safari/537.36" "190.116.111.117"
192.168.0.1 - - [13/Nov/2024:22:58:51 +0000] "GET /api/v1/resource HTTP/1.1" 400 2527 "https://greene-sanders.com" "Mozilla/5.0 (Windows NT 10.0; Win64; x64) AppleWebKit/537.36 (KHTML, like Gecko) Chrome/90.0.4430.85 Safari/537.36" "72.219.185.211"
192.168.0.3 - - [06/Dec/2024:22:58:51 +0000] "GET /api/v1/data HTTP/1.1" 404 2522 "https://medina.org" "Mozilla/5.0 (Windows NT 10.0; Win64; x64) AppleWebKit/537.36 (KHTML, like Gecko) Chrome/89.0.4389.82 Safari/537.36" "170.25.21.145"
192.168.0.1 - - [17/Nov/2024:22:58:51 +0000] "GET /api/v1/data HTTP/1.1" 400 4618 "https://smith-bryant.com" "Mozilla/5.0 (Windows NT 10.0; Win64; x64) AppleWebKit/537.36 (KHTML, like Gecko) Chrome/89.0.4389.82 Safari/537.36" "211.180.228.11"
192.168.0.2 - - [19/Nov/2024:22:58:51 +0000] "GET /api/v1/resource HTTP/1.1" 401 3467 "https://shannon.com" "Mozilla/5.0 (Windows NT 10.0; Win64; x64) AppleWebKit/537.36 (KHTML, like Gecko) Chrome/90.0.4430.85 Safari/537.36" "26.132.22.250"
192.168.0.1 - - [26/Nov/2024:22:58:51 +0000] "GET /api/v1/user HTTP/1.1" 404 3003 "https://lawrence.info" "Mozilla/5.0 (Windows NT 10.0; Win64; x64) AppleWebKit/537.36 (KHTML, like Gecko) Chrome/90.0.4430.85 Safari/537.36" "29.233.116.236"
192.168.0.3 - - [29/Nov/2024:22:58:51 +0000] "GET /api/v1/user HTTP/1.1" 301 4700 "https://hensley.com" "Mozilla/5.0 (Windows NT 10.0; Win64; x64) AppleWebKit/537.36 (KHTML, like Gecko) Chrome/89.0.4389.82 Safari/537.36" "9.28.35.210"
192.168.0.2 - - [17/Nov/2024:22:58:51 +0000] "GET /api/v1/data HTTP/1.1" 401 1823 "https://jackson-bender.com" "Mozilla/5.0 (Windows NT 6.1; WOW64; rv:33.0) Gecko/20100101 Firefox/33.0" "158.241.199.157"
192.168.0.3 - - [07/Dec/2024:22:58:51 +0000] "GET /api/v1/user HTTP/1.1" 401 360 "https://morton.com" "Mozilla/5.0 (Windows NT 10.0; Win64; x64) AppleWebKit/537.36 (KHTML, like Gecko) Chrome/89.0.4389.82 Safari/537.36" "151.34.90.141"
192.168.0.2 - - [03/Dec/2024:22:58:51 +0000] "GET /api/v1/resource HTTP/1.1" 301 4417 "https://vargas-fisher.com" "Mozilla/5.0 (Windows NT 10.0; Win64; x64) AppleWebKit/537.36 (KHTML, like Gecko) Chrome/90.0.4430.85 Safari/537.36" "154.41.212.66"
192.168.0.1 - - [14/Nov/2024:22:58:51 +0000] "GET /api/v1/data HTTP/1.1" 200 1540 "https://guzman.com" "Mozilla/5.0 (Windows NT 6.1; WOW64; rv:33.0) Gecko/20100101 Firefox/33.0" "70.45.192.177"
192.168.0.3 - - [04/Dec/2024:22:58:51 +0000] "GET /api/v1/data HTTP/1.1" 301 118 "https://peters-delgado.com" "Mozilla/5.0 (Windows NT 10.0; Win64; x64) AppleWebKit/537.36 (KHTML, like Gecko) Chrome/90.0.4430.85 Safari/537.36" "204.116.96.226"
192.168.0.3 - - [19/Nov/2024:22:58:51 +0000] "GET /api/v1/login HTTP/1.1" 400 4641 "https://cruz-hernandez.com" "Mozilla/5.0 (Windows NT 6.1; WOW64; rv:33.0) Gecko/20100101 Firefox/33.0" "112.49.72.158"
192.168.0.1 - - [15/Nov/2024:22:58:51 +0000] "GET /api/v1/status HTTP/1.1" 400 2736 "https://cox.net" "Mozilla/5.0 (Windows NT 10.0; Win64; x64) AppleWebKit/537.36 (KHTML, like Gecko) Chrome/89.0.4389.82 Safari/537.36" "152.40.95.164"
192.168.0.2 - - [16/Nov/2024:22:58:51 +0000] "GET /api/v1/user HTTP/1.1" 401 914 "https://mclaughlin.biz" "Mozilla/5.0 (Windows NT 6.1; WOW64; rv:33.0) Gecko/20100101 Firefox/33.0" "211.97.35.129"
192.168.0.1 - - [18/Nov/2024:22:58:51 +0000] "GET /api/v1/data HTTP/1.1" 400 1260 "https://mckinney.net" "Mozilla/5.0 (Windows NT 10.0; Win64; x64) AppleWebKit/537.36 (KHTML, like Gecko) Chrome/89.0.4389.82 Safari/537.36" "44.75.223.134"
192.168.0.3 - - [06/Dec/2024:22:58:51 +0000] "GET /api/v1/resource HTTP/1.1" 301 2930 "https://holland.com" "Mozilla/5.0 (Windows NT 10.0; Win64; x64) AppleWebKit/537.36 (KHTML, like Gecko) Chrome/89.0.4389.82 Safari/537.36" "195.58.41.124"
192.168.0.1 - - [14/Nov/2024:22:58:51 +0000] "GET /api/v1/status HTTP/1.1" 401 405 "https://moore.com" "Mozilla/5.0 (Windows NT 6.1; WOW64; rv:33.0) Gecko/20100101 Firefox/33.0" "62.26.201.183"
192.168.0.1 - - [08/Dec/2024:22:58:51 +0000] "GET /api/v1/status HTTP/1.1" 400 584 "https://price.org" "Mozilla/5.0 (Windows NT 10.0; Win64; x64) AppleWebKit/537.36 (KHTML, like Gecko) Chrome/89.0.4389.82 Safari/537.36" "123.124.98.168"
192.168.0.1 - - [22/Nov/2024:22:58:51 +0000] "GET /api/v1/data HTTP/1.1" 200 217 "https://erickson.com" "Mozilla/5.0 (Windows NT 10.0; Win64; x64) AppleWebKit/537.36 (KHTML, like Gecko) Chrome/89.0.4389.82 Safari/537.36" "150.62.243.153"
192.168.0.3 - - [05/Dec/2024:22:58:51 +0000] "GET /api/v1/status HTTP/1.1" 200 615 "https://davis.info" "Mozilla/5.0 (Windows NT 10.0; Win64; x64) AppleWebKit/537.36 (KHTML, like Gecko) Chrome/89.0.4389.82 Safari/537.36" "60.153.34.234"
192.168.0.3 - - [28/Nov/2024:22:58:51 +0000] "GET /api/v1/status HTTP/1.1" 500 4339 "https://davis.biz" "Mozilla/5.0 (Windows NT 10.0; Win64; x64) AppleWebKit/537.36 (KHTML, like Gecko) Chrome/90.0.4430.85 Safari/537.36" "15.87.24.110"
192.168.0.2 - - [27/Nov/2024:22:58:51 +0000] "GET /api/v1/data HTTP/1.1" 200 4661 "https://guerrero.net" "Mozilla/5.0 (Windows NT 10.0; Win64; x64) AppleWebKit/537.36 (KHTML, like Gecko) Chrome/90.0.4430.85 Safari/537.36" "80.245.222.170"
192.168.0.2 - - [13/Nov/2024:22:58:51 +0000] "GET /api/v1/user HTTP/1.1" 401 3392 "https://key.com" "Mozilla/5.0 (Windows NT 6.1; WOW64; rv:33.0) Gecko/20100101 Firefox/33.0" "120.107.225.0"
192.168.0.1 - - [28/Nov/2024:22:58:51 +0000] "GET /api/v1/status HTTP/1.1" 400 1399 "https://maldonado-pena.com" "Mozilla/5.0 (Windows NT 10.0; Win64; x64) AppleWebKit/537.36 (KHTML, like Gecko) Chrome/89.0.4389.82 Safari/537.36" "90.2.125.76"
192.168.0.2 - - [03/Dec/2024:22:58:51 +0000] "GET /api/v1/data HTTP/1.1" 401 803 "https://reeves-bailey.com" "Mozilla/5.0 (Windows NT 6.1; WOW64; rv:33.0) Gecko/20100101 Firefox/33.0" "17.78.78.179"
192.168.0.2 - - [10/Nov/2024:22:58:51 +0000] "GET /api/v1/data HTTP/1.1" 404 3764 "https://davis-scott.org" "Mozilla/5.0 (Windows NT 10.0; Win64; x64) AppleWebKit/537.36 (KHTML, like Gecko) Chrome/90.0.4430.85 Safari/537.36" "180.63.5.111"
192.168.0.1 - - [06/Dec/2024:22:58:51 +0000] "GET /api/v1/status HTTP/1.1" 301 3212 "https://gray.com" "Mozilla/5.0 (Windows NT 10.0; Win64; x64) AppleWebKit/537.36 (KHTML, like Gecko) Chrome/90.0.4430.85 Safari/537.36" "148.83.6.12"
192.168.0.3 - - [03/Dec/2024:22:58:51 +0000] "GET /api/v1/status HTTP/1.1" 400 4463 "https://meyer.net" "Mozilla/5.0 (Windows NT 6.1; WOW64; rv:33.0) Gecko/20100101 Firefox/33.0" "142.202.241.152"
192.168.0.1 - - [30/Nov/2024:22:58:51 +0000] "GET /api/v1/resource HTTP/1.1" 401 2381 "https://vasquez.biz" "Mozilla/5.0 (Windows NT 10.0; Win64; x64) AppleWebKit/537.36 (KHTML, like Gecko) Chrome/89.0.4389.82 Safari/537.36" "113.202.74.211"
192.168.0.2 - - [13/Nov/2024:22:58:51 +0000] "GET /api/v1/status HTTP/1.1" 404 3474 "https://graham-johnson.com" "Mozilla/5.0 (Windows NT 10.0; Win64; x64) AppleWebKit/537.36 (KHTML, like Gecko) Chrome/89.0.4389.82 Safari/537.36" "83.153.72.45"
192.168.0.2 - - [21/Nov/2024:22:58:51 +0000] "GET /api/v1/status HTTP/1.1" 404 510 "https://harris-bentley.com" "Mozilla/5.0 (Windows NT 10.0; Win64; x64) AppleWebKit/537.36 (KHTML, like Gecko) Chrome/89.0.4389.82 Safari/537.36" "20.156.218.201"
192.168.0.1 - - [14/Nov/2024:22:58:51 +0000] "GET /api/v1/login HTTP/1.1" 200 184 "https://parker-rogers.com" "Mozilla/5.0 (Windows NT 6.1; WOW64; rv:33.0) Gecko/20100101 Firefox/33.0" "123.183.196.129"
192.168.0.1 - - [29/Nov/2024:22:58:51 +0000] "GET /api/v1/user HTTP/1.1" 400 1213 "https://gonzalez.com" "Mozilla/5.0 (Windows NT 6.1; WOW64; rv:33.0) Gecko/20100101 Firefox/33.0" "169.219.75.139"
192.168.0.2 - - [13/Nov/2024:22:58:51 +0000] "GET /api/v1/data HTTP/1.1" 200 821 "https://hopkins.com" "Mozilla/5.0 (Windows NT 10.0; Win64; x64) AppleWebKit/537.36 (KHTML, like Gecko) Chrome/90.0.4430.85 Safari/537.36" "40.92.157.147"
192.168.0.2 - - [17/Nov/2024:22:58:51 +0000] "GET /api/v1/user HTTP/1.1" 401 2707 "https://fields-reynolds.net" "Mozilla/5.0 (Windows NT 10.0; Win64; x64) AppleWebKit/537.36 (KHTML, like Gecko) Chrome/90.0.4430.85 Safari/537.36" "152.184.114.226"
192.168.0.1 - - [29/Nov/2024:22:58:51 +0000] "GET /api/v1/user HTTP/1.1" 200 2520 "https://nash-clark.com" "Mozilla/5.0 (Windows NT 10.0; Win64; x64) AppleWebKit/537.36 (KHTML, like Gecko) Chrome/89.0.4389.82 Safari/537.36" "56.146.222.23"
192.168.0.2 - - [30/Nov/2024:22:58:51 +0000] "GET /api/v1/status HTTP/1.1" 401 2933 "https://yoder-silva.org" "Mozilla/5.0 (Windows NT 10.0; Win64; x64) AppleWebKit/537.36 (KHTML, like Gecko) Chrome/89.0.4389.82 Safari/537.36" "81.157.117.232"
192.168.0.1 - - [25/Nov/2024:22:58:51 +0000] "GET /api/v1/user HTTP/1.1" 301 703 "https://allen.com" "Mozilla/5.0 (Windows NT 10.0; Win64; x64) AppleWebKit/537.36 (KHTML, like Gecko) Chrome/89.0.4389.82 Safari/537.36" "41.23.150.39"
192.168.0.2 - - [01/Dec/2024:22:58:51 +0000] "GET /api/v1/resource HTTP/1.1" 404 4652 "https://wilson.net" "Mozilla/5.0 (Windows NT 10.0; Win64; x64) AppleWebKit/537.36 (KHTML, like Gecko) Chrome/90.0.4430.85 Safari/537.36" "135.12.86.217"
192.168.0.2 - - [09/Nov/2024:22:58:51 +0000] "GET /api/v1/login HTTP/1.1" 200 1609 "https://garcia.com" "Mozilla/5.0 (Windows NT 6.1; WOW64; rv:33.0) Gecko/20100101 Firefox/33.0" "87.17.210.26"
192.168.0.1 - - [09/Nov/2024:22:58:51 +0000] "GET /api/v1/login HTTP/1.1" 301 4812 "https://banks.com" "Mozilla/5.0 (Windows NT 10.0; Win64; x64) AppleWebKit/537.36 (KHTML, like Gecko) Chrome/89.0.4389.82 Safari/537.36" "149.200.80.67"
192.168.0.2 - - [19/Nov/2024:22:58:51 +0000] "GET /api/v1/login HTTP/1.1" 400 327 "https://holmes-martinez.com" "Mozilla/5.0 (Windows NT 6.1; WOW64; rv:33.0) Gecko/20100101 Firefox/33.0" "152.163.234.245"
192.168.0.3 - - [21/Nov/2024:22:58:51 +0000] "GET /api/v1/status HTTP/1.1" 200 1735 "https://wallace.com" "Mozilla/5.0 (Windows NT 10.0; Win64; x64) AppleWebKit/537.36 (KHTML, like Gecko) Chrome/90.0.4430.85 Safari/537.36" "59.55.64.104"
192.168.0.2 - - [02/Dec/2024:22:58:51 +0000] "GET /api/v1/login HTTP/1.1" 401 2680 "https://rodriguez-rodriguez.info" "Mozilla/5.0 (Windows NT 10.0; Win64; x64) AppleWebKit/537.36 (KHTML, like Gecko) Chrome/90.0.4430.85 Safari/537.36" "75.212.235.70"
192.168.0.2 - - [01/Dec/2024:22:58:51 +0000] "GET /api/v1/data HTTP/1.1" 200 2355 "https://schmidt.net" "Mozilla/5.0 (Windows NT 10.0; Win64; x64) AppleWebKit/537.36 (KHTML, like Gecko) Chrome/90.0.4430.85 Safari/537.36" "158.63.241.108"
192.168.0.1 - - [01/Dec/2024:22:58:51 +0000] "GET /api/v1/login HTTP/1.1" 301 4496 "https://blankenship.com" "Mozilla/5.0 (Windows NT 10.0; Win64; x64) AppleWebKit/537.36 (KHTML, like Gecko) Chrome/89.0.4389.82 Safari/537.36" "154.159.50.150"
192.168.0.1 - - [18/Nov/2024:22:58:51 +0000] "GET /api/v1/status HTTP/1.1" 500 2103 "https://king-howard.com" "Mozilla/5.0 (Windows NT 6.1; WOW64; rv:33.0) Gecko/20100101 Firefox/33.0" "32.7.56.5"
192.168.0.1 - - [04/Dec/2024:22:58:51 +0000] "GET /api/v1/data HTTP/1.1" 400 730 "https://anderson.com" "Mozilla/5.0 (Windows NT 10.0; Win64; x64) AppleWebKit/537.36 (KHTML, like Gecko) Chrome/89.0.4389.82 Safari/537.36" "107.187.70.97"
192.168.0.2 - - [20/Nov/2024:22:58:51 +0000] "GET /api/v1/resource HTTP/1.1" 400 2550 "https://watts.com" "Mozilla/5.0 (Windows NT 6.1; WOW64; rv:33.0) Gecko/20100101 Firefox/33.0" "17.230.60.190"
192.168.0.2 - - [14/Nov/2024:22:58:51 +0000] "GET /api/v1/data HTTP/1.1" 301 1810 "https://gray.com" "Mozilla/5.0 (Windows NT 10.0; Win64; x64) AppleWebKit/537.36 (KHTML, like Gecko) Chrome/89.0.4389.82 Safari/537.36" "223.169.221.119"
192.168.0.1 - - [14/Nov/2024:22:58:51 +0000] "GET /api/v1/status HTTP/1.1" 301 4237 "https://snyder-moore.com" "Mozilla/5.0 (Windows NT 10.0; Win64; x64) AppleWebKit/537.36 (KHTML, like Gecko) Chrome/90.0.4430.85 Safari/537.36" "190.74.124.21"
192.168.0.3 - - [17/Nov/2024:22:58:51 +0000] "GET /api/v1/resource HTTP/1.1" 301 4066 "https://yates.com" "Mozilla/5.0 (Windows NT 10.0; Win64; x64) AppleWebKit/537.36 (KHTML, like Gecko) Chrome/90.0.4430.85 Safari/537.36" "108.170.206.84"
192.168.0.2 - - [09/Nov/2024:22:58:51 +0000] "GET /api/v1/login HTTP/1.1" 401 4520 "https://crawford.com" "Mozilla/5.0 (Windows NT 10.0; Win64; x64) AppleWebKit/537.36 (KHTML, like Gecko) Chrome/90.0.4430.85 Safari/537.36" "205.63.201.216"
192.168.0.2 - - [01/Dec/2024:22:58:51 +0000] "GET /api/v1/user HTTP/1.1" 200 4009 "https://boone-kennedy.com" "Mozilla/5.0 (Windows NT 6.1; WOW64; rv:33.0) Gecko/20100101 Firefox/33.0" "131.100.14.214"
192.168.0.3 - - [04/Dec/2024:22:58:51 +0000] "GET /api/v1/data HTTP/1.1" 301 3207 "https://smith.biz" "Mozilla/5.0 (Windows NT 10.0; Win64; x64) AppleWebKit/537.36 (KHTML, like Gecko) Chrome/90.0.4430.85 Safari/537.36" "44.168.58.117"
192.168.0.2 - - [15/Nov/2024:22:58:51 +0000] "GET /api/v1/user HTTP/1.1" 301 125 "https://huber.com" "Mozilla/5.0 (Windows NT 10.0; Win64; x64) AppleWebKit/537.36 (KHTML, like Gecko) Chrome/90.0.4430.85 Safari/537.36" "99.28.119.105"
192.168.0.3 - - [28/Nov/2024:22:58:51 +0000] "GET /api/v1/user HTTP/1.1" 400 2669 "https://sanchez.net" "Mozilla/5.0 (Windows NT 6.1; WOW64; rv:33.0) Gecko/20100101 Firefox/33.0" "68.54.27.77"
