192.168.0.3 - - [22/Nov/2024:22:58:50 +0000] "GET /api/v1/status HTTP/1.1" 400 798 "https://graham.com" "Mozilla/5.0 (Windows NT 10.0; Win64; x64) AppleWebKit/537.36 (KHTML, like Gecko) Chrome/89.0.4389.82 Safari/537.36" "211.167.230.131"
192.168.0.3 - - [19/Nov/2024:22:58:50 +0000] "GET /api/v1/login HTTP/1.1" 301 3388 "https://graves.com" "Mozilla/5.0 (Windows NT 6.1; WOW64; rv:33.0) Gecko/20100101 Firefox/33.0" "221.225.215.163"
192.168.0.1 - - [18/Nov/2024:22:58:50 +0000] "GET /api/v1/user HTTP/1.1" 400 2613 "https://johnson-keller.com" "Mozilla/5.0 (Windows NT 6.1; WOW64; rv:33.0) Gecko/20100101 Firefox/33.0" "136.160.164.113"
192.168.0.1 - - [05/Dec/2024:22:58:50 +0000] "GET /api/v1/status HTTP/1.1" 301 3780 "https://king-lopez.com" "Mozilla/5.0 (Windows NT 10.0; Win64; x64) AppleWebKit/537.36 (KHTML, like Gecko) Chrome/90.0.4430.85 Safari/537.36" "122.47.85.238"
192.168.0.1 - - [10/Nov/2024:22:58:50 +0000] "GET /api/v1/data HTTP/1.1" 400 976 "https://mosley.org" "Mozilla/5.0 (Windows NT 6.1; WOW64; rv:33.0) Gecko/20100101 Firefox/33.0" "55.159.223.102"
192.168.0.3 - - [08/Dec/2024:22:58:50 +0000] "GET /api/v1/status HTTP/1.1" 400 2237 "https://ross-jackson.com" "Mozilla/5.0 (Windows NT 10.0; Win64; x64) AppleWebKit/537.36 (KHTML, like Gecko) Chrome/89.0.4389.82 Safari/537.36" "157.107.122.139"
192.168.0.2 - - [15/Nov/2024:22:58:50 +0000] "GET /api/v1/user HTTP/1.1" 200 3366 "https://hernandez.com" "Mozilla/5.0 (Windows NT 6.1; WOW64; rv:33.0) Gecko/20100101 Firefox/33.0" "101.95.196.129"
192.168.0.3 - - [27/Nov/2024:22:58:50 +0000] "GET /api/v1/resource HTTP/1.1" 401 4498 "https://mason.com" "Mozilla/5.0 (Windows NT 6.1; WOW64; rv:33.0) Gecko/20100101 Firefox/33.0" "50.83.247.130"
192.168.0.3 - - [21/Nov/2024:22:58:50 +0000] "GET /api/v1/resource HTTP/1.1" 400 4259 "https://mitchell-brown.net" "Mozilla/5.0 (Windows NT 6.1; WOW64; rv:33.0) Gecko/20100101 Firefox/33.0" "214.5.139.78"
192.168.0.2 - - [24/Nov/2024:22:58:50 +0000] "GET /api/v1/status HTTP/1.1" 401 4846 "https://lee.com" "Mozilla/5.0 (Windows NT 10.0; Win64; x64) AppleWebKit/537.36 (KHTML, like Gecko) Chrome/90.0.4430.85 Safari/537.36" "140.0.49.71"
192.168.0.3 - - [19/Nov/2024:22:58:50 +0000] "GET /api/v1/status HTTP/1.1" 301 1015 "https://perry.org" "Mozilla/5.0 (Windows NT 10.0; Win64; x64) AppleWebKit/537.36 (KHTML, like Gecko) Chrome/89.0.4389.82 Safari/537.36" "215.243.176.81"
192.168.0.3 - - [09/Nov/2024:22:58:50 +0000] "GET /api/v1/login HTTP/1.1" 404 1173 "https://shields-harrison.com" "Mozilla/5.0 (Windows NT 6.1; WOW64; rv:33.0) Gecko/20100101 Firefox/33.0" "179.139.117.148"
192.168.0.3 - - [09/Nov/2024:22:58:50 +0000] "GET /api/v1/resource HTTP/1.1" 400 185 "https://wheeler.org" "Mozilla/5.0 (Windows NT 10.0; Win64; x64) AppleWebKit/537.36 (KHTML, like Gecko) Chrome/90.0.4430.85 Safari/537.36" "115.157.184.28"
192.168.0.3 - - [10/Nov/2024:22:58:50 +0000] "GET /api/v1/user HTTP/1.1" 200 4040 "https://johnson.com" "Mozilla/5.0 (Windows NT 6.1; WOW64; rv:33.0) Gecko/20100101 Firefox/33.0" "119.12.40.0"
192.168.0.3 - - [25/Nov/2024:22:58:50 +0000] "GET /api/v1/status HTTP/1.1" 404 1685 "https://clark.com" "Mozilla/5.0 (Windows NT 10.0; Win64; x64) AppleWebKit/537.36 (KHTML, like Gecko) Chrome/89.0.4389.82 Safari/537.36" "91.136.103.97"
192.168.0.2 - - [29/Nov/2024:22:58:50 +0000] "GET /api/v1/data HTTP/1.1" 301 1763 "https://duncan-greene.com" "Mozilla/5.0 (Windows NT 10.0; Win64; x64) AppleWebKit/537.36 (KHTML, like Gecko) Chrome/90.0.4430.85 Safari/537.36" "22.52.165.87"
192.168.0.1 - - [23/Nov/2024:22:58:50 +0000] "GET /api/v1/status HTTP/1.1" 400 4741 "https://dawson.com" "Mozilla/5.0 (Windows NT 10.0; Win64; x64) AppleWebKit/537.36 (KHTML, like Gecko) Chrome/89.0.4389.82 Safari/537.36" "170.240.29.106"
192.168.0.1 - - [03/Dec/2024:22:58:50 +0000] "GET /api/v1/data HTTP/1.1" 500 843 "https://macdonald-myers.com" "Mozilla/5.0 (Windows NT 10.0; Win64; x64) AppleWebKit/537.36 (KHTML, like Gecko) Chrome/89.0.4389.82 Safari/537.36" "62.247.131.101"
192.168.0.2 - - [03/Dec/2024:22:58:50 +0000] "GET /api/v1/status HTTP/1.1" 301 1547 "https://anderson.com" "Mozilla/5.0 (Windows NT 6.1; WOW64; rv:33.0) Gecko/20100101 Firefox/33.0" "179.16.162.170"
192.168.0.2 - - [24/Nov/2024:22:58:50 +0000] "GET /api/v1/login HTTP/1.1" 500 3569 "https://gould.net" "Mozilla/5.0 (Windows NT 10.0; Win64; x64) AppleWebKit/537.36 (KHTML, like Gecko) Chrome/90.0.4430.85 Safari/537.36" "167.211.99.64"
192.168.0.3 - - [06/Dec/2024:22:58:50 +0000] "GET /api/v1/login HTTP/1.1" 400 4807 "https://howard-bird.com" "Mozilla/5.0 (Windows NT 10.0; Win64; x64) AppleWebKit/537.36 (KHTML, like Gecko) Chrome/90.0.4430.85 Safari/537.36" "116.215.136.40"
192.168.0.3 - - [06/Dec/2024:22:58:50 +0000] "GET /api/v1/status HTTP/1.1" 500 2081 "https://wallace.com" "Mozilla/5.0 (Windows NT 10.0; Win64; x64) AppleWebKit/537.36 (KHTML, like Gecko) Chrome/89.0.4389.82 Safari/537.36" "57.199.16.211"
192.168.0.1 - - [23/Nov/2024:22:58:50 +0000] "GET /api/v1/user HTTP/1.1" 301 530 "https://church-mccoy.com" "Mozilla/5.0 (Windows NT 6.1; WOW64; rv:33.0) Gecko/20100101 Firefox/33.0" "6.21.147.85"
192.168.0.3 - - [25/Nov/2024:22:58:50 +0000] "GET /api/v1/user HTTP/1.1" 200 3045 "https://norris.info" "Mozilla/5.0 (Windows NT 10.0; Win64; x64) AppleWebKit/537.36 (KHTML, like Gecko) Chrome/90.0.4430.85 Safari/537.36" "81.251.108.208"
192.168.0.1 - - [12/Nov/2024:22:58:50 +0000] "GET /api/v1/status HTTP/1.1" 200 2018 "https://butler-wright.com" "Mozilla/5.0 (Windows NT 6.1; WOW64; rv:33.0) Gecko/20100101 Firefox/33.0" "1.235.193.67"
192.168.0.1 - - [23/Nov/2024:22:58:50 +0000] "GET /api/v1/status HTTP/1.1" 200 1478 "https://wells.com" "Mozilla/5.0 (Windows NT 10.0; Win64; x64) AppleWebKit/537.36 (KHTML, like Gecko) Chrome/89.0.4389.82 Safari/537.36" "113.71.87.65"
192.168.0.2 - - [23/Nov/2024:22:58:50 +0000] "GET /api/v1/user HTTP/1.1" 400 2609 "https://dougherty.com" "Mozilla/5.0 (Windows NT 10.0; Win64; x64) AppleWebKit/537.36 (KHTML, like Gecko) Chrome/89.0.4389.82 Safari/537.36" "97.125.26.15"
192.168.0.1 - - [12/Nov/2024:22:58:50 +0000] "GET /api/v1/login HTTP/1.1" 404 2025 "https://cherry.com" "Mozilla/5.0 (Windows NT 10.0; Win64; x64) AppleWebKit/537.36 (KHTML, like Gecko) Chrome/90.0.4430.85 Safari/537.36" "14.170.176.242"
192.168.0.3 - - [19/Nov/2024:22:58:50 +0000] "GET /api/v1/status HTTP/1.1" 401 1913 "https://boone-williams.info" "Mozilla/5.0 (Windows NT 6.1; WOW64; rv:33.0) Gecko/20100101 Firefox/33.0" "121.178.18.201"
192.168.0.3 - - [21/Nov/2024:22:58:50 +0000] "GET /api/v1/resource HTTP/1.1" 400 659 "https://stewart-allen.net" "Mozilla/5.0 (Windows NT 6.1; WOW64; rv:33.0) Gecko/20100101 Firefox/33.0" "180.221.81.77"
192.168.0.2 - - [03/Dec/2024:22:58:50 +0000] "GET /api/v1/data HTTP/1.1" 404 2770 "https://blair-harris.biz" "Mozilla/5.0 (Windows NT 6.1; WOW64; rv:33.0) Gecko/20100101 Firefox/33.0" "167.29.201.224"
192.168.0.2 - - [22/Nov/2024:22:58:50 +0000] "GET /api/v1/login HTTP/1.1" 400 2145 "https://turner.com" "Mozilla/5.0 (Windows NT 10.0; Win64; x64) AppleWebKit/537.36 (KHTML, like Gecko) Chrome/90.0.4430.85 Safari/537.36" "6.171.78.137"
192.168.0.2 - - [16/Nov/2024:22:58:50 +0000] "GET /api/v1/user HTTP/1.1" 500 407 "https://zhang-aguilar.com" "Mozilla/5.0 (Windows NT 6.1; WOW64; rv:33.0) Gecko/20100101 Firefox/33.0" "76.221.232.38"
192.168.0.3 - - [11/Nov/2024:22:58:50 +0000] "GET /api/v1/user HTTP/1.1" 404 3208 "https://huff.net" "Mozilla/5.0 (Windows NT 10.0; Win64; x64) AppleWebKit/537.36 (KHTML, like Gecko) Chrome/90.0.4430.85 Safari/537.36" "8.90.147.137"
192.168.0.3 - - [27/Nov/2024:22:58:50 +0000] "GET /api/v1/user HTTP/1.1" 400 2361 "https://diaz.com" "Mozilla/5.0 (Windows NT 10.0; Win64; x64) AppleWebKit/537.36 (KHTML, like Gecko) Chrome/89.0.4389.82 Safari/537.36" "163.175.112.215"
192.168.0.1 - - [19/Nov/2024:22:58:50 +0000] "GET /api/v1/data HTTP/1.1" 404 1599 "https://stewart.com" "Mozilla/5.0 (Windows NT 10.0; Win64; x64) AppleWebKit/537.36 (KHTML, like Gecko) Chrome/90.0.4430.85 Safari/537.36" "29.176.82.206"
192.168.0.3 - - [25/Nov/2024:22:58:50 +0000] "GET /api/v1/resource HTTP/1.1" 200 888 "https://willis.info" "Mozilla/5.0 (Windows NT 6.1; WOW64; rv:33.0) Gecko/20100101 Firefox/33.0" "25.128.164.212"
192.168.0.2 - - [10/Nov/2024:22:58:50 +0000] "GET /api/v1/resource HTTP/1.1" 404 2028 "https://silva-kelly.info" "Mozilla/5.0 (Windows NT 10.0; Win64; x64) AppleWebKit/537.36 (KHTML, like Gecko) Chrome/90.0.4430.85 Safari/537.36" "125.247.44.154"
192.168.0.2 - - [26/Nov/2024:22:58:50 +0000] "GET /api/v1/data HTTP/1.1" 401 610 "https://larson.info" "Mozilla/5.0 (Windows NT 6.1; WOW64; rv:33.0) Gecko/20100101 Firefox/33.0" "158.130.154.229"
192.168.0.3 - - [13/Nov/2024:22:58:50 +0000] "GET /api/v1/user HTTP/1.1" 401 2103 "https://gibson.com" "Mozilla/5.0 (Windows NT 10.0; Win64; x64) AppleWebKit/537.36 (KHTML, like Gecko) Chrome/89.0.4389.82 Safari/537.36" "194.90.181.29"
192.168.0.1 - - [29/Nov/2024:22:58:50 +0000] "GET /api/v1/login HTTP/1.1" 404 3615 "https://white.com" "Mozilla/5.0 (Windows NT 10.0; Win64; x64) AppleWebKit/537.36 (KHTML, like Gecko) Chrome/89.0.4389.82 Safari/537.36" "18.228.70.101"
192.168.0.1 - - [27/Nov/2024:22:58:50 +0000] "GET /api/v1/status HTTP/1.1" 400 2147 "https://zuniga-brown.info" "Mozilla/5.0 (Windows NT 6.1; WOW64; rv:33.0) Gecko/20100101 Firefox/33.0" "208.44.127.126"
192.168.0.2 - - [08/Dec/2024:22:58:50 +0000] "GET /api/v1/status HTTP/1.1" 301 4273 "https://anderson.biz" "Mozilla/5.0 (Windows NT 10.0; Win64; x64) AppleWebKit/537.36 (KHTML, like Gecko) Chrome/90.0.4430.85 Safari/537.36" "27.162.145.144"
192.168.0.2 - - [27/Nov/2024:22:58:50 +0000] "GET /api/v1/data HTTP/1.1" 500 4557 "https://spencer-salazar.com" "Mozilla/5.0 (Windows NT 6.1; WOW64; rv:33.0) Gecko/20100101 Firefox/33.0" "193.172.49.52"
192.168.0.1 - - [14/Nov/2024:22:58:50 +0000] "GET /api/v1/user HTTP/1.1" 200 581 "https://kelley.net" "Mozilla/5.0 (Windows NT 10.0; Win64; x64) AppleWebKit/537.36 (KHTML, like Gecko) Chrome/89.0.4389.82 Safari/537.36" "113.194.5.160"
192.168.0.3 - - [05/Dec/2024:22:58:50 +0000] "GET /api/v1/status HTTP/1.1" 400 3590 "https://cantrell.com" "Mozilla/5.0 (Windows NT 10.0; Win64; x64) AppleWebKit/537.36 (KHTML, like Gecko) Chrome/89.0.4389.82 Safari/537.36" "60.243.241.1"
192.168.0.3 - - [18/Nov/2024:22:58:50 +0000] "GET /api/v1/login HTTP/1.1" 404 3587 "https://jimenez-clark.com" "Mozilla/5.0 (Windows NT 10.0; Win64; x64) AppleWebKit/537.36 (KHTML, like Gecko) Chrome/90.0.4430.85 Safari/537.36" "203.12.255.44"
192.168.0.1 - - [09/Nov/2024:22:58:50 +0000] "GET /api/v1/login HTTP/1.1" 404 2647 "https://peterson.org" "Mozilla/5.0 (Windows NT 6.1; WOW64; rv:33.0) Gecko/20100101 Firefox/33.0" "91.147.228.140"
192.168.0.3 - - [30/Nov/2024:22:58:50 +0000] "GET /api/v1/user HTTP/1.1" 301 2242 "https://beltran.com" "Mozilla/5.0 (Windows NT 6.1; WOW64; rv:33.0) Gecko/20100101 Firefox/33.0" "170.167.238.133"
192.168.0.1 - - [17/Nov/2024:22:58:50 +0000] "GET /api/v1/data HTTP/1.1" 404 1772 "https://wilson.com" "Mozilla/5.0 (Windows NT 10.0; Win64; x64) AppleWebKit/537.36 (KHTML, like Gecko) Chrome/90.0.4430.85 Safari/537.36" "221.11.243.0"
192.168.0.2 - - [12/Nov/2024:22:58:50 +0000] "GET /api/v1/status HTTP/1.1" 404 2071 "https://campbell.com" "Mozilla/5.0 (Windows NT 10.0; Win64; x64) AppleWebKit/537.36 (KHTML, like Gecko) Chrome/89.0.4389.82 Safari/537.36" "17.60.38.43"
192.168.0.1 - - [06/Dec/2024:22:58:50 +0000] "GET /api/v1/login HTTP/1.1" 400 4810 "https://anderson.net" "Mozilla/5.0 (Windows NT 10.0; Win64; x64) AppleWebKit/537.36 (KHTML, like Gecko) Chrome/89.0.4389.82 Safari/537.36" "35.230.123.198"
192.168.0.2 - - [20/Nov/2024:22:58:50 +0000] "GET /api/v1/data HTTP/1.1" 500 679 "https://rojas.com" "Mozilla/5.0 (Windows NT 10.0; Win64; x64) AppleWebKit/537.36 (KHTML, like Gecko) Chrome/89.0.4389.82 Safari/537.36" "168.82.8.68"
192.168.0.2 - - [04/Dec/2024:22:58:50 +0000] "GET /api/v1/resource HTTP/1.1" 301 2531 "https://hill-kennedy.net" "Mozilla/5.0 (Windows NT 10.0; Win64; x64) AppleWebKit/537.36 (KHTML, like Gecko) Chrome/89.0.4389.82 Safari/537.36" "133.247.143.145"
192.168.0.2 - - [06/Dec/2024:22:58:50 +0000] "GET /api/v1/data HTTP/1.1" 400 4091 "https://reilly.com" "Mozilla/5.0 (Windows NT 6.1; WOW64; rv:33.0) Gecko/20100101 Firefox/33.0" "202.106.80.239"
192.168.0.2 - - [11/Nov/2024:22:58:50 +0000] "GET /api/v1/status HTTP/1.1" 404 838 "https://miles-allen.org" "Mozilla/5.0 (Windows NT 10.0; Win64; x64) AppleWebKit/537.36 (KHTML, like Gecko) Chrome/90.0.4430.85 Safari/537.36" "151.176.1.172"
192.168.0.1 - - [01/Dec/2024:22:58:50 +0000] "GET /api/v1/status HTTP/1.1" 404 215 "https://schmidt.com" "Mozilla/5.0 (Windows NT 6.1; WOW64; rv:33.0) Gecko/20100101 Firefox/33.0" "157.70.111.167"
192.168.0.2 - - [14/Nov/2024:22:58:50 +0000] "GET /api/v1/status HTTP/1.1" 401 854 "https://arnold-underwood.com" "Mozilla/5.0 (Windows NT 10.0; Win64; x64) AppleWebKit/537.36 (KHTML, like Gecko) Chrome/89.0.4389.82 Safari/537.36" "23.211.200.157"
192.168.0.1 - - [16/Nov/2024:22:58:50 +0000] "GET /api/v1/user HTTP/1.1" 500 1756 "https://scott.com" "Mozilla/5.0 (Windows NT 6.1; WOW64; rv:33.0) Gecko/20100101 Firefox/33.0" "221.121.174.81"
192.168.0.2 - - [16/Nov/2024:22:58:50 +0000] "GET /api/v1/login HTTP/1.1" 301 1601 "https://johnston.com" "Mozilla/5.0 (Windows NT 10.0; Win64; x64) AppleWebKit/537.36 (KHTML, like Gecko) Chrome/90.0.4430.85 Safari/537.36" "81.84.102.253"
192.168.0.3 - - [06/Dec/2024:22:58:50 +0000] "GET /api/v1/login HTTP/1.1" 404 2592 "https://rogers.net" "Mozilla/5.0 (Windows NT 10.0; Win64; x64) AppleWebKit/537.36 (KHTML, like Gecko) Chrome/89.0.4389.82 Safari/537.36" "223.132.34.193"
192.168.0.1 - - [01/Dec/2024:22:58:50 +0000] "GET /api/v1/login HTTP/1.1" 400 2530 "https://leach-tanner.org" "Mozilla/5.0 (Windows NT 10.0; Win64; x64) AppleWebKit/537.36 (KHTML, like Gecko) Chrome/89.0.4389.82 Safari/537.36" "207.27.76.245"
192.168.0.1 - - [16/Nov/2024:22:58:50 +0000] "GET /api/v1/status HTTP/1.1" 301 2374 "https://kennedy.org" "Mozilla/5.0 (Windows NT 10.0; Win64; x64) AppleWebKit/537.36 (KHTML, like Gecko) Chrome/90.0.4430.85 Safari/537.36" "103.102.61.25"
192.168.0.3 - - [15/Nov/2024:22:58:50 +0000] "GET /api/v1/resource HTTP/1.1" 401 2038 "https://farrell.com" "Mozilla/5.0 (Windows NT 10.0; Win64; x64) AppleWebKit/537.36 (KHTML, like Gecko) Chrome/89.0.4389.82 Safari/537.36" "158.197.0.168"
192.168.0.1 - - [16/Nov/2024:22:58:50 +0000] "GET /api/v1/resource HTTP/1.1" 500 4175 "https://morgan.com" "Mozilla/5.0 (Windows NT 10.0; Win64; x64) AppleWebKit/537.36 (KHTML, like Gecko) Chrome/90.0.4430.85 Safari/537.36" "138.118.99.210"
192.168.0.2 - - [21/Nov/2024:22:58:50 +0000] "GET /api/v1/status HTTP/1.1" 301 2600 "https://frye.com" "Mozilla/5.0 (Windows NT 6.1; WOW64; rv:33.0) Gecko/20100101 Firefox/33.0" "38.89.143.220"
192.168.0.3 - - [24/Nov/2024:22:58:50 +0000] "GET /api/v1/user HTTP/1.1" 200 2512 "https://shelton.biz" "Mozilla/5.0 (Windows NT 10.0; Win64; x64) AppleWebKit/537.36 (KHTML, like Gecko) Chrome/90.0.4430.85 Safari/537.36" "168.22.69.94"
192.168.0.3 - - [19/Nov/2024:22:58:50 +0000] "GET /api/v1/data HTTP/1.1" 400 4575 "https://hopkins-washington.net" "Mozilla/5.0 (Windows NT 6.1; WOW64; rv:33.0) Gecko/20100101 Firefox/33.0" "128.73.75.184"
192.168.0.3 - - [22/Nov/2024:22:58:50 +0000] "GET /api/v1/resource HTTP/1.1" 400 3521 "https://taylor.com" "Mozilla/5.0 (Windows NT 10.0; Win64; x64) AppleWebKit/537.36 (KHTML, like Gecko) Chrome/89.0.4389.82 Safari/537.36" "164.216.32.63"
192.168.0.2 - - [29/Nov/2024:22:58:50 +0000] "GET /api/v1/data HTTP/1.1" 404 2716 "https://padilla-rogers.org" "Mozilla/5.0 (Windows NT 6.1; WOW64; rv:33.0) Gecko/20100101 Firefox/33.0" "51.64.16.99"
192.168.0.3 - - [08/Nov/2024:22:58:50 +0000] "GET /api/v1/user HTTP/1.1" 404 409 "https://davis.com" "Mozilla/5.0 (Windows NT 10.0; Win64; x64) AppleWebKit/537.36 (KHTML, like Gecko) Chrome/89.0.4389.82 Safari/537.36" "163.221.136.129"
192.168.0.3 - - [28/Nov/2024:22:58:50 +0000] "GET /api/v1/user HTTP/1.1" 404 4255 "https://king.biz" "Mozilla/5.0 (Windows NT 10.0; Win64; x64) AppleWebKit/537.36 (KHTML, like Gecko) Chrome/89.0.4389.82 Safari/537.36" "126.63.171.99"
192.168.0.1 - - [20/Nov/2024:22:58:50 +0000] "GET /api/v1/user HTTP/1.1" 404 3733 "https://mullins.com" "Mozilla/5.0 (Windows NT 10.0; Win64; x64) AppleWebKit/537.36 (KHTML, like Gecko) Chrome/90.0.4430.85 Safari/537.36" "162.46.144.233"
192.168.0.2 - - [08/Dec/2024:22:58:50 +0000] "GET /api/v1/status HTTP/1.1" 200 3003 "https://wilson.com" "Mozilla/5.0 (Windows NT 10.0; Win64; x64) AppleWebKit/537.36 (KHTML, like Gecko) Chrome/90.0.4430.85 Safari/537.36" "78.1.78.140"
192.168.0.3 - - [10/Nov/2024:22:58:50 +0000] "GET /api/v1/resource HTTP/1.1" 500 4672 "https://sanford.biz" "Mozilla/5.0 (Windows NT 10.0; Win64; x64) AppleWebKit/537.36 (KHTML, like Gecko) Chrome/90.0.4430.85 Safari/537.36" "55.184.196.167"
192.168.0.2 - - [12/Nov/2024:22:58:50 +0000] "GET /api/v1/login HTTP/1.1" 401 2264 "https://ramirez.com" "Mozilla/5.0 (Windows NT 10.0; Win64; x64) AppleWebKit/537.36 (KHTML, like Gecko) Chrome/90.0.4430.85 Safari/537.36" "190.213.20.75"
192.168.0.1 - - [19/Nov/2024:22:58:50 +0000] "GET /api/v1/data HTTP/1.1" 404 2065 "https://roberts.com" "Mozilla/5.0 (Windows NT 10.0; Win64; x64) AppleWebKit/537.36 (KHTML, like Gecko) Chrome/89.0.4389.82 Safari/537.36" "205.1.180.190"
192.168.0.1 - - [15/Nov/2024:22:58:50 +0000] "GET /api/v1/resource HTTP/1.1" 404 189 "https://morse.biz" "Mozilla/5.0 (Windows NT 10.0; Win64; x64) AppleWebKit/537.36 (KHTML, like Gecko) Chrome/90.0.4430.85 Safari/537.36" "109.226.100.54"
192.168.0.3 - - [17/Nov/2024:22:58:50 +0000] "GET /api/v1/login HTTP/1.1" 500 4967 "https://johnson.org" "Mozilla/5.0 (Windows NT 10.0; Win64; x64) AppleWebKit/537.36 (KHTML, like Gecko) Chrome/89.0.4389.82 Safari/537.36" "160.237.42.168"
192.168.0.1 - - [18/Nov/2024:22:58:50 +0000] "GET /api/v1/login HTTP/1.1" 500 2500 "https://alexander.com" "Mozilla/5.0 (Windows NT 6.1; WOW64; rv:33.0) Gecko/20100101 Firefox/33.0" "23.23.94.193"
192.168.0.3 - - [25/Nov/2024:22:58:50 +0000] "GET /api/v1/resource HTTP/1.1" 200 1848 "https://kelly.com" "Mozilla/5.0 (Windows NT 6.1; WOW64; rv:33.0) Gecko/20100101 Firefox/33.0" "20.163.48.240"
192.168.0.1 - - [18/Nov/2024:22:58:50 +0000] "GET /api/v1/data HTTP/1.1" 500 4263 "https://smith.com" "Mozilla/5.0 (Windows NT 10.0; Win64; x64) AppleWebKit/537.36 (KHTML, like Gecko) Chrome/90.0.4430.85 Safari/537.36" "77.119.202.205"
192.168.0.2 - - [22/Nov/2024:22:58:50 +0000] "GET /api/v1/data HTTP/1.1" 400 2048 "https://james-martin.com" "Mozilla/5.0 (Windows NT 6.1; WOW64; rv:33.0) Gecko/20100101 Firefox/33.0" "96.141.141.193"
192.168.0.1 - - [03/Dec/2024:22:58:50 +0000] "GET /api/v1/status HTTP/1.1" 404 2823 "https://burgess.net" "Mozilla/5.0 (Windows NT 6.1; WOW64; rv:33.0) Gecko/20100101 Firefox/33.0" "154.23.223.11"
192.168.0.1 - - [21/Nov/2024:22:58:50 +0000] "GET /api/v1/status HTTP/1.1" 401 3363 "https://woods-young.com" "Mozilla/5.0 (Windows NT 10.0; Win64; x64) AppleWebKit/537.36 (KHTML, like Gecko) Chrome/89.0.4389.82 Safari/537.36" "68.134.208.54"
192.168.0.1 - - [27/Nov/2024:22:58:50 +0000] "GET /api/v1/data HTTP/1.1" 301 2610 "https://jones.com" "Mozilla/5.0 (Windows NT 10.0; Win64; x64) AppleWebKit/537.36 (KHTML, like Gecko) Chrome/89.0.4389.82 Safari/537.36" "21.48.250.48"
192.168.0.2 - - [02/Dec/2024:22:58:50 +0000] "GET /api/v1/data HTTP/1.1" 500 2642 "https://oneill.com" "Mozilla/5.0 (Windows NT 10.0; Win64; x64) AppleWebKit/537.36 (KHTML, like Gecko) Chrome/89.0.4389.82 Safari/537.36" "176.47.48.201"
192.168.0.3 - - [27/Nov/2024:22:58:50 +0000] "GET /api/v1/login HTTP/1.1" 404 588 "https://michael.com" "Mozilla/5.0 (Windows NT 6.1; WOW64; rv:33.0) Gecko/20100101 Firefox/33.0" "100.230.125.12"
192.168.0.1 - - [27/Nov/2024:22:58:50 +0000] "GET /api/v1/status HTTP/1.1" 401 4291 "https://smith.net" "Mozilla/5.0 (Windows NT 6.1; WOW64; rv:33.0) Gecko/20100101 Firefox/33.0" "54.94.218.43"
192.168.0.1 - - [05/Dec/2024:22:58:50 +0000] "GET /api/v1/data HTTP/1.1" 400 4085 "https://larson-hernandez.com" "Mozilla/5.0 (Windows NT 10.0; Win64; x64) AppleWebKit/537.36 (KHTML, like Gecko) Chrome/90.0.4430.85 Safari/537.36" "173.78.189.135"
192.168.0.3 - - [26/Nov/2024:22:58:50 +0000] "GET /api/v1/user HTTP/1.1" 500 1695 "https://butler.com" "Mozilla/5.0 (Windows NT 10.0; Win64; x64) AppleWebKit/537.36 (KHTML, like Gecko) Chrome/89.0.4389.82 Safari/537.36" "184.23.2.248"
192.168.0.2 - - [12/Nov/2024:22:58:50 +0000] "GET /api/v1/data HTTP/1.1" 301 4748 "https://wong.com" "Mozilla/5.0 (Windows NT 10.0; Win64; x64) AppleWebKit/537.36 (KHTML, like Gecko) Chrome/89.0.4389.82 Safari/537.36" "62.43.176.234"
192.168.0.2 - - [14/Nov/2024:22:58:50 +0000] "GET /api/v1/data HTTP/1.1" 404 2316 "https://cruz.com" "Mozilla/5.0 (Windows NT 6.1; WOW64; rv:33.0) Gecko/20100101 Firefox/33.0" "47.247.81.51"
192.168.0.3 - - [25/Nov/2024:22:58:50 +0000] "GET /api/v1/status HTTP/1.1" 500 1925 "https://campbell-lopez.com" "Mozilla/5.0 (Windows NT 10.0; Win64; x64) AppleWebKit/537.36 (KHTML, like Gecko) Chrome/89.0.4389.82 Safari/537.36" "190.245.90.186"
192.168.0.2 - - [25/Nov/2024:22:58:50 +0000] "GET /api/v1/status HTTP/1.1" 200 3692 "https://clayton-davis.com" "Mozilla/5.0 (Windows NT 10.0; Win64; x64) AppleWebKit/537.36 (KHTML, like Gecko) Chrome/89.0.4389.82 Safari/537.36" "135.112.85.251"
192.168.0.3 - - [25/Nov/2024:22:58:50 +0000] "GET /api/v1/user HTTP/1.1" 500 4102 "https://floyd-ellis.biz" "Mozilla/5.0 (Windows NT 10.0; Win64; x64) AppleWebKit/537.36 (KHTML, like Gecko) Chrome/90.0.4430.85 Safari/537.36" "205.151.88.6"
192.168.0.3 - - [11/Nov/2024:22:58:50 +0000] "GET /api/v1/user HTTP/1.1" 500 3578 "https://clark-mason.com" "Mozilla/5.0 (Windows NT 10.0; Win64; x64) AppleWebKit/537.36 (KHTML, like Gecko) Chrome/90.0.4430.85 Safari/537.36" "160.184.111.166"
192.168.0.2 - - [01/Dec/2024:22:58:50 +0000] "GET /api/v1/login HTTP/1.1" 200 3364 "https://smith-riley.com" "Mozilla/5.0 (Windows NT 10.0; Win64; x64) AppleWebKit/537.36 (KHTML, like Gecko) Chrome/90.0.4430.85 Safari/537.36" "154.68.94.99"
192.168.0.3 - - [24/Nov/2024:22:58:50 +0000] "GET /api/v1/resource HTTP/1.1" 404 1758 "https://howe.info" "Mozilla/5.0 (Windows NT 10.0; Win64; x64) AppleWebKit/537.36 (KHTML, like Gecko) Chrome/90.0.4430.85 Safari/537.36" "141.108.147.226"
192.168.0.3 - - [29/Nov/2024:22:58:50 +0000] "GET /api/v1/user HTTP/1.1" 401 3614 "https://mcguire.biz" "Mozilla/5.0 (Windows NT 6.1; WOW64; rv:33.0) Gecko/20100101 Firefox/33.0" "79.92.20.28"
192.168.0.1 - - [25/Nov/2024:22:58:50 +0000] "GET /api/v1/user HTTP/1.1" 400 2357 "https://morrison.com" "Mozilla/5.0 (Windows NT 10.0; Win64; x64) AppleWebKit/537.36 (KHTML, like Gecko) Chrome/89.0.4389.82 Safari/537.36" "188.140.156.144"
192.168.0.1 - - [30/Nov/2024:22:58:50 +0000] "GET /api/v1/status HTTP/1.1" 500 3825 "https://sandoval.net" "Mozilla/5.0 (Windows NT 10.0; Win64; x64) AppleWebKit/537.36 (KHTML, like Gecko) Chrome/89.0.4389.82 Safari/537.36" "145.230.58.226"
192.168.0.3 - - [15/Nov/2024:22:58:50 +0000] "GET /api/v1/status HTTP/1.1" 400 2602 "https://daniels.biz" "Mozilla/5.0 (Windows NT 10.0; Win64; x64) AppleWebKit/537.36 (KHTML, like Gecko) Chrome/89.0.4389.82 Safari/537.36" "114.67.3.192"
192.168.0.1 - - [30/Nov/2024:22:58:50 +0000] "GET /api/v1/data HTTP/1.1" 400 383 "https://allen-simmons.com" "Mozilla/5.0 (Windows NT 10.0; Win64; x64) AppleWebKit/537.36 (KHTML, like Gecko) Chrome/89.0.4389.82 Safari/537.36" "7.207.24.62"
192.168.0.2 - - [20/Nov/2024:22:58:50 +0000] "GET /api/v1/data HTTP/1.1" 301 3908 "https://hines.net" "Mozilla/5.0 (Windows NT 10.0; Win64; x64) AppleWebKit/537.36 (KHTML, like Gecko) Chrome/90.0.4430.85 Safari/537.36" "19.144.153.217"
192.168.0.1 - - [16/Nov/2024:22:58:50 +0000] "GET /api/v1/data HTTP/1.1" 301 3929 "https://randall.net" "Mozilla/5.0 (Windows NT 10.0; Win64; x64) AppleWebKit/537.36 (KHTML, like Gecko) Chrome/90.0.4430.85 Safari/537.36" "17.228.223.83"
192.168.0.2 - - [08/Dec/2024:22:58:50 +0000] "GET /api/v1/resource HTTP/1.1" 401 3907 "https://watts.info" "Mozilla/5.0 (Windows NT 6.1; WOW64; rv:33.0) Gecko/20100101 Firefox/33.0" "65.15.38.210"
192.168.0.3 - - [30/Nov/2024:22:58:50 +0000] "GET /api/v1/status HTTP/1.1" 500 2603 "https://clark.com" "Mozilla/5.0 (Windows NT 10.0; Win64; x64) AppleWebKit/537.36 (KHTML, like Gecko) Chrome/90.0.4430.85 Safari/537.36" "29.117.133.14"
192.168.0.3 - - [09/Nov/2024:22:58:50 +0000] "GET /api/v1/resource HTTP/1.1" 401 1248 "https://howard.com" "Mozilla/5.0 (Windows NT 6.1; WOW64; rv:33.0) Gecko/20100101 Firefox/33.0" "179.226.157.238"
192.168.0.1 - - [25/Nov/2024:22:58:50 +0000] "GET /api/v1/resource HTTP/1.1" 401 1685 "https://brown-bradshaw.com" "Mozilla/5.0 (Windows NT 6.1; WOW64; rv:33.0) Gecko/20100101 Firefox/33.0" "125.52.47.128"
192.168.0.1 - - [11/Nov/2024:22:58:50 +0000] "GET /api/v1/resource HTTP/1.1" 404 2973 "https://copeland.biz" "Mozilla/5.0 (Windows NT 10.0; Win64; x64) AppleWebKit/537.36 (KHTML, like Gecko) Chrome/90.0.4430.85 Safari/537.36" "10.79.29.98"
192.168.0.2 - - [16/Nov/2024:22:58:50 +0000] "GET /api/v1/user HTTP/1.1" 401 3276 "https://wood.com" "Mozilla/5.0 (Windows NT 10.0; Win64; x64) AppleWebKit/537.36 (KHTML, like Gecko) Chrome/89.0.4389.82 Safari/537.36" "105.97.219.104"
192.168.0.3 - - [03/Dec/2024:22:58:50 +0000] "GET /api/v1/data HTTP/1.1" 500 1558 "https://mcintosh.com" "Mozilla/5.0 (Windows NT 10.0; Win64; x64) AppleWebKit/537.36 (KHTML, like Gecko) Chrome/89.0.4389.82 Safari/537.36" "187.58.50.248"
192.168.0.2 - - [10/Nov/2024:22:58:50 +0000] "GET /api/v1/login HTTP/1.1" 200 1683 "https://pollard.info" "Mozilla/5.0 (Windows NT 10.0; Win64; x64) AppleWebKit/537.36 (KHTML, like Gecko) Chrome/90.0.4430.85 Safari/537.36" "218.155.7.5"
192.168.0.3 - - [15/Nov/2024:22:58:50 +0000] "GET /api/v1/user HTTP/1.1" 500 980 "https://powell-davis.com" "Mozilla/5.0 (Windows NT 10.0; Win64; x64) AppleWebKit/537.36 (KHTML, like Gecko) Chrome/89.0.4389.82 Safari/537.36" "172.179.51.186"
192.168.0.1 - - [06/Dec/2024:22:58:50 +0000] "GET /api/v1/resource HTTP/1.1" 200 1183 "https://martinez-ramirez.net" "Mozilla/5.0 (Windows NT 10.0; Win64; x64) AppleWebKit/537.36 (KHTML, like Gecko) Chrome/89.0.4389.82 Safari/537.36" "2.232.110.223"
192.168.0.2 - - [24/Nov/2024:22:58:50 +0000] "GET /api/v1/data HTTP/1.1" 404 4089 "https://chapman.com" "Mozilla/5.0 (Windows NT 6.1; WOW64; rv:33.0) Gecko/20100101 Firefox/33.0" "75.108.174.137"
192.168.0.2 - - [13/Nov/2024:22:58:50 +0000] "GET /api/v1/data HTTP/1.1" 200 2351 "https://wilson.com" "Mozilla/5.0 (Windows NT 6.1; WOW64; rv:33.0) Gecko/20100101 Firefox/33.0" "47.243.12.238"
192.168.0.1 - - [20/Nov/2024:22:58:50 +0000] "GET /api/v1/resource HTTP/1.1" 400 253 "https://baxter-crawford.net" "Mozilla/5.0 (Windows NT 10.0; Win64; x64) AppleWebKit/537.36 (KHTML, like Gecko) Chrome/89.0.4389.82 Safari/537.36" "62.183.47.41"
192.168.0.3 - - [27/Nov/2024:22:58:50 +0000] "GET /api/v1/resource HTTP/1.1" 200 2686 "https://tran-ryan.com" "Mozilla/5.0 (Windows NT 10.0; Win64; x64) AppleWebKit/537.36 (KHTML, like Gecko) Chrome/90.0.4430.85 Safari/537.36" "172.173.105.104"
192.168.0.1 - - [07/Dec/2024:22:58:50 +0000] "GET /api/v1/data HTTP/1.1" 404 4528 "https://sheppard.com" "Mozilla/5.0 (Windows NT 6.1; WOW64; rv:33.0) Gecko/20100101 Firefox/33.0" "210.113.123.48"
192.168.0.2 - - [01/Dec/2024:22:58:50 +0000] "GET /api/v1/resource HTTP/1.1" 401 4088 "https://sherman-roman.net" "Mozilla/5.0 (Windows NT 6.1; WOW64; rv:33.0) Gecko/20100101 Firefox/33.0" "128.185.67.209"
192.168.0.2 - - [22/Nov/2024:22:58:50 +0000] "GET /api/v1/status HTTP/1.1" 401 4901 "https://davis.biz" "Mozilla/5.0 (Windows NT 10.0; Win64; x64) AppleWebKit/537.36 (KHTML, like Gecko) Chrome/90.0.4430.85 Safari/537.36" "68.251.79.247"
192.168.0.1 - - [14/Nov/2024:22:58:50 +0000] "GET /api/v1/status HTTP/1.1" 200 4981 "https://lee-adams.org" "Mozilla/5.0 (Windows NT 10.0; Win64; x64) AppleWebKit/537.36 (KHTML, like Gecko) Chrome/89.0.4389.82 Safari/537.36" "130.161.27.155"
192.168.0.2 - - [18/Nov/2024:22:58:50 +0000] "GET /api/v1/login HTTP/1.1" 400 465 "https://sullivan.org" "Mozilla/5.0 (Windows NT 10.0; Win64; x64) AppleWebKit/537.36 (KHTML, like Gecko) Chrome/90.0.4430.85 Safari/537.36" "65.216.207.156"
192.168.0.1 - - [23/Nov/2024:22:58:50 +0000] "GET /api/v1/status HTTP/1.1" 500 2659 "https://wise-johnson.com" "Mozilla/5.0 (Windows NT 10.0; Win64; x64) AppleWebKit/537.36 (KHTML, like Gecko) Chrome/89.0.4389.82 Safari/537.36" "145.21.87.15"
192.168.0.2 - - [14/Nov/2024:22:58:50 +0000] "GET /api/v1/data HTTP/1.1" 200 3132 "https://torres.com" "Mozilla/5.0 (Windows NT 10.0; Win64; x64) AppleWebKit/537.36 (KHTML, like Gecko) Chrome/90.0.4430.85 Safari/537.36" "80.191.231.152"
192.168.0.2 - - [19/Nov/2024:22:58:50 +0000] "GET /api/v1/data HTTP/1.1" 400 581 "https://chapman-rice.info" "Mozilla/5.0 (Windows NT 10.0; Win64; x64) AppleWebKit/537.36 (KHTML, like Gecko) Chrome/90.0.4430.85 Safari/537.36" "93.166.95.249"
192.168.0.3 - - [10/Nov/2024:22:58:50 +0000] "GET /api/v1/status HTTP/1.1" 400 730 "https://schroeder.com" "Mozilla/5.0 (Windows NT 10.0; Win64; x64) AppleWebKit/537.36 (KHTML, like Gecko) Chrome/89.0.4389.82 Safari/537.36" "129.147.103.123"
192.168.0.1 - - [18/Nov/2024:22:58:50 +0000] "GET /api/v1/data HTTP/1.1" 401 1882 "https://waters.com" "Mozilla/5.0 (Windows NT 10.0; Win64; x64) AppleWebKit/537.36 (KHTML, like Gecko) Chrome/90.0.4430.85 Safari/537.36" "27.151.123.94"
192.168.0.2 - - [11/Nov/2024:22:58:50 +0000] "GET /api/v1/resource HTTP/1.1" 400 2873 "https://johnson.com" "Mozilla/5.0 (Windows NT 10.0; Win64; x64) AppleWebKit/537.36 (KHTML, like Gecko) Chrome/90.0.4430.85 Safari/537.36" "109.28.34.97"
192.168.0.1 - - [13/Nov/2024:22:58:50 +0000] "GET /api/v1/resource HTTP/1.1" 400 2758 "https://ferguson.biz" "Mozilla/5.0 (Windows NT 6.1; WOW64; rv:33.0) Gecko/20100101 Firefox/33.0" "188.97.33.162"
192.168.0.1 - - [06/Dec/2024:22:58:50 +0000] "GET /api/v1/status HTTP/1.1" 404 527 "https://avila.info" "Mozilla/5.0 (Windows NT 6.1; WOW64; rv:33.0) Gecko/20100101 Firefox/33.0" "41.110.241.92"
192.168.0.2 - - [01/Dec/2024:22:58:50 +0000] "GET /api/v1/resource HTTP/1.1" 500 3260 "https://allen.info" "Mozilla/5.0 (Windows NT 10.0; Win64; x64) AppleWebKit/537.36 (KHTML, like Gecko) Chrome/89.0.4389.82 Safari/537.36" "178.213.163.87"
192.168.0.2 - - [03/Dec/2024:22:58:50 +0000] "GET /api/v1/data HTTP/1.1" 400 1478 "https://gonzalez.info" "Mozilla/5.0 (Windows NT 6.1; WOW64; rv:33.0) Gecko/20100101 Firefox/33.0" "43.42.143.86"
192.168.0.2 - - [11/Nov/2024:22:58:50 +0000] "GET /api/v1/user HTTP/1.1" 301 2540 "https://gardner.com" "Mozilla/5.0 (Windows NT 10.0; Win64; x64) AppleWebKit/537.36 (KHTML, like Gecko) Chrome/90.0.4430.85 Safari/537.36" "138.200.152.24"
192.168.0.2 - - [09/Nov/2024:22:58:50 +0000] "GET /api/v1/login HTTP/1.1" 301 2140 "https://love.net" "Mozilla/5.0 (Windows NT 6.1; WOW64; rv:33.0) Gecko/20100101 Firefox/33.0" "177.45.58.158"
192.168.0.2 - - [21/Nov/2024:22:58:50 +0000] "GET /api/v1/login HTTP/1.1" 200 4070 "https://montgomery.com" "Mozilla/5.0 (Windows NT 10.0; Win64; x64) AppleWebKit/537.36 (KHTML, like Gecko) Chrome/89.0.4389.82 Safari/537.36" "200.200.207.199"
192.168.0.1 - - [08/Nov/2024:22:58:50 +0000] "GET /api/v1/resource HTTP/1.1" 500 354 "https://williams.net" "Mozilla/5.0 (Windows NT 10.0; Win64; x64) AppleWebKit/537.36 (KHTML, like Gecko) Chrome/89.0.4389.82 Safari/537.36" "79.146.133.130"
192.168.0.1 - - [08/Nov/2024:22:58:50 +0000] "GET /api/v1/status HTTP/1.1" 200 2003 "https://brown-villegas.org" "Mozilla/5.0 (Windows NT 10.0; Win64; x64) AppleWebKit/537.36 (KHTML, like Gecko) Chrome/90.0.4430.85 Safari/537.36" "44.28.29.250"
192.168.0.2 - - [22/Nov/2024:22:58:50 +0000] "GET /api/v1/user HTTP/1.1" 401 2593 "https://perkins-martin.com" "Mozilla/5.0 (Windows NT 10.0; Win64; x64) AppleWebKit/537.36 (KHTML, like Gecko) Chrome/89.0.4389.82 Safari/537.36" "156.167.40.8"
192.168.0.3 - - [22/Nov/2024:22:58:50 +0000] "GET /api/v1/login HTTP/1.1" 404 1048 "https://baker.info" "Mozilla/5.0 (Windows NT 10.0; Win64; x64) AppleWebKit/537.36 (KHTML, like Gecko) Chrome/90.0.4430.85 Safari/537.36" "30.70.57.127"
192.168.0.3 - - [02/Dec/2024:22:58:50 +0000] "GET /api/v1/resource HTTP/1.1" 301 699 "https://thomas.com" "Mozilla/5.0 (Windows NT 10.0; Win64; x64) AppleWebKit/537.36 (KHTML, like Gecko) Chrome/89.0.4389.82 Safari/537.36" "220.68.226.158"
192.168.0.2 - - [16/Nov/2024:22:58:50 +0000] "GET /api/v1/resource HTTP/1.1" 301 4967 "https://white.com" "Mozilla/5.0 (Windows NT 6.1; WOW64; rv:33.0) Gecko/20100101 Firefox/33.0" "125.203.10.119"
192.168.0.3 - - [08/Nov/2024:22:58:50 +0000] "GET /api/v1/resource HTTP/1.1" 401 827 "https://chang-williams.biz" "Mozilla/5.0 (Windows NT 6.1; WOW64; rv:33.0) Gecko/20100101 Firefox/33.0" "78.123.26.239"
192.168.0.3 - - [18/Nov/2024:22:58:50 +0000] "GET /api/v1/data HTTP/1.1" 200 1160 "https://smith.com" "Mozilla/5.0 (Windows NT 6.1; WOW64; rv:33.0) Gecko/20100101 Firefox/33.0" "29.130.98.170"
192.168.0.1 - - [30/Nov/2024:22:58:50 +0000] "GET /api/v1/resource HTTP/1.1" 404 1482 "https://ryan.biz" "Mozilla/5.0 (Windows NT 10.0; Win64; x64) AppleWebKit/537.36 (KHTML, like Gecko) Chrome/89.0.4389.82 Safari/537.36" "209.75.214.8"
192.168.0.3 - - [08/Nov/2024:22:58:50 +0000] "GET /api/v1/status HTTP/1.1" 400 666 "https://ross.com" "Mozilla/5.0 (Windows NT 6.1; WOW64; rv:33.0) Gecko/20100101 Firefox/33.0" "103.13.123.202"
192.168.0.1 - - [08/Dec/2024:22:58:50 +0000] "GET /api/v1/data HTTP/1.1" 401 3712 "https://smith.com" "Mozilla/5.0 (Windows NT 10.0; Win64; x64) AppleWebKit/537.36 (KHTML, like Gecko) Chrome/90.0.4430.85 Safari/537.36" "1.80.195.113"
192.168.0.2 - - [09/Nov/2024:22:58:50 +0000] "GET /api/v1/data HTTP/1.1" 401 3403 "https://gomez.org" "Mozilla/5.0 (Windows NT 6.1; WOW64; rv:33.0) Gecko/20100101 Firefox/33.0" "150.39.167.59"
192.168.0.1 - - [25/Nov/2024:22:58:50 +0000] "GET /api/v1/login HTTP/1.1" 401 3909 "https://houston.com" "Mozilla/5.0 (Windows NT 10.0; Win64; x64) AppleWebKit/537.36 (KHTML, like Gecko) Chrome/90.0.4430.85 Safari/537.36" "167.65.136.170"
192.168.0.1 - - [03/Dec/2024:22:58:50 +0000] "GET /api/v1/status HTTP/1.1" 401 581 "https://morse-ramirez.com" "Mozilla/5.0 (Windows NT 6.1; WOW64; rv:33.0) Gecko/20100101 Firefox/33.0" "133.185.24.68"
192.168.0.2 - - [30/Nov/2024:22:58:50 +0000] "GET /api/v1/data HTTP/1.1" 400 569 "https://robinson.com" "Mozilla/5.0 (Windows NT 10.0; Win64; x64) AppleWebKit/537.36 (KHTML, like Gecko) Chrome/89.0.4389.82 Safari/537.36" "35.45.211.77"
192.168.0.1 - - [07/Dec/2024:22:58:50 +0000] "GET /api/v1/login HTTP/1.1" 404 2766 "https://olson-dyer.com" "Mozilla/5.0 (Windows NT 10.0; Win64; x64) AppleWebKit/537.36 (KHTML, like Gecko) Chrome/90.0.4430.85 Safari/537.36" "19.251.218.183"
192.168.0.2 - - [08/Nov/2024:22:58:50 +0000] "GET /api/v1/resource HTTP/1.1" 301 1156 "https://holder-dunn.com" "Mozilla/5.0 (Windows NT 10.0; Win64; x64) AppleWebKit/537.36 (KHTML, like Gecko) Chrome/89.0.4389.82 Safari/537.36" "171.53.103.219"
192.168.0.1 - - [02/Dec/2024:22:58:50 +0000] "GET /api/v1/login HTTP/1.1" 301 549 "https://matthews-hogan.com" "Mozilla/5.0 (Windows NT 6.1; WOW64; rv:33.0) Gecko/20100101 Firefox/33.0" "200.152.65.25"
192.168.0.2 - - [30/Nov/2024:22:58:50 +0000] "GET /api/v1/login HTTP/1.1" 500 4772 "https://graham.com" "Mozilla/5.0 (Windows NT 10.0; Win64; x64) AppleWebKit/537.36 (KHTML, like Gecko) Chrome/90.0.4430.85 Safari/537.36" "54.74.197.232"
192.168.0.3 - - [02/Dec/2024:22:58:50 +0000] "GET /api/v1/user HTTP/1.1" 401 1062 "https://walker.info" "Mozilla/5.0 (Windows NT 10.0; Win64; x64) AppleWebKit/537.36 (KHTML, like Gecko) Chrome/90.0.4430.85 Safari/537.36" "19.32.67.138"
192.168.0.1 - - [18/Nov/2024:22:58:50 +0000] "GET /api/v1/login HTTP/1.1" 404 388 "https://jackson-kim.com" "Mozilla/5.0 (Windows NT 10.0; Win64; x64) AppleWebKit/537.36 (KHTML, like Gecko) Chrome/89.0.4389.82 Safari/537.36" "58.212.237.95"
192.168.0.2 - - [18/Nov/2024:22:58:50 +0000] "GET /api/v1/status HTTP/1.1" 400 3986 "https://mitchell.com" "Mozilla/5.0 (Windows NT 10.0; Win64; x64) AppleWebKit/537.36 (KHTML, like Gecko) Chrome/89.0.4389.82 Safari/537.36" "216.104.111.55"
192.168.0.2 - - [29/Nov/2024:22:58:50 +0000] "GET /api/v1/data HTTP/1.1" 400 836 "https://holmes.com" "Mozilla/5.0 (Windows NT 10.0; Win64; x64) AppleWebKit/537.36 (KHTML, like Gecko) Chrome/90.0.4430.85 Safari/537.36" "13.5.192.132"
192.168.0.1 - - [15/Nov/2024:22:58:50 +0000] "GET /api/v1/status HTTP/1.1" 500 4511 "https://lam-branch.net" "Mozilla/5.0 (Windows NT 6.1; WOW64; rv:33.0) Gecko/20100101 Firefox/33.0" "2.235.150.116"
192.168.0.1 - - [11/Nov/2024:22:58:50 +0000] "GET /api/v1/login HTTP/1.1" 400 756 "https://cabrera.com" "Mozilla/5.0 (Windows NT 10.0; Win64; x64) AppleWebKit/537.36 (KHTML, like Gecko) Chrome/89.0.4389.82 Safari/537.36" "133.109.97.1"
192.168.0.2 - - [19/Nov/2024:22:58:50 +0000] "GET /api/v1/user HTTP/1.1" 401 1953 "https://wright.info" "Mozilla/5.0 (Windows NT 6.1; WOW64; rv:33.0) Gecko/20100101 Firefox/33.0" "12.201.114.155"
192.168.0.2 - - [30/Nov/2024:22:58:50 +0000] "GET /api/v1/status HTTP/1.1" 200 4877 "https://carson-russell.com" "Mozilla/5.0 (Windows NT 10.0; Win64; x64) AppleWebKit/537.36 (KHTML, like Gecko) Chrome/89.0.4389.82 Safari/537.36" "47.185.190.14"
192.168.0.3 - - [20/Nov/2024:22:58:50 +0000] "GET /api/v1/user HTTP/1.1" 401 4710 "https://heath-moore.info" "Mozilla/5.0 (Windows NT 10.0; Win64; x64) AppleWebKit/537.36 (KHTML, like Gecko) Chrome/89.0.4389.82 Safari/537.36" "7.205.52.245"
192.168.0.2 - - [26/Nov/2024:22:58:50 +0000] "GET /api/v1/resource HTTP/1.1" 404 2007 "https://mendez-garcia.com" "Mozilla/5.0 (Windows NT 10.0; Win64; x64) AppleWebKit/537.36 (KHTML, like Gecko) Chrome/89.0.4389.82 Safari/537.36" "154.117.230.76"
192.168.0.1 - - [27/Nov/2024:22:58:50 +0000] "GET /api/v1/status HTTP/1.1" 200 1986 "https://wilson.info" "Mozilla/5.0 (Windows NT 10.0; Win64; x64) AppleWebKit/537.36 (KHTML, like Gecko) Chrome/90.0.4430.85 Safari/537.36" "149.252.39.250"
192.168.0.2 - - [01/Dec/2024:22:58:50 +0000] "GET /api/v1/data HTTP/1.1" 500 4669 "https://thomas.com" "Mozilla/5.0 (Windows NT 6.1; WOW64; rv:33.0) Gecko/20100101 Firefox/33.0" "214.226.245.59"
192.168.0.2 - - [30/Nov/2024:22:58:50 +0000] "GET /api/v1/resource HTTP/1.1" 400 2586 "https://clark-allen.org" "Mozilla/5.0 (Windows NT 10.0; Win64; x64) AppleWebKit/537.36 (KHTML, like Gecko) Chrome/90.0.4430.85 Safari/537.36" "134.181.109.110"
192.168.0.2 - - [05/Dec/2024:22:58:50 +0000] "GET /api/v1/status HTTP/1.1" 400 348 "https://gilbert.com" "Mozilla/5.0 (Windows NT 6.1; WOW64; rv:33.0) Gecko/20100101 Firefox/33.0" "167.62.135.234"
192.168.0.2 - - [29/Nov/2024:22:58:50 +0000] "GET /api/v1/status HTTP/1.1" 404 2235 "https://park.biz" "Mozilla/5.0 (Windows NT 6.1; WOW64; rv:33.0) Gecko/20100101 Firefox/33.0" "106.123.212.185"
192.168.0.2 - - [04/Dec/2024:22:58:50 +0000] "GET /api/v1/user HTTP/1.1" 404 945 "https://may.org" "Mozilla/5.0 (Windows NT 6.1; WOW64; rv:33.0) Gecko/20100101 Firefox/33.0" "118.196.204.81"
192.168.0.2 - - [15/Nov/2024:22:58:50 +0000] "GET /api/v1/data HTTP/1.1" 500 170 "https://pena.com" "Mozilla/5.0 (Windows NT 10.0; Win64; x64) AppleWebKit/537.36 (KHTML, like Gecko) Chrome/90.0.4430.85 Safari/537.36" "168.61.6.63"
192.168.0.1 - - [29/Nov/2024:22:58:50 +0000] "GET /api/v1/status HTTP/1.1" 500 594 "https://thomas.com" "Mozilla/5.0 (Windows NT 10.0; Win64; x64) AppleWebKit/537.36 (KHTML, like Gecko) Chrome/89.0.4389.82 Safari/537.36" "18.63.77.43"
192.168.0.3 - - [16/Nov/2024:22:58:50 +0000] "GET /api/v1/status HTTP/1.1" 401 2910 "https://carrillo.com" "Mozilla/5.0 (Windows NT 10.0; Win64; x64) AppleWebKit/537.36 (KHTML, like Gecko) Chrome/89.0.4389.82 Safari/537.36" "195.5.217.239"
192.168.0.1 - - [14/Nov/2024:22:58:50 +0000] "GET /api/v1/status HTTP/1.1" 400 2215 "https://stewart.biz" "Mozilla/5.0 (Windows NT 10.0; Win64; x64) AppleWebKit/537.36 (KHTML, like Gecko) Chrome/90.0.4430.85 Safari/537.36" "218.52.16.14"
192.168.0.3 - - [09/Nov/2024:22:58:50 +0000] "GET /api/v1/user HTTP/1.1" 404 118 "https://white-jones.com" "Mozilla/5.0 (Windows NT 6.1; WOW64; rv:33.0) Gecko/20100101 Firefox/33.0" "26.225.162.138"
192.168.0.2 - - [17/Nov/2024:22:58:50 +0000] "GET /api/v1/status HTTP/1.1" 500 1375 "https://rhodes.com" "Mozilla/5.0 (Windows NT 10.0; Win64; x64) AppleWebKit/537.36 (KHTML, like Gecko) Chrome/90.0.4430.85 Safari/537.36" "64.37.235.17"
192.168.0.3 - - [11/Nov/2024:22:58:50 +0000] "GET /api/v1/status HTTP/1.1" 500 4359 "https://washington-hart.org" "Mozilla/5.0 (Windows NT 6.1; WOW64; rv:33.0) Gecko/20100101 Firefox/33.0" "63.223.174.100"
192.168.0.2 - - [27/Nov/2024:22:58:50 +0000] "GET /api/v1/user HTTP/1.1" 500 2081 "https://evans.com" "Mozilla/5.0 (Windows NT 6.1; WOW64; rv:33.0) Gecko/20100101 Firefox/33.0" "196.192.255.183"
192.168.0.3 - - [18/Nov/2024:22:58:50 +0000] "GET /api/v1/login HTTP/1.1" 500 4473 "https://valentine-jones.info" "Mozilla/5.0 (Windows NT 10.0; Win64; x64) AppleWebKit/537.36 (KHTML, like Gecko) Chrome/89.0.4389.82 Safari/537.36" "154.175.98.151"
192.168.0.3 - - [30/Nov/2024:22:58:50 +0000] "GET /api/v1/user HTTP/1.1" 200 4638 "https://andrade.org" "Mozilla/5.0 (Windows NT 10.0; Win64; x64) AppleWebKit/537.36 (KHTML, like Gecko) Chrome/89.0.4389.82 Safari/537.36" "162.72.67.227"
192.168.0.1 - - [05/Dec/2024:22:58:50 +0000] "GET /api/v1/data HTTP/1.1" 404 3605 "https://allen.biz" "Mozilla/5.0 (Windows NT 10.0; Win64; x64) AppleWebKit/537.36 (KHTML, like Gecko) Chrome/89.0.4389.82 Safari/537.36" "55.77.197.196"
192.168.0.1 - - [18/Nov/2024:22:58:50 +0000] "GET /api/v1/user HTTP/1.1" 200 1588 "https://fields.com" "Mozilla/5.0 (Windows NT 6.1; WOW64; rv:33.0) Gecko/20100101 Firefox/33.0" "42.38.204.122"
192.168.0.3 - - [17/Nov/2024:22:58:50 +0000] "GET /api/v1/status HTTP/1.1" 404 4271 "https://alvarez.info" "Mozilla/5.0 (Windows NT 10.0; Win64; x64) AppleWebKit/537.36 (KHTML, like Gecko) Chrome/90.0.4430.85 Safari/537.36" "47.4.191.31"
192.168.0.1 - - [21/Nov/2024:22:58:50 +0000] "GET /api/v1/data HTTP/1.1" 400 1547 "https://dawson.biz" "Mozilla/5.0 (Windows NT 10.0; Win64; x64) AppleWebKit/537.36 (KHTML, like Gecko) Chrome/90.0.4430.85 Safari/537.36" "28.150.235.107"
192.168.0.3 - - [17/Nov/2024:22:58:50 +0000] "GET /api/v1/resource HTTP/1.1" 200 2294 "https://james.info" "Mozilla/5.0 (Windows NT 10.0; Win64; x64) AppleWebKit/537.36 (KHTML, like Gecko) Chrome/89.0.4389.82 Safari/537.36" "6.45.62.211"
192.168.0.1 - - [12/Nov/2024:22:58:50 +0000] "GET /api/v1/user HTTP/1.1" 401 4442 "https://braun-martin.com" "Mozilla/5.0 (Windows NT 6.1; WOW64; rv:33.0) Gecko/20100101 Firefox/33.0" "219.255.81.118"
192.168.0.2 - - [25/Nov/2024:22:58:50 +0000] "GET /api/v1/user HTTP/1.1" 401 817 "https://chandler-butler.info" "Mozilla/5.0 (Windows NT 10.0; Win64; x64) AppleWebKit/537.36 (KHTML, like Gecko) Chrome/90.0.4430.85 Safari/537.36" "117.168.197.60"
192.168.0.3 - - [18/Nov/2024:22:58:50 +0000] "GET /api/v1/login HTTP/1.1" 404 727 "https://carney.info" "Mozilla/5.0 (Windows NT 10.0; Win64; x64) AppleWebKit/537.36 (KHTML, like Gecko) Chrome/90.0.4430.85 Safari/537.36" "63.30.28.34"
192.168.0.3 - - [07/Dec/2024:22:58:50 +0000] "GET /api/v1/login HTTP/1.1" 401 899 "https://wilson.com" "Mozilla/5.0 (Windows NT 10.0; Win64; x64) AppleWebKit/537.36 (KHTML, like Gecko) Chrome/89.0.4389.82 Safari/537.36" "198.72.200.155"
192.168.0.1 - - [23/Nov/2024:22:58:50 +0000] "GET /api/v1/status HTTP/1.1" 401 3473 "https://davis.info" "Mozilla/5.0 (Windows NT 10.0; Win64; x64) AppleWebKit/537.36 (KHTML, like Gecko) Chrome/89.0.4389.82 Safari/537.36" "213.211.21.219"
192.168.0.1 - - [02/Dec/2024:22:58:50 +0000] "GET /api/v1/login HTTP/1.1" 404 4009 "https://hernandez-trevino.com" "Mozilla/5.0 (Windows NT 6.1; WOW64; rv:33.0) Gecko/20100101 Firefox/33.0" "76.220.239.104"
192.168.0.1 - - [14/Nov/2024:22:58:50 +0000] "GET /api/v1/resource HTTP/1.1" 200 1094 "https://holloway.com" "Mozilla/5.0 (Windows NT 10.0; Win64; x64) AppleWebKit/537.36 (KHTML, like Gecko) Chrome/89.0.4389.82 Safari/537.36" "162.85.133.12"
192.168.0.2 - - [06/Dec/2024:22:58:50 +0000] "GET /api/v1/login HTTP/1.1" 200 4716 "https://conner.com" "Mozilla/5.0 (Windows NT 10.0; Win64; x64) AppleWebKit/537.36 (KHTML, like Gecko) Chrome/90.0.4430.85 Safari/537.36" "135.109.58.152"
192.168.0.3 - - [05/Dec/2024:22:58:50 +0000] "GET /api/v1/user HTTP/1.1" 301 4853 "https://sanders-ortiz.com" "Mozilla/5.0 (Windows NT 10.0; Win64; x64) AppleWebKit/537.36 (KHTML, like Gecko) Chrome/89.0.4389.82 Safari/537.36" "3.252.97.65"
192.168.0.1 - - [04/Dec/2024:22:58:50 +0000] "GET /api/v1/data HTTP/1.1" 404 2907 "https://mcbride.net" "Mozilla/5.0 (Windows NT 10.0; Win64; x64) AppleWebKit/537.36 (KHTML, like Gecko) Chrome/90.0.4430.85 Safari/537.36" "94.185.104.250"
192.168.0.2 - - [20/Nov/2024:22:58:50 +0000] "GET /api/v1/login HTTP/1.1" 200 1125 "https://williams.com" "Mozilla/5.0 (Windows NT 10.0; Win64; x64) AppleWebKit/537.36 (KHTML, like Gecko) Chrome/89.0.4389.82 Safari/537.36" "125.205.24.196"
192.168.0.1 - - [08/Dec/2024:22:58:50 +0000] "GET /api/v1/data HTTP/1.1" 301 4322 "https://lang.com" "Mozilla/5.0 (Windows NT 6.1; WOW64; rv:33.0) Gecko/20100101 Firefox/33.0" "197.22.36.158"
192.168.0.3 - - [03/Dec/2024:22:58:50 +0000] "GET /api/v1/login HTTP/1.1" 500 4238 "https://parker.org" "Mozilla/5.0 (Windows NT 6.1; WOW64; rv:33.0) Gecko/20100101 Firefox/33.0" "157.69.15.91"
192.168.0.2 - - [01/Dec/2024:22:58:50 +0000] "GET /api/v1/login HTTP/1.1" 404 3168 "https://campos.com" "Mozilla/5.0 (Windows NT 10.0; Win64; x64) AppleWebKit/537.36 (KHTML, like Gecko) Chrome/89.0.4389.82 Safari/537.36" "22.107.12.155"
192.168.0.2 - - [15/Nov/2024:22:58:50 +0000] "GET /api/v1/user HTTP/1.1" 401 672 "https://stevens-day.net" "Mozilla/5.0 (Windows NT 10.0; Win64; x64) AppleWebKit/537.36 (KHTML, like Gecko) Chrome/90.0.4430.85 Safari/537.36" "80.20.156.212"
192.168.0.1 - - [28/Nov/2024:22:58:50 +0000] "GET /api/v1/status HTTP/1.1" 400 1159 "https://gonzalez-holmes.com" "Mozilla/5.0 (Windows NT 10.0; Win64; x64) AppleWebKit/537.36 (KHTML, like Gecko) Chrome/90.0.4430.85 Safari/537.36" "105.42.244.4"
192.168.0.1 - - [20/Nov/2024:22:58:50 +0000] "GET /api/v1/resource HTTP/1.1" 400 4084 "https://villa.biz" "Mozilla/5.0 (Windows NT 6.1; WOW64; rv:33.0) Gecko/20100101 Firefox/33.0" "48.207.81.39"
192.168.0.3 - - [07/Dec/2024:22:58:50 +0000] "GET /api/v1/resource HTTP/1.1" 400 3044 "https://smith.com" "Mozilla/5.0 (Windows NT 6.1; WOW64; rv:33.0) Gecko/20100101 Firefox/33.0" "155.191.169.189"
192.168.0.1 - - [02/Dec/2024:22:58:50 +0000] "GET /api/v1/resource HTTP/1.1" 500 4844 "https://hopkins.com" "Mozilla/5.0 (Windows NT 10.0; Win64; x64) AppleWebKit/537.36 (KHTML, like Gecko) Chrome/90.0.4430.85 Safari/537.36" "21.4.10.34"
192.168.0.3 - - [02/Dec/2024:22:58:50 +0000] "GET /api/v1/resource HTTP/1.1" 400 825 "https://gibson-lewis.com" "Mozilla/5.0 (Windows NT 6.1; WOW64; rv:33.0) Gecko/20100101 Firefox/33.0" "74.57.49.191"
192.168.0.3 - - [03/Dec/2024:22:58:50 +0000] "GET /api/v1/data HTTP/1.1" 301 4802 "https://martinez.com" "Mozilla/5.0 (Windows NT 10.0; Win64; x64) AppleWebKit/537.36 (KHTML, like Gecko) Chrome/90.0.4430.85 Safari/537.36" "117.155.122.176"
192.168.0.3 - - [21/Nov/2024:22:58:50 +0000] "GET /api/v1/data HTTP/1.1" 500 2620 "https://khan-avila.com" "Mozilla/5.0 (Windows NT 10.0; Win64; x64) AppleWebKit/537.36 (KHTML, like Gecko) Chrome/90.0.4430.85 Safari/537.36" "32.150.227.118"
192.168.0.3 - - [07/Dec/2024:22:58:50 +0000] "GET /api/v1/user HTTP/1.1" 200 2551 "https://thomas-duncan.org" "Mozilla/5.0 (Windows NT 6.1; WOW64; rv:33.0) Gecko/20100101 Firefox/33.0" "94.129.132.228"
192.168.0.1 - - [14/Nov/2024:22:58:50 +0000] "GET /api/v1/status HTTP/1.1" 404 115 "https://watson.com" "Mozilla/5.0 (Windows NT 6.1; WOW64; rv:33.0) Gecko/20100101 Firefox/33.0" "189.28.233.180"
192.168.0.3 - - [27/Nov/2024:22:58:50 +0000] "GET /api/v1/user HTTP/1.1" 404 1137 "https://stephens.com" "Mozilla/5.0 (Windows NT 6.1; WOW64; rv:33.0) Gecko/20100101 Firefox/33.0" "1.60.135.17"
192.168.0.3 - - [10/Nov/2024:22:58:50 +0000] "GET /api/v1/resource HTTP/1.1" 200 4344 "https://leach.net" "Mozilla/5.0 (Windows NT 10.0; Win64; x64) AppleWebKit/537.36 (KHTML, like Gecko) Chrome/89.0.4389.82 Safari/537.36" "148.248.20.19"
192.168.0.2 - - [04/Dec/2024:22:58:50 +0000] "GET /api/v1/status HTTP/1.1" 401 1868 "https://hinton-bennett.com" "Mozilla/5.0 (Windows NT 6.1; WOW64; rv:33.0) Gecko/20100101 Firefox/33.0" "55.180.50.11"
192.168.0.1 - - [05/Dec/2024:22:58:50 +0000] "GET /api/v1/user HTTP/1.1" 400 2211 "https://mendoza-wheeler.com" "Mozilla/5.0 (Windows NT 10.0; Win64; x64) AppleWebKit/537.36 (KHTML, like Gecko) Chrome/90.0.4430.85 Safari/537.36" "17.113.114.223"
192.168.0.2 - - [22/Nov/2024:22:58:50 +0000] "GET /api/v1/status HTTP/1.1" 500 4567 "https://guerrero-barrett.net" "Mozilla/5.0 (Windows NT 6.1; WOW64; rv:33.0) Gecko/20100101 Firefox/33.0" "125.192.196.169"
192.168.0.1 - - [02/Dec/2024:22:58:50 +0000] "GET /api/v1/user HTTP/1.1" 404 1126 "https://stephenson-rivera.com" "Mozilla/5.0 (Windows NT 10.0; Win64; x64) AppleWebKit/537.36 (KHTML, like Gecko) Chrome/90.0.4430.85 Safari/537.36" "106.13.168.30"
192.168.0.3 - - [09/Nov/2024:22:58:50 +0000] "GET /api/v1/data HTTP/1.1" 301 4683 "https://nelson.com" "Mozilla/5.0 (Windows NT 10.0; Win64; x64) AppleWebKit/537.36 (KHTML, like Gecko) Chrome/90.0.4430.85 Safari/537.36" "10.231.213.133"
192.168.0.2 - - [25/Nov/2024:22:58:50 +0000] "GET /api/v1/data HTTP/1.1" 400 3442 "https://haney.net" "Mozilla/5.0 (Windows NT 6.1; WOW64; rv:33.0) Gecko/20100101 Firefox/33.0" "182.22.221.239"
192.168.0.1 - - [17/Nov/2024:22:58:50 +0000] "GET /api/v1/data HTTP/1.1" 404 249 "https://lewis.com" "Mozilla/5.0 (Windows NT 6.1; WOW64; rv:33.0) Gecko/20100101 Firefox/33.0" "136.112.78.9"
