192.168.0.3 - - [03/Dec/2024:22:58:53 +0000] "GET /api/v1/user HTTP/1.1" 200 560 "https://waller-mercado.com" "Mozilla/5.0 (Windows NT 10.0; Win64; x64) AppleWebKit/537.36 (KHTML, like Gecko) Chrome/90.0.4430.85 Safari/537.36" "189.161.244.34"
192.168.0.2 - - [05/Dec/2024:22:58:53 +0000] "GET /api/v1/resource HTTP/1.1" 500 1192 "https://lopez.com" "Mozilla/5.0 (Windows NT 10.0; Win64; x64) AppleWebKit/537.36 (KHTML, like Gecko) Chrome/89.0.4389.82 Safari/537.36" "182.49.241.234"
192.168.0.2 - - [30/Nov/2024:22:58:53 +0000] "GET /api/v1/status HTTP/1.1" 200 4140 "https://harris.com" "Mozilla/5.0 (Windows NT 10.0; Win64; x64) AppleWebKit/537.36 (KHTML, like Gecko) Chrome/90.0.4430.85 Safari/537.36" "157.114.0.231"
192.168.0.1 - - [01/Dec/2024:22:58:53 +0000] "GET /api/v1/resource HTTP/1.1" 400 1386 "https://wilson-harrell.com" "Mozilla/5.0 (Windows NT 10.0; Win64; x64) AppleWebKit/537.36 (KHTML, like Gecko) Chrome/90.0.4430.85 Safari/537.36" "146.37.179.59"
192.168.0.1 - - [30/Nov/2024:22:58:53 +0000] "GET /api/v1/resource HTTP/1.1" 200 4661 "https://kirby.net" "Mozilla/5.0 (Windows NT 6.1; WOW64; rv:33.0) Gecko/20100101 Firefox/33.0" "35.220.121.15"
192.168.0.2 - - [19/Nov/2024:22:58:53 +0000] "GET /api/v1/data HTTP/1.1" 301 344 "https://spence.net" "Mozilla/5.0 (Windows NT 6.1; WOW64; rv:33.0) Gecko/20100101 Firefox/33.0" "134.162.201.160"
192.168.0.3 - - [10/Nov/2024:22:58:53 +0000] "GET /api/v1/status HTTP/1.1" 404 1094 "https://flores.info" "Mozilla/5.0 (Windows NT 10.0; Win64; x64) AppleWebKit/537.36 (KHTML, like Gecko) Chrome/90.0.4430.85 Safari/537.36" "57.19.98.94"
192.168.0.3 - - [23/Nov/2024:22:58:53 +0000] "GET /api/v1/data HTTP/1.1" 401 2268 "https://meyer.org" "Mozilla/5.0 (Windows NT 10.0; Win64; x64) AppleWebKit/537.36 (KHTML, like Gecko) Chrome/89.0.4389.82 Safari/537.36" "40.208.124.33"
192.168.0.2 - - [26/Nov/2024:22:58:53 +0000] "GET /api/v1/user HTTP/1.1" 404 2556 "https://good.biz" "Mozilla/5.0 (Windows NT 10.0; Win64; x64) AppleWebKit/537.36 (KHTML, like Gecko) Chrome/90.0.4430.85 Safari/537.36" "25.255.81.200"
192.168.0.2 - - [08/Nov/2024:22:58:53 +0000] "GET /api/v1/status HTTP/1.1" 404 2398 "https://baker.biz" "Mozilla/5.0 (Windows NT 10.0; Win64; x64) AppleWebKit/537.36 (KHTML, like Gecko) Chrome/90.0.4430.85 Safari/537.36" "7.27.42.20"
192.168.0.2 - - [13/Nov/2024:22:58:53 +0000] "GET /api/v1/data HTTP/1.1" 500 4933 "https://hamilton-thomas.org" "Mozilla/5.0 (Windows NT 6.1; WOW64; rv:33.0) Gecko/20100101 Firefox/33.0" "151.149.176.238"
192.168.0.2 - - [20/Nov/2024:22:58:53 +0000] "GET /api/v1/status HTTP/1.1" 200 272 "https://jordan.com" "Mozilla/5.0 (Windows NT 10.0; Win64; x64) AppleWebKit/537.36 (KHTML, like Gecko) Chrome/89.0.4389.82 Safari/537.36" "18.26.116.159"
192.168.0.1 - - [01/Dec/2024:22:58:53 +0000] "GET /api/v1/login HTTP/1.1" 401 3043 "https://russell.org" "Mozilla/5.0 (Windows NT 10.0; Win64; x64) AppleWebKit/537.36 (KHTML, like Gecko) Chrome/89.0.4389.82 Safari/537.36" "86.219.201.147"
192.168.0.1 - - [18/Nov/2024:22:58:53 +0000] "GET /api/v1/login HTTP/1.1" 200 385 "https://lee.biz" "Mozilla/5.0 (Windows NT 6.1; WOW64; rv:33.0) Gecko/20100101 Firefox/33.0" "4.249.85.27"
192.168.0.3 - - [15/Nov/2024:22:58:53 +0000] "GET /api/v1/data HTTP/1.1" 400 4027 "https://cervantes.com" "Mozilla/5.0 (Windows NT 10.0; Win64; x64) AppleWebKit/537.36 (KHTML, like Gecko) Chrome/90.0.4430.85 Safari/537.36" "115.212.151.146"
192.168.0.1 - - [15/Nov/2024:22:58:53 +0000] "GET /api/v1/resource HTTP/1.1" 500 1360 "https://cain-richards.com" "Mozilla/5.0 (Windows NT 6.1; WOW64; rv:33.0) Gecko/20100101 Firefox/33.0" "9.251.64.163"
192.168.0.3 - - [11/Nov/2024:22:58:53 +0000] "GET /api/v1/user HTTP/1.1" 401 3601 "https://franklin.com" "Mozilla/5.0 (Windows NT 6.1; WOW64; rv:33.0) Gecko/20100101 Firefox/33.0" "90.176.55.34"
192.168.0.3 - - [28/Nov/2024:22:58:53 +0000] "GET /api/v1/status HTTP/1.1" 401 944 "https://andrade.com" "Mozilla/5.0 (Windows NT 10.0; Win64; x64) AppleWebKit/537.36 (KHTML, like Gecko) Chrome/90.0.4430.85 Safari/537.36" "205.204.153.8"
192.168.0.1 - - [03/Dec/2024:22:58:53 +0000] "GET /api/v1/resource HTTP/1.1" 400 1372 "https://hamilton.info" "Mozilla/5.0 (Windows NT 6.1; WOW64; rv:33.0) Gecko/20100101 Firefox/33.0" "190.198.110.94"
192.168.0.1 - - [09/Nov/2024:22:58:53 +0000] "GET /api/v1/status HTTP/1.1" 200 2891 "https://hill-miller.com" "Mozilla/5.0 (Windows NT 6.1; WOW64; rv:33.0) Gecko/20100101 Firefox/33.0" "118.123.60.198"
192.168.0.3 - - [13/Nov/2024:22:58:53 +0000] "GET /api/v1/user HTTP/1.1" 301 4967 "https://hall.com" "Mozilla/5.0 (Windows NT 10.0; Win64; x64) AppleWebKit/537.36 (KHTML, like Gecko) Chrome/90.0.4430.85 Safari/537.36" "193.14.238.128"
192.168.0.2 - - [05/Dec/2024:22:58:53 +0000] "GET /api/v1/user HTTP/1.1" 401 3964 "https://saunders.com" "Mozilla/5.0 (Windows NT 6.1; WOW64; rv:33.0) Gecko/20100101 Firefox/33.0" "189.3.159.108"
192.168.0.1 - - [25/Nov/2024:22:58:53 +0000] "GET /api/v1/user HTTP/1.1" 500 3613 "https://king-baker.info" "Mozilla/5.0 (Windows NT 10.0; Win64; x64) AppleWebKit/537.36 (KHTML, like Gecko) Chrome/89.0.4389.82 Safari/537.36" "5.206.124.91"
192.168.0.2 - - [17/Nov/2024:22:58:53 +0000] "GET /api/v1/user HTTP/1.1" 200 954 "https://kelly-perez.com" "Mozilla/5.0 (Windows NT 6.1; WOW64; rv:33.0) Gecko/20100101 Firefox/33.0" "220.21.134.231"
192.168.0.3 - - [24/Nov/2024:22:58:53 +0000] "GET /api/v1/data HTTP/1.1" 401 4192 "https://mcclure.net" "Mozilla/5.0 (Windows NT 6.1; WOW64; rv:33.0) Gecko/20100101 Firefox/33.0" "78.44.237.75"
192.168.0.2 - - [03/Dec/2024:22:58:53 +0000] "GET /api/v1/status HTTP/1.1" 400 3299 "https://rodriguez-miranda.com" "Mozilla/5.0 (Windows NT 10.0; Win64; x64) AppleWebKit/537.36 (KHTML, like Gecko) Chrome/90.0.4430.85 Safari/537.36" "116.135.120.240"
192.168.0.1 - - [08/Nov/2024:22:58:53 +0000] "GET /api/v1/resource HTTP/1.1" 500 4439 "https://phelps-white.com" "Mozilla/5.0 (Windows NT 10.0; Win64; x64) AppleWebKit/537.36 (KHTML, like Gecko) Chrome/90.0.4430.85 Safari/537.36" "183.20.237.29"
192.168.0.3 - - [26/Nov/2024:22:58:53 +0000] "GET /api/v1/resource HTTP/1.1" 500 677 "https://johnson-villa.biz" "Mozilla/5.0 (Windows NT 10.0; Win64; x64) AppleWebKit/537.36 (KHTML, like Gecko) Chrome/90.0.4430.85 Safari/537.36" "144.205.152.75"
192.168.0.3 - - [22/Nov/2024:22:58:53 +0000] "GET /api/v1/status HTTP/1.1" 200 1206 "https://downs.info" "Mozilla/5.0 (Windows NT 10.0; Win64; x64) AppleWebKit/537.36 (KHTML, like Gecko) Chrome/89.0.4389.82 Safari/537.36" "86.104.26.76"
192.168.0.3 - - [04/Dec/2024:22:58:53 +0000] "GET /api/v1/status HTTP/1.1" 301 621 "https://frey.info" "Mozilla/5.0 (Windows NT 10.0; Win64; x64) AppleWebKit/537.36 (KHTML, like Gecko) Chrome/90.0.4430.85 Safari/537.36" "151.89.80.21"
192.168.0.1 - - [05/Dec/2024:22:58:53 +0000] "GET /api/v1/user HTTP/1.1" 404 269 "https://griffin.com" "Mozilla/5.0 (Windows NT 6.1; WOW64; rv:33.0) Gecko/20100101 Firefox/33.0" "194.217.71.130"
192.168.0.2 - - [09/Nov/2024:22:58:53 +0000] "GET /api/v1/resource HTTP/1.1" 404 3304 "https://ayala.com" "Mozilla/5.0 (Windows NT 10.0; Win64; x64) AppleWebKit/537.36 (KHTML, like Gecko) Chrome/89.0.4389.82 Safari/537.36" "55.99.115.187"
192.168.0.3 - - [01/Dec/2024:22:58:53 +0000] "GET /api/v1/data HTTP/1.1" 401 1739 "https://adkins.org" "Mozilla/5.0 (Windows NT 6.1; WOW64; rv:33.0) Gecko/20100101 Firefox/33.0" "124.138.173.147"
192.168.0.1 - - [04/Dec/2024:22:58:53 +0000] "GET /api/v1/resource HTTP/1.1" 401 3981 "https://thompson-keller.com" "Mozilla/5.0 (Windows NT 10.0; Win64; x64) AppleWebKit/537.36 (KHTML, like Gecko) Chrome/90.0.4430.85 Safari/537.36" "25.209.29.77"
192.168.0.3 - - [12/Nov/2024:22:58:53 +0000] "GET /api/v1/status HTTP/1.1" 401 2685 "https://moreno.net" "Mozilla/5.0 (Windows NT 10.0; Win64; x64) AppleWebKit/537.36 (KHTML, like Gecko) Chrome/89.0.4389.82 Safari/537.36" "203.177.0.153"
192.168.0.2 - - [25/Nov/2024:22:58:53 +0000] "GET /api/v1/resource HTTP/1.1" 200 2677 "https://fields.info" "Mozilla/5.0 (Windows NT 10.0; Win64; x64) AppleWebKit/537.36 (KHTML, like Gecko) Chrome/89.0.4389.82 Safari/537.36" "35.7.58.138"
192.168.0.3 - - [06/Dec/2024:22:58:53 +0000] "GET /api/v1/status HTTP/1.1" 401 2334 "https://glover.com" "Mozilla/5.0 (Windows NT 10.0; Win64; x64) AppleWebKit/537.36 (KHTML, like Gecko) Chrome/89.0.4389.82 Safari/537.36" "169.22.40.26"
192.168.0.1 - - [16/Nov/2024:22:58:53 +0000] "GET /api/v1/user HTTP/1.1" 400 4958 "https://jackson.com" "Mozilla/5.0 (Windows NT 10.0; Win64; x64) AppleWebKit/537.36 (KHTML, like Gecko) Chrome/89.0.4389.82 Safari/537.36" "160.75.4.134"
192.168.0.3 - - [04/Dec/2024:22:58:53 +0000] "GET /api/v1/status HTTP/1.1" 401 4773 "https://miller-martinez.info" "Mozilla/5.0 (Windows NT 6.1; WOW64; rv:33.0) Gecko/20100101 Firefox/33.0" "125.228.93.4"
192.168.0.1 - - [15/Nov/2024:22:58:53 +0000] "GET /api/v1/user HTTP/1.1" 401 4129 "https://armstrong.info" "Mozilla/5.0 (Windows NT 10.0; Win64; x64) AppleWebKit/537.36 (KHTML, like Gecko) Chrome/90.0.4430.85 Safari/537.36" "146.169.141.169"
192.168.0.1 - - [28/Nov/2024:22:58:53 +0000] "GET /api/v1/resource HTTP/1.1" 401 256 "https://shaw.com" "Mozilla/5.0 (Windows NT 10.0; Win64; x64) AppleWebKit/537.36 (KHTML, like Gecko) Chrome/90.0.4430.85 Safari/537.36" "68.5.9.85"
192.168.0.3 - - [03/Dec/2024:22:58:53 +0000] "GET /api/v1/data HTTP/1.1" 404 2053 "https://harris-potter.com" "Mozilla/5.0 (Windows NT 10.0; Win64; x64) AppleWebKit/537.36 (KHTML, like Gecko) Chrome/90.0.4430.85 Safari/537.36" "198.28.30.57"
192.168.0.2 - - [04/Dec/2024:22:58:53 +0000] "GET /api/v1/status HTTP/1.1" 500 2476 "https://hayes.com" "Mozilla/5.0 (Windows NT 10.0; Win64; x64) AppleWebKit/537.36 (KHTML, like Gecko) Chrome/90.0.4430.85 Safari/537.36" "140.199.106.134"
192.168.0.2 - - [14/Nov/2024:22:58:53 +0000] "GET /api/v1/data HTTP/1.1" 404 1652 "https://diaz.com" "Mozilla/5.0 (Windows NT 6.1; WOW64; rv:33.0) Gecko/20100101 Firefox/33.0" "174.151.108.33"
192.168.0.3 - - [01/Dec/2024:22:58:53 +0000] "GET /api/v1/status HTTP/1.1" 500 4095 "https://kim.biz" "Mozilla/5.0 (Windows NT 10.0; Win64; x64) AppleWebKit/537.36 (KHTML, like Gecko) Chrome/89.0.4389.82 Safari/537.36" "69.5.38.179"
192.168.0.3 - - [06/Dec/2024:22:58:53 +0000] "GET /api/v1/data HTTP/1.1" 401 3724 "https://figueroa.org" "Mozilla/5.0 (Windows NT 10.0; Win64; x64) AppleWebKit/537.36 (KHTML, like Gecko) Chrome/89.0.4389.82 Safari/537.36" "117.152.196.162"
192.168.0.2 - - [17/Nov/2024:22:58:53 +0000] "GET /api/v1/user HTTP/1.1" 400 2784 "https://johnson.org" "Mozilla/5.0 (Windows NT 6.1; WOW64; rv:33.0) Gecko/20100101 Firefox/33.0" "149.218.52.189"
192.168.0.3 - - [15/Nov/2024:22:58:53 +0000] "GET /api/v1/user HTTP/1.1" 500 3688 "https://harris-young.com" "Mozilla/5.0 (Windows NT 10.0; Win64; x64) AppleWebKit/537.36 (KHTML, like Gecko) Chrome/89.0.4389.82 Safari/537.36" "43.144.179.129"
192.168.0.3 - - [25/Nov/2024:22:58:53 +0000] "GET /api/v1/login HTTP/1.1" 400 4786 "https://bryant-morrow.com" "Mozilla/5.0 (Windows NT 10.0; Win64; x64) AppleWebKit/537.36 (KHTML, like Gecko) Chrome/90.0.4430.85 Safari/537.36" "198.41.130.109"
192.168.0.1 - - [08/Dec/2024:22:58:53 +0000] "GET /api/v1/resource HTTP/1.1" 301 4669 "https://cantu.com" "Mozilla/5.0 (Windows NT 6.1; WOW64; rv:33.0) Gecko/20100101 Firefox/33.0" "24.125.238.180"
192.168.0.3 - - [14/Nov/2024:22:58:53 +0000] "GET /api/v1/data HTTP/1.1" 200 4050 "https://moore.com" "Mozilla/5.0 (Windows NT 10.0; Win64; x64) AppleWebKit/537.36 (KHTML, like Gecko) Chrome/90.0.4430.85 Safari/537.36" "116.173.7.186"
192.168.0.1 - - [21/Nov/2024:22:58:53 +0000] "GET /api/v1/data HTTP/1.1" 400 4257 "https://rios.org" "Mozilla/5.0 (Windows NT 10.0; Win64; x64) AppleWebKit/537.36 (KHTML, like Gecko) Chrome/90.0.4430.85 Safari/537.36" "2.182.78.36"
192.168.0.3 - - [08/Nov/2024:22:58:53 +0000] "GET /api/v1/user HTTP/1.1" 404 143 "https://hall-tran.org" "Mozilla/5.0 (Windows NT 6.1; WOW64; rv:33.0) Gecko/20100101 Firefox/33.0" "220.238.123.85"
192.168.0.2 - - [20/Nov/2024:22:58:53 +0000] "GET /api/v1/login HTTP/1.1" 404 1988 "https://clay.org" "Mozilla/5.0 (Windows NT 10.0; Win64; x64) AppleWebKit/537.36 (KHTML, like Gecko) Chrome/89.0.4389.82 Safari/537.36" "149.220.50.225"
192.168.0.1 - - [06/Dec/2024:22:58:53 +0000] "GET /api/v1/status HTTP/1.1" 301 618 "https://martinez.com" "Mozilla/5.0 (Windows NT 6.1; WOW64; rv:33.0) Gecko/20100101 Firefox/33.0" "199.125.74.109"
192.168.0.3 - - [05/Dec/2024:22:58:53 +0000] "GET /api/v1/status HTTP/1.1" 404 4365 "https://tate.com" "Mozilla/5.0 (Windows NT 10.0; Win64; x64) AppleWebKit/537.36 (KHTML, like Gecko) Chrome/90.0.4430.85 Safari/537.36" "7.88.84.35"
192.168.0.1 - - [13/Nov/2024:22:58:53 +0000] "GET /api/v1/resource HTTP/1.1" 301 2141 "https://freeman-wallace.com" "Mozilla/5.0 (Windows NT 10.0; Win64; x64) AppleWebKit/537.36 (KHTML, like Gecko) Chrome/89.0.4389.82 Safari/537.36" "123.95.189.203"
192.168.0.1 - - [13/Nov/2024:22:58:53 +0000] "GET /api/v1/status HTTP/1.1" 400 2382 "https://mack-harrington.com" "Mozilla/5.0 (Windows NT 6.1; WOW64; rv:33.0) Gecko/20100101 Firefox/33.0" "42.8.218.99"
192.168.0.2 - - [14/Nov/2024:22:58:53 +0000] "GET /api/v1/user HTTP/1.1" 401 2809 "https://carlson.org" "Mozilla/5.0 (Windows NT 6.1; WOW64; rv:33.0) Gecko/20100101 Firefox/33.0" "72.78.217.71"
192.168.0.1 - - [25/Nov/2024:22:58:53 +0000] "GET /api/v1/user HTTP/1.1" 301 3620 "https://bowman-lee.com" "Mozilla/5.0 (Windows NT 10.0; Win64; x64) AppleWebKit/537.36 (KHTML, like Gecko) Chrome/90.0.4430.85 Safari/537.36" "86.109.224.69"
192.168.0.2 - - [04/Dec/2024:22:58:53 +0000] "GET /api/v1/data HTTP/1.1" 301 3807 "https://rios.com" "Mozilla/5.0 (Windows NT 10.0; Win64; x64) AppleWebKit/537.36 (KHTML, like Gecko) Chrome/89.0.4389.82 Safari/537.36" "143.138.228.184"
192.168.0.1 - - [12/Nov/2024:22:58:53 +0000] "GET /api/v1/status HTTP/1.1" 400 2761 "https://david.com" "Mozilla/5.0 (Windows NT 10.0; Win64; x64) AppleWebKit/537.36 (KHTML, like Gecko) Chrome/90.0.4430.85 Safari/537.36" "102.213.222.82"
192.168.0.2 - - [26/Nov/2024:22:58:53 +0000] "GET /api/v1/resource HTTP/1.1" 400 4946 "https://hawkins.com" "Mozilla/5.0 (Windows NT 10.0; Win64; x64) AppleWebKit/537.36 (KHTML, like Gecko) Chrome/90.0.4430.85 Safari/537.36" "223.196.244.208"
192.168.0.1 - - [10/Nov/2024:22:58:53 +0000] "GET /api/v1/status HTTP/1.1" 301 4874 "https://barr-morrison.com" "Mozilla/5.0 (Windows NT 6.1; WOW64; rv:33.0) Gecko/20100101 Firefox/33.0" "6.207.5.199"
192.168.0.3 - - [30/Nov/2024:22:58:53 +0000] "GET /api/v1/data HTTP/1.1" 404 1683 "https://hoffman.com" "Mozilla/5.0 (Windows NT 10.0; Win64; x64) AppleWebKit/537.36 (KHTML, like Gecko) Chrome/89.0.4389.82 Safari/537.36" "117.8.108.129"
192.168.0.1 - - [12/Nov/2024:22:58:53 +0000] "GET /api/v1/data HTTP/1.1" 401 664 "https://jordan.biz" "Mozilla/5.0 (Windows NT 10.0; Win64; x64) AppleWebKit/537.36 (KHTML, like Gecko) Chrome/89.0.4389.82 Safari/537.36" "73.186.246.211"
192.168.0.1 - - [26/Nov/2024:22:58:53 +0000] "GET /api/v1/login HTTP/1.1" 401 4921 "https://robinson.com" "Mozilla/5.0 (Windows NT 6.1; WOW64; rv:33.0) Gecko/20100101 Firefox/33.0" "222.182.148.181"
192.168.0.2 - - [08/Dec/2024:22:58:53 +0000] "GET /api/v1/data HTTP/1.1" 301 2394 "https://brooks.com" "Mozilla/5.0 (Windows NT 6.1; WOW64; rv:33.0) Gecko/20100101 Firefox/33.0" "167.246.56.97"
192.168.0.1 - - [12/Nov/2024:22:58:53 +0000] "GET /api/v1/resource HTTP/1.1" 404 1222 "https://foster-rowe.org" "Mozilla/5.0 (Windows NT 10.0; Win64; x64) AppleWebKit/537.36 (KHTML, like Gecko) Chrome/90.0.4430.85 Safari/537.36" "121.2.242.147"
192.168.0.1 - - [20/Nov/2024:22:58:53 +0000] "GET /api/v1/resource HTTP/1.1" 404 1106 "https://ingram.info" "Mozilla/5.0 (Windows NT 10.0; Win64; x64) AppleWebKit/537.36 (KHTML, like Gecko) Chrome/90.0.4430.85 Safari/537.36" "113.180.241.155"
192.168.0.2 - - [26/Nov/2024:22:58:53 +0000] "GET /api/v1/resource HTTP/1.1" 404 823 "https://terrell.org" "Mozilla/5.0 (Windows NT 10.0; Win64; x64) AppleWebKit/537.36 (KHTML, like Gecko) Chrome/90.0.4430.85 Safari/537.36" "94.4.234.78"
192.168.0.3 - - [18/Nov/2024:22:58:53 +0000] "GET /api/v1/data HTTP/1.1" 301 3647 "https://lam-roman.com" "Mozilla/5.0 (Windows NT 6.1; WOW64; rv:33.0) Gecko/20100101 Firefox/33.0" "76.238.28.179"
192.168.0.3 - - [01/Dec/2024:22:58:53 +0000] "GET /api/v1/user HTTP/1.1" 400 2195 "https://banks.com" "Mozilla/5.0 (Windows NT 6.1; WOW64; rv:33.0) Gecko/20100101 Firefox/33.0" "99.242.7.166"
192.168.0.2 - - [07/Dec/2024:22:58:53 +0000] "GET /api/v1/data HTTP/1.1" 401 4093 "https://lowe-anderson.info" "Mozilla/5.0 (Windows NT 10.0; Win64; x64) AppleWebKit/537.36 (KHTML, like Gecko) Chrome/89.0.4389.82 Safari/537.36" "174.125.73.86"
192.168.0.2 - - [19/Nov/2024:22:58:53 +0000] "GET /api/v1/login HTTP/1.1" 404 2491 "https://davidson.com" "Mozilla/5.0 (Windows NT 10.0; Win64; x64) AppleWebKit/537.36 (KHTML, like Gecko) Chrome/89.0.4389.82 Safari/537.36" "70.191.12.136"
192.168.0.3 - - [18/Nov/2024:22:58:53 +0000] "GET /api/v1/user HTTP/1.1" 200 599 "https://cochran.net" "Mozilla/5.0 (Windows NT 10.0; Win64; x64) AppleWebKit/537.36 (KHTML, like Gecko) Chrome/89.0.4389.82 Safari/537.36" "43.130.108.35"
192.168.0.2 - - [12/Nov/2024:22:58:53 +0000] "GET /api/v1/resource HTTP/1.1" 301 663 "https://keith.com" "Mozilla/5.0 (Windows NT 10.0; Win64; x64) AppleWebKit/537.36 (KHTML, like Gecko) Chrome/89.0.4389.82 Safari/537.36" "103.99.232.170"
192.168.0.3 - - [04/Dec/2024:22:58:53 +0000] "GET /api/v1/data HTTP/1.1" 301 1502 "https://kim.com" "Mozilla/5.0 (Windows NT 10.0; Win64; x64) AppleWebKit/537.36 (KHTML, like Gecko) Chrome/90.0.4430.85 Safari/537.36" "150.211.0.99"
192.168.0.1 - - [30/Nov/2024:22:58:53 +0000] "GET /api/v1/status HTTP/1.1" 400 4880 "https://reyes.biz" "Mozilla/5.0 (Windows NT 6.1; WOW64; rv:33.0) Gecko/20100101 Firefox/33.0" "115.248.179.243"
192.168.0.2 - - [04/Dec/2024:22:58:53 +0000] "GET /api/v1/login HTTP/1.1" 400 3917 "https://mitchell.com" "Mozilla/5.0 (Windows NT 10.0; Win64; x64) AppleWebKit/537.36 (KHTML, like Gecko) Chrome/89.0.4389.82 Safari/537.36" "134.235.40.54"
192.168.0.3 - - [23/Nov/2024:22:58:53 +0000] "GET /api/v1/data HTTP/1.1" 404 165 "https://owens.org" "Mozilla/5.0 (Windows NT 10.0; Win64; x64) AppleWebKit/537.36 (KHTML, like Gecko) Chrome/89.0.4389.82 Safari/537.36" "168.90.65.184"
192.168.0.1 - - [15/Nov/2024:22:58:53 +0000] "GET /api/v1/status HTTP/1.1" 400 2703 "https://perkins-hurley.biz" "Mozilla/5.0 (Windows NT 10.0; Win64; x64) AppleWebKit/537.36 (KHTML, like Gecko) Chrome/90.0.4430.85 Safari/537.36" "122.122.236.44"
192.168.0.1 - - [08/Nov/2024:22:58:53 +0000] "GET /api/v1/resource HTTP/1.1" 404 1807 "https://stout.org" "Mozilla/5.0 (Windows NT 6.1; WOW64; rv:33.0) Gecko/20100101 Firefox/33.0" "59.246.10.105"
192.168.0.1 - - [22/Nov/2024:22:58:53 +0000] "GET /api/v1/login HTTP/1.1" 404 4755 "https://ballard.com" "Mozilla/5.0 (Windows NT 6.1; WOW64; rv:33.0) Gecko/20100101 Firefox/33.0" "11.219.143.96"
192.168.0.3 - - [07/Dec/2024:22:58:53 +0000] "GET /api/v1/user HTTP/1.1" 401 4649 "https://gomez-sandoval.info" "Mozilla/5.0 (Windows NT 10.0; Win64; x64) AppleWebKit/537.36 (KHTML, like Gecko) Chrome/90.0.4430.85 Safari/537.36" "167.182.86.52"
192.168.0.1 - - [12/Nov/2024:22:58:53 +0000] "GET /api/v1/login HTTP/1.1" 301 2748 "https://beck-rodriguez.com" "Mozilla/5.0 (Windows NT 10.0; Win64; x64) AppleWebKit/537.36 (KHTML, like Gecko) Chrome/89.0.4389.82 Safari/537.36" "82.3.103.141"
192.168.0.3 - - [22/Nov/2024:22:58:53 +0000] "GET /api/v1/login HTTP/1.1" 301 689 "https://jackson-edwards.com" "Mozilla/5.0 (Windows NT 10.0; Win64; x64) AppleWebKit/537.36 (KHTML, like Gecko) Chrome/90.0.4430.85 Safari/537.36" "24.223.82.212"
192.168.0.3 - - [08/Dec/2024:22:58:53 +0000] "GET /api/v1/status HTTP/1.1" 401 410 "https://parker.com" "Mozilla/5.0 (Windows NT 10.0; Win64; x64) AppleWebKit/537.36 (KHTML, like Gecko) Chrome/89.0.4389.82 Safari/537.36" "39.62.102.220"
192.168.0.1 - - [08/Dec/2024:22:58:53 +0000] "GET /api/v1/resource HTTP/1.1" 500 3073 "https://ross-hooper.com" "Mozilla/5.0 (Windows NT 6.1; WOW64; rv:33.0) Gecko/20100101 Firefox/33.0" "208.205.225.172"
192.168.0.2 - - [06/Dec/2024:22:58:53 +0000] "GET /api/v1/login HTTP/1.1" 404 613 "https://harper-fowler.info" "Mozilla/5.0 (Windows NT 6.1; WOW64; rv:33.0) Gecko/20100101 Firefox/33.0" "156.143.169.254"
192.168.0.3 - - [08/Nov/2024:22:58:53 +0000] "GET /api/v1/user HTTP/1.1" 301 4522 "https://decker-phillips.net" "Mozilla/5.0 (Windows NT 10.0; Win64; x64) AppleWebKit/537.36 (KHTML, like Gecko) Chrome/89.0.4389.82 Safari/537.36" "179.147.245.170"
192.168.0.1 - - [27/Nov/2024:22:58:53 +0000] "GET /api/v1/user HTTP/1.1" 404 1910 "https://williams-byrd.com" "Mozilla/5.0 (Windows NT 10.0; Win64; x64) AppleWebKit/537.36 (KHTML, like Gecko) Chrome/89.0.4389.82 Safari/537.36" "49.27.132.183"
192.168.0.3 - - [06/Dec/2024:22:58:53 +0000] "GET /api/v1/resource HTTP/1.1" 400 4126 "https://benjamin.org" "Mozilla/5.0 (Windows NT 10.0; Win64; x64) AppleWebKit/537.36 (KHTML, like Gecko) Chrome/89.0.4389.82 Safari/537.36" "23.214.24.159"
192.168.0.2 - - [07/Dec/2024:22:58:53 +0000] "GET /api/v1/login HTTP/1.1" 400 904 "https://wilson.com" "Mozilla/5.0 (Windows NT 10.0; Win64; x64) AppleWebKit/537.36 (KHTML, like Gecko) Chrome/90.0.4430.85 Safari/537.36" "124.38.226.238"
192.168.0.3 - - [22/Nov/2024:22:58:53 +0000] "GET /api/v1/login HTTP/1.1" 401 3654 "https://franklin.com" "Mozilla/5.0 (Windows NT 10.0; Win64; x64) AppleWebKit/537.36 (KHTML, like Gecko) Chrome/90.0.4430.85 Safari/537.36" "99.48.127.69"
192.168.0.1 - - [07/Dec/2024:22:58:53 +0000] "GET /api/v1/status HTTP/1.1" 404 4567 "https://doyle.com" "Mozilla/5.0 (Windows NT 10.0; Win64; x64) AppleWebKit/537.36 (KHTML, like Gecko) Chrome/90.0.4430.85 Safari/537.36" "202.187.225.201"
192.168.0.2 - - [29/Nov/2024:22:58:53 +0000] "GET /api/v1/user HTTP/1.1" 500 496 "https://robertson.com" "Mozilla/5.0 (Windows NT 10.0; Win64; x64) AppleWebKit/537.36 (KHTML, like Gecko) Chrome/90.0.4430.85 Safari/537.36" "1.221.125.168"
192.168.0.3 - - [23/Nov/2024:22:58:53 +0000] "GET /api/v1/resource HTTP/1.1" 200 1326 "https://alexander-owens.com" "Mozilla/5.0 (Windows NT 6.1; WOW64; rv:33.0) Gecko/20100101 Firefox/33.0" "193.168.232.84"
192.168.0.3 - - [02/Dec/2024:22:58:53 +0000] "GET /api/v1/status HTTP/1.1" 200 107 "https://vaughn.com" "Mozilla/5.0 (Windows NT 6.1; WOW64; rv:33.0) Gecko/20100101 Firefox/33.0" "195.22.200.230"
192.168.0.1 - - [02/Dec/2024:22:58:53 +0000] "GET /api/v1/resource HTTP/1.1" 400 1445 "https://bush.org" "Mozilla/5.0 (Windows NT 6.1; WOW64; rv:33.0) Gecko/20100101 Firefox/33.0" "43.238.42.10"
192.168.0.3 - - [03/Dec/2024:22:58:53 +0000] "GET /api/v1/data HTTP/1.1" 500 4042 "https://harris-copeland.com" "Mozilla/5.0 (Windows NT 6.1; WOW64; rv:33.0) Gecko/20100101 Firefox/33.0" "94.76.30.162"
192.168.0.3 - - [18/Nov/2024:22:58:53 +0000] "GET /api/v1/login HTTP/1.1" 404 4455 "https://simmons-nelson.com" "Mozilla/5.0 (Windows NT 10.0; Win64; x64) AppleWebKit/537.36 (KHTML, like Gecko) Chrome/89.0.4389.82 Safari/537.36" "52.83.203.22"
192.168.0.2 - - [27/Nov/2024:22:58:53 +0000] "GET /api/v1/resource HTTP/1.1" 404 2377 "https://brown.net" "Mozilla/5.0 (Windows NT 10.0; Win64; x64) AppleWebKit/537.36 (KHTML, like Gecko) Chrome/90.0.4430.85 Safari/537.36" "70.43.230.76"
192.168.0.3 - - [09/Nov/2024:22:58:53 +0000] "GET /api/v1/login HTTP/1.1" 500 4042 "https://curtis.com" "Mozilla/5.0 (Windows NT 6.1; WOW64; rv:33.0) Gecko/20100101 Firefox/33.0" "204.48.7.190"
192.168.0.1 - - [06/Dec/2024:22:58:53 +0000] "GET /api/v1/status HTTP/1.1" 404 417 "https://jackson.com" "Mozilla/5.0 (Windows NT 6.1; WOW64; rv:33.0) Gecko/20100101 Firefox/33.0" "6.75.240.218"
192.168.0.2 - - [26/Nov/2024:22:58:53 +0000] "GET /api/v1/resource HTTP/1.1" 401 1863 "https://petersen.com" "Mozilla/5.0 (Windows NT 6.1; WOW64; rv:33.0) Gecko/20100101 Firefox/33.0" "114.158.108.154"
192.168.0.2 - - [07/Dec/2024:22:58:53 +0000] "GET /api/v1/user HTTP/1.1" 301 997 "https://jones.com" "Mozilla/5.0 (Windows NT 6.1; WOW64; rv:33.0) Gecko/20100101 Firefox/33.0" "157.238.182.79"
192.168.0.1 - - [13/Nov/2024:22:58:53 +0000] "GET /api/v1/login HTTP/1.1" 500 770 "https://brown-rodriguez.com" "Mozilla/5.0 (Windows NT 10.0; Win64; x64) AppleWebKit/537.36 (KHTML, like Gecko) Chrome/90.0.4430.85 Safari/537.36" "4.54.210.20"
192.168.0.1 - - [25/Nov/2024:22:58:53 +0000] "GET /api/v1/user HTTP/1.1" 404 1878 "https://smith.com" "Mozilla/5.0 (Windows NT 10.0; Win64; x64) AppleWebKit/537.36 (KHTML, like Gecko) Chrome/90.0.4430.85 Safari/537.36" "20.77.169.47"
192.168.0.3 - - [22/Nov/2024:22:58:53 +0000] "GET /api/v1/login HTTP/1.1" 404 558 "https://harmon.biz" "Mozilla/5.0 (Windows NT 10.0; Win64; x64) AppleWebKit/537.36 (KHTML, like Gecko) Chrome/89.0.4389.82 Safari/537.36" "22.183.231.5"
192.168.0.2 - - [12/Nov/2024:22:58:53 +0000] "GET /api/v1/login HTTP/1.1" 200 255 "https://coleman.com" "Mozilla/5.0 (Windows NT 10.0; Win64; x64) AppleWebKit/537.36 (KHTML, like Gecko) Chrome/89.0.4389.82 Safari/537.36" "149.133.20.203"
192.168.0.2 - - [11/Nov/2024:22:58:53 +0000] "GET /api/v1/user HTTP/1.1" 500 290 "https://wiggins-gilbert.com" "Mozilla/5.0 (Windows NT 10.0; Win64; x64) AppleWebKit/537.36 (KHTML, like Gecko) Chrome/89.0.4389.82 Safari/537.36" "59.110.140.34"
192.168.0.1 - - [01/Dec/2024:22:58:53 +0000] "GET /api/v1/login HTTP/1.1" 200 3687 "https://warren-johnson.com" "Mozilla/5.0 (Windows NT 6.1; WOW64; rv:33.0) Gecko/20100101 Firefox/33.0" "25.11.55.132"
192.168.0.1 - - [21/Nov/2024:22:58:53 +0000] "GET /api/v1/login HTTP/1.1" 500 626 "https://pacheco.com" "Mozilla/5.0 (Windows NT 10.0; Win64; x64) AppleWebKit/537.36 (KHTML, like Gecko) Chrome/90.0.4430.85 Safari/537.36" "16.4.52.52"
192.168.0.2 - - [24/Nov/2024:22:58:53 +0000] "GET /api/v1/data HTTP/1.1" 200 2191 "https://guerrero.com" "Mozilla/5.0 (Windows NT 10.0; Win64; x64) AppleWebKit/537.36 (KHTML, like Gecko) Chrome/90.0.4430.85 Safari/537.36" "168.31.106.241"
192.168.0.1 - - [23/Nov/2024:22:58:53 +0000] "GET /api/v1/resource HTTP/1.1" 500 468 "https://green.info" "Mozilla/5.0 (Windows NT 10.0; Win64; x64) AppleWebKit/537.36 (KHTML, like Gecko) Chrome/90.0.4430.85 Safari/537.36" "57.223.138.236"
192.168.0.2 - - [04/Dec/2024:22:58:53 +0000] "GET /api/v1/resource HTTP/1.1" 404 3777 "https://ramos.com" "Mozilla/5.0 (Windows NT 10.0; Win64; x64) AppleWebKit/537.36 (KHTML, like Gecko) Chrome/90.0.4430.85 Safari/537.36" "13.167.208.185"
192.168.0.3 - - [21/Nov/2024:22:58:53 +0000] "GET /api/v1/resource HTTP/1.1" 200 3330 "https://house.com" "Mozilla/5.0 (Windows NT 6.1; WOW64; rv:33.0) Gecko/20100101 Firefox/33.0" "1.158.67.227"
192.168.0.3 - - [18/Nov/2024:22:58:53 +0000] "GET /api/v1/data HTTP/1.1" 200 3346 "https://garcia.com" "Mozilla/5.0 (Windows NT 10.0; Win64; x64) AppleWebKit/537.36 (KHTML, like Gecko) Chrome/90.0.4430.85 Safari/537.36" "69.187.141.39"
192.168.0.1 - - [07/Dec/2024:22:58:53 +0000] "GET /api/v1/resource HTTP/1.1" 500 2092 "https://smith.com" "Mozilla/5.0 (Windows NT 6.1; WOW64; rv:33.0) Gecko/20100101 Firefox/33.0" "31.128.78.22"
192.168.0.3 - - [13/Nov/2024:22:58:53 +0000] "GET /api/v1/status HTTP/1.1" 401 1108 "https://hoffman-smith.net" "Mozilla/5.0 (Windows NT 6.1; WOW64; rv:33.0) Gecko/20100101 Firefox/33.0" "135.244.54.208"
192.168.0.2 - - [18/Nov/2024:22:58:53 +0000] "GET /api/v1/resource HTTP/1.1" 401 1392 "https://baker-hanson.com" "Mozilla/5.0 (Windows NT 6.1; WOW64; rv:33.0) Gecko/20100101 Firefox/33.0" "150.175.150.65"
192.168.0.1 - - [22/Nov/2024:22:58:53 +0000] "GET /api/v1/login HTTP/1.1" 301 876 "https://fernandez.org" "Mozilla/5.0 (Windows NT 10.0; Win64; x64) AppleWebKit/537.36 (KHTML, like Gecko) Chrome/89.0.4389.82 Safari/537.36" "52.177.244.189"
192.168.0.2 - - [20/Nov/2024:22:58:53 +0000] "GET /api/v1/data HTTP/1.1" 401 4667 "https://chang-ryan.net" "Mozilla/5.0 (Windows NT 10.0; Win64; x64) AppleWebKit/537.36 (KHTML, like Gecko) Chrome/90.0.4430.85 Safari/537.36" "3.14.234.234"
192.168.0.1 - - [24/Nov/2024:22:58:53 +0000] "GET /api/v1/data HTTP/1.1" 401 559 "https://richards.org" "Mozilla/5.0 (Windows NT 6.1; WOW64; rv:33.0) Gecko/20100101 Firefox/33.0" "152.137.178.143"
192.168.0.3 - - [23/Nov/2024:22:58:53 +0000] "GET /api/v1/user HTTP/1.1" 301 1347 "https://medina.com" "Mozilla/5.0 (Windows NT 6.1; WOW64; rv:33.0) Gecko/20100101 Firefox/33.0" "136.68.81.96"
192.168.0.1 - - [17/Nov/2024:22:58:53 +0000] "GET /api/v1/resource HTTP/1.1" 500 4379 "https://edwards.biz" "Mozilla/5.0 (Windows NT 10.0; Win64; x64) AppleWebKit/537.36 (KHTML, like Gecko) Chrome/90.0.4430.85 Safari/537.36" "25.24.36.174"
192.168.0.3 - - [13/Nov/2024:22:58:53 +0000] "GET /api/v1/user HTTP/1.1" 500 1387 "https://ferguson.net" "Mozilla/5.0 (Windows NT 6.1; WOW64; rv:33.0) Gecko/20100101 Firefox/33.0" "216.160.178.244"
192.168.0.2 - - [26/Nov/2024:22:58:53 +0000] "GET /api/v1/status HTTP/1.1" 200 3642 "https://jackson.net" "Mozilla/5.0 (Windows NT 10.0; Win64; x64) AppleWebKit/537.36 (KHTML, like Gecko) Chrome/89.0.4389.82 Safari/537.36" "184.190.62.190"
192.168.0.2 - - [23/Nov/2024:22:58:53 +0000] "GET /api/v1/data HTTP/1.1" 404 1358 "https://williams.com" "Mozilla/5.0 (Windows NT 10.0; Win64; x64) AppleWebKit/537.36 (KHTML, like Gecko) Chrome/90.0.4430.85 Safari/537.36" "134.208.92.142"
192.168.0.1 - - [22/Nov/2024:22:58:53 +0000] "GET /api/v1/data HTTP/1.1" 404 3382 "https://white-gonzales.com" "Mozilla/5.0 (Windows NT 10.0; Win64; x64) AppleWebKit/537.36 (KHTML, like Gecko) Chrome/90.0.4430.85 Safari/537.36" "210.198.176.155"
192.168.0.1 - - [29/Nov/2024:22:58:53 +0000] "GET /api/v1/login HTTP/1.1" 500 3248 "https://ibarra.net" "Mozilla/5.0 (Windows NT 10.0; Win64; x64) AppleWebKit/537.36 (KHTML, like Gecko) Chrome/90.0.4430.85 Safari/537.36" "12.171.174.39"
192.168.0.1 - - [16/Nov/2024:22:58:53 +0000] "GET /api/v1/login HTTP/1.1" 200 3561 "https://berry.net" "Mozilla/5.0 (Windows NT 6.1; WOW64; rv:33.0) Gecko/20100101 Firefox/33.0" "193.217.236.195"
192.168.0.2 - - [12/Nov/2024:22:58:53 +0000] "GET /api/v1/data HTTP/1.1" 404 234 "https://carter-noble.com" "Mozilla/5.0 (Windows NT 10.0; Win64; x64) AppleWebKit/537.36 (KHTML, like Gecko) Chrome/89.0.4389.82 Safari/537.36" "9.250.84.160"
192.168.0.3 - - [29/Nov/2024:22:58:53 +0000] "GET /api/v1/user HTTP/1.1" 400 2009 "https://herrera-clark.net" "Mozilla/5.0 (Windows NT 10.0; Win64; x64) AppleWebKit/537.36 (KHTML, like Gecko) Chrome/89.0.4389.82 Safari/537.36" "160.129.156.181"
192.168.0.1 - - [13/Nov/2024:22:58:53 +0000] "GET /api/v1/data HTTP/1.1" 400 3269 "https://martinez.info" "Mozilla/5.0 (Windows NT 6.1; WOW64; rv:33.0) Gecko/20100101 Firefox/33.0" "222.17.220.126"
192.168.0.2 - - [29/Nov/2024:22:58:53 +0000] "GET /api/v1/user HTTP/1.1" 301 1745 "https://deleon.com" "Mozilla/5.0 (Windows NT 10.0; Win64; x64) AppleWebKit/537.36 (KHTML, like Gecko) Chrome/89.0.4389.82 Safari/537.36" "159.161.193.31"
192.168.0.3 - - [03/Dec/2024:22:58:53 +0000] "GET /api/v1/data HTTP/1.1" 404 2707 "https://harris-rodriguez.com" "Mozilla/5.0 (Windows NT 10.0; Win64; x64) AppleWebKit/537.36 (KHTML, like Gecko) Chrome/90.0.4430.85 Safari/537.36" "133.108.236.12"
192.168.0.2 - - [08/Dec/2024:22:58:53 +0000] "GET /api/v1/status HTTP/1.1" 400 1666 "https://hanson-hunter.biz" "Mozilla/5.0 (Windows NT 10.0; Win64; x64) AppleWebKit/537.36 (KHTML, like Gecko) Chrome/89.0.4389.82 Safari/537.36" "121.37.248.254"
192.168.0.3 - - [17/Nov/2024:22:58:53 +0000] "GET /api/v1/user HTTP/1.1" 301 253 "https://smith.com" "Mozilla/5.0 (Windows NT 10.0; Win64; x64) AppleWebKit/537.36 (KHTML, like Gecko) Chrome/90.0.4430.85 Safari/537.36" "162.127.25.179"
192.168.0.1 - - [23/Nov/2024:22:58:53 +0000] "GET /api/v1/data HTTP/1.1" 404 1062 "https://rodriguez.com" "Mozilla/5.0 (Windows NT 6.1; WOW64; rv:33.0) Gecko/20100101 Firefox/33.0" "223.113.234.201"
192.168.0.1 - - [11/Nov/2024:22:58:53 +0000] "GET /api/v1/resource HTTP/1.1" 200 211 "https://gonzalez.com" "Mozilla/5.0 (Windows NT 10.0; Win64; x64) AppleWebKit/537.36 (KHTML, like Gecko) Chrome/90.0.4430.85 Safari/537.36" "98.13.127.59"
192.168.0.3 - - [08/Nov/2024:22:58:53 +0000] "GET /api/v1/status HTTP/1.1" 404 568 "https://garcia-duran.net" "Mozilla/5.0 (Windows NT 10.0; Win64; x64) AppleWebKit/537.36 (KHTML, like Gecko) Chrome/89.0.4389.82 Safari/537.36" "206.30.142.155"
192.168.0.2 - - [15/Nov/2024:22:58:53 +0000] "GET /api/v1/data HTTP/1.1" 500 3320 "https://stone.biz" "Mozilla/5.0 (Windows NT 10.0; Win64; x64) AppleWebKit/537.36 (KHTML, like Gecko) Chrome/90.0.4430.85 Safari/537.36" "144.231.92.81"
192.168.0.3 - - [15/Nov/2024:22:58:53 +0000] "GET /api/v1/login HTTP/1.1" 401 2700 "https://johnson-roach.com" "Mozilla/5.0 (Windows NT 10.0; Win64; x64) AppleWebKit/537.36 (KHTML, like Gecko) Chrome/89.0.4389.82 Safari/537.36" "40.10.161.144"
192.168.0.2 - - [17/Nov/2024:22:58:53 +0000] "GET /api/v1/login HTTP/1.1" 500 350 "https://walsh-long.com" "Mozilla/5.0 (Windows NT 6.1; WOW64; rv:33.0) Gecko/20100101 Firefox/33.0" "181.237.254.31"
192.168.0.3 - - [17/Nov/2024:22:58:53 +0000] "GET /api/v1/login HTTP/1.1" 404 1221 "https://copeland.com" "Mozilla/5.0 (Windows NT 10.0; Win64; x64) AppleWebKit/537.36 (KHTML, like Gecko) Chrome/90.0.4430.85 Safari/537.36" "140.193.249.245"
192.168.0.1 - - [17/Nov/2024:22:58:53 +0000] "GET /api/v1/login HTTP/1.1" 400 4556 "https://smith.com" "Mozilla/5.0 (Windows NT 10.0; Win64; x64) AppleWebKit/537.36 (KHTML, like Gecko) Chrome/90.0.4430.85 Safari/537.36" "111.97.95.187"
192.168.0.2 - - [19/Nov/2024:22:58:53 +0000] "GET /api/v1/data HTTP/1.1" 400 394 "https://turner-henry.com" "Mozilla/5.0 (Windows NT 10.0; Win64; x64) AppleWebKit/537.36 (KHTML, like Gecko) Chrome/90.0.4430.85 Safari/537.36" "120.85.151.217"
192.168.0.3 - - [28/Nov/2024:22:58:53 +0000] "GET /api/v1/user HTTP/1.1" 200 202 "https://brady.info" "Mozilla/5.0 (Windows NT 10.0; Win64; x64) AppleWebKit/537.36 (KHTML, like Gecko) Chrome/89.0.4389.82 Safari/537.36" "134.97.50.88"
192.168.0.3 - - [22/Nov/2024:22:58:53 +0000] "GET /api/v1/login HTTP/1.1" 400 3468 "https://schaefer.biz" "Mozilla/5.0 (Windows NT 6.1; WOW64; rv:33.0) Gecko/20100101 Firefox/33.0" "3.222.4.39"
192.168.0.3 - - [13/Nov/2024:22:58:53 +0000] "GET /api/v1/login HTTP/1.1" 400 2553 "https://anderson.net" "Mozilla/5.0 (Windows NT 6.1; WOW64; rv:33.0) Gecko/20100101 Firefox/33.0" "104.73.249.114"
192.168.0.2 - - [11/Nov/2024:22:58:53 +0000] "GET /api/v1/status HTTP/1.1" 500 595 "https://roberts.biz" "Mozilla/5.0 (Windows NT 10.0; Win64; x64) AppleWebKit/537.36 (KHTML, like Gecko) Chrome/89.0.4389.82 Safari/537.36" "212.42.86.200"
192.168.0.1 - - [20/Nov/2024:22:58:53 +0000] "GET /api/v1/status HTTP/1.1" 400 3229 "https://wall-allen.org" "Mozilla/5.0 (Windows NT 10.0; Win64; x64) AppleWebKit/537.36 (KHTML, like Gecko) Chrome/89.0.4389.82 Safari/537.36" "187.250.124.231"
192.168.0.3 - - [08/Dec/2024:22:58:53 +0000] "GET /api/v1/login HTTP/1.1" 400 1372 "https://bailey.info" "Mozilla/5.0 (Windows NT 10.0; Win64; x64) AppleWebKit/537.36 (KHTML, like Gecko) Chrome/90.0.4430.85 Safari/537.36" "170.227.12.205"
192.168.0.1 - - [17/Nov/2024:22:58:53 +0000] "GET /api/v1/data HTTP/1.1" 301 4531 "https://sutton.biz" "Mozilla/5.0 (Windows NT 10.0; Win64; x64) AppleWebKit/537.36 (KHTML, like Gecko) Chrome/90.0.4430.85 Safari/537.36" "137.208.254.91"
192.168.0.2 - - [24/Nov/2024:22:58:53 +0000] "GET /api/v1/login HTTP/1.1" 404 3334 "https://mitchell-rollins.com" "Mozilla/5.0 (Windows NT 10.0; Win64; x64) AppleWebKit/537.36 (KHTML, like Gecko) Chrome/89.0.4389.82 Safari/537.36" "21.142.156.79"
192.168.0.1 - - [06/Dec/2024:22:58:53 +0000] "GET /api/v1/data HTTP/1.1" 500 2201 "https://morris.com" "Mozilla/5.0 (Windows NT 10.0; Win64; x64) AppleWebKit/537.36 (KHTML, like Gecko) Chrome/90.0.4430.85 Safari/537.36" "4.114.107.7"
192.168.0.3 - - [29/Nov/2024:22:58:53 +0000] "GET /api/v1/login HTTP/1.1" 500 308 "https://green.com" "Mozilla/5.0 (Windows NT 10.0; Win64; x64) AppleWebKit/537.36 (KHTML, like Gecko) Chrome/89.0.4389.82 Safari/537.36" "146.177.250.74"
192.168.0.1 - - [28/Nov/2024:22:58:53 +0000] "GET /api/v1/data HTTP/1.1" 200 4802 "https://sullivan.com" "Mozilla/5.0 (Windows NT 10.0; Win64; x64) AppleWebKit/537.36 (KHTML, like Gecko) Chrome/89.0.4389.82 Safari/537.36" "166.44.54.52"
192.168.0.2 - - [21/Nov/2024:22:58:53 +0000] "GET /api/v1/user HTTP/1.1" 404 191 "https://molina-hall.org" "Mozilla/5.0 (Windows NT 6.1; WOW64; rv:33.0) Gecko/20100101 Firefox/33.0" "90.93.106.127"
192.168.0.2 - - [28/Nov/2024:22:58:53 +0000] "GET /api/v1/login HTTP/1.1" 301 872 "https://nguyen.com" "Mozilla/5.0 (Windows NT 6.1; WOW64; rv:33.0) Gecko/20100101 Firefox/33.0" "98.99.119.100"
192.168.0.2 - - [11/Nov/2024:22:58:53 +0000] "GET /api/v1/status HTTP/1.1" 500 869 "https://snyder.com" "Mozilla/5.0 (Windows NT 10.0; Win64; x64) AppleWebKit/537.36 (KHTML, like Gecko) Chrome/90.0.4430.85 Safari/537.36" "144.126.28.101"
192.168.0.3 - - [04/Dec/2024:22:58:53 +0000] "GET /api/v1/login HTTP/1.1" 200 2758 "https://joyce.biz" "Mozilla/5.0 (Windows NT 6.1; WOW64; rv:33.0) Gecko/20100101 Firefox/33.0" "108.136.29.152"
192.168.0.3 - - [01/Dec/2024:22:58:53 +0000] "GET /api/v1/login HTTP/1.1" 500 2742 "https://huff.org" "Mozilla/5.0 (Windows NT 6.1; WOW64; rv:33.0) Gecko/20100101 Firefox/33.0" "35.162.177.102"
192.168.0.1 - - [11/Nov/2024:22:58:53 +0000] "GET /api/v1/login HTTP/1.1" 500 368 "https://ware.com" "Mozilla/5.0 (Windows NT 10.0; Win64; x64) AppleWebKit/537.36 (KHTML, like Gecko) Chrome/89.0.4389.82 Safari/537.36" "163.70.21.186"
192.168.0.1 - - [13/Nov/2024:22:58:53 +0000] "GET /api/v1/data HTTP/1.1" 200 496 "https://johnson.com" "Mozilla/5.0 (Windows NT 6.1; WOW64; rv:33.0) Gecko/20100101 Firefox/33.0" "123.174.119.255"
192.168.0.3 - - [22/Nov/2024:22:58:53 +0000] "GET /api/v1/login HTTP/1.1" 500 611 "https://robertson.org" "Mozilla/5.0 (Windows NT 10.0; Win64; x64) AppleWebKit/537.36 (KHTML, like Gecko) Chrome/90.0.4430.85 Safari/537.36" "1.208.214.6"
192.168.0.2 - - [22/Nov/2024:22:58:53 +0000] "GET /api/v1/user HTTP/1.1" 200 1089 "https://jensen.com" "Mozilla/5.0 (Windows NT 10.0; Win64; x64) AppleWebKit/537.36 (KHTML, like Gecko) Chrome/89.0.4389.82 Safari/537.36" "78.229.73.71"
192.168.0.1 - - [19/Nov/2024:22:58:53 +0000] "GET /api/v1/login HTTP/1.1" 404 2422 "https://lopez.com" "Mozilla/5.0 (Windows NT 10.0; Win64; x64) AppleWebKit/537.36 (KHTML, like Gecko) Chrome/89.0.4389.82 Safari/537.36" "178.244.134.51"
192.168.0.3 - - [19/Nov/2024:22:58:53 +0000] "GET /api/v1/resource HTTP/1.1" 500 1441 "https://aguilar.com" "Mozilla/5.0 (Windows NT 10.0; Win64; x64) AppleWebKit/537.36 (KHTML, like Gecko) Chrome/90.0.4430.85 Safari/537.36" "55.93.241.86"
192.168.0.3 - - [04/Dec/2024:22:58:53 +0000] "GET /api/v1/status HTTP/1.1" 401 2801 "https://gray.com" "Mozilla/5.0 (Windows NT 10.0; Win64; x64) AppleWebKit/537.36 (KHTML, like Gecko) Chrome/89.0.4389.82 Safari/537.36" "218.219.141.168"
192.168.0.2 - - [12/Nov/2024:22:58:53 +0000] "GET /api/v1/resource HTTP/1.1" 404 2840 "https://mitchell.net" "Mozilla/5.0 (Windows NT 6.1; WOW64; rv:33.0) Gecko/20100101 Firefox/33.0" "87.178.15.218"
192.168.0.2 - - [08/Nov/2024:22:58:53 +0000] "GET /api/v1/resource HTTP/1.1" 200 4566 "https://foster-james.com" "Mozilla/5.0 (Windows NT 10.0; Win64; x64) AppleWebKit/537.36 (KHTML, like Gecko) Chrome/90.0.4430.85 Safari/537.36" "44.150.19.247"
192.168.0.2 - - [10/Nov/2024:22:58:53 +0000] "GET /api/v1/status HTTP/1.1" 404 3390 "https://tucker.biz" "Mozilla/5.0 (Windows NT 10.0; Win64; x64) AppleWebKit/537.36 (KHTML, like Gecko) Chrome/90.0.4430.85 Safari/537.36" "182.87.49.96"
192.168.0.2 - - [27/Nov/2024:22:58:53 +0000] "GET /api/v1/data HTTP/1.1" 301 2733 "https://cunningham.com" "Mozilla/5.0 (Windows NT 10.0; Win64; x64) AppleWebKit/537.36 (KHTML, like Gecko) Chrome/89.0.4389.82 Safari/537.36" "206.161.244.66"
192.168.0.1 - - [08/Nov/2024:22:58:53 +0000] "GET /api/v1/resource HTTP/1.1" 500 210 "https://neal.com" "Mozilla/5.0 (Windows NT 10.0; Win64; x64) AppleWebKit/537.36 (KHTML, like Gecko) Chrome/89.0.4389.82 Safari/537.36" "166.117.2.85"
192.168.0.3 - - [20/Nov/2024:22:58:53 +0000] "GET /api/v1/status HTTP/1.1" 200 4200 "https://macias-foster.org" "Mozilla/5.0 (Windows NT 10.0; Win64; x64) AppleWebKit/537.36 (KHTML, like Gecko) Chrome/89.0.4389.82 Safari/537.36" "159.185.165.242"
192.168.0.1 - - [21/Nov/2024:22:58:53 +0000] "GET /api/v1/data HTTP/1.1" 404 2405 "https://mendez.com" "Mozilla/5.0 (Windows NT 6.1; WOW64; rv:33.0) Gecko/20100101 Firefox/33.0" "144.136.251.98"
192.168.0.3 - - [14/Nov/2024:22:58:53 +0000] "GET /api/v1/status HTTP/1.1" 301 4201 "https://bridges.com" "Mozilla/5.0 (Windows NT 10.0; Win64; x64) AppleWebKit/537.36 (KHTML, like Gecko) Chrome/90.0.4430.85 Safari/537.36" "122.149.139.168"
192.168.0.3 - - [08/Dec/2024:22:58:53 +0000] "GET /api/v1/resource HTTP/1.1" 200 1615 "https://brewer.com" "Mozilla/5.0 (Windows NT 10.0; Win64; x64) AppleWebKit/537.36 (KHTML, like Gecko) Chrome/89.0.4389.82 Safari/537.36" "98.112.148.66"
192.168.0.1 - - [08/Dec/2024:22:58:53 +0000] "GET /api/v1/status HTTP/1.1" 401 1481 "https://wilkerson.com" "Mozilla/5.0 (Windows NT 6.1; WOW64; rv:33.0) Gecko/20100101 Firefox/33.0" "206.36.110.181"
192.168.0.3 - - [02/Dec/2024:22:58:53 +0000] "GET /api/v1/user HTTP/1.1" 301 2996 "https://macdonald.com" "Mozilla/5.0 (Windows NT 10.0; Win64; x64) AppleWebKit/537.36 (KHTML, like Gecko) Chrome/90.0.4430.85 Safari/537.36" "165.79.24.1"
192.168.0.3 - - [12/Nov/2024:22:58:53 +0000] "GET /api/v1/resource HTTP/1.1" 401 1852 "https://davis.com" "Mozilla/5.0 (Windows NT 6.1; WOW64; rv:33.0) Gecko/20100101 Firefox/33.0" "175.159.84.72"
192.168.0.1 - - [13/Nov/2024:22:58:53 +0000] "GET /api/v1/data HTTP/1.1" 404 4286 "https://walton.info" "Mozilla/5.0 (Windows NT 10.0; Win64; x64) AppleWebKit/537.36 (KHTML, like Gecko) Chrome/90.0.4430.85 Safari/537.36" "83.93.131.153"
192.168.0.1 - - [10/Nov/2024:22:58:53 +0000] "GET /api/v1/login HTTP/1.1" 301 424 "https://adams.com" "Mozilla/5.0 (Windows NT 10.0; Win64; x64) AppleWebKit/537.36 (KHTML, like Gecko) Chrome/90.0.4430.85 Safari/537.36" "196.70.88.101"
192.168.0.2 - - [16/Nov/2024:22:58:53 +0000] "GET /api/v1/login HTTP/1.1" 401 140 "https://johnson.com" "Mozilla/5.0 (Windows NT 10.0; Win64; x64) AppleWebKit/537.36 (KHTML, like Gecko) Chrome/89.0.4389.82 Safari/537.36" "193.93.84.231"
192.168.0.3 - - [11/Nov/2024:22:58:53 +0000] "GET /api/v1/user HTTP/1.1" 301 2533 "https://rodgers.net" "Mozilla/5.0 (Windows NT 6.1; WOW64; rv:33.0) Gecko/20100101 Firefox/33.0" "179.114.24.133"
192.168.0.3 - - [08/Dec/2024:22:58:53 +0000] "GET /api/v1/resource HTTP/1.1" 401 3376 "https://green.com" "Mozilla/5.0 (Windows NT 10.0; Win64; x64) AppleWebKit/537.36 (KHTML, like Gecko) Chrome/90.0.4430.85 Safari/537.36" "21.185.193.161"
192.168.0.2 - - [08/Dec/2024:22:58:53 +0000] "GET /api/v1/data HTTP/1.1" 500 2638 "https://daniels.info" "Mozilla/5.0 (Windows NT 10.0; Win64; x64) AppleWebKit/537.36 (KHTML, like Gecko) Chrome/89.0.4389.82 Safari/537.36" "4.12.32.197"
192.168.0.1 - - [30/Nov/2024:22:58:53 +0000] "GET /api/v1/data HTTP/1.1" 500 561 "https://russell.com" "Mozilla/5.0 (Windows NT 6.1; WOW64; rv:33.0) Gecko/20100101 Firefox/33.0" "164.233.244.103"
192.168.0.1 - - [08/Nov/2024:22:58:53 +0000] "GET /api/v1/resource HTTP/1.1" 200 1505 "https://walsh.info" "Mozilla/5.0 (Windows NT 10.0; Win64; x64) AppleWebKit/537.36 (KHTML, like Gecko) Chrome/89.0.4389.82 Safari/537.36" "43.86.51.4"
192.168.0.2 - - [29/Nov/2024:22:58:53 +0000] "GET /api/v1/resource HTTP/1.1" 404 4855 "https://schultz-adams.com" "Mozilla/5.0 (Windows NT 6.1; WOW64; rv:33.0) Gecko/20100101 Firefox/33.0" "183.161.125.125"
192.168.0.1 - - [08/Nov/2024:22:58:53 +0000] "GET /api/v1/status HTTP/1.1" 200 655 "https://perry-morales.biz" "Mozilla/5.0 (Windows NT 10.0; Win64; x64) AppleWebKit/537.36 (KHTML, like Gecko) Chrome/89.0.4389.82 Safari/537.36" "114.76.219.228"
192.168.0.1 - - [26/Nov/2024:22:58:53 +0000] "GET /api/v1/status HTTP/1.1" 500 3833 "https://lynch-porter.com" "Mozilla/5.0 (Windows NT 10.0; Win64; x64) AppleWebKit/537.36 (KHTML, like Gecko) Chrome/89.0.4389.82 Safari/537.36" "220.225.187.56"
192.168.0.3 - - [03/Dec/2024:22:58:53 +0000] "GET /api/v1/login HTTP/1.1" 301 913 "https://mason-moody.com" "Mozilla/5.0 (Windows NT 10.0; Win64; x64) AppleWebKit/537.36 (KHTML, like Gecko) Chrome/90.0.4430.85 Safari/537.36" "150.223.191.22"
192.168.0.1 - - [09/Nov/2024:22:58:53 +0000] "GET /api/v1/resource HTTP/1.1" 301 4269 "https://lester-brock.org" "Mozilla/5.0 (Windows NT 6.1; WOW64; rv:33.0) Gecko/20100101 Firefox/33.0" "209.121.237.54"
192.168.0.3 - - [13/Nov/2024:22:58:53 +0000] "GET /api/v1/user HTTP/1.1" 404 4044 "https://humphrey-ruiz.com" "Mozilla/5.0 (Windows NT 6.1; WOW64; rv:33.0) Gecko/20100101 Firefox/33.0" "206.44.191.164"
192.168.0.2 - - [08/Nov/2024:22:58:53 +0000] "GET /api/v1/login HTTP/1.1" 401 1206 "https://lyons.info" "Mozilla/5.0 (Windows NT 10.0; Win64; x64) AppleWebKit/537.36 (KHTML, like Gecko) Chrome/90.0.4430.85 Safari/537.36" "128.148.246.65"
192.168.0.2 - - [08/Dec/2024:22:58:53 +0000] "GET /api/v1/user HTTP/1.1" 500 2144 "https://boone.org" "Mozilla/5.0 (Windows NT 10.0; Win64; x64) AppleWebKit/537.36 (KHTML, like Gecko) Chrome/90.0.4430.85 Safari/537.36" "1.107.41.148"
192.168.0.1 - - [20/Nov/2024:22:58:53 +0000] "GET /api/v1/resource HTTP/1.1" 500 2269 "https://yu.com" "Mozilla/5.0 (Windows NT 10.0; Win64; x64) AppleWebKit/537.36 (KHTML, like Gecko) Chrome/90.0.4430.85 Safari/537.36" "130.209.198.234"
192.168.0.1 - - [08/Nov/2024:22:58:53 +0000] "GET /api/v1/login HTTP/1.1" 500 501 "https://dominguez.com" "Mozilla/5.0 (Windows NT 10.0; Win64; x64) AppleWebKit/537.36 (KHTML, like Gecko) Chrome/89.0.4389.82 Safari/537.36" "71.69.211.110"
192.168.0.1 - - [09/Nov/2024:22:58:53 +0000] "GET /api/v1/data HTTP/1.1" 401 3904 "https://estrada.biz" "Mozilla/5.0 (Windows NT 6.1; WOW64; rv:33.0) Gecko/20100101 Firefox/33.0" "5.104.239.71"
192.168.0.2 - - [25/Nov/2024:22:58:53 +0000] "GET /api/v1/resource HTTP/1.1" 404 3249 "https://curry-barnett.com" "Mozilla/5.0 (Windows NT 6.1; WOW64; rv:33.0) Gecko/20100101 Firefox/33.0" "100.47.243.228"
192.168.0.3 - - [08/Nov/2024:22:58:53 +0000] "GET /api/v1/login HTTP/1.1" 301 3637 "https://copeland.info" "Mozilla/5.0 (Windows NT 10.0; Win64; x64) AppleWebKit/537.36 (KHTML, like Gecko) Chrome/90.0.4430.85 Safari/537.36" "143.212.196.225"
192.168.0.1 - - [08/Dec/2024:22:58:53 +0000] "GET /api/v1/status HTTP/1.1" 404 1335 "https://brown-jacobs.com" "Mozilla/5.0 (Windows NT 10.0; Win64; x64) AppleWebKit/537.36 (KHTML, like Gecko) Chrome/90.0.4430.85 Safari/537.36" "132.153.133.201"
192.168.0.1 - - [30/Nov/2024:22:58:53 +0000] "GET /api/v1/data HTTP/1.1" 400 1900 "https://chambers-walker.biz" "Mozilla/5.0 (Windows NT 6.1; WOW64; rv:33.0) Gecko/20100101 Firefox/33.0" "208.129.143.115"
192.168.0.2 - - [27/Nov/2024:22:58:53 +0000] "GET /api/v1/data HTTP/1.1" 200 1799 "https://wright-norris.info" "Mozilla/5.0 (Windows NT 10.0; Win64; x64) AppleWebKit/537.36 (KHTML, like Gecko) Chrome/90.0.4430.85 Safari/537.36" "107.167.190.187"
192.168.0.3 - - [02/Dec/2024:22:58:53 +0000] "GET /api/v1/status HTTP/1.1" 400 4646 "https://weeks.com" "Mozilla/5.0 (Windows NT 10.0; Win64; x64) AppleWebKit/537.36 (KHTML, like Gecko) Chrome/89.0.4389.82 Safari/537.36" "99.92.127.232"
192.168.0.1 - - [19/Nov/2024:22:58:53 +0000] "GET /api/v1/status HTTP/1.1" 500 3174 "https://burke.com" "Mozilla/5.0 (Windows NT 10.0; Win64; x64) AppleWebKit/537.36 (KHTML, like Gecko) Chrome/89.0.4389.82 Safari/537.36" "161.243.75.60"
192.168.0.2 - - [08/Dec/2024:22:58:53 +0000] "GET /api/v1/user HTTP/1.1" 404 4216 "https://hodges.com" "Mozilla/5.0 (Windows NT 6.1; WOW64; rv:33.0) Gecko/20100101 Firefox/33.0" "91.144.162.104"
192.168.0.1 - - [03/Dec/2024:22:58:53 +0000] "GET /api/v1/status HTTP/1.1" 400 479 "https://barrera.com" "Mozilla/5.0 (Windows NT 6.1; WOW64; rv:33.0) Gecko/20100101 Firefox/33.0" "22.8.200.40"
192.168.0.1 - - [28/Nov/2024:22:58:53 +0000] "GET /api/v1/user HTTP/1.1" 500 4955 "https://martinez-taylor.com" "Mozilla/5.0 (Windows NT 6.1; WOW64; rv:33.0) Gecko/20100101 Firefox/33.0" "34.12.56.200"
192.168.0.2 - - [21/Nov/2024:22:58:53 +0000] "GET /api/v1/login HTTP/1.1" 400 3646 "https://hudson.com" "Mozilla/5.0 (Windows NT 10.0; Win64; x64) AppleWebKit/537.36 (KHTML, like Gecko) Chrome/90.0.4430.85 Safari/537.36" "140.60.231.215"
192.168.0.2 - - [03/Dec/2024:22:58:53 +0000] "GET /api/v1/status HTTP/1.1" 301 449 "https://mitchell-greene.org" "Mozilla/5.0 (Windows NT 10.0; Win64; x64) AppleWebKit/537.36 (KHTML, like Gecko) Chrome/89.0.4389.82 Safari/537.36" "106.7.63.250"
192.168.0.2 - - [08/Nov/2024:22:58:53 +0000] "GET /api/v1/user HTTP/1.1" 404 821 "https://ward.com" "Mozilla/5.0 (Windows NT 10.0; Win64; x64) AppleWebKit/537.36 (KHTML, like Gecko) Chrome/90.0.4430.85 Safari/537.36" "141.75.108.98"
192.168.0.3 - - [28/Nov/2024:22:58:53 +0000] "GET /api/v1/user HTTP/1.1" 301 4734 "https://bennett-davis.biz" "Mozilla/5.0 (Windows NT 6.1; WOW64; rv:33.0) Gecko/20100101 Firefox/33.0" "211.241.156.41"
192.168.0.1 - - [01/Dec/2024:22:58:53 +0000] "GET /api/v1/data HTTP/1.1" 404 4336 "https://calderon.info" "Mozilla/5.0 (Windows NT 10.0; Win64; x64) AppleWebKit/537.36 (KHTML, like Gecko) Chrome/90.0.4430.85 Safari/537.36" "177.207.148.116"
192.168.0.2 - - [02/Dec/2024:22:58:53 +0000] "GET /api/v1/data HTTP/1.1" 301 3439 "https://sweeney-jones.com" "Mozilla/5.0 (Windows NT 6.1; WOW64; rv:33.0) Gecko/20100101 Firefox/33.0" "55.31.202.146"
192.168.0.2 - - [26/Nov/2024:22:58:53 +0000] "GET /api/v1/user HTTP/1.1" 301 3609 "https://gonzalez-taylor.net" "Mozilla/5.0 (Windows NT 10.0; Win64; x64) AppleWebKit/537.36 (KHTML, like Gecko) Chrome/89.0.4389.82 Safari/537.36" "146.88.31.49"
192.168.0.3 - - [19/Nov/2024:22:58:53 +0000] "GET /api/v1/login HTTP/1.1" 500 4648 "https://green.com" "Mozilla/5.0 (Windows NT 6.1; WOW64; rv:33.0) Gecko/20100101 Firefox/33.0" "58.225.106.109"
