192.168.0.3 - - [02/Dec/2024:22:58:51 +0000] "GET /api/v1/data HTTP/1.1" 404 2524 "https://rodgers.net" "Mozilla/5.0 (Windows NT 6.1; WOW64; rv:33.0) Gecko/20100101 Firefox/33.0" "202.6.8.178"
192.168.0.2 - - [22/Nov/2024:22:58:51 +0000] "GET /api/v1/data HTTP/1.1" 400 191 "https://flores.com" "Mozilla/5.0 (Windows NT 10.0; Win64; x64) AppleWebKit/537.36 (KHTML, like Gecko) Chrome/90.0.4430.85 Safari/537.36" "103.182.110.253"
192.168.0.2 - - [25/Nov/2024:22:58:51 +0000] "GET /api/v1/user HTTP/1.1" 400 3897 "https://bryan.com" "Mozilla/5.0 (Windows NT 10.0; Win64; x64) AppleWebKit/537.36 (KHTML, like Gecko) Chrome/90.0.4430.85 Safari/537.36" "191.254.114.61"
192.168.0.2 - - [28/Nov/2024:22:58:51 +0000] "GET /api/v1/login HTTP/1.1" 301 1278 "https://blevins.com" "Mozilla/5.0 (Windows NT 10.0; Win64; x64) AppleWebKit/537.36 (KHTML, like Gecko) Chrome/90.0.4430.85 Safari/537.36" "12.30.89.232"
192.168.0.1 - - [08/Nov/2024:22:58:51 +0000] "GET /api/v1/user HTTP/1.1" 301 2337 "https://garcia-cardenas.info" "Mozilla/5.0 (Windows NT 10.0; Win64; x64) AppleWebKit/537.36 (KHTML, like Gecko) Chrome/90.0.4430.85 Safari/537.36" "121.193.223.107"
192.168.0.2 - - [09/Nov/2024:22:58:51 +0000] "GET /api/v1/resource HTTP/1.1" 200 4409 "https://richardson.biz" "Mozilla/5.0 (Windows NT 6.1; WOW64; rv:33.0) Gecko/20100101 Firefox/33.0" "66.64.4.190"
192.168.0.3 - - [23/Nov/2024:22:58:51 +0000] "GET /api/v1/login HTTP/1.1" 200 2709 "https://murillo.com" "Mozilla/5.0 (Windows NT 10.0; Win64; x64) AppleWebKit/537.36 (KHTML, like Gecko) Chrome/90.0.4430.85 Safari/537.36" "67.167.37.20"
192.168.0.3 - - [10/Nov/2024:22:58:51 +0000] "GET /api/v1/data HTTP/1.1" 401 2677 "https://larson.com" "Mozilla/5.0 (Windows NT 10.0; Win64; x64) AppleWebKit/537.36 (KHTML, like Gecko) Chrome/90.0.4430.85 Safari/537.36" "99.224.40.27"
192.168.0.1 - - [29/Nov/2024:22:58:51 +0000] "GET /api/v1/data HTTP/1.1" 301 3011 "https://roman.com" "Mozilla/5.0 (Windows NT 10.0; Win64; x64) AppleWebKit/537.36 (KHTML, like Gecko) Chrome/90.0.4430.85 Safari/537.36" "163.131.138.222"
192.168.0.1 - - [12/Nov/2024:22:58:51 +0000] "GET /api/v1/resource HTTP/1.1" 500 2367 "https://gay.com" "Mozilla/5.0 (Windows NT 10.0; Win64; x64) AppleWebKit/537.36 (KHTML, like Gecko) Chrome/89.0.4389.82 Safari/537.36" "186.39.206.56"
192.168.0.2 - - [15/Nov/2024:22:58:51 +0000] "GET /api/v1/status HTTP/1.1" 200 3125 "https://reilly-crawford.biz" "Mozilla/5.0 (Windows NT 10.0; Win64; x64) AppleWebKit/537.36 (KHTML, like Gecko) Chrome/90.0.4430.85 Safari/537.36" "210.64.92.195"
192.168.0.2 - - [09/Nov/2024:22:58:51 +0000] "GET /api/v1/data HTTP/1.1" 500 1702 "https://smith.com" "Mozilla/5.0 (Windows NT 10.0; Win64; x64) AppleWebKit/537.36 (KHTML, like Gecko) Chrome/90.0.4430.85 Safari/537.36" "61.41.46.59"
192.168.0.1 - - [05/Dec/2024:22:58:51 +0000] "GET /api/v1/status HTTP/1.1" 301 2161 "https://ellis.com" "Mozilla/5.0 (Windows NT 10.0; Win64; x64) AppleWebKit/537.36 (KHTML, like Gecko) Chrome/90.0.4430.85 Safari/537.36" "144.164.190.206"
192.168.0.2 - - [26/Nov/2024:22:58:51 +0000] "GET /api/v1/data HTTP/1.1" 400 2921 "https://gibbs.org" "Mozilla/5.0 (Windows NT 10.0; Win64; x64) AppleWebKit/537.36 (KHTML, like Gecko) Chrome/90.0.4430.85 Safari/537.36" "135.222.72.175"
192.168.0.3 - - [10/Nov/2024:22:58:51 +0000] "GET /api/v1/data HTTP/1.1" 301 1870 "https://villarreal-nelson.com" "Mozilla/5.0 (Windows NT 10.0; Win64; x64) AppleWebKit/537.36 (KHTML, like Gecko) Chrome/90.0.4430.85 Safari/537.36" "216.81.142.202"
192.168.0.2 - - [15/Nov/2024:22:58:51 +0000] "GET /api/v1/user HTTP/1.1" 404 3425 "https://campbell-hayes.com" "Mozilla/5.0 (Windows NT 10.0; Win64; x64) AppleWebKit/537.36 (KHTML, like Gecko) Chrome/90.0.4430.85 Safari/537.36" "68.139.167.55"
192.168.0.1 - - [19/Nov/2024:22:58:51 +0000] "GET /api/v1/login HTTP/1.1" 404 967 "https://stanley-case.net" "Mozilla/5.0 (Windows NT 6.1; WOW64; rv:33.0) Gecko/20100101 Firefox/33.0" "179.105.233.73"
192.168.0.1 - - [07/Dec/2024:22:58:51 +0000] "GET /api/v1/user HTTP/1.1" 500 2364 "https://boyd.com" "Mozilla/5.0 (Windows NT 6.1; WOW64; rv:33.0) Gecko/20100101 Firefox/33.0" "51.234.180.151"
192.168.0.2 - - [09/Nov/2024:22:58:51 +0000] "GET /api/v1/user HTTP/1.1" 200 1315 "https://moore-johnston.biz" "Mozilla/5.0 (Windows NT 10.0; Win64; x64) AppleWebKit/537.36 (KHTML, like Gecko) Chrome/89.0.4389.82 Safari/537.36" "56.102.44.197"
192.168.0.3 - - [09/Nov/2024:22:58:51 +0000] "GET /api/v1/status HTTP/1.1" 404 4546 "https://brown-drake.org" "Mozilla/5.0 (Windows NT 10.0; Win64; x64) AppleWebKit/537.36 (KHTML, like Gecko) Chrome/89.0.4389.82 Safari/537.36" "6.71.213.152"
192.168.0.3 - - [27/Nov/2024:22:58:51 +0000] "GET /api/v1/status HTTP/1.1" 401 336 "https://smith-scott.biz" "Mozilla/5.0 (Windows NT 10.0; Win64; x64) AppleWebKit/537.36 (KHTML, like Gecko) Chrome/90.0.4430.85 Safari/537.36" "141.95.195.232"
192.168.0.3 - - [18/Nov/2024:22:58:51 +0000] "GET /api/v1/resource HTTP/1.1" 400 2314 "https://vega.biz" "Mozilla/5.0 (Windows NT 6.1; WOW64; rv:33.0) Gecko/20100101 Firefox/33.0" "13.36.147.213"
192.168.0.1 - - [10/Nov/2024:22:58:51 +0000] "GET /api/v1/login HTTP/1.1" 500 3794 "https://mosley-skinner.com" "Mozilla/5.0 (Windows NT 10.0; Win64; x64) AppleWebKit/537.36 (KHTML, like Gecko) Chrome/89.0.4389.82 Safari/537.36" "166.127.253.137"
192.168.0.1 - - [12/Nov/2024:22:58:51 +0000] "GET /api/v1/login HTTP/1.1" 401 1864 "https://harris.com" "Mozilla/5.0 (Windows NT 6.1; WOW64; rv:33.0) Gecko/20100101 Firefox/33.0" "172.221.150.52"
192.168.0.3 - - [13/Nov/2024:22:58:51 +0000] "GET /api/v1/status HTTP/1.1" 200 2358 "https://williams-flores.info" "Mozilla/5.0 (Windows NT 10.0; Win64; x64) AppleWebKit/537.36 (KHTML, like Gecko) Chrome/90.0.4430.85 Safari/537.36" "174.53.127.88"
192.168.0.1 - - [21/Nov/2024:22:58:51 +0000] "GET /api/v1/user HTTP/1.1" 404 3556 "https://rios-sutton.com" "Mozilla/5.0 (Windows NT 6.1; WOW64; rv:33.0) Gecko/20100101 Firefox/33.0" "43.10.169.236"
192.168.0.1 - - [15/Nov/2024:22:58:51 +0000] "GET /api/v1/data HTTP/1.1" 400 4789 "https://jackson-short.info" "Mozilla/5.0 (Windows NT 10.0; Win64; x64) AppleWebKit/537.36 (KHTML, like Gecko) Chrome/90.0.4430.85 Safari/537.36" "21.152.141.161"
192.168.0.1 - - [26/Nov/2024:22:58:51 +0000] "GET /api/v1/user HTTP/1.1" 401 791 "https://heath-powell.net" "Mozilla/5.0 (Windows NT 10.0; Win64; x64) AppleWebKit/537.36 (KHTML, like Gecko) Chrome/89.0.4389.82 Safari/537.36" "109.89.163.23"
192.168.0.2 - - [14/Nov/2024:22:58:51 +0000] "GET /api/v1/user HTTP/1.1" 301 661 "https://townsend-pearson.org" "Mozilla/5.0 (Windows NT 10.0; Win64; x64) AppleWebKit/537.36 (KHTML, like Gecko) Chrome/90.0.4430.85 Safari/537.36" "34.102.200.105"
192.168.0.2 - - [11/Nov/2024:22:58:51 +0000] "GET /api/v1/status HTTP/1.1" 404 2637 "https://humphrey-bauer.org" "Mozilla/5.0 (Windows NT 6.1; WOW64; rv:33.0) Gecko/20100101 Firefox/33.0" "124.91.58.204"
192.168.0.1 - - [05/Dec/2024:22:58:51 +0000] "GET /api/v1/resource HTTP/1.1" 404 565 "https://hodge.com" "Mozilla/5.0 (Windows NT 6.1; WOW64; rv:33.0) Gecko/20100101 Firefox/33.0" "178.240.244.99"
192.168.0.3 - - [18/Nov/2024:22:58:51 +0000] "GET /api/v1/login HTTP/1.1" 301 2475 "https://davis.com" "Mozilla/5.0 (Windows NT 10.0; Win64; x64) AppleWebKit/537.36 (KHTML, like Gecko) Chrome/89.0.4389.82 Safari/537.36" "78.208.59.120"
192.168.0.2 - - [18/Nov/2024:22:58:51 +0000] "GET /api/v1/data HTTP/1.1" 200 512 "https://henry.com" "Mozilla/5.0 (Windows NT 6.1; WOW64; rv:33.0) Gecko/20100101 Firefox/33.0" "71.241.158.37"
192.168.0.3 - - [21/Nov/2024:22:58:51 +0000] "GET /api/v1/status HTTP/1.1" 404 455 "https://arnold.org" "Mozilla/5.0 (Windows NT 6.1; WOW64; rv:33.0) Gecko/20100101 Firefox/33.0" "10.186.167.24"
192.168.0.2 - - [15/Nov/2024:22:58:51 +0000] "GET /api/v1/data HTTP/1.1" 404 732 "https://alvarez-hernandez.org" "Mozilla/5.0 (Windows NT 6.1; WOW64; rv:33.0) Gecko/20100101 Firefox/33.0" "100.147.152.42"
192.168.0.1 - - [05/Dec/2024:22:58:51 +0000] "GET /api/v1/login HTTP/1.1" 404 4956 "https://long.biz" "Mozilla/5.0 (Windows NT 10.0; Win64; x64) AppleWebKit/537.36 (KHTML, like Gecko) Chrome/90.0.4430.85 Safari/537.36" "45.127.99.183"
192.168.0.1 - - [06/Dec/2024:22:58:51 +0000] "GET /api/v1/resource HTTP/1.1" 301 1846 "https://bennett-nelson.com" "Mozilla/5.0 (Windows NT 10.0; Win64; x64) AppleWebKit/537.36 (KHTML, like Gecko) Chrome/90.0.4430.85 Safari/537.36" "22.121.219.23"
192.168.0.3 - - [02/Dec/2024:22:58:51 +0000] "GET /api/v1/status HTTP/1.1" 404 4493 "https://sullivan-elliott.info" "Mozilla/5.0 (Windows NT 6.1; WOW64; rv:33.0) Gecko/20100101 Firefox/33.0" "145.164.157.183"
192.168.0.2 - - [17/Nov/2024:22:58:51 +0000] "GET /api/v1/data HTTP/1.1" 400 1692 "https://gates.com" "Mozilla/5.0 (Windows NT 10.0; Win64; x64) AppleWebKit/537.36 (KHTML, like Gecko) Chrome/89.0.4389.82 Safari/537.36" "135.244.71.238"
192.168.0.3 - - [08/Dec/2024:22:58:51 +0000] "GET /api/v1/status HTTP/1.1" 500 2475 "https://douglas.com" "Mozilla/5.0 (Windows NT 10.0; Win64; x64) AppleWebKit/537.36 (KHTML, like Gecko) Chrome/89.0.4389.82 Safari/537.36" "33.102.0.241"
192.168.0.2 - - [04/Dec/2024:22:58:51 +0000] "GET /api/v1/resource HTTP/1.1" 404 465 "https://lawson.com" "Mozilla/5.0 (Windows NT 10.0; Win64; x64) AppleWebKit/537.36 (KHTML, like Gecko) Chrome/89.0.4389.82 Safari/537.36" "219.94.26.207"
192.168.0.1 - - [19/Nov/2024:22:58:51 +0000] "GET /api/v1/data HTTP/1.1" 200 4073 "https://palmer.com" "Mozilla/5.0 (Windows NT 6.1; WOW64; rv:33.0) Gecko/20100101 Firefox/33.0" "104.82.208.127"
192.168.0.2 - - [24/Nov/2024:22:58:51 +0000] "GET /api/v1/login HTTP/1.1" 400 727 "https://hendrix.com" "Mozilla/5.0 (Windows NT 10.0; Win64; x64) AppleWebKit/537.36 (KHTML, like Gecko) Chrome/90.0.4430.85 Safari/537.36" "118.146.233.192"
192.168.0.1 - - [24/Nov/2024:22:58:51 +0000] "GET /api/v1/login HTTP/1.1" 200 1244 "https://mckee-davis.com" "Mozilla/5.0 (Windows NT 6.1; WOW64; rv:33.0) Gecko/20100101 Firefox/33.0" "21.128.105.156"
192.168.0.1 - - [02/Dec/2024:22:58:51 +0000] "GET /api/v1/status HTTP/1.1" 301 596 "https://jones.com" "Mozilla/5.0 (Windows NT 10.0; Win64; x64) AppleWebKit/537.36 (KHTML, like Gecko) Chrome/89.0.4389.82 Safari/537.36" "64.11.235.205"
192.168.0.3 - - [24/Nov/2024:22:58:51 +0000] "GET /api/v1/status HTTP/1.1" 404 2337 "https://welch.com" "Mozilla/5.0 (Windows NT 6.1; WOW64; rv:33.0) Gecko/20100101 Firefox/33.0" "108.157.194.199"
192.168.0.2 - - [28/Nov/2024:22:58:51 +0000] "GET /api/v1/data HTTP/1.1" 200 3251 "https://robinson.info" "Mozilla/5.0 (Windows NT 6.1; WOW64; rv:33.0) Gecko/20100101 Firefox/33.0" "13.144.153.248"
192.168.0.1 - - [08/Dec/2024:22:58:51 +0000] "GET /api/v1/user HTTP/1.1" 500 747 "https://thompson.com" "Mozilla/5.0 (Windows NT 10.0; Win64; x64) AppleWebKit/537.36 (KHTML, like Gecko) Chrome/90.0.4430.85 Safari/537.36" "178.187.68.244"
192.168.0.2 - - [27/Nov/2024:22:58:51 +0000] "GET /api/v1/login HTTP/1.1" 200 720 "https://clark.com" "Mozilla/5.0 (Windows NT 6.1; WOW64; rv:33.0) Gecko/20100101 Firefox/33.0" "97.47.212.219"
192.168.0.2 - - [08/Dec/2024:22:58:51 +0000] "GET /api/v1/status HTTP/1.1" 301 1527 "https://chaney-jones.com" "Mozilla/5.0 (Windows NT 6.1; WOW64; rv:33.0) Gecko/20100101 Firefox/33.0" "176.96.122.233"
192.168.0.2 - - [11/Nov/2024:22:58:51 +0000] "GET /api/v1/user HTTP/1.1" 404 4372 "https://chapman-johnston.info" "Mozilla/5.0 (Windows NT 10.0; Win64; x64) AppleWebKit/537.36 (KHTML, like Gecko) Chrome/90.0.4430.85 Safari/537.36" "131.81.253.166"
192.168.0.3 - - [28/Nov/2024:22:58:51 +0000] "GET /api/v1/login HTTP/1.1" 400 1576 "https://sullivan.com" "Mozilla/5.0 (Windows NT 10.0; Win64; x64) AppleWebKit/537.36 (KHTML, like Gecko) Chrome/89.0.4389.82 Safari/537.36" "103.243.74.58"
192.168.0.2 - - [22/Nov/2024:22:58:51 +0000] "GET /api/v1/data HTTP/1.1" 404 4166 "https://carpenter-bradford.com" "Mozilla/5.0 (Windows NT 6.1; WOW64; rv:33.0) Gecko/20100101 Firefox/33.0" "175.248.156.88"
192.168.0.3 - - [07/Dec/2024:22:58:51 +0000] "GET /api/v1/resource HTTP/1.1" 404 1506 "https://gordon.com" "Mozilla/5.0 (Windows NT 10.0; Win64; x64) AppleWebKit/537.36 (KHTML, like Gecko) Chrome/89.0.4389.82 Safari/537.36" "83.153.200.130"
192.168.0.1 - - [13/Nov/2024:22:58:51 +0000] "GET /api/v1/resource HTTP/1.1" 401 972 "https://pollard.com" "Mozilla/5.0 (Windows NT 10.0; Win64; x64) AppleWebKit/537.36 (KHTML, like Gecko) Chrome/89.0.4389.82 Safari/537.36" "160.20.22.45"
192.168.0.3 - - [13/Nov/2024:22:58:51 +0000] "GET /api/v1/login HTTP/1.1" 301 806 "https://sullivan.com" "Mozilla/5.0 (Windows NT 10.0; Win64; x64) AppleWebKit/537.36 (KHTML, like Gecko) Chrome/90.0.4430.85 Safari/537.36" "84.110.172.84"
192.168.0.2 - - [20/Nov/2024:22:58:51 +0000] "GET /api/v1/login HTTP/1.1" 200 1912 "https://dunlap.com" "Mozilla/5.0 (Windows NT 10.0; Win64; x64) AppleWebKit/537.36 (KHTML, like Gecko) Chrome/90.0.4430.85 Safari/537.36" "126.76.12.72"
192.168.0.3 - - [20/Nov/2024:22:58:51 +0000] "GET /api/v1/status HTTP/1.1" 301 2244 "https://mendez-valencia.com" "Mozilla/5.0 (Windows NT 6.1; WOW64; rv:33.0) Gecko/20100101 Firefox/33.0" "214.178.86.159"
192.168.0.1 - - [19/Nov/2024:22:58:51 +0000] "GET /api/v1/login HTTP/1.1" 401 2211 "https://santiago.com" "Mozilla/5.0 (Windows NT 10.0; Win64; x64) AppleWebKit/537.36 (KHTML, like Gecko) Chrome/90.0.4430.85 Safari/537.36" "164.89.8.42"
192.168.0.1 - - [20/Nov/2024:22:58:51 +0000] "GET /api/v1/login HTTP/1.1" 200 2262 "https://brown-lewis.info" "Mozilla/5.0 (Windows NT 10.0; Win64; x64) AppleWebKit/537.36 (KHTML, like Gecko) Chrome/90.0.4430.85 Safari/537.36" "99.33.251.164"
192.168.0.1 - - [03/Dec/2024:22:58:51 +0000] "GET /api/v1/resource HTTP/1.1" 200 2455 "https://rodriguez-french.com" "Mozilla/5.0 (Windows NT 10.0; Win64; x64) AppleWebKit/537.36 (KHTML, like Gecko) Chrome/89.0.4389.82 Safari/537.36" "61.198.141.197"
192.168.0.3 - - [07/Dec/2024:22:58:51 +0000] "GET /api/v1/status HTTP/1.1" 200 993 "https://kelly-fox.org" "Mozilla/5.0 (Windows NT 6.1; WOW64; rv:33.0) Gecko/20100101 Firefox/33.0" "56.59.242.148"
192.168.0.1 - - [18/Nov/2024:22:58:51 +0000] "GET /api/v1/data HTTP/1.1" 200 570 "https://miles.biz" "Mozilla/5.0 (Windows NT 6.1; WOW64; rv:33.0) Gecko/20100101 Firefox/33.0" "45.210.235.85"
192.168.0.2 - - [04/Dec/2024:22:58:51 +0000] "GET /api/v1/user HTTP/1.1" 301 2454 "https://poole.com" "Mozilla/5.0 (Windows NT 10.0; Win64; x64) AppleWebKit/537.36 (KHTML, like Gecko) Chrome/89.0.4389.82 Safari/537.36" "84.136.207.74"
192.168.0.3 - - [16/Nov/2024:22:58:51 +0000] "GET /api/v1/login HTTP/1.1" 400 1742 "https://crawford.info" "Mozilla/5.0 (Windows NT 10.0; Win64; x64) AppleWebKit/537.36 (KHTML, like Gecko) Chrome/89.0.4389.82 Safari/537.36" "86.31.40.158"
192.168.0.1 - - [17/Nov/2024:22:58:51 +0000] "GET /api/v1/data HTTP/1.1" 404 1178 "https://rose.com" "Mozilla/5.0 (Windows NT 10.0; Win64; x64) AppleWebKit/537.36 (KHTML, like Gecko) Chrome/90.0.4430.85 Safari/537.36" "15.37.76.47"
192.168.0.2 - - [18/Nov/2024:22:58:51 +0000] "GET /api/v1/resource HTTP/1.1" 200 3891 "https://hartman.biz" "Mozilla/5.0 (Windows NT 10.0; Win64; x64) AppleWebKit/537.36 (KHTML, like Gecko) Chrome/90.0.4430.85 Safari/537.36" "221.239.9.49"
192.168.0.3 - - [25/Nov/2024:22:58:51 +0000] "GET /api/v1/user HTTP/1.1" 400 157 "https://moreno-dean.com" "Mozilla/5.0 (Windows NT 10.0; Win64; x64) AppleWebKit/537.36 (KHTML, like Gecko) Chrome/89.0.4389.82 Safari/537.36" "76.64.204.173"
192.168.0.1 - - [24/Nov/2024:22:58:51 +0000] "GET /api/v1/login HTTP/1.1" 404 1649 "https://simpson.info" "Mozilla/5.0 (Windows NT 10.0; Win64; x64) AppleWebKit/537.36 (KHTML, like Gecko) Chrome/89.0.4389.82 Safari/537.36" "24.11.36.10"
192.168.0.2 - - [06/Dec/2024:22:58:51 +0000] "GET /api/v1/login HTTP/1.1" 500 3912 "https://fernandez.biz" "Mozilla/5.0 (Windows NT 6.1; WOW64; rv:33.0) Gecko/20100101 Firefox/33.0" "50.191.205.3"
192.168.0.1 - - [28/Nov/2024:22:58:51 +0000] "GET /api/v1/user HTTP/1.1" 301 398 "https://jones-austin.com" "Mozilla/5.0 (Windows NT 10.0; Win64; x64) AppleWebKit/537.36 (KHTML, like Gecko) Chrome/90.0.4430.85 Safari/537.36" "110.62.158.126"
192.168.0.1 - - [12/Nov/2024:22:58:51 +0000] "GET /api/v1/user HTTP/1.1" 301 3838 "https://hernandez-lee.net" "Mozilla/5.0 (Windows NT 6.1; WOW64; rv:33.0) Gecko/20100101 Firefox/33.0" "200.185.144.54"
192.168.0.3 - - [30/Nov/2024:22:58:51 +0000] "GET /api/v1/resource HTTP/1.1" 401 2678 "https://sharp.info" "Mozilla/5.0 (Windows NT 10.0; Win64; x64) AppleWebKit/537.36 (KHTML, like Gecko) Chrome/90.0.4430.85 Safari/537.36" "125.173.131.154"
192.168.0.2 - - [24/Nov/2024:22:58:51 +0000] "GET /api/v1/data HTTP/1.1" 500 4114 "https://williams.com" "Mozilla/5.0 (Windows NT 10.0; Win64; x64) AppleWebKit/537.36 (KHTML, like Gecko) Chrome/90.0.4430.85 Safari/537.36" "197.231.141.176"
192.168.0.1 - - [01/Dec/2024:22:58:51 +0000] "GET /api/v1/login HTTP/1.1" 400 1912 "https://montgomery.com" "Mozilla/5.0 (Windows NT 10.0; Win64; x64) AppleWebKit/537.36 (KHTML, like Gecko) Chrome/89.0.4389.82 Safari/537.36" "204.155.247.224"
192.168.0.1 - - [28/Nov/2024:22:58:51 +0000] "GET /api/v1/user HTTP/1.1" 400 4233 "https://russell.com" "Mozilla/5.0 (Windows NT 10.0; Win64; x64) AppleWebKit/537.36 (KHTML, like Gecko) Chrome/89.0.4389.82 Safari/537.36" "83.236.93.45"
192.168.0.1 - - [28/Nov/2024:22:58:51 +0000] "GET /api/v1/data HTTP/1.1" 301 4267 "https://hamilton.net" "Mozilla/5.0 (Windows NT 10.0; Win64; x64) AppleWebKit/537.36 (KHTML, like Gecko) Chrome/89.0.4389.82 Safari/537.36" "160.82.170.69"
192.168.0.1 - - [04/Dec/2024:22:58:51 +0000] "GET /api/v1/user HTTP/1.1" 200 4481 "https://jackson.net" "Mozilla/5.0 (Windows NT 10.0; Win64; x64) AppleWebKit/537.36 (KHTML, like Gecko) Chrome/89.0.4389.82 Safari/537.36" "126.68.64.209"
192.168.0.3 - - [30/Nov/2024:22:58:51 +0000] "GET /api/v1/status HTTP/1.1" 400 669 "https://ingram.com" "Mozilla/5.0 (Windows NT 10.0; Win64; x64) AppleWebKit/537.36 (KHTML, like Gecko) Chrome/89.0.4389.82 Safari/537.36" "102.96.59.60"
192.168.0.1 - - [22/Nov/2024:22:58:51 +0000] "GET /api/v1/status HTTP/1.1" 500 3464 "https://smith.biz" "Mozilla/5.0 (Windows NT 10.0; Win64; x64) AppleWebKit/537.36 (KHTML, like Gecko) Chrome/90.0.4430.85 Safari/537.36" "33.180.55.17"
192.168.0.2 - - [26/Nov/2024:22:58:51 +0000] "GET /api/v1/login HTTP/1.1" 404 1654 "https://jackson.com" "Mozilla/5.0 (Windows NT 10.0; Win64; x64) AppleWebKit/537.36 (KHTML, like Gecko) Chrome/90.0.4430.85 Safari/537.36" "173.132.148.185"
192.168.0.1 - - [24/Nov/2024:22:58:51 +0000] "GET /api/v1/status HTTP/1.1" 404 1908 "https://mata.com" "Mozilla/5.0 (Windows NT 10.0; Win64; x64) AppleWebKit/537.36 (KHTML, like Gecko) Chrome/90.0.4430.85 Safari/537.36" "46.134.34.139"
192.168.0.2 - - [28/Nov/2024:22:58:51 +0000] "GET /api/v1/status HTTP/1.1" 500 4981 "https://jones.com" "Mozilla/5.0 (Windows NT 10.0; Win64; x64) AppleWebKit/537.36 (KHTML, like Gecko) Chrome/89.0.4389.82 Safari/537.36" "154.128.47.44"
192.168.0.3 - - [20/Nov/2024:22:58:51 +0000] "GET /api/v1/user HTTP/1.1" 404 2696 "https://glass.org" "Mozilla/5.0 (Windows NT 10.0; Win64; x64) AppleWebKit/537.36 (KHTML, like Gecko) Chrome/90.0.4430.85 Safari/537.36" "53.46.233.226"
192.168.0.1 - - [29/Nov/2024:22:58:51 +0000] "GET /api/v1/resource HTTP/1.1" 404 3429 "https://guerrero.com" "Mozilla/5.0 (Windows NT 6.1; WOW64; rv:33.0) Gecko/20100101 Firefox/33.0" "42.32.119.24"
192.168.0.1 - - [20/Nov/2024:22:58:51 +0000] "GET /api/v1/status HTTP/1.1" 500 4685 "https://jackson.info" "Mozilla/5.0 (Windows NT 6.1; WOW64; rv:33.0) Gecko/20100101 Firefox/33.0" "3.149.30.215"
192.168.0.3 - - [04/Dec/2024:22:58:51 +0000] "GET /api/v1/resource HTTP/1.1" 400 3758 "https://gutierrez-todd.com" "Mozilla/5.0 (Windows NT 10.0; Win64; x64) AppleWebKit/537.36 (KHTML, like Gecko) Chrome/90.0.4430.85 Safari/537.36" "205.178.174.211"
192.168.0.1 - - [17/Nov/2024:22:58:51 +0000] "GET /api/v1/data HTTP/1.1" 401 2830 "https://miller-palmer.biz" "Mozilla/5.0 (Windows NT 10.0; Win64; x64) AppleWebKit/537.36 (KHTML, like Gecko) Chrome/90.0.4430.85 Safari/537.36" "37.53.49.124"
192.168.0.3 - - [25/Nov/2024:22:58:51 +0000] "GET /api/v1/login HTTP/1.1" 500 2193 "https://holmes.com" "Mozilla/5.0 (Windows NT 10.0; Win64; x64) AppleWebKit/537.36 (KHTML, like Gecko) Chrome/89.0.4389.82 Safari/537.36" "178.40.106.231"
192.168.0.1 - - [30/Nov/2024:22:58:51 +0000] "GET /api/v1/resource HTTP/1.1" 200 1172 "https://haas.com" "Mozilla/5.0 (Windows NT 10.0; Win64; x64) AppleWebKit/537.36 (KHTML, like Gecko) Chrome/89.0.4389.82 Safari/537.36" "123.192.151.148"
192.168.0.2 - - [23/Nov/2024:22:58:51 +0000] "GET /api/v1/data HTTP/1.1" 401 275 "https://roach.org" "Mozilla/5.0 (Windows NT 10.0; Win64; x64) AppleWebKit/537.36 (KHTML, like Gecko) Chrome/90.0.4430.85 Safari/537.36" "143.80.58.246"
192.168.0.1 - - [19/Nov/2024:22:58:51 +0000] "GET /api/v1/resource HTTP/1.1" 200 4194 "https://little.com" "Mozilla/5.0 (Windows NT 10.0; Win64; x64) AppleWebKit/537.36 (KHTML, like Gecko) Chrome/90.0.4430.85 Safari/537.36" "222.98.79.140"
192.168.0.3 - - [12/Nov/2024:22:58:51 +0000] "GET /api/v1/resource HTTP/1.1" 401 3753 "https://ford.com" "Mozilla/5.0 (Windows NT 10.0; Win64; x64) AppleWebKit/537.36 (KHTML, like Gecko) Chrome/89.0.4389.82 Safari/537.36" "203.44.113.175"
192.168.0.2 - - [20/Nov/2024:22:58:51 +0000] "GET /api/v1/resource HTTP/1.1" 200 2234 "https://dominguez-cisneros.org" "Mozilla/5.0 (Windows NT 10.0; Win64; x64) AppleWebKit/537.36 (KHTML, like Gecko) Chrome/90.0.4430.85 Safari/537.36" "182.100.118.168"
192.168.0.1 - - [19/Nov/2024:22:58:51 +0000] "GET /api/v1/data HTTP/1.1" 301 3592 "https://rose.biz" "Mozilla/5.0 (Windows NT 6.1; WOW64; rv:33.0) Gecko/20100101 Firefox/33.0" "90.111.210.175"
192.168.0.2 - - [10/Nov/2024:22:58:51 +0000] "GET /api/v1/login HTTP/1.1" 401 926 "https://martin-nelson.org" "Mozilla/5.0 (Windows NT 10.0; Win64; x64) AppleWebKit/537.36 (KHTML, like Gecko) Chrome/90.0.4430.85 Safari/537.36" "162.110.247.118"
192.168.0.1 - - [08/Nov/2024:22:58:51 +0000] "GET /api/v1/resource HTTP/1.1" 400 4658 "https://turner.org" "Mozilla/5.0 (Windows NT 10.0; Win64; x64) AppleWebKit/537.36 (KHTML, like Gecko) Chrome/90.0.4430.85 Safari/537.36" "214.4.95.75"
192.168.0.3 - - [27/Nov/2024:22:58:51 +0000] "GET /api/v1/resource HTTP/1.1" 401 800 "https://grant.com" "Mozilla/5.0 (Windows NT 10.0; Win64; x64) AppleWebKit/537.36 (KHTML, like Gecko) Chrome/90.0.4430.85 Safari/537.36" "10.20.75.183"
192.168.0.2 - - [01/Dec/2024:22:58:51 +0000] "GET /api/v1/status HTTP/1.1" 500 1967 "https://dunn.org" "Mozilla/5.0 (Windows NT 6.1; WOW64; rv:33.0) Gecko/20100101 Firefox/33.0" "185.166.206.224"
192.168.0.1 - - [24/Nov/2024:22:58:51 +0000] "GET /api/v1/resource HTTP/1.1" 500 2547 "https://callahan-hernandez.com" "Mozilla/5.0 (Windows NT 6.1; WOW64; rv:33.0) Gecko/20100101 Firefox/33.0" "200.23.108.201"
192.168.0.2 - - [30/Nov/2024:22:58:51 +0000] "GET /api/v1/data HTTP/1.1" 500 4691 "https://silva.com" "Mozilla/5.0 (Windows NT 10.0; Win64; x64) AppleWebKit/537.36 (KHTML, like Gecko) Chrome/89.0.4389.82 Safari/537.36" "98.80.112.32"
192.168.0.3 - - [03/Dec/2024:22:58:51 +0000] "GET /api/v1/login HTTP/1.1" 404 2562 "https://williamson.net" "Mozilla/5.0 (Windows NT 6.1; WOW64; rv:33.0) Gecko/20100101 Firefox/33.0" "150.94.43.168"
192.168.0.2 - - [04/Dec/2024:22:58:51 +0000] "GET /api/v1/status HTTP/1.1" 401 1122 "https://hanson.com" "Mozilla/5.0 (Windows NT 10.0; Win64; x64) AppleWebKit/537.36 (KHTML, like Gecko) Chrome/90.0.4430.85 Safari/537.36" "64.181.110.197"
192.168.0.1 - - [13/Nov/2024:22:58:51 +0000] "GET /api/v1/login HTTP/1.1" 404 2849 "https://rogers.com" "Mozilla/5.0 (Windows NT 10.0; Win64; x64) AppleWebKit/537.36 (KHTML, like Gecko) Chrome/90.0.4430.85 Safari/537.36" "204.103.171.226"
192.168.0.3 - - [07/Dec/2024:22:58:51 +0000] "GET /api/v1/data HTTP/1.1" 200 1665 "https://haley.com" "Mozilla/5.0 (Windows NT 10.0; Win64; x64) AppleWebKit/537.36 (KHTML, like Gecko) Chrome/90.0.4430.85 Safari/537.36" "168.60.134.125"
192.168.0.2 - - [22/Nov/2024:22:58:51 +0000] "GET /api/v1/login HTTP/1.1" 500 3305 "https://griffin.com" "Mozilla/5.0 (Windows NT 10.0; Win64; x64) AppleWebKit/537.36 (KHTML, like Gecko) Chrome/89.0.4389.82 Safari/537.36" "108.64.154.243"
192.168.0.1 - - [14/Nov/2024:22:58:51 +0000] "GET /api/v1/data HTTP/1.1" 400 1514 "https://molina.com" "Mozilla/5.0 (Windows NT 6.1; WOW64; rv:33.0) Gecko/20100101 Firefox/33.0" "157.90.28.222"
192.168.0.1 - - [25/Nov/2024:22:58:51 +0000] "GET /api/v1/user HTTP/1.1" 400 857 "https://gray-miller.org" "Mozilla/5.0 (Windows NT 10.0; Win64; x64) AppleWebKit/537.36 (KHTML, like Gecko) Chrome/89.0.4389.82 Safari/537.36" "92.47.68.138"
192.168.0.1 - - [06/Dec/2024:22:58:51 +0000] "GET /api/v1/login HTTP/1.1" 200 1741 "https://smith-mccarty.com" "Mozilla/5.0 (Windows NT 6.1; WOW64; rv:33.0) Gecko/20100101 Firefox/33.0" "121.8.236.183"
192.168.0.2 - - [09/Nov/2024:22:58:51 +0000] "GET /api/v1/login HTTP/1.1" 404 532 "https://fisher.info" "Mozilla/5.0 (Windows NT 10.0; Win64; x64) AppleWebKit/537.36 (KHTML, like Gecko) Chrome/89.0.4389.82 Safari/537.36" "102.4.5.85"
192.168.0.1 - - [12/Nov/2024:22:58:51 +0000] "GET /api/v1/status HTTP/1.1" 301 3028 "https://greene.com" "Mozilla/5.0 (Windows NT 10.0; Win64; x64) AppleWebKit/537.36 (KHTML, like Gecko) Chrome/90.0.4430.85 Safari/537.36" "16.103.49.49"
192.168.0.3 - - [25/Nov/2024:22:58:51 +0000] "GET /api/v1/data HTTP/1.1" 301 2202 "https://mooney-sanchez.info" "Mozilla/5.0 (Windows NT 10.0; Win64; x64) AppleWebKit/537.36 (KHTML, like Gecko) Chrome/89.0.4389.82 Safari/537.36" "65.243.172.157"
192.168.0.2 - - [29/Nov/2024:22:58:51 +0000] "GET /api/v1/data HTTP/1.1" 401 3963 "https://george-buckley.com" "Mozilla/5.0 (Windows NT 6.1; WOW64; rv:33.0) Gecko/20100101 Firefox/33.0" "168.121.137.92"
192.168.0.2 - - [04/Dec/2024:22:58:51 +0000] "GET /api/v1/resource HTTP/1.1" 401 4336 "https://lee.com" "Mozilla/5.0 (Windows NT 10.0; Win64; x64) AppleWebKit/537.36 (KHTML, like Gecko) Chrome/89.0.4389.82 Safari/537.36" "203.71.114.67"
192.168.0.1 - - [22/Nov/2024:22:58:51 +0000] "GET /api/v1/resource HTTP/1.1" 200 804 "https://perez-carney.info" "Mozilla/5.0 (Windows NT 10.0; Win64; x64) AppleWebKit/537.36 (KHTML, like Gecko) Chrome/89.0.4389.82 Safari/537.36" "111.110.144.246"
192.168.0.1 - - [29/Nov/2024:22:58:51 +0000] "GET /api/v1/data HTTP/1.1" 200 980 "https://rodriguez.org" "Mozilla/5.0 (Windows NT 10.0; Win64; x64) AppleWebKit/537.36 (KHTML, like Gecko) Chrome/90.0.4430.85 Safari/537.36" "218.218.116.18"
192.168.0.3 - - [18/Nov/2024:22:58:51 +0000] "GET /api/v1/user HTTP/1.1" 500 1043 "https://adams.com" "Mozilla/5.0 (Windows NT 10.0; Win64; x64) AppleWebKit/537.36 (KHTML, like Gecko) Chrome/90.0.4430.85 Safari/537.36" "200.227.15.121"
192.168.0.1 - - [08/Nov/2024:22:58:51 +0000] "GET /api/v1/user HTTP/1.1" 401 3661 "https://price.com" "Mozilla/5.0 (Windows NT 10.0; Win64; x64) AppleWebKit/537.36 (KHTML, like Gecko) Chrome/90.0.4430.85 Safari/537.36" "128.139.171.187"
192.168.0.1 - - [01/Dec/2024:22:58:51 +0000] "GET /api/v1/user HTTP/1.1" 404 1284 "https://nelson-horn.com" "Mozilla/5.0 (Windows NT 10.0; Win64; x64) AppleWebKit/537.36 (KHTML, like Gecko) Chrome/89.0.4389.82 Safari/537.36" "40.231.88.145"
192.168.0.2 - - [26/Nov/2024:22:58:51 +0000] "GET /api/v1/resource HTTP/1.1" 400 4777 "https://mcconnell.com" "Mozilla/5.0 (Windows NT 10.0; Win64; x64) AppleWebKit/537.36 (KHTML, like Gecko) Chrome/90.0.4430.85 Safari/537.36" "9.199.252.135"
192.168.0.1 - - [12/Nov/2024:22:58:51 +0000] "GET /api/v1/login HTTP/1.1" 404 1337 "https://bailey.com" "Mozilla/5.0 (Windows NT 6.1; WOW64; rv:33.0) Gecko/20100101 Firefox/33.0" "3.64.217.209"
192.168.0.3 - - [08/Dec/2024:22:58:51 +0000] "GET /api/v1/user HTTP/1.1" 401 1160 "https://mendoza-clark.com" "Mozilla/5.0 (Windows NT 10.0; Win64; x64) AppleWebKit/537.36 (KHTML, like Gecko) Chrome/89.0.4389.82 Safari/537.36" "205.218.170.34"
192.168.0.3 - - [10/Nov/2024:22:58:51 +0000] "GET /api/v1/data HTTP/1.1" 400 4250 "https://lopez.biz" "Mozilla/5.0 (Windows NT 6.1; WOW64; rv:33.0) Gecko/20100101 Firefox/33.0" "114.242.173.59"
192.168.0.2 - - [16/Nov/2024:22:58:51 +0000] "GET /api/v1/status HTTP/1.1" 404 581 "https://baker.com" "Mozilla/5.0 (Windows NT 6.1; WOW64; rv:33.0) Gecko/20100101 Firefox/33.0" "217.94.172.236"
192.168.0.3 - - [17/Nov/2024:22:58:51 +0000] "GET /api/v1/data HTTP/1.1" 400 202 "https://rodriguez.com" "Mozilla/5.0 (Windows NT 10.0; Win64; x64) AppleWebKit/537.36 (KHTML, like Gecko) Chrome/90.0.4430.85 Safari/537.36" "8.200.127.121"
192.168.0.3 - - [24/Nov/2024:22:58:51 +0000] "GET /api/v1/user HTTP/1.1" 301 669 "https://key-phillips.info" "Mozilla/5.0 (Windows NT 10.0; Win64; x64) AppleWebKit/537.36 (KHTML, like Gecko) Chrome/89.0.4389.82 Safari/537.36" "206.226.245.123"
192.168.0.1 - - [25/Nov/2024:22:58:51 +0000] "GET /api/v1/status HTTP/1.1" 404 4904 "https://johnson.org" "Mozilla/5.0 (Windows NT 10.0; Win64; x64) AppleWebKit/537.36 (KHTML, like Gecko) Chrome/89.0.4389.82 Safari/537.36" "133.93.97.17"
192.168.0.3 - - [11/Nov/2024:22:58:51 +0000] "GET /api/v1/resource HTTP/1.1" 404 2997 "https://cunningham-morales.net" "Mozilla/5.0 (Windows NT 10.0; Win64; x64) AppleWebKit/537.36 (KHTML, like Gecko) Chrome/90.0.4430.85 Safari/537.36" "1.7.35.1"
192.168.0.1 - - [17/Nov/2024:22:58:51 +0000] "GET /api/v1/status HTTP/1.1" 200 4369 "https://williams.com" "Mozilla/5.0 (Windows NT 10.0; Win64; x64) AppleWebKit/537.36 (KHTML, like Gecko) Chrome/90.0.4430.85 Safari/537.36" "221.2.4.194"
192.168.0.2 - - [20/Nov/2024:22:58:51 +0000] "GET /api/v1/data HTTP/1.1" 404 404 "https://ross.com" "Mozilla/5.0 (Windows NT 10.0; Win64; x64) AppleWebKit/537.36 (KHTML, like Gecko) Chrome/90.0.4430.85 Safari/537.36" "196.70.29.253"
192.168.0.1 - - [11/Nov/2024:22:58:51 +0000] "GET /api/v1/data HTTP/1.1" 301 4169 "https://brown.com" "Mozilla/5.0 (Windows NT 10.0; Win64; x64) AppleWebKit/537.36 (KHTML, like Gecko) Chrome/89.0.4389.82 Safari/537.36" "118.169.10.48"
192.168.0.3 - - [04/Dec/2024:22:58:51 +0000] "GET /api/v1/status HTTP/1.1" 301 415 "https://smith.com" "Mozilla/5.0 (Windows NT 10.0; Win64; x64) AppleWebKit/537.36 (KHTML, like Gecko) Chrome/90.0.4430.85 Safari/537.36" "160.88.190.89"
192.168.0.2 - - [26/Nov/2024:22:58:51 +0000] "GET /api/v1/resource HTTP/1.1" 404 3590 "https://clark-coleman.com" "Mozilla/5.0 (Windows NT 10.0; Win64; x64) AppleWebKit/537.36 (KHTML, like Gecko) Chrome/90.0.4430.85 Safari/537.36" "99.182.123.101"
192.168.0.2 - - [21/Nov/2024:22:58:51 +0000] "GET /api/v1/resource HTTP/1.1" 404 4582 "https://sweeney.info" "Mozilla/5.0 (Windows NT 6.1; WOW64; rv:33.0) Gecko/20100101 Firefox/33.0" "196.101.126.140"
192.168.0.3 - - [26/Nov/2024:22:58:51 +0000] "GET /api/v1/resource HTTP/1.1" 404 820 "https://cooper.net" "Mozilla/5.0 (Windows NT 10.0; Win64; x64) AppleWebKit/537.36 (KHTML, like Gecko) Chrome/90.0.4430.85 Safari/537.36" "182.164.185.218"
192.168.0.2 - - [17/Nov/2024:22:58:51 +0000] "GET /api/v1/login HTTP/1.1" 401 843 "https://hudson.info" "Mozilla/5.0 (Windows NT 10.0; Win64; x64) AppleWebKit/537.36 (KHTML, like Gecko) Chrome/90.0.4430.85 Safari/537.36" "133.185.98.229"
192.168.0.1 - - [18/Nov/2024:22:58:51 +0000] "GET /api/v1/data HTTP/1.1" 200 3552 "https://poole.com" "Mozilla/5.0 (Windows NT 10.0; Win64; x64) AppleWebKit/537.36 (KHTML, like Gecko) Chrome/90.0.4430.85 Safari/537.36" "76.94.82.177"
192.168.0.3 - - [13/Nov/2024:22:58:51 +0000] "GET /api/v1/data HTTP/1.1" 404 4331 "https://clark.com" "Mozilla/5.0 (Windows NT 10.0; Win64; x64) AppleWebKit/537.36 (KHTML, like Gecko) Chrome/89.0.4389.82 Safari/537.36" "42.15.142.12"
192.168.0.2 - - [01/Dec/2024:22:58:51 +0000] "GET /api/v1/user HTTP/1.1" 500 1869 "https://smith-bryant.com" "Mozilla/5.0 (Windows NT 10.0; Win64; x64) AppleWebKit/537.36 (KHTML, like Gecko) Chrome/90.0.4430.85 Safari/537.36" "57.58.199.43"
192.168.0.1 - - [18/Nov/2024:22:58:51 +0000] "GET /api/v1/status HTTP/1.1" 500 3133 "https://bush.com" "Mozilla/5.0 (Windows NT 10.0; Win64; x64) AppleWebKit/537.36 (KHTML, like Gecko) Chrome/89.0.4389.82 Safari/537.36" "87.250.4.80"
192.168.0.2 - - [08/Nov/2024:22:58:51 +0000] "GET /api/v1/user HTTP/1.1" 301 4025 "https://young-smith.com" "Mozilla/5.0 (Windows NT 6.1; WOW64; rv:33.0) Gecko/20100101 Firefox/33.0" "214.127.176.167"
192.168.0.3 - - [09/Nov/2024:22:58:51 +0000] "GET /api/v1/data HTTP/1.1" 401 4946 "https://stewart.com" "Mozilla/5.0 (Windows NT 10.0; Win64; x64) AppleWebKit/537.36 (KHTML, like Gecko) Chrome/89.0.4389.82 Safari/537.36" "51.36.17.41"
192.168.0.1 - - [16/Nov/2024:22:58:51 +0000] "GET /api/v1/status HTTP/1.1" 401 3034 "https://ortega.com" "Mozilla/5.0 (Windows NT 10.0; Win64; x64) AppleWebKit/537.36 (KHTML, like Gecko) Chrome/90.0.4430.85 Safari/537.36" "31.47.186.69"
192.168.0.1 - - [11/Nov/2024:22:58:51 +0000] "GET /api/v1/user HTTP/1.1" 404 2311 "https://martin-vega.info" "Mozilla/5.0 (Windows NT 6.1; WOW64; rv:33.0) Gecko/20100101 Firefox/33.0" "138.156.54.83"
192.168.0.3 - - [16/Nov/2024:22:58:51 +0000] "GET /api/v1/data HTTP/1.1" 301 209 "https://aguilar-wyatt.com" "Mozilla/5.0 (Windows NT 6.1; WOW64; rv:33.0) Gecko/20100101 Firefox/33.0" "46.3.241.121"
192.168.0.3 - - [03/Dec/2024:22:58:51 +0000] "GET /api/v1/status HTTP/1.1" 301 1624 "https://vazquez.info" "Mozilla/5.0 (Windows NT 10.0; Win64; x64) AppleWebKit/537.36 (KHTML, like Gecko) Chrome/90.0.4430.85 Safari/537.36" "205.128.196.219"
192.168.0.3 - - [13/Nov/2024:22:58:51 +0000] "GET /api/v1/user HTTP/1.1" 400 3634 "https://walker.biz" "Mozilla/5.0 (Windows NT 10.0; Win64; x64) AppleWebKit/537.36 (KHTML, like Gecko) Chrome/90.0.4430.85 Safari/537.36" "71.76.69.137"
192.168.0.3 - - [14/Nov/2024:22:58:51 +0000] "GET /api/v1/resource HTTP/1.1" 401 4461 "https://harrell-brown.biz" "Mozilla/5.0 (Windows NT 10.0; Win64; x64) AppleWebKit/537.36 (KHTML, like Gecko) Chrome/89.0.4389.82 Safari/537.36" "147.239.25.151"
192.168.0.1 - - [28/Nov/2024:22:58:51 +0000] "GET /api/v1/status HTTP/1.1" 301 409 "https://santiago.com" "Mozilla/5.0 (Windows NT 10.0; Win64; x64) AppleWebKit/537.36 (KHTML, like Gecko) Chrome/90.0.4430.85 Safari/537.36" "70.48.223.250"
192.168.0.1 - - [22/Nov/2024:22:58:51 +0000] "GET /api/v1/status HTTP/1.1" 400 1789 "https://rogers-reed.com" "Mozilla/5.0 (Windows NT 6.1; WOW64; rv:33.0) Gecko/20100101 Firefox/33.0" "217.237.65.220"
192.168.0.1 - - [23/Nov/2024:22:58:51 +0000] "GET /api/v1/user HTTP/1.1" 200 2381 "https://rios.com" "Mozilla/5.0 (Windows NT 6.1; WOW64; rv:33.0) Gecko/20100101 Firefox/33.0" "99.190.0.15"
192.168.0.1 - - [21/Nov/2024:22:58:51 +0000] "GET /api/v1/data HTTP/1.1" 301 2821 "https://marshall-cooper.info" "Mozilla/5.0 (Windows NT 10.0; Win64; x64) AppleWebKit/537.36 (KHTML, like Gecko) Chrome/89.0.4389.82 Safari/537.36" "4.29.230.32"
192.168.0.3 - - [25/Nov/2024:22:58:51 +0000] "GET /api/v1/user HTTP/1.1" 200 3158 "https://russell.com" "Mozilla/5.0 (Windows NT 10.0; Win64; x64) AppleWebKit/537.36 (KHTML, like Gecko) Chrome/90.0.4430.85 Safari/537.36" "28.234.141.120"
192.168.0.3 - - [09/Nov/2024:22:58:51 +0000] "GET /api/v1/data HTTP/1.1" 500 3007 "https://smith.com" "Mozilla/5.0 (Windows NT 6.1; WOW64; rv:33.0) Gecko/20100101 Firefox/33.0" "190.150.56.102"
192.168.0.3 - - [03/Dec/2024:22:58:51 +0000] "GET /api/v1/resource HTTP/1.1" 404 4926 "https://monroe.com" "Mozilla/5.0 (Windows NT 10.0; Win64; x64) AppleWebKit/537.36 (KHTML, like Gecko) Chrome/89.0.4389.82 Safari/537.36" "25.62.148.22"
192.168.0.1 - - [14/Nov/2024:22:58:51 +0000] "GET /api/v1/login HTTP/1.1" 500 4754 "https://townsend-sheppard.com" "Mozilla/5.0 (Windows NT 10.0; Win64; x64) AppleWebKit/537.36 (KHTML, like Gecko) Chrome/89.0.4389.82 Safari/537.36" "111.113.222.70"
192.168.0.2 - - [30/Nov/2024:22:58:51 +0000] "GET /api/v1/login HTTP/1.1" 401 4624 "https://baker.com" "Mozilla/5.0 (Windows NT 6.1; WOW64; rv:33.0) Gecko/20100101 Firefox/33.0" "23.173.81.129"
192.168.0.1 - - [01/Dec/2024:22:58:51 +0000] "GET /api/v1/user HTTP/1.1" 200 2923 "https://kim.com" "Mozilla/5.0 (Windows NT 10.0; Win64; x64) AppleWebKit/537.36 (KHTML, like Gecko) Chrome/89.0.4389.82 Safari/537.36" "172.2.201.11"
192.168.0.3 - - [08/Dec/2024:22:58:51 +0000] "GET /api/v1/data HTTP/1.1" 401 837 "https://fisher.com" "Mozilla/5.0 (Windows NT 6.1; WOW64; rv:33.0) Gecko/20100101 Firefox/33.0" "79.13.144.99"
192.168.0.1 - - [04/Dec/2024:22:58:51 +0000] "GET /api/v1/login HTTP/1.1" 301 500 "https://norman.com" "Mozilla/5.0 (Windows NT 6.1; WOW64; rv:33.0) Gecko/20100101 Firefox/33.0" "24.147.83.109"
192.168.0.2 - - [28/Nov/2024:22:58:51 +0000] "GET /api/v1/status HTTP/1.1" 404 3586 "https://lee.com" "Mozilla/5.0 (Windows NT 6.1; WOW64; rv:33.0) Gecko/20100101 Firefox/33.0" "53.108.43.226"
192.168.0.3 - - [14/Nov/2024:22:58:51 +0000] "GET /api/v1/status HTTP/1.1" 404 205 "https://washington-davis.com" "Mozilla/5.0 (Windows NT 10.0; Win64; x64) AppleWebKit/537.36 (KHTML, like Gecko) Chrome/89.0.4389.82 Safari/537.36" "209.212.200.132"
192.168.0.1 - - [17/Nov/2024:22:58:51 +0000] "GET /api/v1/resource HTTP/1.1" 301 4548 "https://aguirre.com" "Mozilla/5.0 (Windows NT 10.0; Win64; x64) AppleWebKit/537.36 (KHTML, like Gecko) Chrome/89.0.4389.82 Safari/537.36" "131.98.161.124"
192.168.0.1 - - [04/Dec/2024:22:58:51 +0000] "GET /api/v1/login HTTP/1.1" 500 4723 "https://yang.com" "Mozilla/5.0 (Windows NT 6.1; WOW64; rv:33.0) Gecko/20100101 Firefox/33.0" "96.44.25.254"
192.168.0.3 - - [26/Nov/2024:22:58:51 +0000] "GET /api/v1/user HTTP/1.1" 301 251 "https://murphy.info" "Mozilla/5.0 (Windows NT 6.1; WOW64; rv:33.0) Gecko/20100101 Firefox/33.0" "35.164.236.94"
192.168.0.1 - - [20/Nov/2024:22:58:51 +0000] "GET /api/v1/user HTTP/1.1" 401 4273 "https://hernandez-elliott.com" "Mozilla/5.0 (Windows NT 6.1; WOW64; rv:33.0) Gecko/20100101 Firefox/33.0" "25.21.163.220"
192.168.0.1 - - [16/Nov/2024:22:58:51 +0000] "GET /api/v1/login HTTP/1.1" 401 1874 "https://brown.biz" "Mozilla/5.0 (Windows NT 10.0; Win64; x64) AppleWebKit/537.36 (KHTML, like Gecko) Chrome/90.0.4430.85 Safari/537.36" "211.102.55.56"
192.168.0.3 - - [10/Nov/2024:22:58:51 +0000] "GET /api/v1/login HTTP/1.1" 301 2976 "https://whitney-jenkins.com" "Mozilla/5.0 (Windows NT 10.0; Win64; x64) AppleWebKit/537.36 (KHTML, like Gecko) Chrome/90.0.4430.85 Safari/537.36" "95.29.115.184"
192.168.0.3 - - [17/Nov/2024:22:58:51 +0000] "GET /api/v1/user HTTP/1.1" 400 2687 "https://miranda-sutton.info" "Mozilla/5.0 (Windows NT 10.0; Win64; x64) AppleWebKit/537.36 (KHTML, like Gecko) Chrome/90.0.4430.85 Safari/537.36" "24.238.236.89"
192.168.0.3 - - [06/Dec/2024:22:58:51 +0000] "GET /api/v1/user HTTP/1.1" 401 972 "https://hill.com" "Mozilla/5.0 (Windows NT 10.0; Win64; x64) AppleWebKit/537.36 (KHTML, like Gecko) Chrome/90.0.4430.85 Safari/537.36" "86.220.32.64"
192.168.0.3 - - [16/Nov/2024:22:58:51 +0000] "GET /api/v1/data HTTP/1.1" 500 734 "https://ray-thomas.com" "Mozilla/5.0 (Windows NT 10.0; Win64; x64) AppleWebKit/537.36 (KHTML, like Gecko) Chrome/90.0.4430.85 Safari/537.36" "40.59.177.197"
192.168.0.3 - - [05/Dec/2024:22:58:51 +0000] "GET /api/v1/data HTTP/1.1" 301 1531 "https://tyler.com" "Mozilla/5.0 (Windows NT 6.1; WOW64; rv:33.0) Gecko/20100101 Firefox/33.0" "164.7.84.82"
192.168.0.3 - - [29/Nov/2024:22:58:51 +0000] "GET /api/v1/user HTTP/1.1" 400 3767 "https://grimes.com" "Mozilla/5.0 (Windows NT 10.0; Win64; x64) AppleWebKit/537.36 (KHTML, like Gecko) Chrome/89.0.4389.82 Safari/537.36" "152.131.153.232"
192.168.0.3 - - [24/Nov/2024:22:58:51 +0000] "GET /api/v1/resource HTTP/1.1" 200 2646 "https://hensley-walker.biz" "Mozilla/5.0 (Windows NT 10.0; Win64; x64) AppleWebKit/537.36 (KHTML, like Gecko) Chrome/90.0.4430.85 Safari/537.36" "168.16.166.80"
192.168.0.2 - - [16/Nov/2024:22:58:51 +0000] "GET /api/v1/resource HTTP/1.1" 301 1214 "https://waller-brown.org" "Mozilla/5.0 (Windows NT 6.1; WOW64; rv:33.0) Gecko/20100101 Firefox/33.0" "22.92.94.23"
192.168.0.1 - - [18/Nov/2024:22:58:51 +0000] "GET /api/v1/status HTTP/1.1" 400 433 "https://daniels-gonzales.com" "Mozilla/5.0 (Windows NT 6.1; WOW64; rv:33.0) Gecko/20100101 Firefox/33.0" "168.67.55.149"
192.168.0.3 - - [19/Nov/2024:22:58:51 +0000] "GET /api/v1/user HTTP/1.1" 200 4967 "https://ortega.com" "Mozilla/5.0 (Windows NT 6.1; WOW64; rv:33.0) Gecko/20100101 Firefox/33.0" "76.225.20.194"
192.168.0.3 - - [10/Nov/2024:22:58:51 +0000] "GET /api/v1/data HTTP/1.1" 500 4695 "https://miller.com" "Mozilla/5.0 (Windows NT 10.0; Win64; x64) AppleWebKit/537.36 (KHTML, like Gecko) Chrome/90.0.4430.85 Safari/537.36" "166.30.46.17"
192.168.0.1 - - [22/Nov/2024:22:58:51 +0000] "GET /api/v1/status HTTP/1.1" 301 4392 "https://sampson.org" "Mozilla/5.0 (Windows NT 10.0; Win64; x64) AppleWebKit/537.36 (KHTML, like Gecko) Chrome/90.0.4430.85 Safari/537.36" "91.59.245.171"
192.168.0.2 - - [28/Nov/2024:22:58:51 +0000] "GET /api/v1/status HTTP/1.1" 400 4635 "https://davis.com" "Mozilla/5.0 (Windows NT 6.1; WOW64; rv:33.0) Gecko/20100101 Firefox/33.0" "216.222.49.35"
192.168.0.3 - - [15/Nov/2024:22:58:51 +0000] "GET /api/v1/login HTTP/1.1" 404 2488 "https://stevenson-alexander.com" "Mozilla/5.0 (Windows NT 10.0; Win64; x64) AppleWebKit/537.36 (KHTML, like Gecko) Chrome/90.0.4430.85 Safari/537.36" "212.182.9.156"
192.168.0.3 - - [05/Dec/2024:22:58:51 +0000] "GET /api/v1/resource HTTP/1.1" 401 4577 "https://cruz-lee.com" "Mozilla/5.0 (Windows NT 10.0; Win64; x64) AppleWebKit/537.36 (KHTML, like Gecko) Chrome/90.0.4430.85 Safari/537.36" "30.54.33.83"
192.168.0.2 - - [24/Nov/2024:22:58:51 +0000] "GET /api/v1/resource HTTP/1.1" 400 1903 "https://hart.com" "Mozilla/5.0 (Windows NT 10.0; Win64; x64) AppleWebKit/537.36 (KHTML, like Gecko) Chrome/90.0.4430.85 Safari/537.36" "96.62.144.236"
192.168.0.2 - - [15/Nov/2024:22:58:51 +0000] "GET /api/v1/resource HTTP/1.1" 404 1755 "https://moran-english.net" "Mozilla/5.0 (Windows NT 10.0; Win64; x64) AppleWebKit/537.36 (KHTML, like Gecko) Chrome/89.0.4389.82 Safari/537.36" "14.180.70.150"
192.168.0.1 - - [12/Nov/2024:22:58:51 +0000] "GET /api/v1/status HTTP/1.1" 401 248 "https://mosley.biz" "Mozilla/5.0 (Windows NT 10.0; Win64; x64) AppleWebKit/537.36 (KHTML, like Gecko) Chrome/90.0.4430.85 Safari/537.36" "189.116.126.177"
192.168.0.3 - - [16/Nov/2024:22:58:51 +0000] "GET /api/v1/data HTTP/1.1" 400 3123 "https://salazar.com" "Mozilla/5.0 (Windows NT 10.0; Win64; x64) AppleWebKit/537.36 (KHTML, like Gecko) Chrome/89.0.4389.82 Safari/537.36" "86.100.126.233"
192.168.0.3 - - [23/Nov/2024:22:58:51 +0000] "GET /api/v1/user HTTP/1.1" 401 1222 "https://cabrera.com" "Mozilla/5.0 (Windows NT 10.0; Win64; x64) AppleWebKit/537.36 (KHTML, like Gecko) Chrome/90.0.4430.85 Safari/537.36" "11.206.235.124"
192.168.0.3 - - [25/Nov/2024:22:58:51 +0000] "GET /api/v1/status HTTP/1.1" 401 4650 "https://lin.info" "Mozilla/5.0 (Windows NT 10.0; Win64; x64) AppleWebKit/537.36 (KHTML, like Gecko) Chrome/90.0.4430.85 Safari/537.36" "6.85.225.177"
192.168.0.1 - - [22/Nov/2024:22:58:51 +0000] "GET /api/v1/resource HTTP/1.1" 500 1915 "https://smith-clark.com" "Mozilla/5.0 (Windows NT 10.0; Win64; x64) AppleWebKit/537.36 (KHTML, like Gecko) Chrome/90.0.4430.85 Safari/537.36" "116.39.51.217"
192.168.0.1 - - [08/Nov/2024:22:58:51 +0000] "GET /api/v1/resource HTTP/1.1" 500 3885 "https://malone-hudson.info" "Mozilla/5.0 (Windows NT 10.0; Win64; x64) AppleWebKit/537.36 (KHTML, like Gecko) Chrome/89.0.4389.82 Safari/537.36" "77.233.153.27"
192.168.0.1 - - [24/Nov/2024:22:58:51 +0000] "GET /api/v1/resource HTTP/1.1" 500 1269 "https://craig.info" "Mozilla/5.0 (Windows NT 10.0; Win64; x64) AppleWebKit/537.36 (KHTML, like Gecko) Chrome/90.0.4430.85 Safari/537.36" "16.227.51.34"
192.168.0.3 - - [29/Nov/2024:22:58:51 +0000] "GET /api/v1/user HTTP/1.1" 200 2703 "https://moore.com" "Mozilla/5.0 (Windows NT 6.1; WOW64; rv:33.0) Gecko/20100101 Firefox/33.0" "39.69.38.223"
192.168.0.3 - - [03/Dec/2024:22:58:51 +0000] "GET /api/v1/login HTTP/1.1" 500 2203 "https://johnson-hall.com" "Mozilla/5.0 (Windows NT 10.0; Win64; x64) AppleWebKit/537.36 (KHTML, like Gecko) Chrome/90.0.4430.85 Safari/537.36" "76.119.14.151"
192.168.0.3 - - [28/Nov/2024:22:58:51 +0000] "GET /api/v1/login HTTP/1.1" 500 1856 "https://wilson-ward.com" "Mozilla/5.0 (Windows NT 10.0; Win64; x64) AppleWebKit/537.36 (KHTML, like Gecko) Chrome/90.0.4430.85 Safari/537.36" "41.183.99.44"
192.168.0.2 - - [01/Dec/2024:22:58:51 +0000] "GET /api/v1/user HTTP/1.1" 301 2319 "https://morrison-dixon.com" "Mozilla/5.0 (Windows NT 6.1; WOW64; rv:33.0) Gecko/20100101 Firefox/33.0" "8.78.144.122"
192.168.0.3 - - [13/Nov/2024:22:58:51 +0000] "GET /api/v1/user HTTP/1.1" 400 3403 "https://martinez.com" "Mozilla/5.0 (Windows NT 10.0; Win64; x64) AppleWebKit/537.36 (KHTML, like Gecko) Chrome/90.0.4430.85 Safari/537.36" "162.21.82.153"
192.168.0.2 - - [26/Nov/2024:22:58:51 +0000] "GET /api/v1/resource HTTP/1.1" 301 2388 "https://walker-rivas.com" "Mozilla/5.0 (Windows NT 10.0; Win64; x64) AppleWebKit/537.36 (KHTML, like Gecko) Chrome/89.0.4389.82 Safari/537.36" "99.201.5.189"
192.168.0.1 - - [16/Nov/2024:22:58:51 +0000] "GET /api/v1/login HTTP/1.1" 200 1938 "https://andrews.info" "Mozilla/5.0 (Windows NT 10.0; Win64; x64) AppleWebKit/537.36 (KHTML, like Gecko) Chrome/90.0.4430.85 Safari/537.36" "163.91.188.135"
192.168.0.1 - - [05/Dec/2024:22:58:51 +0000] "GET /api/v1/login HTTP/1.1" 400 3574 "https://jones.com" "Mozilla/5.0 (Windows NT 10.0; Win64; x64) AppleWebKit/537.36 (KHTML, like Gecko) Chrome/90.0.4430.85 Safari/537.36" "104.31.128.76"
192.168.0.2 - - [03/Dec/2024:22:58:51 +0000] "GET /api/v1/resource HTTP/1.1" 400 3911 "https://johnston-ruiz.com" "Mozilla/5.0 (Windows NT 10.0; Win64; x64) AppleWebKit/537.36 (KHTML, like Gecko) Chrome/89.0.4389.82 Safari/537.36" "44.219.42.29"
192.168.0.2 - - [12/Nov/2024:22:58:51 +0000] "GET /api/v1/resource HTTP/1.1" 500 2320 "https://duran.com" "Mozilla/5.0 (Windows NT 10.0; Win64; x64) AppleWebKit/537.36 (KHTML, like Gecko) Chrome/90.0.4430.85 Safari/537.36" "87.170.37.223"
192.168.0.3 - - [06/Dec/2024:22:58:51 +0000] "GET /api/v1/status HTTP/1.1" 200 1155 "https://nguyen.org" "Mozilla/5.0 (Windows NT 10.0; Win64; x64) AppleWebKit/537.36 (KHTML, like Gecko) Chrome/90.0.4430.85 Safari/537.36" "169.12.135.84"
192.168.0.1 - - [05/Dec/2024:22:58:51 +0000] "GET /api/v1/login HTTP/1.1" 401 1857 "https://blanchard.biz" "Mozilla/5.0 (Windows NT 6.1; WOW64; rv:33.0) Gecko/20100101 Firefox/33.0" "98.250.16.221"
192.168.0.3 - - [06/Dec/2024:22:58:51 +0000] "GET /api/v1/resource HTTP/1.1" 301 3988 "https://henson-elliott.info" "Mozilla/5.0 (Windows NT 10.0; Win64; x64) AppleWebKit/537.36 (KHTML, like Gecko) Chrome/90.0.4430.85 Safari/537.36" "59.95.200.111"
192.168.0.2 - - [04/Dec/2024:22:58:51 +0000] "GET /api/v1/data HTTP/1.1" 401 1779 "https://young.com" "Mozilla/5.0 (Windows NT 10.0; Win64; x64) AppleWebKit/537.36 (KHTML, like Gecko) Chrome/89.0.4389.82 Safari/537.36" "158.24.74.191"
192.168.0.3 - - [25/Nov/2024:22:58:51 +0000] "GET /api/v1/login HTTP/1.1" 400 1250 "https://stevens.biz" "Mozilla/5.0 (Windows NT 6.1; WOW64; rv:33.0) Gecko/20100101 Firefox/33.0" "190.173.50.83"
192.168.0.1 - - [19/Nov/2024:22:58:51 +0000] "GET /api/v1/resource HTTP/1.1" 500 4193 "https://chambers.com" "Mozilla/5.0 (Windows NT 10.0; Win64; x64) AppleWebKit/537.36 (KHTML, like Gecko) Chrome/89.0.4389.82 Safari/537.36" "50.52.33.110"
192.168.0.1 - - [30/Nov/2024:22:58:51 +0000] "GET /api/v1/login HTTP/1.1" 404 609 "https://brown.com" "Mozilla/5.0 (Windows NT 6.1; WOW64; rv:33.0) Gecko/20100101 Firefox/33.0" "205.229.79.67"
192.168.0.1 - - [08/Dec/2024:22:58:51 +0000] "GET /api/v1/user HTTP/1.1" 200 2596 "https://weber.com" "Mozilla/5.0 (Windows NT 10.0; Win64; x64) AppleWebKit/537.36 (KHTML, like Gecko) Chrome/89.0.4389.82 Safari/537.36" "182.76.173.201"
192.168.0.2 - - [23/Nov/2024:22:58:51 +0000] "GET /api/v1/login HTTP/1.1" 401 4650 "https://huber-cunningham.com" "Mozilla/5.0 (Windows NT 10.0; Win64; x64) AppleWebKit/537.36 (KHTML, like Gecko) Chrome/89.0.4389.82 Safari/537.36" "89.63.69.34"
192.168.0.3 - - [28/Nov/2024:22:58:51 +0000] "GET /api/v1/resource HTTP/1.1" 404 4866 "https://walker-diaz.com" "Mozilla/5.0 (Windows NT 10.0; Win64; x64) AppleWebKit/537.36 (KHTML, like Gecko) Chrome/90.0.4430.85 Safari/537.36" "165.115.84.141"
192.168.0.2 - - [21/Nov/2024:22:58:51 +0000] "GET /api/v1/data HTTP/1.1" 404 4171 "https://smith.com" "Mozilla/5.0 (Windows NT 10.0; Win64; x64) AppleWebKit/537.36 (KHTML, like Gecko) Chrome/90.0.4430.85 Safari/537.36" "164.97.9.188"
192.168.0.1 - - [10/Nov/2024:22:58:51 +0000] "GET /api/v1/status HTTP/1.1" 404 2049 "https://maddox-james.com" "Mozilla/5.0 (Windows NT 10.0; Win64; x64) AppleWebKit/537.36 (KHTML, like Gecko) Chrome/90.0.4430.85 Safari/537.36" "197.205.37.166"
192.168.0.3 - - [17/Nov/2024:22:58:51 +0000] "GET /api/v1/resource HTTP/1.1" 301 4527 "https://sullivan.com" "Mozilla/5.0 (Windows NT 10.0; Win64; x64) AppleWebKit/537.36 (KHTML, like Gecko) Chrome/89.0.4389.82 Safari/537.36" "43.54.66.159"
192.168.0.1 - - [11/Nov/2024:22:58:51 +0000] "GET /api/v1/status HTTP/1.1" 400 1064 "https://green-bates.biz" "Mozilla/5.0 (Windows NT 6.1; WOW64; rv:33.0) Gecko/20100101 Firefox/33.0" "42.74.145.229"
192.168.0.3 - - [03/Dec/2024:22:58:51 +0000] "GET /api/v1/login HTTP/1.1" 200 2715 "https://thompson-griffin.com" "Mozilla/5.0 (Windows NT 10.0; Win64; x64) AppleWebKit/537.36 (KHTML, like Gecko) Chrome/90.0.4430.85 Safari/537.36" "17.187.194.129"
192.168.0.3 - - [08/Dec/2024:22:58:51 +0000] "GET /api/v1/resource HTTP/1.1" 500 2566 "https://williams.com" "Mozilla/5.0 (Windows NT 10.0; Win64; x64) AppleWebKit/537.36 (KHTML, like Gecko) Chrome/90.0.4430.85 Safari/537.36" "175.76.212.217"
192.168.0.3 - - [05/Dec/2024:22:58:51 +0000] "GET /api/v1/status HTTP/1.1" 401 1424 "https://zimmerman.com" "Mozilla/5.0 (Windows NT 6.1; WOW64; rv:33.0) Gecko/20100101 Firefox/33.0" "95.234.236.145"
192.168.0.3 - - [04/Dec/2024:22:58:51 +0000] "GET /api/v1/status HTTP/1.1" 400 902 "https://smith.com" "Mozilla/5.0 (Windows NT 10.0; Win64; x64) AppleWebKit/537.36 (KHTML, like Gecko) Chrome/90.0.4430.85 Safari/537.36" "192.16.237.184"
