192.168.0.2 - - [28/Nov/2024:22:58:51 +0000] "GET /api/v1/data HTTP/1.1" 500 3683 "https://king.com" "Mozilla/5.0 (Windows NT 10.0; Win64; x64) AppleWebKit/537.36 (KHTML, like Gecko) Chrome/89.0.4389.82 Safari/537.36" "147.201.104.111"
192.168.0.2 - - [05/Dec/2024:22:58:51 +0000] "GET /api/v1/status HTTP/1.1" 301 526 "https://andrade-walters.com" "Mozilla/5.0 (Windows NT 6.1; WOW64; rv:33.0) Gecko/20100101 Firefox/33.0" "192.61.249.127"
192.168.0.3 - - [04/Dec/2024:22:58:51 +0000] "GET /api/v1/data HTTP/1.1" 404 1593 "https://miles.com" "Mozilla/5.0 (Windows NT 10.0; Win64; x64) AppleWebKit/537.36 (KHTML, like Gecko) Chrome/90.0.4430.85 Safari/537.36" "189.94.64.77"
192.168.0.1 - - [16/Nov/2024:22:58:51 +0000] "GET /api/v1/status HTTP/1.1" 301 4007 "https://bernard-boone.com" "Mozilla/5.0 (Windows NT 10.0; Win64; x64) AppleWebKit/537.36 (KHTML, like Gecko) Chrome/89.0.4389.82 Safari/537.36" "155.94.158.211"
192.168.0.1 - - [08/Nov/2024:22:58:51 +0000] "GET /api/v1/data HTTP/1.1" 404 1968 "https://johnson.com" "Mozilla/5.0 (Windows NT 10.0; Win64; x64) AppleWebKit/537.36 (KHTML, like Gecko) Chrome/90.0.4430.85 Safari/537.36" "15.54.224.144"
192.168.0.2 - - [08/Nov/2024:22:58:51 +0000] "GET /api/v1/login HTTP/1.1" 301 1295 "https://moore-nelson.com" "Mozilla/5.0 (Windows NT 10.0; Win64; x64) AppleWebKit/537.36 (KHTML, like Gecko) Chrome/90.0.4430.85 Safari/537.36" "155.196.75.188"
192.168.0.3 - - [06/Dec/2024:22:58:51 +0000] "GET /api/v1/data HTTP/1.1" 401 4517 "https://jacobs-flynn.org" "Mozilla/5.0 (Windows NT 10.0; Win64; x64) AppleWebKit/537.36 (KHTML, like Gecko) Chrome/90.0.4430.85 Safari/537.36" "3.88.37.50"
192.168.0.2 - - [03/Dec/2024:22:58:51 +0000] "GET /api/v1/data HTTP/1.1" 401 4147 "https://sullivan-sanchez.com" "Mozilla/5.0 (Windows NT 10.0; Win64; x64) AppleWebKit/537.36 (KHTML, like Gecko) Chrome/89.0.4389.82 Safari/537.36" "185.161.36.155"
192.168.0.3 - - [11/Nov/2024:22:58:51 +0000] "GET /api/v1/data HTTP/1.1" 301 1754 "https://snyder.com" "Mozilla/5.0 (Windows NT 10.0; Win64; x64) AppleWebKit/537.36 (KHTML, like Gecko) Chrome/89.0.4389.82 Safari/537.36" "151.233.220.158"
192.168.0.3 - - [05/Dec/2024:22:58:51 +0000] "GET /api/v1/login HTTP/1.1" 401 2352 "https://baker.com" "Mozilla/5.0 (Windows NT 10.0; Win64; x64) AppleWebKit/537.36 (KHTML, like Gecko) Chrome/89.0.4389.82 Safari/537.36" "154.30.7.38"
192.168.0.1 - - [14/Nov/2024:22:58:51 +0000] "GET /api/v1/user HTTP/1.1" 404 3405 "https://anderson.com" "Mozilla/5.0 (Windows NT 6.1; WOW64; rv:33.0) Gecko/20100101 Firefox/33.0" "67.126.142.92"
192.168.0.3 - - [08/Nov/2024:22:58:51 +0000] "GET /api/v1/user HTTP/1.1" 500 4849 "https://hess-gilbert.info" "Mozilla/5.0 (Windows NT 10.0; Win64; x64) AppleWebKit/537.36 (KHTML, like Gecko) Chrome/90.0.4430.85 Safari/537.36" "152.174.148.88"
192.168.0.3 - - [27/Nov/2024:22:58:51 +0000] "GET /api/v1/status HTTP/1.1" 200 632 "https://lee.com" "Mozilla/5.0 (Windows NT 10.0; Win64; x64) AppleWebKit/537.36 (KHTML, like Gecko) Chrome/90.0.4430.85 Safari/537.36" "12.16.215.66"
192.168.0.1 - - [15/Nov/2024:22:58:51 +0000] "GET /api/v1/user HTTP/1.1" 404 3972 "https://sanchez.com" "Mozilla/5.0 (Windows NT 10.0; Win64; x64) AppleWebKit/537.36 (KHTML, like Gecko) Chrome/90.0.4430.85 Safari/537.36" "94.209.161.174"
192.168.0.3 - - [23/Nov/2024:22:58:51 +0000] "GET /api/v1/user HTTP/1.1" 401 1662 "https://walker.com" "Mozilla/5.0 (Windows NT 10.0; Win64; x64) AppleWebKit/537.36 (KHTML, like Gecko) Chrome/90.0.4430.85 Safari/537.36" "20.169.249.61"
192.168.0.2 - - [29/Nov/2024:22:58:51 +0000] "GET /api/v1/status HTTP/1.1" 400 158 "https://ponce.info" "Mozilla/5.0 (Windows NT 10.0; Win64; x64) AppleWebKit/537.36 (KHTML, like Gecko) Chrome/89.0.4389.82 Safari/537.36" "161.177.220.124"
192.168.0.3 - - [02/Dec/2024:22:58:51 +0000] "GET /api/v1/user HTTP/1.1" 404 3212 "https://thompson.com" "Mozilla/5.0 (Windows NT 10.0; Win64; x64) AppleWebKit/537.36 (KHTML, like Gecko) Chrome/90.0.4430.85 Safari/537.36" "157.129.54.137"
192.168.0.1 - - [30/Nov/2024:22:58:51 +0000] "GET /api/v1/status HTTP/1.1" 200 2396 "https://thompson.com" "Mozilla/5.0 (Windows NT 10.0; Win64; x64) AppleWebKit/537.36 (KHTML, like Gecko) Chrome/89.0.4389.82 Safari/537.36" "150.22.211.62"
192.168.0.2 - - [03/Dec/2024:22:58:51 +0000] "GET /api/v1/data HTTP/1.1" 400 4073 "https://pennington-colon.com" "Mozilla/5.0 (Windows NT 6.1; WOW64; rv:33.0) Gecko/20100101 Firefox/33.0" "222.71.63.28"
192.168.0.2 - - [08/Dec/2024:22:58:51 +0000] "GET /api/v1/login HTTP/1.1" 401 669 "https://rodriguez.com" "Mozilla/5.0 (Windows NT 10.0; Win64; x64) AppleWebKit/537.36 (KHTML, like Gecko) Chrome/89.0.4389.82 Safari/537.36" "129.70.18.185"
192.168.0.3 - - [12/Nov/2024:22:58:51 +0000] "GET /api/v1/user HTTP/1.1" 500 4794 "https://young.com" "Mozilla/5.0 (Windows NT 10.0; Win64; x64) AppleWebKit/537.36 (KHTML, like Gecko) Chrome/89.0.4389.82 Safari/537.36" "118.65.239.42"
192.168.0.3 - - [08/Dec/2024:22:58:51 +0000] "GET /api/v1/status HTTP/1.1" 404 515 "https://simmons.biz" "Mozilla/5.0 (Windows NT 6.1; WOW64; rv:33.0) Gecko/20100101 Firefox/33.0" "21.134.63.159"
192.168.0.2 - - [02/Dec/2024:22:58:51 +0000] "GET /api/v1/user HTTP/1.1" 301 220 "https://reed.info" "Mozilla/5.0 (Windows NT 10.0; Win64; x64) AppleWebKit/537.36 (KHTML, like Gecko) Chrome/89.0.4389.82 Safari/537.36" "188.97.249.218"
192.168.0.3 - - [30/Nov/2024:22:58:51 +0000] "GET /api/v1/login HTTP/1.1" 500 3476 "https://payne.com" "Mozilla/5.0 (Windows NT 10.0; Win64; x64) AppleWebKit/537.36 (KHTML, like Gecko) Chrome/90.0.4430.85 Safari/537.36" "102.204.126.206"
192.168.0.1 - - [05/Dec/2024:22:58:51 +0000] "GET /api/v1/data HTTP/1.1" 500 4737 "https://lopez.org" "Mozilla/5.0 (Windows NT 10.0; Win64; x64) AppleWebKit/537.36 (KHTML, like Gecko) Chrome/90.0.4430.85 Safari/537.36" "220.168.204.146"
192.168.0.3 - - [18/Nov/2024:22:58:51 +0000] "GET /api/v1/user HTTP/1.1" 200 2662 "https://green.com" "Mozilla/5.0 (Windows NT 10.0; Win64; x64) AppleWebKit/537.36 (KHTML, like Gecko) Chrome/89.0.4389.82 Safari/537.36" "45.172.103.230"
192.168.0.1 - - [08/Dec/2024:22:58:51 +0000] "GET /api/v1/resource HTTP/1.1" 301 3006 "https://chapman.com" "Mozilla/5.0 (Windows NT 6.1; WOW64; rv:33.0) Gecko/20100101 Firefox/33.0" "218.99.37.49"
192.168.0.3 - - [14/Nov/2024:22:58:51 +0000] "GET /api/v1/resource HTTP/1.1" 301 153 "https://fuentes.biz" "Mozilla/5.0 (Windows NT 10.0; Win64; x64) AppleWebKit/537.36 (KHTML, like Gecko) Chrome/90.0.4430.85 Safari/537.36" "76.227.252.150"
192.168.0.2 - - [28/Nov/2024:22:58:51 +0000] "GET /api/v1/login HTTP/1.1" 400 2460 "https://lewis-christensen.org" "Mozilla/5.0 (Windows NT 10.0; Win64; x64) AppleWebKit/537.36 (KHTML, like Gecko) Chrome/90.0.4430.85 Safari/537.36" "76.12.197.189"
192.168.0.3 - - [18/Nov/2024:22:58:51 +0000] "GET /api/v1/login HTTP/1.1" 200 1723 "https://hall-nichols.com" "Mozilla/5.0 (Windows NT 6.1; WOW64; rv:33.0) Gecko/20100101 Firefox/33.0" "103.89.33.71"
192.168.0.3 - - [23/Nov/2024:22:58:51 +0000] "GET /api/v1/user HTTP/1.1" 200 2384 "https://johnson.info" "Mozilla/5.0 (Windows NT 6.1; WOW64; rv:33.0) Gecko/20100101 Firefox/33.0" "128.147.109.174"
192.168.0.1 - - [15/Nov/2024:22:58:51 +0000] "GET /api/v1/resource HTTP/1.1" 404 3652 "https://lee.org" "Mozilla/5.0 (Windows NT 10.0; Win64; x64) AppleWebKit/537.36 (KHTML, like Gecko) Chrome/90.0.4430.85 Safari/537.36" "203.68.35.44"
192.168.0.3 - - [22/Nov/2024:22:58:51 +0000] "GET /api/v1/user HTTP/1.1" 400 4754 "https://wilkins.biz" "Mozilla/5.0 (Windows NT 6.1; WOW64; rv:33.0) Gecko/20100101 Firefox/33.0" "69.115.36.118"
192.168.0.1 - - [13/Nov/2024:22:58:51 +0000] "GET /api/v1/status HTTP/1.1" 404 2611 "https://krueger-ortiz.com" "Mozilla/5.0 (Windows NT 10.0; Win64; x64) AppleWebKit/537.36 (KHTML, like Gecko) Chrome/89.0.4389.82 Safari/537.36" "25.3.239.197"
192.168.0.2 - - [08/Nov/2024:22:58:51 +0000] "GET /api/v1/user HTTP/1.1" 200 545 "https://levine.org" "Mozilla/5.0 (Windows NT 10.0; Win64; x64) AppleWebKit/537.36 (KHTML, like Gecko) Chrome/90.0.4430.85 Safari/537.36" "103.224.34.51"
192.168.0.2 - - [11/Nov/2024:22:58:51 +0000] "GET /api/v1/login HTTP/1.1" 404 3377 "https://jackson.com" "Mozilla/5.0 (Windows NT 6.1; WOW64; rv:33.0) Gecko/20100101 Firefox/33.0" "86.75.247.181"
192.168.0.2 - - [16/Nov/2024:22:58:51 +0000] "GET /api/v1/user HTTP/1.1" 500 2124 "https://morgan.info" "Mozilla/5.0 (Windows NT 10.0; Win64; x64) AppleWebKit/537.36 (KHTML, like Gecko) Chrome/90.0.4430.85 Safari/537.36" "65.106.46.240"
192.168.0.1 - - [30/Nov/2024:22:58:51 +0000] "GET /api/v1/user HTTP/1.1" 500 1894 "https://meyer.com" "Mozilla/5.0 (Windows NT 6.1; WOW64; rv:33.0) Gecko/20100101 Firefox/33.0" "19.216.179.236"
192.168.0.1 - - [29/Nov/2024:22:58:51 +0000] "GET /api/v1/resource HTTP/1.1" 500 4291 "https://nielsen.com" "Mozilla/5.0 (Windows NT 10.0; Win64; x64) AppleWebKit/537.36 (KHTML, like Gecko) Chrome/90.0.4430.85 Safari/537.36" "176.213.230.217"
192.168.0.2 - - [06/Dec/2024:22:58:51 +0000] "GET /api/v1/resource HTTP/1.1" 301 3250 "https://moyer.com" "Mozilla/5.0 (Windows NT 6.1; WOW64; rv:33.0) Gecko/20100101 Firefox/33.0" "135.102.174.215"
192.168.0.3 - - [06/Dec/2024:22:58:51 +0000] "GET /api/v1/user HTTP/1.1" 400 2086 "https://hunter-pham.com" "Mozilla/5.0 (Windows NT 10.0; Win64; x64) AppleWebKit/537.36 (KHTML, like Gecko) Chrome/90.0.4430.85 Safari/537.36" "23.243.180.157"
192.168.0.2 - - [19/Nov/2024:22:58:51 +0000] "GET /api/v1/login HTTP/1.1" 401 2534 "https://rodriguez.com" "Mozilla/5.0 (Windows NT 10.0; Win64; x64) AppleWebKit/537.36 (KHTML, like Gecko) Chrome/89.0.4389.82 Safari/537.36" "34.177.194.73"
192.168.0.1 - - [17/Nov/2024:22:58:51 +0000] "GET /api/v1/login HTTP/1.1" 401 2434 "https://odom.net" "Mozilla/5.0 (Windows NT 6.1; WOW64; rv:33.0) Gecko/20100101 Firefox/33.0" "140.174.115.129"
192.168.0.1 - - [24/Nov/2024:22:58:51 +0000] "GET /api/v1/user HTTP/1.1" 404 2248 "https://guerrero-dunn.com" "Mozilla/5.0 (Windows NT 10.0; Win64; x64) AppleWebKit/537.36 (KHTML, like Gecko) Chrome/90.0.4430.85 Safari/537.36" "129.6.113.49"
192.168.0.3 - - [30/Nov/2024:22:58:51 +0000] "GET /api/v1/login HTTP/1.1" 200 2008 "https://anderson.com" "Mozilla/5.0 (Windows NT 6.1; WOW64; rv:33.0) Gecko/20100101 Firefox/33.0" "54.51.63.32"
192.168.0.1 - - [11/Nov/2024:22:58:51 +0000] "GET /api/v1/resource HTTP/1.1" 301 798 "https://carter.biz" "Mozilla/5.0 (Windows NT 6.1; WOW64; rv:33.0) Gecko/20100101 Firefox/33.0" "50.186.42.167"
192.168.0.2 - - [23/Nov/2024:22:58:51 +0000] "GET /api/v1/data HTTP/1.1" 401 1145 "https://lee-zavala.biz" "Mozilla/5.0 (Windows NT 10.0; Win64; x64) AppleWebKit/537.36 (KHTML, like Gecko) Chrome/89.0.4389.82 Safari/537.36" "81.171.97.189"
192.168.0.1 - - [10/Nov/2024:22:58:51 +0000] "GET /api/v1/resource HTTP/1.1" 400 2609 "https://tran.biz" "Mozilla/5.0 (Windows NT 10.0; Win64; x64) AppleWebKit/537.36 (KHTML, like Gecko) Chrome/90.0.4430.85 Safari/537.36" "3.7.0.73"
192.168.0.2 - - [23/Nov/2024:22:58:51 +0000] "GET /api/v1/user HTTP/1.1" 400 3410 "https://novak.info" "Mozilla/5.0 (Windows NT 10.0; Win64; x64) AppleWebKit/537.36 (KHTML, like Gecko) Chrome/89.0.4389.82 Safari/537.36" "66.89.215.140"
192.168.0.2 - - [20/Nov/2024:22:58:51 +0000] "GET /api/v1/login HTTP/1.1" 401 4101 "https://morales.biz" "Mozilla/5.0 (Windows NT 6.1; WOW64; rv:33.0) Gecko/20100101 Firefox/33.0" "112.241.229.108"
192.168.0.1 - - [13/Nov/2024:22:58:51 +0000] "GET /api/v1/resource HTTP/1.1" 200 2332 "https://little-taylor.com" "Mozilla/5.0 (Windows NT 6.1; WOW64; rv:33.0) Gecko/20100101 Firefox/33.0" "19.135.203.83"
192.168.0.3 - - [22/Nov/2024:22:58:51 +0000] "GET /api/v1/resource HTTP/1.1" 401 3066 "https://franklin-burgess.com" "Mozilla/5.0 (Windows NT 10.0; Win64; x64) AppleWebKit/537.36 (KHTML, like Gecko) Chrome/89.0.4389.82 Safari/537.36" "77.108.204.56"
192.168.0.2 - - [14/Nov/2024:22:58:51 +0000] "GET /api/v1/status HTTP/1.1" 400 867 "https://wolfe.com" "Mozilla/5.0 (Windows NT 10.0; Win64; x64) AppleWebKit/537.36 (KHTML, like Gecko) Chrome/89.0.4389.82 Safari/537.36" "83.111.127.242"
192.168.0.1 - - [12/Nov/2024:22:58:51 +0000] "GET /api/v1/resource HTTP/1.1" 400 2462 "https://perez.com" "Mozilla/5.0 (Windows NT 6.1; WOW64; rv:33.0) Gecko/20100101 Firefox/33.0" "155.4.183.70"
192.168.0.3 - - [14/Nov/2024:22:58:51 +0000] "GET /api/v1/user HTTP/1.1" 401 2830 "https://mason.com" "Mozilla/5.0 (Windows NT 10.0; Win64; x64) AppleWebKit/537.36 (KHTML, like Gecko) Chrome/89.0.4389.82 Safari/537.36" "192.162.13.40"
192.168.0.3 - - [17/Nov/2024:22:58:51 +0000] "GET /api/v1/user HTTP/1.1" 400 4013 "https://black.org" "Mozilla/5.0 (Windows NT 6.1; WOW64; rv:33.0) Gecko/20100101 Firefox/33.0" "33.28.253.86"
192.168.0.2 - - [28/Nov/2024:22:58:51 +0000] "GET /api/v1/user HTTP/1.1" 400 4464 "https://mitchell-soto.com" "Mozilla/5.0 (Windows NT 10.0; Win64; x64) AppleWebKit/537.36 (KHTML, like Gecko) Chrome/90.0.4430.85 Safari/537.36" "216.133.143.241"
192.168.0.2 - - [19/Nov/2024:22:58:51 +0000] "GET /api/v1/resource HTTP/1.1" 400 115 "https://harrison-berry.com" "Mozilla/5.0 (Windows NT 6.1; WOW64; rv:33.0) Gecko/20100101 Firefox/33.0" "139.13.175.189"
192.168.0.1 - - [12/Nov/2024:22:58:51 +0000] "GET /api/v1/resource HTTP/1.1" 400 4008 "https://hernandez.com" "Mozilla/5.0 (Windows NT 10.0; Win64; x64) AppleWebKit/537.36 (KHTML, like Gecko) Chrome/90.0.4430.85 Safari/537.36" "167.55.123.148"
192.168.0.1 - - [17/Nov/2024:22:58:51 +0000] "GET /api/v1/resource HTTP/1.1" 404 3958 "https://byrd.net" "Mozilla/5.0 (Windows NT 10.0; Win64; x64) AppleWebKit/537.36 (KHTML, like Gecko) Chrome/90.0.4430.85 Safari/537.36" "83.25.33.248"
192.168.0.3 - - [12/Nov/2024:22:58:51 +0000] "GET /api/v1/data HTTP/1.1" 401 3883 "https://wheeler-george.com" "Mozilla/5.0 (Windows NT 10.0; Win64; x64) AppleWebKit/537.36 (KHTML, like Gecko) Chrome/89.0.4389.82 Safari/537.36" "189.119.131.229"
192.168.0.3 - - [08/Nov/2024:22:58:51 +0000] "GET /api/v1/resource HTTP/1.1" 200 2337 "https://taylor-henderson.net" "Mozilla/5.0 (Windows NT 6.1; WOW64; rv:33.0) Gecko/20100101 Firefox/33.0" "140.78.31.155"
192.168.0.2 - - [28/Nov/2024:22:58:51 +0000] "GET /api/v1/status HTTP/1.1" 500 3443 "https://thompson-banks.org" "Mozilla/5.0 (Windows NT 10.0; Win64; x64) AppleWebKit/537.36 (KHTML, like Gecko) Chrome/89.0.4389.82 Safari/537.36" "4.220.154.165"
192.168.0.2 - - [07/Dec/2024:22:58:51 +0000] "GET /api/v1/data HTTP/1.1" 500 2246 "https://smith.com" "Mozilla/5.0 (Windows NT 6.1; WOW64; rv:33.0) Gecko/20100101 Firefox/33.0" "27.88.44.143"
192.168.0.1 - - [23/Nov/2024:22:58:51 +0000] "GET /api/v1/login HTTP/1.1" 401 4458 "https://williams-campbell.com" "Mozilla/5.0 (Windows NT 10.0; Win64; x64) AppleWebKit/537.36 (KHTML, like Gecko) Chrome/90.0.4430.85 Safari/537.36" "199.225.136.132"
192.168.0.1 - - [28/Nov/2024:22:58:51 +0000] "GET /api/v1/login HTTP/1.1" 301 4100 "https://fowler.com" "Mozilla/5.0 (Windows NT 10.0; Win64; x64) AppleWebKit/537.36 (KHTML, like Gecko) Chrome/89.0.4389.82 Safari/537.36" "92.130.126.157"
192.168.0.3 - - [28/Nov/2024:22:58:51 +0000] "GET /api/v1/data HTTP/1.1" 400 1003 "https://mullins.info" "Mozilla/5.0 (Windows NT 10.0; Win64; x64) AppleWebKit/537.36 (KHTML, like Gecko) Chrome/90.0.4430.85 Safari/537.36" "33.23.168.193"
192.168.0.1 - - [11/Nov/2024:22:58:51 +0000] "GET /api/v1/user HTTP/1.1" 404 4267 "https://gaines.com" "Mozilla/5.0 (Windows NT 10.0; Win64; x64) AppleWebKit/537.36 (KHTML, like Gecko) Chrome/89.0.4389.82 Safari/537.36" "184.82.102.76"
192.168.0.1 - - [22/Nov/2024:22:58:51 +0000] "GET /api/v1/resource HTTP/1.1" 404 4632 "https://miller.net" "Mozilla/5.0 (Windows NT 10.0; Win64; x64) AppleWebKit/537.36 (KHTML, like Gecko) Chrome/90.0.4430.85 Safari/537.36" "22.19.217.216"
192.168.0.2 - - [20/Nov/2024:22:58:51 +0000] "GET /api/v1/login HTTP/1.1" 400 1864 "https://rosario.com" "Mozilla/5.0 (Windows NT 10.0; Win64; x64) AppleWebKit/537.36 (KHTML, like Gecko) Chrome/89.0.4389.82 Safari/537.36" "9.197.210.61"
192.168.0.1 - - [29/Nov/2024:22:58:51 +0000] "GET /api/v1/login HTTP/1.1" 200 825 "https://mann-chavez.com" "Mozilla/5.0 (Windows NT 6.1; WOW64; rv:33.0) Gecko/20100101 Firefox/33.0" "149.5.103.157"
192.168.0.3 - - [17/Nov/2024:22:58:51 +0000] "GET /api/v1/status HTTP/1.1" 301 3962 "https://bailey.com" "Mozilla/5.0 (Windows NT 10.0; Win64; x64) AppleWebKit/537.36 (KHTML, like Gecko) Chrome/89.0.4389.82 Safari/537.36" "21.121.43.161"
192.168.0.2 - - [28/Nov/2024:22:58:51 +0000] "GET /api/v1/login HTTP/1.1" 404 203 "https://smith.org" "Mozilla/5.0 (Windows NT 6.1; WOW64; rv:33.0) Gecko/20100101 Firefox/33.0" "95.244.150.199"
192.168.0.3 - - [06/Dec/2024:22:58:51 +0000] "GET /api/v1/login HTTP/1.1" 400 4535 "https://chen-allen.net" "Mozilla/5.0 (Windows NT 6.1; WOW64; rv:33.0) Gecko/20100101 Firefox/33.0" "113.190.134.94"
192.168.0.2 - - [25/Nov/2024:22:58:51 +0000] "GET /api/v1/login HTTP/1.1" 400 3706 "https://gates.org" "Mozilla/5.0 (Windows NT 6.1; WOW64; rv:33.0) Gecko/20100101 Firefox/33.0" "207.186.198.208"
192.168.0.1 - - [28/Nov/2024:22:58:51 +0000] "GET /api/v1/resource HTTP/1.1" 301 3148 "https://donaldson.com" "Mozilla/5.0 (Windows NT 6.1; WOW64; rv:33.0) Gecko/20100101 Firefox/33.0" "187.180.24.195"
192.168.0.1 - - [04/Dec/2024:22:58:51 +0000] "GET /api/v1/login HTTP/1.1" 200 857 "https://lopez-miller.com" "Mozilla/5.0 (Windows NT 10.0; Win64; x64) AppleWebKit/537.36 (KHTML, like Gecko) Chrome/89.0.4389.82 Safari/537.36" "36.0.52.54"
192.168.0.2 - - [05/Dec/2024:22:58:51 +0000] "GET /api/v1/login HTTP/1.1" 301 554 "https://boyle-stephens.com" "Mozilla/5.0 (Windows NT 6.1; WOW64; rv:33.0) Gecko/20100101 Firefox/33.0" "188.140.179.102"
192.168.0.1 - - [22/Nov/2024:22:58:51 +0000] "GET /api/v1/status HTTP/1.1" 301 3207 "https://thomas.info" "Mozilla/5.0 (Windows NT 6.1; WOW64; rv:33.0) Gecko/20100101 Firefox/33.0" "29.16.199.7"
192.168.0.1 - - [22/Nov/2024:22:58:51 +0000] "GET /api/v1/status HTTP/1.1" 401 4583 "https://farrell.com" "Mozilla/5.0 (Windows NT 6.1; WOW64; rv:33.0) Gecko/20100101 Firefox/33.0" "152.245.123.252"
192.168.0.1 - - [21/Nov/2024:22:58:51 +0000] "GET /api/v1/user HTTP/1.1" 401 386 "https://lane-gilmore.com" "Mozilla/5.0 (Windows NT 10.0; Win64; x64) AppleWebKit/537.36 (KHTML, like Gecko) Chrome/89.0.4389.82 Safari/537.36" "120.221.73.58"
192.168.0.3 - - [07/Dec/2024:22:58:51 +0000] "GET /api/v1/user HTTP/1.1" 301 4769 "https://price-smith.biz" "Mozilla/5.0 (Windows NT 6.1; WOW64; rv:33.0) Gecko/20100101 Firefox/33.0" "70.92.211.208"
192.168.0.2 - - [25/Nov/2024:22:58:51 +0000] "GET /api/v1/data HTTP/1.1" 200 591 "https://wolf-jacobs.net" "Mozilla/5.0 (Windows NT 10.0; Win64; x64) AppleWebKit/537.36 (KHTML, like Gecko) Chrome/90.0.4430.85 Safari/537.36" "187.174.93.43"
192.168.0.1 - - [13/Nov/2024:22:58:51 +0000] "GET /api/v1/login HTTP/1.1" 401 3145 "https://price.com" "Mozilla/5.0 (Windows NT 10.0; Win64; x64) AppleWebKit/537.36 (KHTML, like Gecko) Chrome/89.0.4389.82 Safari/537.36" "193.73.26.146"
192.168.0.2 - - [21/Nov/2024:22:58:51 +0000] "GET /api/v1/status HTTP/1.1" 200 1984 "https://camacho.com" "Mozilla/5.0 (Windows NT 10.0; Win64; x64) AppleWebKit/537.36 (KHTML, like Gecko) Chrome/89.0.4389.82 Safari/537.36" "80.132.197.36"
192.168.0.2 - - [01/Dec/2024:22:58:51 +0000] "GET /api/v1/resource HTTP/1.1" 200 2457 "https://fuentes.com" "Mozilla/5.0 (Windows NT 6.1; WOW64; rv:33.0) Gecko/20100101 Firefox/33.0" "98.129.96.159"
192.168.0.1 - - [15/Nov/2024:22:58:51 +0000] "GET /api/v1/data HTTP/1.1" 500 4145 "https://ferguson-young.com" "Mozilla/5.0 (Windows NT 10.0; Win64; x64) AppleWebKit/537.36 (KHTML, like Gecko) Chrome/89.0.4389.82 Safari/537.36" "88.59.240.111"
192.168.0.1 - - [09/Nov/2024:22:58:51 +0000] "GET /api/v1/login HTTP/1.1" 401 4764 "https://mathews-mason.com" "Mozilla/5.0 (Windows NT 6.1; WOW64; rv:33.0) Gecko/20100101 Firefox/33.0" "131.113.236.96"
192.168.0.1 - - [17/Nov/2024:22:58:51 +0000] "GET /api/v1/resource HTTP/1.1" 301 946 "https://gibson-stafford.com" "Mozilla/5.0 (Windows NT 10.0; Win64; x64) AppleWebKit/537.36 (KHTML, like Gecko) Chrome/89.0.4389.82 Safari/537.36" "143.136.234.70"
192.168.0.2 - - [26/Nov/2024:22:58:51 +0000] "GET /api/v1/resource HTTP/1.1" 200 4956 "https://hill.net" "Mozilla/5.0 (Windows NT 10.0; Win64; x64) AppleWebKit/537.36 (KHTML, like Gecko) Chrome/89.0.4389.82 Safari/537.36" "221.233.66.147"
192.168.0.3 - - [06/Dec/2024:22:58:51 +0000] "GET /api/v1/status HTTP/1.1" 500 2758 "https://adams-owens.com" "Mozilla/5.0 (Windows NT 10.0; Win64; x64) AppleWebKit/537.36 (KHTML, like Gecko) Chrome/90.0.4430.85 Safari/537.36" "60.154.193.35"
192.168.0.2 - - [26/Nov/2024:22:58:51 +0000] "GET /api/v1/status HTTP/1.1" 301 1555 "https://robbins-patterson.com" "Mozilla/5.0 (Windows NT 6.1; WOW64; rv:33.0) Gecko/20100101 Firefox/33.0" "26.116.73.17"
192.168.0.2 - - [10/Nov/2024:22:58:51 +0000] "GET /api/v1/status HTTP/1.1" 404 3472 "https://briggs.com" "Mozilla/5.0 (Windows NT 6.1; WOW64; rv:33.0) Gecko/20100101 Firefox/33.0" "202.185.16.128"
192.168.0.3 - - [06/Dec/2024:22:58:51 +0000] "GET /api/v1/status HTTP/1.1" 200 1949 "https://stanley.com" "Mozilla/5.0 (Windows NT 10.0; Win64; x64) AppleWebKit/537.36 (KHTML, like Gecko) Chrome/89.0.4389.82 Safari/537.36" "173.235.185.86"
192.168.0.1 - - [12/Nov/2024:22:58:51 +0000] "GET /api/v1/status HTTP/1.1" 500 4215 "https://davis.biz" "Mozilla/5.0 (Windows NT 10.0; Win64; x64) AppleWebKit/537.36 (KHTML, like Gecko) Chrome/90.0.4430.85 Safari/537.36" "118.129.61.162"
192.168.0.3 - - [27/Nov/2024:22:58:51 +0000] "GET /api/v1/user HTTP/1.1" 404 1938 "https://mejia.com" "Mozilla/5.0 (Windows NT 10.0; Win64; x64) AppleWebKit/537.36 (KHTML, like Gecko) Chrome/89.0.4389.82 Safari/537.36" "198.98.132.254"
192.168.0.3 - - [24/Nov/2024:22:58:51 +0000] "GET /api/v1/status HTTP/1.1" 200 360 "https://smith.net" "Mozilla/5.0 (Windows NT 6.1; WOW64; rv:33.0) Gecko/20100101 Firefox/33.0" "65.119.254.218"
192.168.0.1 - - [16/Nov/2024:22:58:51 +0000] "GET /api/v1/data HTTP/1.1" 301 948 "https://dawson.com" "Mozilla/5.0 (Windows NT 10.0; Win64; x64) AppleWebKit/537.36 (KHTML, like Gecko) Chrome/89.0.4389.82 Safari/537.36" "79.83.57.146"
192.168.0.1 - - [03/Dec/2024:22:58:51 +0000] "GET /api/v1/resource HTTP/1.1" 404 897 "https://roberts.com" "Mozilla/5.0 (Windows NT 10.0; Win64; x64) AppleWebKit/537.36 (KHTML, like Gecko) Chrome/90.0.4430.85 Safari/537.36" "168.204.238.241"
192.168.0.1 - - [23/Nov/2024:22:58:51 +0000] "GET /api/v1/status HTTP/1.1" 400 4099 "https://wiggins.com" "Mozilla/5.0 (Windows NT 10.0; Win64; x64) AppleWebKit/537.36 (KHTML, like Gecko) Chrome/90.0.4430.85 Safari/537.36" "53.221.222.60"
192.168.0.1 - - [11/Nov/2024:22:58:51 +0000] "GET /api/v1/user HTTP/1.1" 500 3644 "https://hill.com" "Mozilla/5.0 (Windows NT 10.0; Win64; x64) AppleWebKit/537.36 (KHTML, like Gecko) Chrome/89.0.4389.82 Safari/537.36" "193.123.62.198"
192.168.0.3 - - [20/Nov/2024:22:58:51 +0000] "GET /api/v1/status HTTP/1.1" 404 1465 "https://vaughan.com" "Mozilla/5.0 (Windows NT 10.0; Win64; x64) AppleWebKit/537.36 (KHTML, like Gecko) Chrome/90.0.4430.85 Safari/537.36" "152.146.2.25"
192.168.0.2 - - [18/Nov/2024:22:58:51 +0000] "GET /api/v1/user HTTP/1.1" 400 2821 "https://harrell-garrett.com" "Mozilla/5.0 (Windows NT 6.1; WOW64; rv:33.0) Gecko/20100101 Firefox/33.0" "81.110.78.177"
192.168.0.3 - - [17/Nov/2024:22:58:51 +0000] "GET /api/v1/status HTTP/1.1" 200 4983 "https://king.biz" "Mozilla/5.0 (Windows NT 10.0; Win64; x64) AppleWebKit/537.36 (KHTML, like Gecko) Chrome/89.0.4389.82 Safari/537.36" "186.189.116.252"
192.168.0.3 - - [14/Nov/2024:22:58:51 +0000] "GET /api/v1/data HTTP/1.1" 401 409 "https://herrera-torres.com" "Mozilla/5.0 (Windows NT 6.1; WOW64; rv:33.0) Gecko/20100101 Firefox/33.0" "180.252.221.115"
192.168.0.3 - - [20/Nov/2024:22:58:51 +0000] "GET /api/v1/login HTTP/1.1" 400 3829 "https://sharp.com" "Mozilla/5.0 (Windows NT 10.0; Win64; x64) AppleWebKit/537.36 (KHTML, like Gecko) Chrome/90.0.4430.85 Safari/537.36" "186.32.179.183"
192.168.0.2 - - [20/Nov/2024:22:58:51 +0000] "GET /api/v1/data HTTP/1.1" 401 3304 "https://jordan-barker.org" "Mozilla/5.0 (Windows NT 10.0; Win64; x64) AppleWebKit/537.36 (KHTML, like Gecko) Chrome/90.0.4430.85 Safari/537.36" "105.23.4.35"
192.168.0.2 - - [18/Nov/2024:22:58:51 +0000] "GET /api/v1/resource HTTP/1.1" 404 758 "https://lowe-moreno.info" "Mozilla/5.0 (Windows NT 6.1; WOW64; rv:33.0) Gecko/20100101 Firefox/33.0" "62.15.228.1"
192.168.0.3 - - [17/Nov/2024:22:58:51 +0000] "GET /api/v1/resource HTTP/1.1" 400 3716 "https://rodriguez.com" "Mozilla/5.0 (Windows NT 10.0; Win64; x64) AppleWebKit/537.36 (KHTML, like Gecko) Chrome/90.0.4430.85 Safari/537.36" "165.28.155.223"
192.168.0.1 - - [17/Nov/2024:22:58:51 +0000] "GET /api/v1/resource HTTP/1.1" 400 2225 "https://rodriguez.com" "Mozilla/5.0 (Windows NT 10.0; Win64; x64) AppleWebKit/537.36 (KHTML, like Gecko) Chrome/90.0.4430.85 Safari/537.36" "142.46.146.224"
192.168.0.1 - - [09/Nov/2024:22:58:51 +0000] "GET /api/v1/login HTTP/1.1" 404 2473 "https://clark-bishop.org" "Mozilla/5.0 (Windows NT 10.0; Win64; x64) AppleWebKit/537.36 (KHTML, like Gecko) Chrome/90.0.4430.85 Safari/537.36" "61.79.238.173"
192.168.0.2 - - [28/Nov/2024:22:58:51 +0000] "GET /api/v1/resource HTTP/1.1" 200 1240 "https://hicks.com" "Mozilla/5.0 (Windows NT 10.0; Win64; x64) AppleWebKit/537.36 (KHTML, like Gecko) Chrome/89.0.4389.82 Safari/537.36" "38.32.48.186"
192.168.0.2 - - [22/Nov/2024:22:58:51 +0000] "GET /api/v1/resource HTTP/1.1" 500 3756 "https://odom-howe.biz" "Mozilla/5.0 (Windows NT 6.1; WOW64; rv:33.0) Gecko/20100101 Firefox/33.0" "136.241.251.143"
192.168.0.3 - - [28/Nov/2024:22:58:51 +0000] "GET /api/v1/status HTTP/1.1" 301 1420 "https://peters.net" "Mozilla/5.0 (Windows NT 10.0; Win64; x64) AppleWebKit/537.36 (KHTML, like Gecko) Chrome/90.0.4430.85 Safari/537.36" "95.90.38.62"
192.168.0.2 - - [10/Nov/2024:22:58:51 +0000] "GET /api/v1/status HTTP/1.1" 404 4500 "https://logan-graves.com" "Mozilla/5.0 (Windows NT 6.1; WOW64; rv:33.0) Gecko/20100101 Firefox/33.0" "126.28.204.70"
192.168.0.3 - - [17/Nov/2024:22:58:51 +0000] "GET /api/v1/status HTTP/1.1" 200 615 "https://white.com" "Mozilla/5.0 (Windows NT 6.1; WOW64; rv:33.0) Gecko/20100101 Firefox/33.0" "114.173.66.223"
192.168.0.2 - - [12/Nov/2024:22:58:51 +0000] "GET /api/v1/data HTTP/1.1" 500 3325 "https://lynch-gibson.com" "Mozilla/5.0 (Windows NT 6.1; WOW64; rv:33.0) Gecko/20100101 Firefox/33.0" "177.231.140.159"
192.168.0.3 - - [15/Nov/2024:22:58:51 +0000] "GET /api/v1/resource HTTP/1.1" 301 4429 "https://allen.net" "Mozilla/5.0 (Windows NT 6.1; WOW64; rv:33.0) Gecko/20100101 Firefox/33.0" "37.109.2.191"
192.168.0.1 - - [12/Nov/2024:22:58:51 +0000] "GET /api/v1/login HTTP/1.1" 200 1959 "https://nelson-clarke.com" "Mozilla/5.0 (Windows NT 10.0; Win64; x64) AppleWebKit/537.36 (KHTML, like Gecko) Chrome/89.0.4389.82 Safari/537.36" "202.170.32.35"
192.168.0.3 - - [19/Nov/2024:22:58:51 +0000] "GET /api/v1/user HTTP/1.1" 500 3122 "https://williams.com" "Mozilla/5.0 (Windows NT 10.0; Win64; x64) AppleWebKit/537.36 (KHTML, like Gecko) Chrome/89.0.4389.82 Safari/537.36" "203.207.174.192"
192.168.0.3 - - [21/Nov/2024:22:58:51 +0000] "GET /api/v1/resource HTTP/1.1" 500 3534 "https://faulkner-vega.com" "Mozilla/5.0 (Windows NT 10.0; Win64; x64) AppleWebKit/537.36 (KHTML, like Gecko) Chrome/90.0.4430.85 Safari/537.36" "182.94.211.219"
192.168.0.1 - - [17/Nov/2024:22:58:51 +0000] "GET /api/v1/login HTTP/1.1" 500 2133 "https://brooks.biz" "Mozilla/5.0 (Windows NT 10.0; Win64; x64) AppleWebKit/537.36 (KHTML, like Gecko) Chrome/90.0.4430.85 Safari/537.36" "167.241.143.115"
192.168.0.3 - - [28/Nov/2024:22:58:51 +0000] "GET /api/v1/data HTTP/1.1" 400 151 "https://romero.com" "Mozilla/5.0 (Windows NT 6.1; WOW64; rv:33.0) Gecko/20100101 Firefox/33.0" "153.131.199.140"
192.168.0.2 - - [27/Nov/2024:22:58:51 +0000] "GET /api/v1/user HTTP/1.1" 200 3057 "https://russell-nelson.net" "Mozilla/5.0 (Windows NT 10.0; Win64; x64) AppleWebKit/537.36 (KHTML, like Gecko) Chrome/90.0.4430.85 Safari/537.36" "115.152.231.26"
192.168.0.2 - - [16/Nov/2024:22:58:51 +0000] "GET /api/v1/user HTTP/1.1" 404 4199 "https://simmons-wells.com" "Mozilla/5.0 (Windows NT 6.1; WOW64; rv:33.0) Gecko/20100101 Firefox/33.0" "110.173.145.70"
192.168.0.1 - - [02/Dec/2024:22:58:51 +0000] "GET /api/v1/data HTTP/1.1" 500 3231 "https://petersen-robinson.biz" "Mozilla/5.0 (Windows NT 10.0; Win64; x64) AppleWebKit/537.36 (KHTML, like Gecko) Chrome/89.0.4389.82 Safari/537.36" "197.117.6.64"
192.168.0.3 - - [23/Nov/2024:22:58:51 +0000] "GET /api/v1/status HTTP/1.1" 401 3853 "https://mills.com" "Mozilla/5.0 (Windows NT 10.0; Win64; x64) AppleWebKit/537.36 (KHTML, like Gecko) Chrome/89.0.4389.82 Safari/537.36" "115.77.245.178"
192.168.0.3 - - [09/Nov/2024:22:58:51 +0000] "GET /api/v1/login HTTP/1.1" 301 875 "https://baker-cantu.info" "Mozilla/5.0 (Windows NT 6.1; WOW64; rv:33.0) Gecko/20100101 Firefox/33.0" "222.168.243.71"
192.168.0.3 - - [20/Nov/2024:22:58:51 +0000] "GET /api/v1/data HTTP/1.1" 500 4130 "https://perkins.com" "Mozilla/5.0 (Windows NT 10.0; Win64; x64) AppleWebKit/537.36 (KHTML, like Gecko) Chrome/89.0.4389.82 Safari/537.36" "86.72.193.62"
192.168.0.2 - - [09/Nov/2024:22:58:51 +0000] "GET /api/v1/resource HTTP/1.1" 401 2431 "https://brown.net" "Mozilla/5.0 (Windows NT 10.0; Win64; x64) AppleWebKit/537.36 (KHTML, like Gecko) Chrome/90.0.4430.85 Safari/537.36" "18.41.120.166"
192.168.0.3 - - [12/Nov/2024:22:58:51 +0000] "GET /api/v1/data HTTP/1.1" 301 2136 "https://taylor.com" "Mozilla/5.0 (Windows NT 10.0; Win64; x64) AppleWebKit/537.36 (KHTML, like Gecko) Chrome/89.0.4389.82 Safari/537.36" "219.100.233.13"
192.168.0.2 - - [25/Nov/2024:22:58:51 +0000] "GET /api/v1/user HTTP/1.1" 404 1719 "https://foley.com" "Mozilla/5.0 (Windows NT 10.0; Win64; x64) AppleWebKit/537.36 (KHTML, like Gecko) Chrome/89.0.4389.82 Safari/537.36" "6.28.169.194"
192.168.0.3 - - [08/Dec/2024:22:58:51 +0000] "GET /api/v1/data HTTP/1.1" 301 1395 "https://harris-simmons.com" "Mozilla/5.0 (Windows NT 10.0; Win64; x64) AppleWebKit/537.36 (KHTML, like Gecko) Chrome/89.0.4389.82 Safari/537.36" "192.217.253.126"
192.168.0.3 - - [27/Nov/2024:22:58:51 +0000] "GET /api/v1/resource HTTP/1.1" 500 2167 "https://chase.com" "Mozilla/5.0 (Windows NT 10.0; Win64; x64) AppleWebKit/537.36 (KHTML, like Gecko) Chrome/89.0.4389.82 Safari/537.36" "195.103.138.202"
192.168.0.2 - - [07/Dec/2024:22:58:51 +0000] "GET /api/v1/status HTTP/1.1" 500 1702 "https://sims-bautista.info" "Mozilla/5.0 (Windows NT 10.0; Win64; x64) AppleWebKit/537.36 (KHTML, like Gecko) Chrome/90.0.4430.85 Safari/537.36" "173.189.243.228"
192.168.0.3 - - [22/Nov/2024:22:58:51 +0000] "GET /api/v1/resource HTTP/1.1" 200 3841 "https://todd.net" "Mozilla/5.0 (Windows NT 10.0; Win64; x64) AppleWebKit/537.36 (KHTML, like Gecko) Chrome/89.0.4389.82 Safari/537.36" "147.115.11.205"
192.168.0.3 - - [12/Nov/2024:22:58:51 +0000] "GET /api/v1/login HTTP/1.1" 500 2060 "https://cherry.info" "Mozilla/5.0 (Windows NT 10.0; Win64; x64) AppleWebKit/537.36 (KHTML, like Gecko) Chrome/90.0.4430.85 Safari/537.36" "173.231.136.13"
192.168.0.2 - - [02/Dec/2024:22:58:51 +0000] "GET /api/v1/login HTTP/1.1" 200 3291 "https://mckenzie.com" "Mozilla/5.0 (Windows NT 6.1; WOW64; rv:33.0) Gecko/20100101 Firefox/33.0" "40.139.92.253"
192.168.0.1 - - [01/Dec/2024:22:58:51 +0000] "GET /api/v1/resource HTTP/1.1" 301 2145 "https://thompson-brown.biz" "Mozilla/5.0 (Windows NT 6.1; WOW64; rv:33.0) Gecko/20100101 Firefox/33.0" "72.136.56.228"
192.168.0.2 - - [25/Nov/2024:22:58:51 +0000] "GET /api/v1/data HTTP/1.1" 401 2100 "https://brown-bullock.com" "Mozilla/5.0 (Windows NT 10.0; Win64; x64) AppleWebKit/537.36 (KHTML, like Gecko) Chrome/89.0.4389.82 Safari/537.36" "141.224.243.138"
192.168.0.2 - - [08/Dec/2024:22:58:51 +0000] "GET /api/v1/resource HTTP/1.1" 404 3848 "https://zuniga-terrell.com" "Mozilla/5.0 (Windows NT 10.0; Win64; x64) AppleWebKit/537.36 (KHTML, like Gecko) Chrome/90.0.4430.85 Safari/537.36" "28.211.79.237"
192.168.0.3 - - [15/Nov/2024:22:58:51 +0000] "GET /api/v1/resource HTTP/1.1" 401 1580 "https://brooks.com" "Mozilla/5.0 (Windows NT 6.1; WOW64; rv:33.0) Gecko/20100101 Firefox/33.0" "30.198.245.116"
192.168.0.2 - - [14/Nov/2024:22:58:51 +0000] "GET /api/v1/data HTTP/1.1" 401 2546 "https://cruz.com" "Mozilla/5.0 (Windows NT 6.1; WOW64; rv:33.0) Gecko/20100101 Firefox/33.0" "187.90.177.34"
192.168.0.1 - - [24/Nov/2024:22:58:51 +0000] "GET /api/v1/login HTTP/1.1" 400 2874 "https://nichols.info" "Mozilla/5.0 (Windows NT 10.0; Win64; x64) AppleWebKit/537.36 (KHTML, like Gecko) Chrome/90.0.4430.85 Safari/537.36" "180.16.184.45"
192.168.0.1 - - [05/Dec/2024:22:58:51 +0000] "GET /api/v1/status HTTP/1.1" 200 4423 "https://thomas-sanchez.com" "Mozilla/5.0 (Windows NT 10.0; Win64; x64) AppleWebKit/537.36 (KHTML, like Gecko) Chrome/89.0.4389.82 Safari/537.36" "44.138.46.202"
192.168.0.2 - - [21/Nov/2024:22:58:51 +0000] "GET /api/v1/status HTTP/1.1" 500 2104 "https://becker.com" "Mozilla/5.0 (Windows NT 10.0; Win64; x64) AppleWebKit/537.36 (KHTML, like Gecko) Chrome/90.0.4430.85 Safari/537.36" "40.206.151.145"
192.168.0.1 - - [07/Dec/2024:22:58:51 +0000] "GET /api/v1/resource HTTP/1.1" 200 2358 "https://barr-wells.com" "Mozilla/5.0 (Windows NT 6.1; WOW64; rv:33.0) Gecko/20100101 Firefox/33.0" "21.168.132.8"
192.168.0.1 - - [10/Nov/2024:22:58:51 +0000] "GET /api/v1/login HTTP/1.1" 404 2736 "https://simmons.info" "Mozilla/5.0 (Windows NT 10.0; Win64; x64) AppleWebKit/537.36 (KHTML, like Gecko) Chrome/89.0.4389.82 Safari/537.36" "73.213.239.237"
192.168.0.2 - - [08/Dec/2024:22:58:51 +0000] "GET /api/v1/user HTTP/1.1" 404 1151 "https://espinoza.com" "Mozilla/5.0 (Windows NT 10.0; Win64; x64) AppleWebKit/537.36 (KHTML, like Gecko) Chrome/90.0.4430.85 Safari/537.36" "99.92.192.188"
192.168.0.3 - - [20/Nov/2024:22:58:51 +0000] "GET /api/v1/status HTTP/1.1" 500 4575 "https://barrett-sims.com" "Mozilla/5.0 (Windows NT 10.0; Win64; x64) AppleWebKit/537.36 (KHTML, like Gecko) Chrome/90.0.4430.85 Safari/537.36" "171.73.250.88"
192.168.0.2 - - [15/Nov/2024:22:58:51 +0000] "GET /api/v1/status HTTP/1.1" 400 1170 "https://scott.com" "Mozilla/5.0 (Windows NT 10.0; Win64; x64) AppleWebKit/537.36 (KHTML, like Gecko) Chrome/90.0.4430.85 Safari/537.36" "52.108.82.228"
192.168.0.2 - - [24/Nov/2024:22:58:51 +0000] "GET /api/v1/data HTTP/1.1" 301 1322 "https://oliver-gonzalez.com" "Mozilla/5.0 (Windows NT 6.1; WOW64; rv:33.0) Gecko/20100101 Firefox/33.0" "93.246.132.139"
192.168.0.2 - - [03/Dec/2024:22:58:51 +0000] "GET /api/v1/resource HTTP/1.1" 400 3264 "https://paul.org" "Mozilla/5.0 (Windows NT 10.0; Win64; x64) AppleWebKit/537.36 (KHTML, like Gecko) Chrome/90.0.4430.85 Safari/537.36" "156.162.37.96"
192.168.0.1 - - [10/Nov/2024:22:58:51 +0000] "GET /api/v1/user HTTP/1.1" 200 4379 "https://bishop-palmer.com" "Mozilla/5.0 (Windows NT 10.0; Win64; x64) AppleWebKit/537.36 (KHTML, like Gecko) Chrome/90.0.4430.85 Safari/537.36" "44.82.204.180"
192.168.0.1 - - [12/Nov/2024:22:58:51 +0000] "GET /api/v1/data HTTP/1.1" 500 820 "https://jackson-james.net" "Mozilla/5.0 (Windows NT 10.0; Win64; x64) AppleWebKit/537.36 (KHTML, like Gecko) Chrome/90.0.4430.85 Safari/537.36" "22.242.212.190"
192.168.0.1 - - [13/Nov/2024:22:58:51 +0000] "GET /api/v1/user HTTP/1.1" 401 3261 "https://weber.com" "Mozilla/5.0 (Windows NT 10.0; Win64; x64) AppleWebKit/537.36 (KHTML, like Gecko) Chrome/90.0.4430.85 Safari/537.36" "91.2.134.154"
192.168.0.1 - - [10/Nov/2024:22:58:51 +0000] "GET /api/v1/data HTTP/1.1" 200 1234 "https://williams.com" "Mozilla/5.0 (Windows NT 10.0; Win64; x64) AppleWebKit/537.36 (KHTML, like Gecko) Chrome/90.0.4430.85 Safari/537.36" "40.47.156.203"
192.168.0.1 - - [10/Nov/2024:22:58:51 +0000] "GET /api/v1/resource HTTP/1.1" 400 4468 "https://houston-barnes.com" "Mozilla/5.0 (Windows NT 6.1; WOW64; rv:33.0) Gecko/20100101 Firefox/33.0" "179.204.145.49"
192.168.0.3 - - [25/Nov/2024:22:58:51 +0000] "GET /api/v1/status HTTP/1.1" 400 1524 "https://davis.net" "Mozilla/5.0 (Windows NT 10.0; Win64; x64) AppleWebKit/537.36 (KHTML, like Gecko) Chrome/90.0.4430.85 Safari/537.36" "91.63.150.181"
192.168.0.1 - - [20/Nov/2024:22:58:51 +0000] "GET /api/v1/resource HTTP/1.1" 400 4079 "https://duncan-robertson.com" "Mozilla/5.0 (Windows NT 10.0; Win64; x64) AppleWebKit/537.36 (KHTML, like Gecko) Chrome/90.0.4430.85 Safari/537.36" "48.198.33.101"
192.168.0.2 - - [30/Nov/2024:22:58:51 +0000] "GET /api/v1/resource HTTP/1.1" 401 3198 "https://allen.com" "Mozilla/5.0 (Windows NT 10.0; Win64; x64) AppleWebKit/537.36 (KHTML, like Gecko) Chrome/89.0.4389.82 Safari/537.36" "221.92.177.149"
192.168.0.1 - - [11/Nov/2024:22:58:51 +0000] "GET /api/v1/status HTTP/1.1" 404 3008 "https://oconnor.info" "Mozilla/5.0 (Windows NT 6.1; WOW64; rv:33.0) Gecko/20100101 Firefox/33.0" "22.77.75.159"
192.168.0.3 - - [14/Nov/2024:22:58:51 +0000] "GET /api/v1/data HTTP/1.1" 401 2041 "https://peterson.com" "Mozilla/5.0 (Windows NT 6.1; WOW64; rv:33.0) Gecko/20100101 Firefox/33.0" "200.241.232.182"
192.168.0.3 - - [11/Nov/2024:22:58:51 +0000] "GET /api/v1/user HTTP/1.1" 301 137 "https://chapman.com" "Mozilla/5.0 (Windows NT 10.0; Win64; x64) AppleWebKit/537.36 (KHTML, like Gecko) Chrome/89.0.4389.82 Safari/537.36" "64.10.223.41"
192.168.0.3 - - [21/Nov/2024:22:58:51 +0000] "GET /api/v1/login HTTP/1.1" 301 2518 "https://turner-lewis.info" "Mozilla/5.0 (Windows NT 6.1; WOW64; rv:33.0) Gecko/20100101 Firefox/33.0" "214.49.154.253"
192.168.0.1 - - [06/Dec/2024:22:58:51 +0000] "GET /api/v1/user HTTP/1.1" 401 2058 "https://krause.com" "Mozilla/5.0 (Windows NT 10.0; Win64; x64) AppleWebKit/537.36 (KHTML, like Gecko) Chrome/89.0.4389.82 Safari/537.36" "198.159.104.160"
192.168.0.3 - - [08/Dec/2024:22:58:51 +0000] "GET /api/v1/data HTTP/1.1" 401 3608 "https://garcia.com" "Mozilla/5.0 (Windows NT 10.0; Win64; x64) AppleWebKit/537.36 (KHTML, like Gecko) Chrome/90.0.4430.85 Safari/537.36" "25.59.86.153"
192.168.0.1 - - [02/Dec/2024:22:58:51 +0000] "GET /api/v1/status HTTP/1.1" 401 3404 "https://price.com" "Mozilla/5.0 (Windows NT 6.1; WOW64; rv:33.0) Gecko/20100101 Firefox/33.0" "151.79.20.67"
192.168.0.2 - - [10/Nov/2024:22:58:51 +0000] "GET /api/v1/user HTTP/1.1" 301 4340 "https://russell.com" "Mozilla/5.0 (Windows NT 10.0; Win64; x64) AppleWebKit/537.36 (KHTML, like Gecko) Chrome/89.0.4389.82 Safari/537.36" "2.173.216.135"
192.168.0.2 - - [15/Nov/2024:22:58:51 +0000] "GET /api/v1/login HTTP/1.1" 401 4079 "https://johnson.com" "Mozilla/5.0 (Windows NT 10.0; Win64; x64) AppleWebKit/537.36 (KHTML, like Gecko) Chrome/90.0.4430.85 Safari/537.36" "202.83.238.123"
192.168.0.2 - - [26/Nov/2024:22:58:51 +0000] "GET /api/v1/status HTTP/1.1" 301 1092 "https://brady-thomas.info" "Mozilla/5.0 (Windows NT 10.0; Win64; x64) AppleWebKit/537.36 (KHTML, like Gecko) Chrome/90.0.4430.85 Safari/537.36" "219.173.251.14"
192.168.0.3 - - [27/Nov/2024:22:58:51 +0000] "GET /api/v1/login HTTP/1.1" 200 724 "https://hunt-byrd.com" "Mozilla/5.0 (Windows NT 6.1; WOW64; rv:33.0) Gecko/20100101 Firefox/33.0" "205.166.164.124"
192.168.0.3 - - [26/Nov/2024:22:58:51 +0000] "GET /api/v1/login HTTP/1.1" 400 3523 "https://wallace.com" "Mozilla/5.0 (Windows NT 6.1; WOW64; rv:33.0) Gecko/20100101 Firefox/33.0" "22.201.67.74"
192.168.0.3 - - [24/Nov/2024:22:58:51 +0000] "GET /api/v1/resource HTTP/1.1" 200 2680 "https://salinas-brown.com" "Mozilla/5.0 (Windows NT 6.1; WOW64; rv:33.0) Gecko/20100101 Firefox/33.0" "152.58.219.75"
192.168.0.3 - - [03/Dec/2024:22:58:51 +0000] "GET /api/v1/resource HTTP/1.1" 400 2694 "https://spencer.com" "Mozilla/5.0 (Windows NT 10.0; Win64; x64) AppleWebKit/537.36 (KHTML, like Gecko) Chrome/89.0.4389.82 Safari/537.36" "141.191.234.154"
192.168.0.2 - - [13/Nov/2024:22:58:51 +0000] "GET /api/v1/data HTTP/1.1" 401 4731 "https://garrett-perez.com" "Mozilla/5.0 (Windows NT 10.0; Win64; x64) AppleWebKit/537.36 (KHTML, like Gecko) Chrome/90.0.4430.85 Safari/537.36" "134.70.68.225"
192.168.0.2 - - [23/Nov/2024:22:58:51 +0000] "GET /api/v1/resource HTTP/1.1" 200 1944 "https://hernandez.com" "Mozilla/5.0 (Windows NT 10.0; Win64; x64) AppleWebKit/537.36 (KHTML, like Gecko) Chrome/90.0.4430.85 Safari/537.36" "199.187.20.212"
192.168.0.2 - - [22/Nov/2024:22:58:51 +0000] "GET /api/v1/data HTTP/1.1" 500 1252 "https://myers.com" "Mozilla/5.0 (Windows NT 10.0; Win64; x64) AppleWebKit/537.36 (KHTML, like Gecko) Chrome/89.0.4389.82 Safari/537.36" "154.122.194.24"
192.168.0.2 - - [23/Nov/2024:22:58:51 +0000] "GET /api/v1/status HTTP/1.1" 301 1295 "https://jennings.com" "Mozilla/5.0 (Windows NT 10.0; Win64; x64) AppleWebKit/537.36 (KHTML, like Gecko) Chrome/89.0.4389.82 Safari/537.36" "149.241.175.196"
192.168.0.3 - - [08/Dec/2024:22:58:51 +0000] "GET /api/v1/status HTTP/1.1" 500 109 "https://cook.com" "Mozilla/5.0 (Windows NT 6.1; WOW64; rv:33.0) Gecko/20100101 Firefox/33.0" "106.137.173.245"
192.168.0.1 - - [05/Dec/2024:22:58:51 +0000] "GET /api/v1/login HTTP/1.1" 500 294 "https://gillespie-chung.biz" "Mozilla/5.0 (Windows NT 10.0; Win64; x64) AppleWebKit/537.36 (KHTML, like Gecko) Chrome/89.0.4389.82 Safari/537.36" "161.81.99.199"
192.168.0.3 - - [03/Dec/2024:22:58:51 +0000] "GET /api/v1/data HTTP/1.1" 400 2274 "https://castillo-hernandez.com" "Mozilla/5.0 (Windows NT 10.0; Win64; x64) AppleWebKit/537.36 (KHTML, like Gecko) Chrome/90.0.4430.85 Safari/537.36" "112.105.236.106"
192.168.0.3 - - [28/Nov/2024:22:58:51 +0000] "GET /api/v1/user HTTP/1.1" 200 1713 "https://foster.com" "Mozilla/5.0 (Windows NT 10.0; Win64; x64) AppleWebKit/537.36 (KHTML, like Gecko) Chrome/89.0.4389.82 Safari/537.36" "25.14.8.212"
192.168.0.1 - - [09/Nov/2024:22:58:51 +0000] "GET /api/v1/data HTTP/1.1" 404 3792 "https://west-mitchell.info" "Mozilla/5.0 (Windows NT 10.0; Win64; x64) AppleWebKit/537.36 (KHTML, like Gecko) Chrome/89.0.4389.82 Safari/537.36" "43.77.133.116"
192.168.0.1 - - [18/Nov/2024:22:58:51 +0000] "GET /api/v1/resource HTTP/1.1" 404 1488 "https://lowe-wilson.com" "Mozilla/5.0 (Windows NT 10.0; Win64; x64) AppleWebKit/537.36 (KHTML, like Gecko) Chrome/89.0.4389.82 Safari/537.36" "55.162.49.80"
192.168.0.3 - - [25/Nov/2024:22:58:51 +0000] "GET /api/v1/login HTTP/1.1" 401 4538 "https://lee.com" "Mozilla/5.0 (Windows NT 6.1; WOW64; rv:33.0) Gecko/20100101 Firefox/33.0" "8.105.249.212"
192.168.0.3 - - [10/Nov/2024:22:58:51 +0000] "GET /api/v1/status HTTP/1.1" 500 1839 "https://aguilar.biz" "Mozilla/5.0 (Windows NT 6.1; WOW64; rv:33.0) Gecko/20100101 Firefox/33.0" "115.148.70.174"
192.168.0.1 - - [26/Nov/2024:22:58:51 +0000] "GET /api/v1/status HTTP/1.1" 404 3552 "https://ellis-santana.com" "Mozilla/5.0 (Windows NT 10.0; Win64; x64) AppleWebKit/537.36 (KHTML, like Gecko) Chrome/90.0.4430.85 Safari/537.36" "181.129.175.82"
192.168.0.1 - - [22/Nov/2024:22:58:51 +0000] "GET /api/v1/status HTTP/1.1" 200 1576 "https://williams.com" "Mozilla/5.0 (Windows NT 10.0; Win64; x64) AppleWebKit/537.36 (KHTML, like Gecko) Chrome/89.0.4389.82 Safari/537.36" "165.81.173.96"
192.168.0.2 - - [10/Nov/2024:22:58:51 +0000] "GET /api/v1/data HTTP/1.1" 200 1775 "https://jones.com" "Mozilla/5.0 (Windows NT 6.1; WOW64; rv:33.0) Gecko/20100101 Firefox/33.0" "37.110.83.194"
192.168.0.1 - - [04/Dec/2024:22:58:51 +0000] "GET /api/v1/login HTTP/1.1" 200 2628 "https://ochoa-cunningham.info" "Mozilla/5.0 (Windows NT 10.0; Win64; x64) AppleWebKit/537.36 (KHTML, like Gecko) Chrome/89.0.4389.82 Safari/537.36" "87.138.252.49"
192.168.0.1 - - [19/Nov/2024:22:58:51 +0000] "GET /api/v1/data HTTP/1.1" 500 3978 "https://cole-baker.com" "Mozilla/5.0 (Windows NT 6.1; WOW64; rv:33.0) Gecko/20100101 Firefox/33.0" "24.68.112.102"
192.168.0.1 - - [12/Nov/2024:22:58:51 +0000] "GET /api/v1/user HTTP/1.1" 500 4392 "https://sims.com" "Mozilla/5.0 (Windows NT 6.1; WOW64; rv:33.0) Gecko/20100101 Firefox/33.0" "54.210.200.58"
192.168.0.1 - - [01/Dec/2024:22:58:51 +0000] "GET /api/v1/data HTTP/1.1" 200 4775 "https://farrell-colon.biz" "Mozilla/5.0 (Windows NT 10.0; Win64; x64) AppleWebKit/537.36 (KHTML, like Gecko) Chrome/90.0.4430.85 Safari/537.36" "99.140.36.73"
192.168.0.1 - - [22/Nov/2024:22:58:51 +0000] "GET /api/v1/user HTTP/1.1" 301 2736 "https://johnson.com" "Mozilla/5.0 (Windows NT 6.1; WOW64; rv:33.0) Gecko/20100101 Firefox/33.0" "26.214.90.35"
192.168.0.3 - - [23/Nov/2024:22:58:51 +0000] "GET /api/v1/resource HTTP/1.1" 400 1338 "https://thompson.com" "Mozilla/5.0 (Windows NT 10.0; Win64; x64) AppleWebKit/537.36 (KHTML, like Gecko) Chrome/90.0.4430.85 Safari/537.36" "95.141.205.10"
192.168.0.2 - - [10/Nov/2024:22:58:51 +0000] "GET /api/v1/user HTTP/1.1" 401 944 "https://lucas.org" "Mozilla/5.0 (Windows NT 6.1; WOW64; rv:33.0) Gecko/20100101 Firefox/33.0" "98.140.208.40"
192.168.0.1 - - [08/Nov/2024:22:58:51 +0000] "GET /api/v1/data HTTP/1.1" 400 2540 "https://howell.biz" "Mozilla/5.0 (Windows NT 10.0; Win64; x64) AppleWebKit/537.36 (KHTML, like Gecko) Chrome/90.0.4430.85 Safari/537.36" "210.49.133.208"
192.168.0.3 - - [17/Nov/2024:22:58:51 +0000] "GET /api/v1/login HTTP/1.1" 401 387 "https://chambers-hughes.com" "Mozilla/5.0 (Windows NT 10.0; Win64; x64) AppleWebKit/537.36 (KHTML, like Gecko) Chrome/89.0.4389.82 Safari/537.36" "186.189.14.130"
192.168.0.3 - - [04/Dec/2024:22:58:51 +0000] "GET /api/v1/data HTTP/1.1" 301 1241 "https://drake-garcia.com" "Mozilla/5.0 (Windows NT 10.0; Win64; x64) AppleWebKit/537.36 (KHTML, like Gecko) Chrome/90.0.4430.85 Safari/537.36" "163.187.52.129"
192.168.0.2 - - [06/Dec/2024:22:58:51 +0000] "GET /api/v1/user HTTP/1.1" 500 836 "https://young.com" "Mozilla/5.0 (Windows NT 10.0; Win64; x64) AppleWebKit/537.36 (KHTML, like Gecko) Chrome/89.0.4389.82 Safari/537.36" "13.238.49.114"
192.168.0.3 - - [07/Dec/2024:22:58:51 +0000] "GET /api/v1/login HTTP/1.1" 200 3266 "https://hamilton.info" "Mozilla/5.0 (Windows NT 10.0; Win64; x64) AppleWebKit/537.36 (KHTML, like Gecko) Chrome/89.0.4389.82 Safari/537.36" "62.14.75.228"
192.168.0.1 - - [21/Nov/2024:22:58:51 +0000] "GET /api/v1/data HTTP/1.1" 200 475 "https://brown.net" "Mozilla/5.0 (Windows NT 10.0; Win64; x64) AppleWebKit/537.36 (KHTML, like Gecko) Chrome/89.0.4389.82 Safari/537.36" "210.235.250.240"
192.168.0.3 - - [05/Dec/2024:22:58:51 +0000] "GET /api/v1/resource HTTP/1.1" 404 102 "https://camacho-ortiz.org" "Mozilla/5.0 (Windows NT 6.1; WOW64; rv:33.0) Gecko/20100101 Firefox/33.0" "45.8.96.232"
192.168.0.1 - - [13/Nov/2024:22:58:51 +0000] "GET /api/v1/status HTTP/1.1" 400 2649 "https://floyd.com" "Mozilla/5.0 (Windows NT 10.0; Win64; x64) AppleWebKit/537.36 (KHTML, like Gecko) Chrome/89.0.4389.82 Safari/537.36" "198.244.44.107"
192.168.0.3 - - [09/Nov/2024:22:58:51 +0000] "GET /api/v1/status HTTP/1.1" 400 4566 "https://jacobs-hall.com" "Mozilla/5.0 (Windows NT 10.0; Win64; x64) AppleWebKit/537.36 (KHTML, like Gecko) Chrome/90.0.4430.85 Safari/537.36" "92.167.165.16"
192.168.0.2 - - [28/Nov/2024:22:58:51 +0000] "GET /api/v1/resource HTTP/1.1" 404 901 "https://turner-reese.com" "Mozilla/5.0 (Windows NT 10.0; Win64; x64) AppleWebKit/537.36 (KHTML, like Gecko) Chrome/89.0.4389.82 Safari/537.36" "84.240.15.212"
192.168.0.1 - - [04/Dec/2024:22:58:51 +0000] "GET /api/v1/status HTTP/1.1" 401 4323 "https://sanchez-baker.info" "Mozilla/5.0 (Windows NT 6.1; WOW64; rv:33.0) Gecko/20100101 Firefox/33.0" "176.7.161.180"
192.168.0.3 - - [15/Nov/2024:22:58:51 +0000] "GET /api/v1/user HTTP/1.1" 200 3160 "https://jordan.com" "Mozilla/5.0 (Windows NT 10.0; Win64; x64) AppleWebKit/537.36 (KHTML, like Gecko) Chrome/90.0.4430.85 Safari/537.36" "71.58.120.61"
192.168.0.3 - - [05/Dec/2024:22:58:51 +0000] "GET /api/v1/data HTTP/1.1" 200 4994 "https://ray.org" "Mozilla/5.0 (Windows NT 10.0; Win64; x64) AppleWebKit/537.36 (KHTML, like Gecko) Chrome/89.0.4389.82 Safari/537.36" "92.248.193.155"
192.168.0.2 - - [13/Nov/2024:22:58:51 +0000] "GET /api/v1/data HTTP/1.1" 200 3039 "https://short.com" "Mozilla/5.0 (Windows NT 10.0; Win64; x64) AppleWebKit/537.36 (KHTML, like Gecko) Chrome/90.0.4430.85 Safari/537.36" "112.197.227.23"
192.168.0.2 - - [02/Dec/2024:22:58:51 +0000] "GET /api/v1/data HTTP/1.1" 400 859 "https://donovan.com" "Mozilla/5.0 (Windows NT 6.1; WOW64; rv:33.0) Gecko/20100101 Firefox/33.0" "223.212.233.165"
192.168.0.2 - - [03/Dec/2024:22:58:51 +0000] "GET /api/v1/data HTTP/1.1" 400 3152 "https://jones-fitzpatrick.org" "Mozilla/5.0 (Windows NT 10.0; Win64; x64) AppleWebKit/537.36 (KHTML, like Gecko) Chrome/90.0.4430.85 Safari/537.36" "157.71.21.203"
192.168.0.3 - - [08/Nov/2024:22:58:51 +0000] "GET /api/v1/user HTTP/1.1" 401 2997 "https://jones.info" "Mozilla/5.0 (Windows NT 10.0; Win64; x64) AppleWebKit/537.36 (KHTML, like Gecko) Chrome/89.0.4389.82 Safari/537.36" "114.146.241.30"
192.168.0.3 - - [11/Nov/2024:22:58:51 +0000] "GET /api/v1/data HTTP/1.1" 400 3437 "https://schneider.com" "Mozilla/5.0 (Windows NT 10.0; Win64; x64) AppleWebKit/537.36 (KHTML, like Gecko) Chrome/90.0.4430.85 Safari/537.36" "120.56.0.1"
192.168.0.1 - - [28/Nov/2024:22:58:51 +0000] "GET /api/v1/user HTTP/1.1" 400 4247 "https://morris.org" "Mozilla/5.0 (Windows NT 10.0; Win64; x64) AppleWebKit/537.36 (KHTML, like Gecko) Chrome/89.0.4389.82 Safari/537.36" "7.72.25.33"
192.168.0.2 - - [08/Nov/2024:22:58:51 +0000] "GET /api/v1/user HTTP/1.1" 301 507 "https://sanchez-hartman.info" "Mozilla/5.0 (Windows NT 10.0; Win64; x64) AppleWebKit/537.36 (KHTML, like Gecko) Chrome/89.0.4389.82 Safari/537.36" "189.82.124.213"
192.168.0.2 - - [11/Nov/2024:22:58:51 +0000] "GET /api/v1/resource HTTP/1.1" 400 1008 "https://fletcher-christian.net" "Mozilla/5.0 (Windows NT 10.0; Win64; x64) AppleWebKit/537.36 (KHTML, like Gecko) Chrome/90.0.4430.85 Safari/537.36" "141.122.183.173"
192.168.0.1 - - [12/Nov/2024:22:58:51 +0000] "GET /api/v1/resource HTTP/1.1" 301 2604 "https://crawford-turner.org" "Mozilla/5.0 (Windows NT 10.0; Win64; x64) AppleWebKit/537.36 (KHTML, like Gecko) Chrome/90.0.4430.85 Safari/537.36" "25.91.180.83"
192.168.0.1 - - [25/Nov/2024:22:58:51 +0000] "GET /api/v1/data HTTP/1.1" 500 1857 "https://frazier.com" "Mozilla/5.0 (Windows NT 10.0; Win64; x64) AppleWebKit/537.36 (KHTML, like Gecko) Chrome/90.0.4430.85 Safari/537.36" "80.154.52.199"
