192.168.0.2 - - [28/Nov/2024:22:58:52 +0000] "GET /api/v1/resource HTTP/1.1" 500 835 "https://todd-roth.com" "Mozilla/5.0 (Windows NT 6.1; WOW64; rv:33.0) Gecko/20100101 Firefox/33.0" "191.8.245.222"
192.168.0.1 - - [26/Nov/2024:22:58:52 +0000] "GET /api/v1/status HTTP/1.1" 500 1601 "https://brown.info" "Mozilla/5.0 (Windows NT 10.0; Win64; x64) AppleWebKit/537.36 (KHTML, like Gecko) Chrome/90.0.4430.85 Safari/537.36" "194.34.235.16"
192.168.0.1 - - [03/Dec/2024:22:58:52 +0000] "GET /api/v1/status HTTP/1.1" 400 4418 "https://clark.com" "Mozilla/5.0 (Windows NT 10.0; Win64; x64) AppleWebKit/537.36 (KHTML, like Gecko) Chrome/89.0.4389.82 Safari/537.36" "23.120.128.251"
192.168.0.2 - - [08/Dec/2024:22:58:52 +0000] "GET /api/v1/login HTTP/1.1" 500 4053 "https://thomas.com" "Mozilla/5.0 (Windows NT 6.1; WOW64; rv:33.0) Gecko/20100101 Firefox/33.0" "47.106.43.38"
192.168.0.3 - - [30/Nov/2024:22:58:52 +0000] "GET /api/v1/user HTTP/1.1" 200 1295 "https://nunez.com" "Mozilla/5.0 (Windows NT 6.1; WOW64; rv:33.0) Gecko/20100101 Firefox/33.0" "27.230.9.169"
192.168.0.1 - - [27/Nov/2024:22:58:52 +0000] "GET /api/v1/status HTTP/1.1" 500 3671 "https://smith-brown.com" "Mozilla/5.0 (Windows NT 6.1; WOW64; rv:33.0) Gecko/20100101 Firefox/33.0" "32.185.116.247"
192.168.0.3 - - [03/Dec/2024:22:58:52 +0000] "GET /api/v1/status HTTP/1.1" 200 1278 "https://williams.com" "Mozilla/5.0 (Windows NT 10.0; Win64; x64) AppleWebKit/537.36 (KHTML, like Gecko) Chrome/89.0.4389.82 Safari/537.36" "115.252.23.166"
192.168.0.1 - - [01/Dec/2024:22:58:52 +0000] "GET /api/v1/login HTTP/1.1" 301 4230 "https://elliott.biz" "Mozilla/5.0 (Windows NT 6.1; WOW64; rv:33.0) Gecko/20100101 Firefox/33.0" "97.195.63.89"
192.168.0.1 - - [27/Nov/2024:22:58:52 +0000] "GET /api/v1/user HTTP/1.1" 400 1200 "https://bailey.net" "Mozilla/5.0 (Windows NT 10.0; Win64; x64) AppleWebKit/537.36 (KHTML, like Gecko) Chrome/90.0.4430.85 Safari/537.36" "42.233.81.195"
192.168.0.2 - - [05/Dec/2024:22:58:52 +0000] "GET /api/v1/status HTTP/1.1" 301 2398 "https://duncan-rodriguez.info" "Mozilla/5.0 (Windows NT 10.0; Win64; x64) AppleWebKit/537.36 (KHTML, like Gecko) Chrome/90.0.4430.85 Safari/537.36" "196.204.245.168"
192.168.0.1 - - [21/Nov/2024:22:58:52 +0000] "GET /api/v1/data HTTP/1.1" 301 3207 "https://olsen-walker.biz" "Mozilla/5.0 (Windows NT 10.0; Win64; x64) AppleWebKit/537.36 (KHTML, like Gecko) Chrome/90.0.4430.85 Safari/537.36" "199.113.169.219"
192.168.0.3 - - [28/Nov/2024:22:58:52 +0000] "GET /api/v1/data HTTP/1.1" 500 4907 "https://garcia-haley.org" "Mozilla/5.0 (Windows NT 10.0; Win64; x64) AppleWebKit/537.36 (KHTML, like Gecko) Chrome/90.0.4430.85 Safari/537.36" "91.119.45.93"
192.168.0.2 - - [14/Nov/2024:22:58:52 +0000] "GET /api/v1/user HTTP/1.1" 200 1090 "https://ward.net" "Mozilla/5.0 (Windows NT 10.0; Win64; x64) AppleWebKit/537.36 (KHTML, like Gecko) Chrome/90.0.4430.85 Safari/537.36" "212.8.57.102"
192.168.0.3 - - [24/Nov/2024:22:58:52 +0000] "GET /api/v1/login HTTP/1.1" 500 3219 "https://bradley.com" "Mozilla/5.0 (Windows NT 6.1; WOW64; rv:33.0) Gecko/20100101 Firefox/33.0" "181.28.137.170"
192.168.0.1 - - [15/Nov/2024:22:58:52 +0000] "GET /api/v1/status HTTP/1.1" 401 1800 "https://hull-mcpherson.com" "Mozilla/5.0 (Windows NT 10.0; Win64; x64) AppleWebKit/537.36 (KHTML, like Gecko) Chrome/89.0.4389.82 Safari/537.36" "154.81.58.9"
192.168.0.2 - - [11/Nov/2024:22:58:52 +0000] "GET /api/v1/login HTTP/1.1" 500 2484 "https://soto-meyer.com" "Mozilla/5.0 (Windows NT 6.1; WOW64; rv:33.0) Gecko/20100101 Firefox/33.0" "18.114.36.45"
192.168.0.1 - - [05/Dec/2024:22:58:52 +0000] "GET /api/v1/login HTTP/1.1" 200 2358 "https://montoya.com" "Mozilla/5.0 (Windows NT 6.1; WOW64; rv:33.0) Gecko/20100101 Firefox/33.0" "81.214.7.51"
192.168.0.1 - - [29/Nov/2024:22:58:52 +0000] "GET /api/v1/data HTTP/1.1" 200 465 "https://stewart.com" "Mozilla/5.0 (Windows NT 6.1; WOW64; rv:33.0) Gecko/20100101 Firefox/33.0" "18.132.20.233"
192.168.0.1 - - [15/Nov/2024:22:58:52 +0000] "GET /api/v1/user HTTP/1.1" 500 3991 "https://kennedy.org" "Mozilla/5.0 (Windows NT 6.1; WOW64; rv:33.0) Gecko/20100101 Firefox/33.0" "134.26.204.27"
192.168.0.2 - - [05/Dec/2024:22:58:52 +0000] "GET /api/v1/resource HTTP/1.1" 301 4088 "https://johnson.com" "Mozilla/5.0 (Windows NT 10.0; Win64; x64) AppleWebKit/537.36 (KHTML, like Gecko) Chrome/90.0.4430.85 Safari/537.36" "63.72.141.144"
192.168.0.2 - - [05/Dec/2024:22:58:52 +0000] "GET /api/v1/user HTTP/1.1" 200 818 "https://diaz.com" "Mozilla/5.0 (Windows NT 6.1; WOW64; rv:33.0) Gecko/20100101 Firefox/33.0" "67.183.110.0"
192.168.0.1 - - [14/Nov/2024:22:58:52 +0000] "GET /api/v1/resource HTTP/1.1" 200 1186 "https://reyes-stevens.info" "Mozilla/5.0 (Windows NT 6.1; WOW64; rv:33.0) Gecko/20100101 Firefox/33.0" "16.88.247.207"
192.168.0.1 - - [01/Dec/2024:22:58:52 +0000] "GET /api/v1/resource HTTP/1.1" 500 1355 "https://pruitt-noble.com" "Mozilla/5.0 (Windows NT 6.1; WOW64; rv:33.0) Gecko/20100101 Firefox/33.0" "84.247.205.214"
192.168.0.2 - - [22/Nov/2024:22:58:52 +0000] "GET /api/v1/resource HTTP/1.1" 200 3926 "https://rivera.com" "Mozilla/5.0 (Windows NT 6.1; WOW64; rv:33.0) Gecko/20100101 Firefox/33.0" "87.27.68.219"
192.168.0.1 - - [26/Nov/2024:22:58:52 +0000] "GET /api/v1/data HTTP/1.1" 200 109 "https://gonzales.com" "Mozilla/5.0 (Windows NT 10.0; Win64; x64) AppleWebKit/537.36 (KHTML, like Gecko) Chrome/89.0.4389.82 Safari/537.36" "61.114.130.3"
192.168.0.1 - - [08/Dec/2024:22:58:52 +0000] "GET /api/v1/resource HTTP/1.1" 404 3812 "https://hart.net" "Mozilla/5.0 (Windows NT 10.0; Win64; x64) AppleWebKit/537.36 (KHTML, like Gecko) Chrome/90.0.4430.85 Safari/537.36" "114.8.45.191"
192.168.0.1 - - [05/Dec/2024:22:58:52 +0000] "GET /api/v1/status HTTP/1.1" 401 1007 "https://carlson-allen.com" "Mozilla/5.0 (Windows NT 10.0; Win64; x64) AppleWebKit/537.36 (KHTML, like Gecko) Chrome/90.0.4430.85 Safari/537.36" "41.233.92.85"
192.168.0.1 - - [19/Nov/2024:22:58:52 +0000] "GET /api/v1/user HTTP/1.1" 400 4958 "https://jones.org" "Mozilla/5.0 (Windows NT 10.0; Win64; x64) AppleWebKit/537.36 (KHTML, like Gecko) Chrome/90.0.4430.85 Safari/537.36" "67.89.72.52"
192.168.0.1 - - [29/Nov/2024:22:58:52 +0000] "GET /api/v1/resource HTTP/1.1" 404 2969 "https://morgan-sloan.com" "Mozilla/5.0 (Windows NT 10.0; Win64; x64) AppleWebKit/537.36 (KHTML, like Gecko) Chrome/89.0.4389.82 Safari/537.36" "172.53.198.224"
192.168.0.3 - - [16/Nov/2024:22:58:52 +0000] "GET /api/v1/user HTTP/1.1" 500 2655 "https://williams.com" "Mozilla/5.0 (Windows NT 10.0; Win64; x64) AppleWebKit/537.36 (KHTML, like Gecko) Chrome/89.0.4389.82 Safari/537.36" "67.55.207.112"
192.168.0.3 - - [10/Nov/2024:22:58:52 +0000] "GET /api/v1/resource HTTP/1.1" 401 2057 "https://miller.biz" "Mozilla/5.0 (Windows NT 10.0; Win64; x64) AppleWebKit/537.36 (KHTML, like Gecko) Chrome/90.0.4430.85 Safari/537.36" "162.16.154.41"
192.168.0.3 - - [03/Dec/2024:22:58:52 +0000] "GET /api/v1/resource HTTP/1.1" 500 2500 "https://bush-page.info" "Mozilla/5.0 (Windows NT 6.1; WOW64; rv:33.0) Gecko/20100101 Firefox/33.0" "207.118.168.92"
192.168.0.2 - - [07/Dec/2024:22:58:52 +0000] "GET /api/v1/status HTTP/1.1" 200 1609 "https://garcia.biz" "Mozilla/5.0 (Windows NT 6.1; WOW64; rv:33.0) Gecko/20100101 Firefox/33.0" "44.1.46.231"
192.168.0.2 - - [26/Nov/2024:22:58:52 +0000] "GET /api/v1/status HTTP/1.1" 200 1161 "https://khan.com" "Mozilla/5.0 (Windows NT 6.1; WOW64; rv:33.0) Gecko/20100101 Firefox/33.0" "132.124.119.209"
192.168.0.2 - - [05/Dec/2024:22:58:52 +0000] "GET /api/v1/resource HTTP/1.1" 200 583 "https://hill.org" "Mozilla/5.0 (Windows NT 10.0; Win64; x64) AppleWebKit/537.36 (KHTML, like Gecko) Chrome/89.0.4389.82 Safari/537.36" "38.179.167.12"
192.168.0.3 - - [25/Nov/2024:22:58:52 +0000] "GET /api/v1/data HTTP/1.1" 200 4988 "https://gregory.com" "Mozilla/5.0 (Windows NT 10.0; Win64; x64) AppleWebKit/537.36 (KHTML, like Gecko) Chrome/89.0.4389.82 Safari/537.36" "166.37.133.140"
192.168.0.2 - - [15/Nov/2024:22:58:52 +0000] "GET /api/v1/resource HTTP/1.1" 200 655 "https://jones.com" "Mozilla/5.0 (Windows NT 6.1; WOW64; rv:33.0) Gecko/20100101 Firefox/33.0" "24.18.245.245"
192.168.0.3 - - [08/Dec/2024:22:58:52 +0000] "GET /api/v1/status HTTP/1.1" 200 4319 "https://white.com" "Mozilla/5.0 (Windows NT 10.0; Win64; x64) AppleWebKit/537.36 (KHTML, like Gecko) Chrome/90.0.4430.85 Safari/537.36" "103.152.104.30"
192.168.0.1 - - [06/Dec/2024:22:58:52 +0000] "GET /api/v1/data HTTP/1.1" 301 4346 "https://jackson.com" "Mozilla/5.0 (Windows NT 10.0; Win64; x64) AppleWebKit/537.36 (KHTML, like Gecko) Chrome/90.0.4430.85 Safari/537.36" "69.219.228.246"
192.168.0.1 - - [02/Dec/2024:22:58:52 +0000] "GET /api/v1/login HTTP/1.1" 301 1265 "https://meyer.com" "Mozilla/5.0 (Windows NT 10.0; Win64; x64) AppleWebKit/537.36 (KHTML, like Gecko) Chrome/90.0.4430.85 Safari/537.36" "116.16.176.92"
192.168.0.1 - - [03/Dec/2024:22:58:52 +0000] "GET /api/v1/data HTTP/1.1" 401 4257 "https://ramirez-klein.com" "Mozilla/5.0 (Windows NT 6.1; WOW64; rv:33.0) Gecko/20100101 Firefox/33.0" "168.57.226.92"
192.168.0.1 - - [06/Dec/2024:22:58:52 +0000] "GET /api/v1/status HTTP/1.1" 404 614 "https://garrett.biz" "Mozilla/5.0 (Windows NT 6.1; WOW64; rv:33.0) Gecko/20100101 Firefox/33.0" "205.213.210.102"
192.168.0.3 - - [14/Nov/2024:22:58:52 +0000] "GET /api/v1/login HTTP/1.1" 301 644 "https://james.com" "Mozilla/5.0 (Windows NT 10.0; Win64; x64) AppleWebKit/537.36 (KHTML, like Gecko) Chrome/90.0.4430.85 Safari/537.36" "2.112.142.76"
192.168.0.2 - - [09/Nov/2024:22:58:52 +0000] "GET /api/v1/login HTTP/1.1" 400 4490 "https://cook.com" "Mozilla/5.0 (Windows NT 10.0; Win64; x64) AppleWebKit/537.36 (KHTML, like Gecko) Chrome/90.0.4430.85 Safari/537.36" "133.165.61.175"
192.168.0.1 - - [26/Nov/2024:22:58:52 +0000] "GET /api/v1/resource HTTP/1.1" 404 2373 "https://lawrence-rodriguez.info" "Mozilla/5.0 (Windows NT 10.0; Win64; x64) AppleWebKit/537.36 (KHTML, like Gecko) Chrome/89.0.4389.82 Safari/537.36" "42.102.252.243"
192.168.0.2 - - [29/Nov/2024:22:58:52 +0000] "GET /api/v1/login HTTP/1.1" 401 1256 "https://deleon.biz" "Mozilla/5.0 (Windows NT 10.0; Win64; x64) AppleWebKit/537.36 (KHTML, like Gecko) Chrome/89.0.4389.82 Safari/537.36" "170.210.95.145"
192.168.0.2 - - [16/Nov/2024:22:58:52 +0000] "GET /api/v1/login HTTP/1.1" 200 311 "https://powell.com" "Mozilla/5.0 (Windows NT 10.0; Win64; x64) AppleWebKit/537.36 (KHTML, like Gecko) Chrome/90.0.4430.85 Safari/537.36" "158.91.64.25"
192.168.0.2 - - [15/Nov/2024:22:58:52 +0000] "GET /api/v1/user HTTP/1.1" 500 527 "https://hughes-thompson.net" "Mozilla/5.0 (Windows NT 10.0; Win64; x64) AppleWebKit/537.36 (KHTML, like Gecko) Chrome/89.0.4389.82 Safari/537.36" "165.223.247.215"
192.168.0.1 - - [27/Nov/2024:22:58:52 +0000] "GET /api/v1/data HTTP/1.1" 401 2394 "https://white.info" "Mozilla/5.0 (Windows NT 6.1; WOW64; rv:33.0) Gecko/20100101 Firefox/33.0" "79.28.175.192"
192.168.0.2 - - [26/Nov/2024:22:58:52 +0000] "GET /api/v1/resource HTTP/1.1" 400 1898 "https://petty-mason.com" "Mozilla/5.0 (Windows NT 6.1; WOW64; rv:33.0) Gecko/20100101 Firefox/33.0" "18.44.159.255"
192.168.0.2 - - [04/Dec/2024:22:58:52 +0000] "GET /api/v1/user HTTP/1.1" 200 4296 "https://nguyen-cook.net" "Mozilla/5.0 (Windows NT 6.1; WOW64; rv:33.0) Gecko/20100101 Firefox/33.0" "23.98.159.227"
192.168.0.1 - - [01/Dec/2024:22:58:52 +0000] "GET /api/v1/login HTTP/1.1" 401 1462 "https://baker.org" "Mozilla/5.0 (Windows NT 10.0; Win64; x64) AppleWebKit/537.36 (KHTML, like Gecko) Chrome/90.0.4430.85 Safari/537.36" "57.42.37.241"
192.168.0.2 - - [01/Dec/2024:22:58:52 +0000] "GET /api/v1/user HTTP/1.1" 404 2774 "https://fisher.org" "Mozilla/5.0 (Windows NT 6.1; WOW64; rv:33.0) Gecko/20100101 Firefox/33.0" "112.133.59.147"
192.168.0.3 - - [17/Nov/2024:22:58:52 +0000] "GET /api/v1/user HTTP/1.1" 200 2002 "https://long.com" "Mozilla/5.0 (Windows NT 6.1; WOW64; rv:33.0) Gecko/20100101 Firefox/33.0" "166.20.159.25"
192.168.0.2 - - [03/Dec/2024:22:58:52 +0000] "GET /api/v1/data HTTP/1.1" 301 4993 "https://smith.biz" "Mozilla/5.0 (Windows NT 10.0; Win64; x64) AppleWebKit/537.36 (KHTML, like Gecko) Chrome/89.0.4389.82 Safari/537.36" "218.167.120.35"
192.168.0.1 - - [04/Dec/2024:22:58:52 +0000] "GET /api/v1/status HTTP/1.1" 500 1710 "https://hicks.net" "Mozilla/5.0 (Windows NT 10.0; Win64; x64) AppleWebKit/537.36 (KHTML, like Gecko) Chrome/89.0.4389.82 Safari/537.36" "12.122.83.105"
192.168.0.1 - - [15/Nov/2024:22:58:52 +0000] "GET /api/v1/resource HTTP/1.1" 500 130 "https://brewer.com" "Mozilla/5.0 (Windows NT 6.1; WOW64; rv:33.0) Gecko/20100101 Firefox/33.0" "4.190.202.184"
192.168.0.1 - - [21/Nov/2024:22:58:52 +0000] "GET /api/v1/login HTTP/1.1" 500 2748 "https://lee-peterson.com" "Mozilla/5.0 (Windows NT 10.0; Win64; x64) AppleWebKit/537.36 (KHTML, like Gecko) Chrome/90.0.4430.85 Safari/537.36" "213.126.6.225"
192.168.0.3 - - [16/Nov/2024:22:58:52 +0000] "GET /api/v1/status HTTP/1.1" 301 3517 "https://brown-murphy.info" "Mozilla/5.0 (Windows NT 6.1; WOW64; rv:33.0) Gecko/20100101 Firefox/33.0" "208.111.164.155"
192.168.0.3 - - [18/Nov/2024:22:58:52 +0000] "GET /api/v1/data HTTP/1.1" 500 2050 "https://walker.com" "Mozilla/5.0 (Windows NT 6.1; WOW64; rv:33.0) Gecko/20100101 Firefox/33.0" "36.151.19.243"
192.168.0.2 - - [24/Nov/2024:22:58:52 +0000] "GET /api/v1/status HTTP/1.1" 500 2827 "https://nguyen.com" "Mozilla/5.0 (Windows NT 6.1; WOW64; rv:33.0) Gecko/20100101 Firefox/33.0" "121.235.125.209"
192.168.0.1 - - [23/Nov/2024:22:58:52 +0000] "GET /api/v1/data HTTP/1.1" 400 4069 "https://fields.org" "Mozilla/5.0 (Windows NT 10.0; Win64; x64) AppleWebKit/537.36 (KHTML, like Gecko) Chrome/89.0.4389.82 Safari/537.36" "216.147.51.45"
192.168.0.2 - - [28/Nov/2024:22:58:52 +0000] "GET /api/v1/resource HTTP/1.1" 301 2823 "https://alexander-freeman.org" "Mozilla/5.0 (Windows NT 6.1; WOW64; rv:33.0) Gecko/20100101 Firefox/33.0" "156.89.236.206"
192.168.0.2 - - [01/Dec/2024:22:58:52 +0000] "GET /api/v1/data HTTP/1.1" 401 2856 "https://fry.com" "Mozilla/5.0 (Windows NT 6.1; WOW64; rv:33.0) Gecko/20100101 Firefox/33.0" "13.228.74.69"
192.168.0.1 - - [30/Nov/2024:22:58:52 +0000] "GET /api/v1/resource HTTP/1.1" 401 1115 "https://trujillo-gonzalez.com" "Mozilla/5.0 (Windows NT 6.1; WOW64; rv:33.0) Gecko/20100101 Firefox/33.0" "93.158.165.122"
192.168.0.3 - - [28/Nov/2024:22:58:52 +0000] "GET /api/v1/login HTTP/1.1" 400 4613 "https://figueroa.com" "Mozilla/5.0 (Windows NT 6.1; WOW64; rv:33.0) Gecko/20100101 Firefox/33.0" "167.240.58.129"
192.168.0.1 - - [26/Nov/2024:22:58:52 +0000] "GET /api/v1/user HTTP/1.1" 500 3302 "https://hahn.info" "Mozilla/5.0 (Windows NT 10.0; Win64; x64) AppleWebKit/537.36 (KHTML, like Gecko) Chrome/89.0.4389.82 Safari/537.36" "30.48.208.182"
192.168.0.3 - - [11/Nov/2024:22:58:52 +0000] "GET /api/v1/status HTTP/1.1" 404 1372 "https://phillips-graves.biz" "Mozilla/5.0 (Windows NT 6.1; WOW64; rv:33.0) Gecko/20100101 Firefox/33.0" "33.128.122.218"
192.168.0.3 - - [19/Nov/2024:22:58:52 +0000] "GET /api/v1/resource HTTP/1.1" 400 2823 "https://robbins.biz" "Mozilla/5.0 (Windows NT 6.1; WOW64; rv:33.0) Gecko/20100101 Firefox/33.0" "11.82.87.254"
192.168.0.3 - - [10/Nov/2024:22:58:52 +0000] "GET /api/v1/resource HTTP/1.1" 301 1036 "https://fisher-freeman.org" "Mozilla/5.0 (Windows NT 6.1; WOW64; rv:33.0) Gecko/20100101 Firefox/33.0" "76.210.103.88"
192.168.0.3 - - [01/Dec/2024:22:58:52 +0000] "GET /api/v1/resource HTTP/1.1" 200 4742 "https://rodriguez.org" "Mozilla/5.0 (Windows NT 10.0; Win64; x64) AppleWebKit/537.36 (KHTML, like Gecko) Chrome/89.0.4389.82 Safari/537.36" "104.206.225.211"
192.168.0.2 - - [25/Nov/2024:22:58:52 +0000] "GET /api/v1/resource HTTP/1.1" 401 4727 "https://lewis.com" "Mozilla/5.0 (Windows NT 10.0; Win64; x64) AppleWebKit/537.36 (KHTML, like Gecko) Chrome/90.0.4430.85 Safari/537.36" "28.168.53.15"
192.168.0.1 - - [08/Dec/2024:22:58:52 +0000] "GET /api/v1/status HTTP/1.1" 500 1284 "https://jackson-alvarez.com" "Mozilla/5.0 (Windows NT 10.0; Win64; x64) AppleWebKit/537.36 (KHTML, like Gecko) Chrome/89.0.4389.82 Safari/537.36" "63.49.20.238"
192.168.0.2 - - [01/Dec/2024:22:58:52 +0000] "GET /api/v1/status HTTP/1.1" 400 2393 "https://davis.org" "Mozilla/5.0 (Windows NT 10.0; Win64; x64) AppleWebKit/537.36 (KHTML, like Gecko) Chrome/89.0.4389.82 Safari/537.36" "209.37.88.216"
192.168.0.1 - - [08/Dec/2024:22:58:52 +0000] "GET /api/v1/user HTTP/1.1" 301 3985 "https://scott.net" "Mozilla/5.0 (Windows NT 10.0; Win64; x64) AppleWebKit/537.36 (KHTML, like Gecko) Chrome/89.0.4389.82 Safari/537.36" "48.3.79.204"
192.168.0.1 - - [27/Nov/2024:22:58:52 +0000] "GET /api/v1/user HTTP/1.1" 400 1281 "https://brown-thomas.com" "Mozilla/5.0 (Windows NT 10.0; Win64; x64) AppleWebKit/537.36 (KHTML, like Gecko) Chrome/89.0.4389.82 Safari/537.36" "63.167.249.96"
192.168.0.3 - - [11/Nov/2024:22:58:52 +0000] "GET /api/v1/data HTTP/1.1" 404 298 "https://hoffman.biz" "Mozilla/5.0 (Windows NT 10.0; Win64; x64) AppleWebKit/537.36 (KHTML, like Gecko) Chrome/90.0.4430.85 Safari/537.36" "102.93.228.108"
192.168.0.1 - - [20/Nov/2024:22:58:52 +0000] "GET /api/v1/status HTTP/1.1" 200 3038 "https://smith.biz" "Mozilla/5.0 (Windows NT 10.0; Win64; x64) AppleWebKit/537.36 (KHTML, like Gecko) Chrome/90.0.4430.85 Safari/537.36" "115.22.68.233"
192.168.0.1 - - [23/Nov/2024:22:58:52 +0000] "GET /api/v1/user HTTP/1.1" 301 1805 "https://ruiz.org" "Mozilla/5.0 (Windows NT 6.1; WOW64; rv:33.0) Gecko/20100101 Firefox/33.0" "147.17.85.124"
192.168.0.3 - - [29/Nov/2024:22:58:52 +0000] "GET /api/v1/login HTTP/1.1" 200 210 "https://frost-collins.org" "Mozilla/5.0 (Windows NT 10.0; Win64; x64) AppleWebKit/537.36 (KHTML, like Gecko) Chrome/90.0.4430.85 Safari/537.36" "217.224.228.56"
192.168.0.1 - - [30/Nov/2024:22:58:52 +0000] "GET /api/v1/data HTTP/1.1" 301 2811 "https://rodgers-wilkins.com" "Mozilla/5.0 (Windows NT 10.0; Win64; x64) AppleWebKit/537.36 (KHTML, like Gecko) Chrome/90.0.4430.85 Safari/537.36" "142.95.73.172"
192.168.0.2 - - [22/Nov/2024:22:58:52 +0000] "GET /api/v1/user HTTP/1.1" 500 2475 "https://merritt.com" "Mozilla/5.0 (Windows NT 10.0; Win64; x64) AppleWebKit/537.36 (KHTML, like Gecko) Chrome/89.0.4389.82 Safari/537.36" "181.122.206.214"
192.168.0.3 - - [28/Nov/2024:22:58:52 +0000] "GET /api/v1/login HTTP/1.1" 301 4109 "https://freeman.com" "Mozilla/5.0 (Windows NT 6.1; WOW64; rv:33.0) Gecko/20100101 Firefox/33.0" "148.16.43.149"
192.168.0.2 - - [19/Nov/2024:22:58:52 +0000] "GET /api/v1/user HTTP/1.1" 400 4993 "https://wilson.com" "Mozilla/5.0 (Windows NT 10.0; Win64; x64) AppleWebKit/537.36 (KHTML, like Gecko) Chrome/89.0.4389.82 Safari/537.36" "74.15.77.168"
192.168.0.3 - - [28/Nov/2024:22:58:52 +0000] "GET /api/v1/status HTTP/1.1" 401 226 "https://richardson.com" "Mozilla/5.0 (Windows NT 10.0; Win64; x64) AppleWebKit/537.36 (KHTML, like Gecko) Chrome/89.0.4389.82 Safari/537.36" "175.203.124.47"
192.168.0.1 - - [08/Dec/2024:22:58:52 +0000] "GET /api/v1/status HTTP/1.1" 200 2336 "https://boyd.com" "Mozilla/5.0 (Windows NT 6.1; WOW64; rv:33.0) Gecko/20100101 Firefox/33.0" "77.180.255.93"
192.168.0.3 - - [22/Nov/2024:22:58:52 +0000] "GET /api/v1/status HTTP/1.1" 200 2401 "https://lara.com" "Mozilla/5.0 (Windows NT 10.0; Win64; x64) AppleWebKit/537.36 (KHTML, like Gecko) Chrome/90.0.4430.85 Safari/537.36" "26.210.66.169"
192.168.0.2 - - [22/Nov/2024:22:58:52 +0000] "GET /api/v1/resource HTTP/1.1" 200 3904 "https://chen.org" "Mozilla/5.0 (Windows NT 10.0; Win64; x64) AppleWebKit/537.36 (KHTML, like Gecko) Chrome/90.0.4430.85 Safari/537.36" "117.174.215.84"
192.168.0.1 - - [04/Dec/2024:22:58:52 +0000] "GET /api/v1/user HTTP/1.1" 500 4706 "https://palmer.com" "Mozilla/5.0 (Windows NT 6.1; WOW64; rv:33.0) Gecko/20100101 Firefox/33.0" "39.230.194.216"
192.168.0.3 - - [29/Nov/2024:22:58:52 +0000] "GET /api/v1/user HTTP/1.1" 200 1466 "https://thomas.com" "Mozilla/5.0 (Windows NT 10.0; Win64; x64) AppleWebKit/537.36 (KHTML, like Gecko) Chrome/90.0.4430.85 Safari/537.36" "202.35.118.143"
192.168.0.3 - - [13/Nov/2024:22:58:52 +0000] "GET /api/v1/resource HTTP/1.1" 200 1750 "https://collins.com" "Mozilla/5.0 (Windows NT 6.1; WOW64; rv:33.0) Gecko/20100101 Firefox/33.0" "177.68.84.84"
192.168.0.1 - - [08/Dec/2024:22:58:52 +0000] "GET /api/v1/status HTTP/1.1" 400 1406 "https://thompson.info" "Mozilla/5.0 (Windows NT 10.0; Win64; x64) AppleWebKit/537.36 (KHTML, like Gecko) Chrome/89.0.4389.82 Safari/537.36" "147.160.170.179"
192.168.0.2 - - [03/Dec/2024:22:58:52 +0000] "GET /api/v1/resource HTTP/1.1" 200 268 "https://garcia.net" "Mozilla/5.0 (Windows NT 10.0; Win64; x64) AppleWebKit/537.36 (KHTML, like Gecko) Chrome/90.0.4430.85 Safari/537.36" "119.89.51.130"
192.168.0.2 - - [17/Nov/2024:22:58:52 +0000] "GET /api/v1/data HTTP/1.1" 301 2571 "https://reyes.info" "Mozilla/5.0 (Windows NT 10.0; Win64; x64) AppleWebKit/537.36 (KHTML, like Gecko) Chrome/90.0.4430.85 Safari/537.36" "221.16.43.200"
192.168.0.2 - - [17/Nov/2024:22:58:52 +0000] "GET /api/v1/user HTTP/1.1" 404 196 "https://crane.net" "Mozilla/5.0 (Windows NT 10.0; Win64; x64) AppleWebKit/537.36 (KHTML, like Gecko) Chrome/89.0.4389.82 Safari/537.36" "185.178.42.212"
192.168.0.2 - - [09/Nov/2024:22:58:52 +0000] "GET /api/v1/status HTTP/1.1" 400 3254 "https://ward-lane.com" "Mozilla/5.0 (Windows NT 6.1; WOW64; rv:33.0) Gecko/20100101 Firefox/33.0" "95.168.61.154"
192.168.0.2 - - [18/Nov/2024:22:58:52 +0000] "GET /api/v1/data HTTP/1.1" 301 2212 "https://macias-king.info" "Mozilla/5.0 (Windows NT 6.1; WOW64; rv:33.0) Gecko/20100101 Firefox/33.0" "172.193.247.40"
192.168.0.1 - - [30/Nov/2024:22:58:52 +0000] "GET /api/v1/user HTTP/1.1" 301 4812 "https://ford.net" "Mozilla/5.0 (Windows NT 6.1; WOW64; rv:33.0) Gecko/20100101 Firefox/33.0" "45.0.1.12"
192.168.0.3 - - [18/Nov/2024:22:58:52 +0000] "GET /api/v1/user HTTP/1.1" 200 528 "https://morrison.biz" "Mozilla/5.0 (Windows NT 10.0; Win64; x64) AppleWebKit/537.36 (KHTML, like Gecko) Chrome/90.0.4430.85 Safari/537.36" "96.110.43.130"
192.168.0.2 - - [15/Nov/2024:22:58:52 +0000] "GET /api/v1/user HTTP/1.1" 401 445 "https://walker-thomas.biz" "Mozilla/5.0 (Windows NT 10.0; Win64; x64) AppleWebKit/537.36 (KHTML, like Gecko) Chrome/89.0.4389.82 Safari/537.36" "194.200.128.149"
192.168.0.2 - - [07/Dec/2024:22:58:52 +0000] "GET /api/v1/resource HTTP/1.1" 200 410 "https://smith.com" "Mozilla/5.0 (Windows NT 6.1; WOW64; rv:33.0) Gecko/20100101 Firefox/33.0" "94.237.152.4"
192.168.0.1 - - [07/Dec/2024:22:58:52 +0000] "GET /api/v1/user HTTP/1.1" 401 2270 "https://kelly.com" "Mozilla/5.0 (Windows NT 6.1; WOW64; rv:33.0) Gecko/20100101 Firefox/33.0" "213.76.159.134"
192.168.0.3 - - [22/Nov/2024:22:58:52 +0000] "GET /api/v1/resource HTTP/1.1" 404 3724 "https://rodriguez.com" "Mozilla/5.0 (Windows NT 10.0; Win64; x64) AppleWebKit/537.36 (KHTML, like Gecko) Chrome/89.0.4389.82 Safari/537.36" "166.29.184.188"
192.168.0.1 - - [24/Nov/2024:22:58:52 +0000] "GET /api/v1/status HTTP/1.1" 400 3295 "https://morgan.com" "Mozilla/5.0 (Windows NT 10.0; Win64; x64) AppleWebKit/537.36 (KHTML, like Gecko) Chrome/89.0.4389.82 Safari/537.36" "20.112.202.117"
192.168.0.3 - - [05/Dec/2024:22:58:52 +0000] "GET /api/v1/login HTTP/1.1" 404 1886 "https://fields.com" "Mozilla/5.0 (Windows NT 6.1; WOW64; rv:33.0) Gecko/20100101 Firefox/33.0" "189.178.108.122"
192.168.0.2 - - [25/Nov/2024:22:58:52 +0000] "GET /api/v1/user HTTP/1.1" 401 3927 "https://lawrence-kelley.biz" "Mozilla/5.0 (Windows NT 10.0; Win64; x64) AppleWebKit/537.36 (KHTML, like Gecko) Chrome/89.0.4389.82 Safari/537.36" "183.216.138.118"
192.168.0.2 - - [30/Nov/2024:22:58:52 +0000] "GET /api/v1/login HTTP/1.1" 200 3906 "https://garcia.com" "Mozilla/5.0 (Windows NT 10.0; Win64; x64) AppleWebKit/537.36 (KHTML, like Gecko) Chrome/90.0.4430.85 Safari/537.36" "37.75.40.64"
192.168.0.1 - - [27/Nov/2024:22:58:52 +0000] "GET /api/v1/user HTTP/1.1" 500 2537 "https://williams.com" "Mozilla/5.0 (Windows NT 6.1; WOW64; rv:33.0) Gecko/20100101 Firefox/33.0" "176.87.58.34"
192.168.0.2 - - [14/Nov/2024:22:58:52 +0000] "GET /api/v1/status HTTP/1.1" 400 3824 "https://hunter-brown.net" "Mozilla/5.0 (Windows NT 10.0; Win64; x64) AppleWebKit/537.36 (KHTML, like Gecko) Chrome/89.0.4389.82 Safari/537.36" "218.161.133.103"
192.168.0.2 - - [13/Nov/2024:22:58:52 +0000] "GET /api/v1/login HTTP/1.1" 200 3551 "https://howard.net" "Mozilla/5.0 (Windows NT 6.1; WOW64; rv:33.0) Gecko/20100101 Firefox/33.0" "154.154.42.48"
192.168.0.2 - - [07/Dec/2024:22:58:52 +0000] "GET /api/v1/status HTTP/1.1" 400 1141 "https://gonzalez.info" "Mozilla/5.0 (Windows NT 10.0; Win64; x64) AppleWebKit/537.36 (KHTML, like Gecko) Chrome/89.0.4389.82 Safari/537.36" "71.34.108.38"
192.168.0.3 - - [19/Nov/2024:22:58:52 +0000] "GET /api/v1/user HTTP/1.1" 404 3137 "https://farmer.com" "Mozilla/5.0 (Windows NT 6.1; WOW64; rv:33.0) Gecko/20100101 Firefox/33.0" "171.83.187.247"
192.168.0.1 - - [02/Dec/2024:22:58:52 +0000] "GET /api/v1/login HTTP/1.1" 200 3680 "https://caldwell.com" "Mozilla/5.0 (Windows NT 10.0; Win64; x64) AppleWebKit/537.36 (KHTML, like Gecko) Chrome/89.0.4389.82 Safari/537.36" "181.216.217.143"
192.168.0.2 - - [17/Nov/2024:22:58:52 +0000] "GET /api/v1/login HTTP/1.1" 404 3042 "https://phillips.com" "Mozilla/5.0 (Windows NT 6.1; WOW64; rv:33.0) Gecko/20100101 Firefox/33.0" "172.168.201.222"
192.168.0.2 - - [22/Nov/2024:22:58:52 +0000] "GET /api/v1/status HTTP/1.1" 301 1898 "https://brown-hall.com" "Mozilla/5.0 (Windows NT 10.0; Win64; x64) AppleWebKit/537.36 (KHTML, like Gecko) Chrome/90.0.4430.85 Safari/537.36" "115.253.33.94"
192.168.0.2 - - [22/Nov/2024:22:58:52 +0000] "GET /api/v1/resource HTTP/1.1" 500 4223 "https://porter.org" "Mozilla/5.0 (Windows NT 10.0; Win64; x64) AppleWebKit/537.36 (KHTML, like Gecko) Chrome/90.0.4430.85 Safari/537.36" "41.83.92.29"
192.168.0.2 - - [10/Nov/2024:22:58:52 +0000] "GET /api/v1/resource HTTP/1.1" 400 4789 "https://campos.com" "Mozilla/5.0 (Windows NT 10.0; Win64; x64) AppleWebKit/537.36 (KHTML, like Gecko) Chrome/89.0.4389.82 Safari/537.36" "115.252.137.205"
192.168.0.1 - - [25/Nov/2024:22:58:52 +0000] "GET /api/v1/status HTTP/1.1" 400 4019 "https://beck.com" "Mozilla/5.0 (Windows NT 10.0; Win64; x64) AppleWebKit/537.36 (KHTML, like Gecko) Chrome/89.0.4389.82 Safari/537.36" "25.51.67.81"
192.168.0.3 - - [04/Dec/2024:22:58:52 +0000] "GET /api/v1/resource HTTP/1.1" 401 3951 "https://quinn-morgan.com" "Mozilla/5.0 (Windows NT 10.0; Win64; x64) AppleWebKit/537.36 (KHTML, like Gecko) Chrome/90.0.4430.85 Safari/537.36" "209.8.161.3"
192.168.0.3 - - [15/Nov/2024:22:58:52 +0000] "GET /api/v1/data HTTP/1.1" 301 4041 "https://jimenez-glass.net" "Mozilla/5.0 (Windows NT 10.0; Win64; x64) AppleWebKit/537.36 (KHTML, like Gecko) Chrome/90.0.4430.85 Safari/537.36" "203.58.254.77"
192.168.0.1 - - [21/Nov/2024:22:58:52 +0000] "GET /api/v1/data HTTP/1.1" 400 1293 "https://wallace.org" "Mozilla/5.0 (Windows NT 10.0; Win64; x64) AppleWebKit/537.36 (KHTML, like Gecko) Chrome/89.0.4389.82 Safari/537.36" "122.135.213.83"
192.168.0.2 - - [23/Nov/2024:22:58:52 +0000] "GET /api/v1/status HTTP/1.1" 301 3270 "https://hernandez.info" "Mozilla/5.0 (Windows NT 10.0; Win64; x64) AppleWebKit/537.36 (KHTML, like Gecko) Chrome/89.0.4389.82 Safari/537.36" "144.186.89.141"
192.168.0.1 - - [10/Nov/2024:22:58:52 +0000] "GET /api/v1/user HTTP/1.1" 301 2060 "https://atkins.com" "Mozilla/5.0 (Windows NT 6.1; WOW64; rv:33.0) Gecko/20100101 Firefox/33.0" "86.102.218.229"
192.168.0.1 - - [04/Dec/2024:22:58:52 +0000] "GET /api/v1/data HTTP/1.1" 500 4834 "https://gutierrez-callahan.info" "Mozilla/5.0 (Windows NT 10.0; Win64; x64) AppleWebKit/537.36 (KHTML, like Gecko) Chrome/89.0.4389.82 Safari/537.36" "10.103.204.176"
192.168.0.2 - - [12/Nov/2024:22:58:52 +0000] "GET /api/v1/data HTTP/1.1" 401 1941 "https://hunter.com" "Mozilla/5.0 (Windows NT 10.0; Win64; x64) AppleWebKit/537.36 (KHTML, like Gecko) Chrome/89.0.4389.82 Safari/537.36" "32.253.91.183"
192.168.0.2 - - [18/Nov/2024:22:58:52 +0000] "GET /api/v1/data HTTP/1.1" 400 1586 "https://green-robinson.com" "Mozilla/5.0 (Windows NT 10.0; Win64; x64) AppleWebKit/537.36 (KHTML, like Gecko) Chrome/90.0.4430.85 Safari/537.36" "69.221.92.28"
192.168.0.3 - - [15/Nov/2024:22:58:52 +0000] "GET /api/v1/resource HTTP/1.1" 200 908 "https://lee-hart.com" "Mozilla/5.0 (Windows NT 6.1; WOW64; rv:33.0) Gecko/20100101 Firefox/33.0" "114.82.32.138"
192.168.0.2 - - [19/Nov/2024:22:58:52 +0000] "GET /api/v1/status HTTP/1.1" 500 490 "https://taylor.com" "Mozilla/5.0 (Windows NT 6.1; WOW64; rv:33.0) Gecko/20100101 Firefox/33.0" "170.132.57.2"
192.168.0.2 - - [29/Nov/2024:22:58:52 +0000] "GET /api/v1/user HTTP/1.1" 400 2372 "https://morris.com" "Mozilla/5.0 (Windows NT 6.1; WOW64; rv:33.0) Gecko/20100101 Firefox/33.0" "39.55.23.133"
192.168.0.3 - - [09/Nov/2024:22:58:52 +0000] "GET /api/v1/data HTTP/1.1" 200 1429 "https://bartlett.com" "Mozilla/5.0 (Windows NT 10.0; Win64; x64) AppleWebKit/537.36 (KHTML, like Gecko) Chrome/90.0.4430.85 Safari/537.36" "183.232.104.117"
192.168.0.3 - - [05/Dec/2024:22:58:52 +0000] "GET /api/v1/user HTTP/1.1" 404 3591 "https://james.info" "Mozilla/5.0 (Windows NT 6.1; WOW64; rv:33.0) Gecko/20100101 Firefox/33.0" "37.56.224.122"
192.168.0.2 - - [16/Nov/2024:22:58:52 +0000] "GET /api/v1/data HTTP/1.1" 301 1725 "https://brock.info" "Mozilla/5.0 (Windows NT 6.1; WOW64; rv:33.0) Gecko/20100101 Firefox/33.0" "70.222.41.140"
192.168.0.1 - - [02/Dec/2024:22:58:52 +0000] "GET /api/v1/data HTTP/1.1" 401 1119 "https://price-myers.com" "Mozilla/5.0 (Windows NT 10.0; Win64; x64) AppleWebKit/537.36 (KHTML, like Gecko) Chrome/90.0.4430.85 Safari/537.36" "153.93.7.65"
192.168.0.2 - - [10/Nov/2024:22:58:52 +0000] "GET /api/v1/status HTTP/1.1" 500 3578 "https://deleon-graves.com" "Mozilla/5.0 (Windows NT 10.0; Win64; x64) AppleWebKit/537.36 (KHTML, like Gecko) Chrome/89.0.4389.82 Safari/537.36" "134.167.126.96"
192.168.0.3 - - [03/Dec/2024:22:58:52 +0000] "GET /api/v1/login HTTP/1.1" 500 4059 "https://smith-smith.net" "Mozilla/5.0 (Windows NT 10.0; Win64; x64) AppleWebKit/537.36 (KHTML, like Gecko) Chrome/89.0.4389.82 Safari/537.36" "85.60.159.150"
192.168.0.2 - - [01/Dec/2024:22:58:52 +0000] "GET /api/v1/resource HTTP/1.1" 301 3999 "https://johnston.com" "Mozilla/5.0 (Windows NT 6.1; WOW64; rv:33.0) Gecko/20100101 Firefox/33.0" "189.58.183.141"
192.168.0.1 - - [29/Nov/2024:22:58:52 +0000] "GET /api/v1/status HTTP/1.1" 404 640 "https://johnson-bowers.com" "Mozilla/5.0 (Windows NT 10.0; Win64; x64) AppleWebKit/537.36 (KHTML, like Gecko) Chrome/89.0.4389.82 Safari/537.36" "3.86.1.49"
192.168.0.1 - - [18/Nov/2024:22:58:52 +0000] "GET /api/v1/data HTTP/1.1" 500 191 "https://romero.org" "Mozilla/5.0 (Windows NT 10.0; Win64; x64) AppleWebKit/537.36 (KHTML, like Gecko) Chrome/89.0.4389.82 Safari/537.36" "184.172.249.222"
192.168.0.2 - - [17/Nov/2024:22:58:52 +0000] "GET /api/v1/data HTTP/1.1" 301 3777 "https://pena-hughes.info" "Mozilla/5.0 (Windows NT 10.0; Win64; x64) AppleWebKit/537.36 (KHTML, like Gecko) Chrome/90.0.4430.85 Safari/537.36" "143.152.21.113"
192.168.0.1 - - [11/Nov/2024:22:58:52 +0000] "GET /api/v1/status HTTP/1.1" 401 1316 "https://lewis.com" "Mozilla/5.0 (Windows NT 10.0; Win64; x64) AppleWebKit/537.36 (KHTML, like Gecko) Chrome/90.0.4430.85 Safari/537.36" "189.93.203.86"
192.168.0.1 - - [10/Nov/2024:22:58:52 +0000] "GET /api/v1/user HTTP/1.1" 404 1384 "https://taylor.info" "Mozilla/5.0 (Windows NT 6.1; WOW64; rv:33.0) Gecko/20100101 Firefox/33.0" "143.121.85.130"
192.168.0.2 - - [04/Dec/2024:22:58:52 +0000] "GET /api/v1/data HTTP/1.1" 404 4009 "https://simmons-stark.com" "Mozilla/5.0 (Windows NT 10.0; Win64; x64) AppleWebKit/537.36 (KHTML, like Gecko) Chrome/90.0.4430.85 Safari/537.36" "153.153.253.40"
192.168.0.3 - - [03/Dec/2024:22:58:52 +0000] "GET /api/v1/resource HTTP/1.1" 301 4706 "https://mahoney-rowe.com" "Mozilla/5.0 (Windows NT 6.1; WOW64; rv:33.0) Gecko/20100101 Firefox/33.0" "81.66.147.52"
192.168.0.2 - - [18/Nov/2024:22:58:52 +0000] "GET /api/v1/user HTTP/1.1" 404 3725 "https://hicks.com" "Mozilla/5.0 (Windows NT 10.0; Win64; x64) AppleWebKit/537.36 (KHTML, like Gecko) Chrome/89.0.4389.82 Safari/537.36" "70.255.106.140"
192.168.0.2 - - [09/Nov/2024:22:58:52 +0000] "GET /api/v1/resource HTTP/1.1" 401 2028 "https://lopez-luna.com" "Mozilla/5.0 (Windows NT 10.0; Win64; x64) AppleWebKit/537.36 (KHTML, like Gecko) Chrome/90.0.4430.85 Safari/537.36" "58.48.189.117"
192.168.0.2 - - [29/Nov/2024:22:58:52 +0000] "GET /api/v1/status HTTP/1.1" 301 1931 "https://johnson.biz" "Mozilla/5.0 (Windows NT 6.1; WOW64; rv:33.0) Gecko/20100101 Firefox/33.0" "134.59.119.187"
192.168.0.3 - - [21/Nov/2024:22:58:52 +0000] "GET /api/v1/status HTTP/1.1" 301 2641 "https://rivera.com" "Mozilla/5.0 (Windows NT 10.0; Win64; x64) AppleWebKit/537.36 (KHTML, like Gecko) Chrome/90.0.4430.85 Safari/537.36" "30.10.121.18"
192.168.0.1 - - [26/Nov/2024:22:58:52 +0000] "GET /api/v1/data HTTP/1.1" 301 2547 "https://fisher.org" "Mozilla/5.0 (Windows NT 10.0; Win64; x64) AppleWebKit/537.36 (KHTML, like Gecko) Chrome/90.0.4430.85 Safari/537.36" "47.132.186.243"
192.168.0.1 - - [25/Nov/2024:22:58:52 +0000] "GET /api/v1/login HTTP/1.1" 401 296 "https://rodriguez.info" "Mozilla/5.0 (Windows NT 6.1; WOW64; rv:33.0) Gecko/20100101 Firefox/33.0" "38.34.112.130"
192.168.0.1 - - [11/Nov/2024:22:58:52 +0000] "GET /api/v1/status HTTP/1.1" 404 4982 "https://meyers.org" "Mozilla/5.0 (Windows NT 10.0; Win64; x64) AppleWebKit/537.36 (KHTML, like Gecko) Chrome/90.0.4430.85 Safari/537.36" "83.160.222.37"
192.168.0.3 - - [09/Nov/2024:22:58:52 +0000] "GET /api/v1/status HTTP/1.1" 500 2492 "https://sherman.com" "Mozilla/5.0 (Windows NT 10.0; Win64; x64) AppleWebKit/537.36 (KHTML, like Gecko) Chrome/89.0.4389.82 Safari/537.36" "191.60.96.34"
192.168.0.3 - - [15/Nov/2024:22:58:52 +0000] "GET /api/v1/status HTTP/1.1" 301 250 "https://ramsey.com" "Mozilla/5.0 (Windows NT 10.0; Win64; x64) AppleWebKit/537.36 (KHTML, like Gecko) Chrome/89.0.4389.82 Safari/537.36" "221.149.15.172"
192.168.0.2 - - [08/Dec/2024:22:58:52 +0000] "GET /api/v1/login HTTP/1.1" 400 879 "https://callahan.com" "Mozilla/5.0 (Windows NT 10.0; Win64; x64) AppleWebKit/537.36 (KHTML, like Gecko) Chrome/89.0.4389.82 Safari/537.36" "14.146.8.119"
192.168.0.2 - - [28/Nov/2024:22:58:52 +0000] "GET /api/v1/user HTTP/1.1" 500 1427 "https://hogan.com" "Mozilla/5.0 (Windows NT 6.1; WOW64; rv:33.0) Gecko/20100101 Firefox/33.0" "189.214.237.167"
192.168.0.2 - - [08/Nov/2024:22:58:52 +0000] "GET /api/v1/data HTTP/1.1" 404 1383 "https://murphy.com" "Mozilla/5.0 (Windows NT 10.0; Win64; x64) AppleWebKit/537.36 (KHTML, like Gecko) Chrome/90.0.4430.85 Safari/537.36" "144.233.234.120"
192.168.0.1 - - [22/Nov/2024:22:58:52 +0000] "GET /api/v1/data HTTP/1.1" 400 2518 "https://mclaughlin-miller.biz" "Mozilla/5.0 (Windows NT 10.0; Win64; x64) AppleWebKit/537.36 (KHTML, like Gecko) Chrome/89.0.4389.82 Safari/537.36" "129.82.3.239"
192.168.0.1 - - [16/Nov/2024:22:58:52 +0000] "GET /api/v1/user HTTP/1.1" 500 1032 "https://vasquez.com" "Mozilla/5.0 (Windows NT 10.0; Win64; x64) AppleWebKit/537.36 (KHTML, like Gecko) Chrome/90.0.4430.85 Safari/537.36" "3.182.36.8"
192.168.0.3 - - [17/Nov/2024:22:58:52 +0000] "GET /api/v1/resource HTTP/1.1" 301 881 "https://mcbride-hutchinson.com" "Mozilla/5.0 (Windows NT 6.1; WOW64; rv:33.0) Gecko/20100101 Firefox/33.0" "149.199.73.255"
192.168.0.1 - - [28/Nov/2024:22:58:52 +0000] "GET /api/v1/login HTTP/1.1" 401 4554 "https://higgins-pittman.com" "Mozilla/5.0 (Windows NT 10.0; Win64; x64) AppleWebKit/537.36 (KHTML, like Gecko) Chrome/90.0.4430.85 Safari/537.36" "216.199.38.109"
192.168.0.3 - - [09/Nov/2024:22:58:52 +0000] "GET /api/v1/status HTTP/1.1" 200 3990 "https://meyer.biz" "Mozilla/5.0 (Windows NT 10.0; Win64; x64) AppleWebKit/537.36 (KHTML, like Gecko) Chrome/89.0.4389.82 Safari/537.36" "170.50.244.77"
192.168.0.2 - - [06/Dec/2024:22:58:52 +0000] "GET /api/v1/login HTTP/1.1" 400 1130 "https://cardenas.com" "Mozilla/5.0 (Windows NT 10.0; Win64; x64) AppleWebKit/537.36 (KHTML, like Gecko) Chrome/89.0.4389.82 Safari/537.36" "87.158.93.29"
192.168.0.2 - - [29/Nov/2024:22:58:52 +0000] "GET /api/v1/data HTTP/1.1" 301 2460 "https://fisher.com" "Mozilla/5.0 (Windows NT 6.1; WOW64; rv:33.0) Gecko/20100101 Firefox/33.0" "9.161.243.125"
192.168.0.2 - - [02/Dec/2024:22:58:52 +0000] "GET /api/v1/login HTTP/1.1" 404 2690 "https://callahan.com" "Mozilla/5.0 (Windows NT 6.1; WOW64; rv:33.0) Gecko/20100101 Firefox/33.0" "196.149.184.53"
192.168.0.3 - - [04/Dec/2024:22:58:52 +0000] "GET /api/v1/data HTTP/1.1" 404 2615 "https://hernandez.com" "Mozilla/5.0 (Windows NT 10.0; Win64; x64) AppleWebKit/537.36 (KHTML, like Gecko) Chrome/89.0.4389.82 Safari/537.36" "215.38.25.112"
192.168.0.2 - - [05/Dec/2024:22:58:52 +0000] "GET /api/v1/resource HTTP/1.1" 401 544 "https://pace.org" "Mozilla/5.0 (Windows NT 6.1; WOW64; rv:33.0) Gecko/20100101 Firefox/33.0" "56.27.246.131"
192.168.0.2 - - [23/Nov/2024:22:58:52 +0000] "GET /api/v1/data HTTP/1.1" 404 2876 "https://patrick-thompson.com" "Mozilla/5.0 (Windows NT 10.0; Win64; x64) AppleWebKit/537.36 (KHTML, like Gecko) Chrome/89.0.4389.82 Safari/537.36" "175.208.77.16"
192.168.0.2 - - [08/Nov/2024:22:58:52 +0000] "GET /api/v1/resource HTTP/1.1" 401 3806 "https://smith-foster.info" "Mozilla/5.0 (Windows NT 10.0; Win64; x64) AppleWebKit/537.36 (KHTML, like Gecko) Chrome/89.0.4389.82 Safari/537.36" "212.191.82.132"
192.168.0.3 - - [26/Nov/2024:22:58:52 +0000] "GET /api/v1/user HTTP/1.1" 400 687 "https://hernandez-quinn.net" "Mozilla/5.0 (Windows NT 10.0; Win64; x64) AppleWebKit/537.36 (KHTML, like Gecko) Chrome/89.0.4389.82 Safari/537.36" "222.227.23.73"
192.168.0.3 - - [24/Nov/2024:22:58:52 +0000] "GET /api/v1/data HTTP/1.1" 404 4360 "https://willis-ramos.com" "Mozilla/5.0 (Windows NT 6.1; WOW64; rv:33.0) Gecko/20100101 Firefox/33.0" "93.0.109.147"
192.168.0.1 - - [25/Nov/2024:22:58:52 +0000] "GET /api/v1/status HTTP/1.1" 301 1528 "https://miller-miller.com" "Mozilla/5.0 (Windows NT 6.1; WOW64; rv:33.0) Gecko/20100101 Firefox/33.0" "86.74.3.195"
192.168.0.1 - - [08/Dec/2024:22:58:52 +0000] "GET /api/v1/status HTTP/1.1" 200 1719 "https://lambert.info" "Mozilla/5.0 (Windows NT 10.0; Win64; x64) AppleWebKit/537.36 (KHTML, like Gecko) Chrome/89.0.4389.82 Safari/537.36" "78.94.131.195"
192.168.0.1 - - [26/Nov/2024:22:58:52 +0000] "GET /api/v1/data HTTP/1.1" 404 690 "https://harrington-taylor.org" "Mozilla/5.0 (Windows NT 10.0; Win64; x64) AppleWebKit/537.36 (KHTML, like Gecko) Chrome/89.0.4389.82 Safari/537.36" "15.16.133.60"
192.168.0.2 - - [20/Nov/2024:22:58:52 +0000] "GET /api/v1/login HTTP/1.1" 301 1494 "https://phelps.com" "Mozilla/5.0 (Windows NT 6.1; WOW64; rv:33.0) Gecko/20100101 Firefox/33.0" "45.222.118.155"
192.168.0.1 - - [20/Nov/2024:22:58:52 +0000] "GET /api/v1/user HTTP/1.1" 400 1237 "https://bridges.info" "Mozilla/5.0 (Windows NT 6.1; WOW64; rv:33.0) Gecko/20100101 Firefox/33.0" "44.27.245.65"
192.168.0.3 - - [03/Dec/2024:22:58:52 +0000] "GET /api/v1/status HTTP/1.1" 404 4792 "https://williams.info" "Mozilla/5.0 (Windows NT 6.1; WOW64; rv:33.0) Gecko/20100101 Firefox/33.0" "206.94.179.3"
192.168.0.1 - - [11/Nov/2024:22:58:52 +0000] "GET /api/v1/data HTTP/1.1" 401 1944 "https://anderson.org" "Mozilla/5.0 (Windows NT 6.1; WOW64; rv:33.0) Gecko/20100101 Firefox/33.0" "69.10.200.125"
192.168.0.3 - - [02/Dec/2024:22:58:52 +0000] "GET /api/v1/user HTTP/1.1" 200 2841 "https://bass.com" "Mozilla/5.0 (Windows NT 10.0; Win64; x64) AppleWebKit/537.36 (KHTML, like Gecko) Chrome/90.0.4430.85 Safari/537.36" "97.143.165.177"
192.168.0.2 - - [04/Dec/2024:22:58:52 +0000] "GET /api/v1/data HTTP/1.1" 301 867 "https://turner.com" "Mozilla/5.0 (Windows NT 10.0; Win64; x64) AppleWebKit/537.36 (KHTML, like Gecko) Chrome/90.0.4430.85 Safari/537.36" "63.195.43.253"
192.168.0.1 - - [06/Dec/2024:22:58:52 +0000] "GET /api/v1/resource HTTP/1.1" 404 4030 "https://lynn-murillo.net" "Mozilla/5.0 (Windows NT 10.0; Win64; x64) AppleWebKit/537.36 (KHTML, like Gecko) Chrome/90.0.4430.85 Safari/537.36" "87.208.103.101"
192.168.0.3 - - [01/Dec/2024:22:58:52 +0000] "GET /api/v1/user HTTP/1.1" 200 3800 "https://carr.com" "Mozilla/5.0 (Windows NT 10.0; Win64; x64) AppleWebKit/537.36 (KHTML, like Gecko) Chrome/89.0.4389.82 Safari/537.36" "21.112.179.127"
192.168.0.3 - - [30/Nov/2024:22:58:52 +0000] "GET /api/v1/resource HTTP/1.1" 401 2044 "https://green-rodriguez.com" "Mozilla/5.0 (Windows NT 10.0; Win64; x64) AppleWebKit/537.36 (KHTML, like Gecko) Chrome/89.0.4389.82 Safari/537.36" "163.229.21.63"
192.168.0.1 - - [06/Dec/2024:22:58:52 +0000] "GET /api/v1/login HTTP/1.1" 401 3181 "https://ferguson-chambers.com" "Mozilla/5.0 (Windows NT 6.1; WOW64; rv:33.0) Gecko/20100101 Firefox/33.0" "160.134.22.77"
192.168.0.3 - - [04/Dec/2024:22:58:52 +0000] "GET /api/v1/data HTTP/1.1" 500 402 "https://oconnor.biz" "Mozilla/5.0 (Windows NT 10.0; Win64; x64) AppleWebKit/537.36 (KHTML, like Gecko) Chrome/90.0.4430.85 Safari/537.36" "170.11.149.159"
192.168.0.2 - - [14/Nov/2024:22:58:52 +0000] "GET /api/v1/status HTTP/1.1" 404 2289 "https://garza.biz" "Mozilla/5.0 (Windows NT 10.0; Win64; x64) AppleWebKit/537.36 (KHTML, like Gecko) Chrome/90.0.4430.85 Safari/537.36" "156.54.112.93"
192.168.0.2 - - [10/Nov/2024:22:58:52 +0000] "GET /api/v1/resource HTTP/1.1" 500 1969 "https://warner-beck.com" "Mozilla/5.0 (Windows NT 10.0; Win64; x64) AppleWebKit/537.36 (KHTML, like Gecko) Chrome/90.0.4430.85 Safari/537.36" "6.77.206.28"
192.168.0.1 - - [08/Dec/2024:22:58:52 +0000] "GET /api/v1/login HTTP/1.1" 200 2675 "https://smith.com" "Mozilla/5.0 (Windows NT 10.0; Win64; x64) AppleWebKit/537.36 (KHTML, like Gecko) Chrome/90.0.4430.85 Safari/537.36" "71.10.16.17"
192.168.0.3 - - [25/Nov/2024:22:58:52 +0000] "GET /api/v1/user HTTP/1.1" 500 3380 "https://baird-rios.com" "Mozilla/5.0 (Windows NT 10.0; Win64; x64) AppleWebKit/537.36 (KHTML, like Gecko) Chrome/90.0.4430.85 Safari/537.36" "131.153.11.139"
192.168.0.2 - - [29/Nov/2024:22:58:52 +0000] "GET /api/v1/resource HTTP/1.1" 400 4757 "https://floyd.com" "Mozilla/5.0 (Windows NT 10.0; Win64; x64) AppleWebKit/537.36 (KHTML, like Gecko) Chrome/90.0.4430.85 Safari/537.36" "133.165.202.153"
192.168.0.3 - - [21/Nov/2024:22:58:52 +0000] "GET /api/v1/status HTTP/1.1" 200 962 "https://howard-simmons.info" "Mozilla/5.0 (Windows NT 10.0; Win64; x64) AppleWebKit/537.36 (KHTML, like Gecko) Chrome/90.0.4430.85 Safari/537.36" "112.166.241.130"
192.168.0.1 - - [02/Dec/2024:22:58:52 +0000] "GET /api/v1/resource HTTP/1.1" 500 4001 "https://roy-white.info" "Mozilla/5.0 (Windows NT 6.1; WOW64; rv:33.0) Gecko/20100101 Firefox/33.0" "183.92.244.242"
192.168.0.3 - - [13/Nov/2024:22:58:52 +0000] "GET /api/v1/login HTTP/1.1" 301 4039 "https://rivera.com" "Mozilla/5.0 (Windows NT 10.0; Win64; x64) AppleWebKit/537.36 (KHTML, like Gecko) Chrome/89.0.4389.82 Safari/537.36" "102.193.217.10"
192.168.0.2 - - [12/Nov/2024:22:58:52 +0000] "GET /api/v1/user HTTP/1.1" 404 3593 "https://galloway-acevedo.org" "Mozilla/5.0 (Windows NT 6.1; WOW64; rv:33.0) Gecko/20100101 Firefox/33.0" "60.136.145.47"
192.168.0.2 - - [11/Nov/2024:22:58:52 +0000] "GET /api/v1/status HTTP/1.1" 401 1049 "https://west.com" "Mozilla/5.0 (Windows NT 10.0; Win64; x64) AppleWebKit/537.36 (KHTML, like Gecko) Chrome/89.0.4389.82 Safari/537.36" "176.214.201.202"
192.168.0.2 - - [15/Nov/2024:22:58:52 +0000] "GET /api/v1/resource HTTP/1.1" 200 1302 "https://harris.com" "Mozilla/5.0 (Windows NT 6.1; WOW64; rv:33.0) Gecko/20100101 Firefox/33.0" "210.211.3.82"
192.168.0.2 - - [08/Dec/2024:22:58:52 +0000] "GET /api/v1/resource HTTP/1.1" 401 4265 "https://nelson.org" "Mozilla/5.0 (Windows NT 10.0; Win64; x64) AppleWebKit/537.36 (KHTML, like Gecko) Chrome/89.0.4389.82 Safari/537.36" "37.103.211.242"
192.168.0.2 - - [13/Nov/2024:22:58:52 +0000] "GET /api/v1/login HTTP/1.1" 401 3181 "https://sanchez.com" "Mozilla/5.0 (Windows NT 6.1; WOW64; rv:33.0) Gecko/20100101 Firefox/33.0" "108.109.143.106"
192.168.0.1 - - [08/Nov/2024:22:58:52 +0000] "GET /api/v1/resource HTTP/1.1" 200 3675 "https://weber-randall.com" "Mozilla/5.0 (Windows NT 10.0; Win64; x64) AppleWebKit/537.36 (KHTML, like Gecko) Chrome/89.0.4389.82 Safari/537.36" "69.185.230.87"
192.168.0.3 - - [16/Nov/2024:22:58:52 +0000] "GET /api/v1/login HTTP/1.1" 200 3956 "https://arnold-davidson.org" "Mozilla/5.0 (Windows NT 10.0; Win64; x64) AppleWebKit/537.36 (KHTML, like Gecko) Chrome/90.0.4430.85 Safari/537.36" "215.140.129.240"
192.168.0.2 - - [11/Nov/2024:22:58:52 +0000] "GET /api/v1/data HTTP/1.1" 404 3752 "https://smith.com" "Mozilla/5.0 (Windows NT 10.0; Win64; x64) AppleWebKit/537.36 (KHTML, like Gecko) Chrome/90.0.4430.85 Safari/537.36" "62.201.138.218"
192.168.0.3 - - [23/Nov/2024:22:58:52 +0000] "GET /api/v1/login HTTP/1.1" 400 3449 "https://curry-santiago.info" "Mozilla/5.0 (Windows NT 10.0; Win64; x64) AppleWebKit/537.36 (KHTML, like Gecko) Chrome/90.0.4430.85 Safari/537.36" "47.205.238.219"
192.168.0.2 - - [14/Nov/2024:22:58:52 +0000] "GET /api/v1/resource HTTP/1.1" 500 4128 "https://barton.com" "Mozilla/5.0 (Windows NT 6.1; WOW64; rv:33.0) Gecko/20100101 Firefox/33.0" "76.230.129.10"
192.168.0.1 - - [24/Nov/2024:22:58:52 +0000] "GET /api/v1/status HTTP/1.1" 404 3806 "https://berg.net" "Mozilla/5.0 (Windows NT 10.0; Win64; x64) AppleWebKit/537.36 (KHTML, like Gecko) Chrome/90.0.4430.85 Safari/537.36" "157.108.16.214"
192.168.0.1 - - [24/Nov/2024:22:58:52 +0000] "GET /api/v1/login HTTP/1.1" 401 362 "https://trujillo-hill.com" "Mozilla/5.0 (Windows NT 10.0; Win64; x64) AppleWebKit/537.36 (KHTML, like Gecko) Chrome/89.0.4389.82 Safari/537.36" "146.184.42.108"
192.168.0.2 - - [22/Nov/2024:22:58:52 +0000] "GET /api/v1/user HTTP/1.1" 301 2902 "https://ross.com" "Mozilla/5.0 (Windows NT 10.0; Win64; x64) AppleWebKit/537.36 (KHTML, like Gecko) Chrome/90.0.4430.85 Safari/537.36" "118.2.93.36"
192.168.0.1 - - [24/Nov/2024:22:58:52 +0000] "GET /api/v1/user HTTP/1.1" 400 513 "https://pierce.com" "Mozilla/5.0 (Windows NT 6.1; WOW64; rv:33.0) Gecko/20100101 Firefox/33.0" "157.145.239.202"
192.168.0.2 - - [26/Nov/2024:22:58:52 +0000] "GET /api/v1/resource HTTP/1.1" 301 3185 "https://clark.com" "Mozilla/5.0 (Windows NT 10.0; Win64; x64) AppleWebKit/537.36 (KHTML, like Gecko) Chrome/89.0.4389.82 Safari/537.36" "56.253.164.75"
192.168.0.2 - - [19/Nov/2024:22:58:52 +0000] "GET /api/v1/login HTTP/1.1" 401 561 "https://morrison.net" "Mozilla/5.0 (Windows NT 10.0; Win64; x64) AppleWebKit/537.36 (KHTML, like Gecko) Chrome/89.0.4389.82 Safari/537.36" "220.223.131.123"
192.168.0.3 - - [07/Dec/2024:22:58:52 +0000] "GET /api/v1/login HTTP/1.1" 400 618 "https://fox-smith.com" "Mozilla/5.0 (Windows NT 6.1; WOW64; rv:33.0) Gecko/20100101 Firefox/33.0" "209.28.52.176"
192.168.0.1 - - [08/Dec/2024:22:58:52 +0000] "GET /api/v1/data HTTP/1.1" 500 4051 "https://good-taylor.com" "Mozilla/5.0 (Windows NT 6.1; WOW64; rv:33.0) Gecko/20100101 Firefox/33.0" "46.67.203.184"
192.168.0.3 - - [07/Dec/2024:22:58:52 +0000] "GET /api/v1/status HTTP/1.1" 200 1101 "https://christian-mccullough.com" "Mozilla/5.0 (Windows NT 10.0; Win64; x64) AppleWebKit/537.36 (KHTML, like Gecko) Chrome/89.0.4389.82 Safari/537.36" "50.42.60.162"
192.168.0.1 - - [28/Nov/2024:22:58:52 +0000] "GET /api/v1/user HTTP/1.1" 404 272 "https://hickman.com" "Mozilla/5.0 (Windows NT 10.0; Win64; x64) AppleWebKit/537.36 (KHTML, like Gecko) Chrome/89.0.4389.82 Safari/537.36" "14.218.18.241"
192.168.0.1 - - [28/Nov/2024:22:58:52 +0000] "GET /api/v1/status HTTP/1.1" 404 2811 "https://singh.com" "Mozilla/5.0 (Windows NT 10.0; Win64; x64) AppleWebKit/537.36 (KHTML, like Gecko) Chrome/90.0.4430.85 Safari/537.36" "53.94.137.110"
192.168.0.2 - - [28/Nov/2024:22:58:52 +0000] "GET /api/v1/user HTTP/1.1" 400 4983 "https://robertson.com" "Mozilla/5.0 (Windows NT 10.0; Win64; x64) AppleWebKit/537.36 (KHTML, like Gecko) Chrome/90.0.4430.85 Safari/537.36" "202.170.142.72"
192.168.0.3 - - [23/Nov/2024:22:58:52 +0000] "GET /api/v1/data HTTP/1.1" 500 3502 "https://eaton.info" "Mozilla/5.0 (Windows NT 6.1; WOW64; rv:33.0) Gecko/20100101 Firefox/33.0" "42.95.222.122"
192.168.0.1 - - [28/Nov/2024:22:58:52 +0000] "GET /api/v1/status HTTP/1.1" 404 914 "https://jones-sanchez.com" "Mozilla/5.0 (Windows NT 10.0; Win64; x64) AppleWebKit/537.36 (KHTML, like Gecko) Chrome/90.0.4430.85 Safari/537.36" "202.29.129.31"
192.168.0.2 - - [04/Dec/2024:22:58:52 +0000] "GET /api/v1/resource HTTP/1.1" 401 4463 "https://morgan.com" "Mozilla/5.0 (Windows NT 10.0; Win64; x64) AppleWebKit/537.36 (KHTML, like Gecko) Chrome/90.0.4430.85 Safari/537.36" "68.114.0.13"
192.168.0.2 - - [17/Nov/2024:22:58:52 +0000] "GET /api/v1/login HTTP/1.1" 400 1177 "https://anderson.com" "Mozilla/5.0 (Windows NT 10.0; Win64; x64) AppleWebKit/537.36 (KHTML, like Gecko) Chrome/90.0.4430.85 Safari/537.36" "43.136.209.183"
192.168.0.3 - - [27/Nov/2024:22:58:52 +0000] "GET /api/v1/status HTTP/1.1" 401 3061 "https://rivas-hernandez.info" "Mozilla/5.0 (Windows NT 10.0; Win64; x64) AppleWebKit/537.36 (KHTML, like Gecko) Chrome/90.0.4430.85 Safari/537.36" "165.18.52.25"
192.168.0.1 - - [05/Dec/2024:22:58:52 +0000] "GET /api/v1/status HTTP/1.1" 301 2019 "https://henderson-pitts.info" "Mozilla/5.0 (Windows NT 10.0; Win64; x64) AppleWebKit/537.36 (KHTML, like Gecko) Chrome/90.0.4430.85 Safari/537.36" "160.38.43.43"
192.168.0.2 - - [25/Nov/2024:22:58:52 +0000] "GET /api/v1/status HTTP/1.1" 400 2062 "https://williams.org" "Mozilla/5.0 (Windows NT 10.0; Win64; x64) AppleWebKit/537.36 (KHTML, like Gecko) Chrome/89.0.4389.82 Safari/537.36" "44.155.237.109"
192.168.0.2 - - [30/Nov/2024:22:58:52 +0000] "GET /api/v1/user HTTP/1.1" 500 3850 "https://mueller.com" "Mozilla/5.0 (Windows NT 10.0; Win64; x64) AppleWebKit/537.36 (KHTML, like Gecko) Chrome/90.0.4430.85 Safari/537.36" "186.183.29.154"
192.168.0.3 - - [13/Nov/2024:22:58:52 +0000] "GET /api/v1/status HTTP/1.1" 200 3992 "https://taylor.com" "Mozilla/5.0 (Windows NT 6.1; WOW64; rv:33.0) Gecko/20100101 Firefox/33.0" "221.120.128.194"
192.168.0.1 - - [12/Nov/2024:22:58:52 +0000] "GET /api/v1/login HTTP/1.1" 301 3183 "https://bender.biz" "Mozilla/5.0 (Windows NT 6.1; WOW64; rv:33.0) Gecko/20100101 Firefox/33.0" "132.86.161.36"
