192.168.0.1 - - [07/Dec/2024:22:58:52 +0000] "GET /api/v1/status HTTP/1.1" 400 4541 "https://duncan-parsons.com" "Mozilla/5.0 (Windows NT 6.1; WOW64; rv:33.0) Gecko/20100101 Firefox/33.0" "148.55.47.145"
192.168.0.3 - - [06/Dec/2024:22:58:52 +0000] "GET /api/v1/status HTTP/1.1" 404 1423 "https://wilson.net" "Mozilla/5.0 (Windows NT 10.0; Win64; x64) AppleWebKit/537.36 (KHTML, like Gecko) Chrome/89.0.4389.82 Safari/537.36" "115.35.47.4"
192.168.0.1 - - [20/Nov/2024:22:58:52 +0000] "GET /api/v1/login HTTP/1.1" 401 1379 "https://johnson.com" "Mozilla/5.0 (Windows NT 6.1; WOW64; rv:33.0) Gecko/20100101 Firefox/33.0" "110.105.82.247"
192.168.0.2 - - [14/Nov/2024:22:58:52 +0000] "GET /api/v1/data HTTP/1.1" 400 3604 "https://cardenas.com" "Mozilla/5.0 (Windows NT 10.0; Win64; x64) AppleWebKit/537.36 (KHTML, like Gecko) Chrome/90.0.4430.85 Safari/537.36" "204.203.89.170"
192.168.0.3 - - [26/Nov/2024:22:58:52 +0000] "GET /api/v1/login HTTP/1.1" 400 1742 "https://carlson.info" "Mozilla/5.0 (Windows NT 10.0; Win64; x64) AppleWebKit/537.36 (KHTML, like Gecko) Chrome/89.0.4389.82 Safari/537.36" "111.91.65.87"
192.168.0.2 - - [30/Nov/2024:22:58:52 +0000] "GET /api/v1/user HTTP/1.1" 401 1975 "https://warren.biz" "Mozilla/5.0 (Windows NT 10.0; Win64; x64) AppleWebKit/537.36 (KHTML, like Gecko) Chrome/89.0.4389.82 Safari/537.36" "103.11.169.40"
192.168.0.2 - - [14/Nov/2024:22:58:52 +0000] "GET /api/v1/user HTTP/1.1" 200 1270 "https://garcia.biz" "Mozilla/5.0 (Windows NT 10.0; Win64; x64) AppleWebKit/537.36 (KHTML, like Gecko) Chrome/89.0.4389.82 Safari/537.36" "104.155.37.33"
192.168.0.1 - - [16/Nov/2024:22:58:52 +0000] "GET /api/v1/resource HTTP/1.1" 500 2566 "https://ruiz-pope.biz" "Mozilla/5.0 (Windows NT 10.0; Win64; x64) AppleWebKit/537.36 (KHTML, like Gecko) Chrome/90.0.4430.85 Safari/537.36" "51.145.102.67"
192.168.0.1 - - [08/Nov/2024:22:58:52 +0000] "GET /api/v1/status HTTP/1.1" 301 3630 "https://moore-cook.com" "Mozilla/5.0 (Windows NT 10.0; Win64; x64) AppleWebKit/537.36 (KHTML, like Gecko) Chrome/90.0.4430.85 Safari/537.36" "199.113.29.181"
192.168.0.1 - - [25/Nov/2024:22:58:52 +0000] "GET /api/v1/user HTTP/1.1" 500 4647 "https://collins-alvarado.com" "Mozilla/5.0 (Windows NT 6.1; WOW64; rv:33.0) Gecko/20100101 Firefox/33.0" "40.154.244.97"
192.168.0.3 - - [26/Nov/2024:22:58:52 +0000] "GET /api/v1/user HTTP/1.1" 301 1502 "https://clark.biz" "Mozilla/5.0 (Windows NT 6.1; WOW64; rv:33.0) Gecko/20100101 Firefox/33.0" "94.164.231.213"
192.168.0.2 - - [04/Dec/2024:22:58:52 +0000] "GET /api/v1/status HTTP/1.1" 301 2439 "https://ewing.com" "Mozilla/5.0 (Windows NT 10.0; Win64; x64) AppleWebKit/537.36 (KHTML, like Gecko) Chrome/89.0.4389.82 Safari/537.36" "103.112.249.209"
192.168.0.3 - - [28/Nov/2024:22:58:52 +0000] "GET /api/v1/data HTTP/1.1" 200 4817 "https://carlson.com" "Mozilla/5.0 (Windows NT 10.0; Win64; x64) AppleWebKit/537.36 (KHTML, like Gecko) Chrome/89.0.4389.82 Safari/537.36" "189.220.9.200"
192.168.0.3 - - [14/Nov/2024:22:58:52 +0000] "GET /api/v1/resource HTTP/1.1" 200 1065 "https://nielsen.com" "Mozilla/5.0 (Windows NT 10.0; Win64; x64) AppleWebKit/537.36 (KHTML, like Gecko) Chrome/89.0.4389.82 Safari/537.36" "28.247.50.146"
192.168.0.3 - - [14/Nov/2024:22:58:52 +0000] "GET /api/v1/status HTTP/1.1" 200 4527 "https://campos.com" "Mozilla/5.0 (Windows NT 10.0; Win64; x64) AppleWebKit/537.36 (KHTML, like Gecko) Chrome/90.0.4430.85 Safari/537.36" "6.9.211.235"
192.168.0.3 - - [25/Nov/2024:22:58:52 +0000] "GET /api/v1/data HTTP/1.1" 500 1827 "https://lopez-ewing.com" "Mozilla/5.0 (Windows NT 10.0; Win64; x64) AppleWebKit/537.36 (KHTML, like Gecko) Chrome/90.0.4430.85 Safari/537.36" "150.104.187.100"
192.168.0.2 - - [09/Nov/2024:22:58:52 +0000] "GET /api/v1/user HTTP/1.1" 500 805 "https://hayes-gonzales.com" "Mozilla/5.0 (Windows NT 6.1; WOW64; rv:33.0) Gecko/20100101 Firefox/33.0" "188.87.101.97"
192.168.0.2 - - [29/Nov/2024:22:58:52 +0000] "GET /api/v1/data HTTP/1.1" 400 4739 "https://ramirez.info" "Mozilla/5.0 (Windows NT 10.0; Win64; x64) AppleWebKit/537.36 (KHTML, like Gecko) Chrome/90.0.4430.85 Safari/537.36" "105.32.221.184"
192.168.0.2 - - [03/Dec/2024:22:58:52 +0000] "GET /api/v1/user HTTP/1.1" 301 2300 "https://mahoney.net" "Mozilla/5.0 (Windows NT 6.1; WOW64; rv:33.0) Gecko/20100101 Firefox/33.0" "150.114.186.106"
192.168.0.1 - - [18/Nov/2024:22:58:52 +0000] "GET /api/v1/status HTTP/1.1" 400 774 "https://moreno.com" "Mozilla/5.0 (Windows NT 10.0; Win64; x64) AppleWebKit/537.36 (KHTML, like Gecko) Chrome/90.0.4430.85 Safari/537.36" "133.253.121.48"
192.168.0.1 - - [29/Nov/2024:22:58:52 +0000] "GET /api/v1/data HTTP/1.1" 404 2033 "https://martinez.com" "Mozilla/5.0 (Windows NT 6.1; WOW64; rv:33.0) Gecko/20100101 Firefox/33.0" "219.229.207.252"
192.168.0.1 - - [28/Nov/2024:22:58:52 +0000] "GET /api/v1/data HTTP/1.1" 404 3147 "https://russell.com" "Mozilla/5.0 (Windows NT 10.0; Win64; x64) AppleWebKit/537.36 (KHTML, like Gecko) Chrome/89.0.4389.82 Safari/537.36" "114.199.15.163"
192.168.0.3 - - [10/Nov/2024:22:58:52 +0000] "GET /api/v1/data HTTP/1.1" 200 1982 "https://leon.com" "Mozilla/5.0 (Windows NT 10.0; Win64; x64) AppleWebKit/537.36 (KHTML, like Gecko) Chrome/89.0.4389.82 Safari/537.36" "45.131.39.171"
192.168.0.2 - - [16/Nov/2024:22:58:52 +0000] "GET /api/v1/login HTTP/1.1" 401 3390 "https://anderson.com" "Mozilla/5.0 (Windows NT 10.0; Win64; x64) AppleWebKit/537.36 (KHTML, like Gecko) Chrome/90.0.4430.85 Safari/537.36" "196.110.60.215"
192.168.0.1 - - [22/Nov/2024:22:58:52 +0000] "GET /api/v1/resource HTTP/1.1" 301 1040 "https://best-rivera.com" "Mozilla/5.0 (Windows NT 10.0; Win64; x64) AppleWebKit/537.36 (KHTML, like Gecko) Chrome/89.0.4389.82 Safari/537.36" "14.120.79.94"
192.168.0.3 - - [17/Nov/2024:22:58:52 +0000] "GET /api/v1/login HTTP/1.1" 400 3503 "https://wu-nguyen.com" "Mozilla/5.0 (Windows NT 6.1; WOW64; rv:33.0) Gecko/20100101 Firefox/33.0" "102.53.192.10"
192.168.0.1 - - [26/Nov/2024:22:58:52 +0000] "GET /api/v1/status HTTP/1.1" 400 598 "https://young.info" "Mozilla/5.0 (Windows NT 10.0; Win64; x64) AppleWebKit/537.36 (KHTML, like Gecko) Chrome/89.0.4389.82 Safari/537.36" "185.23.177.250"
192.168.0.2 - - [12/Nov/2024:22:58:52 +0000] "GET /api/v1/resource HTTP/1.1" 400 1172 "https://james.biz" "Mozilla/5.0 (Windows NT 10.0; Win64; x64) AppleWebKit/537.36 (KHTML, like Gecko) Chrome/90.0.4430.85 Safari/537.36" "50.195.104.233"
192.168.0.3 - - [15/Nov/2024:22:58:52 +0000] "GET /api/v1/login HTTP/1.1" 401 128 "https://reeves-gould.biz" "Mozilla/5.0 (Windows NT 10.0; Win64; x64) AppleWebKit/537.36 (KHTML, like Gecko) Chrome/90.0.4430.85 Safari/537.36" "196.55.42.113"
192.168.0.1 - - [02/Dec/2024:22:58:52 +0000] "GET /api/v1/status HTTP/1.1" 301 2312 "https://burns-scott.com" "Mozilla/5.0 (Windows NT 10.0; Win64; x64) AppleWebKit/537.36 (KHTML, like Gecko) Chrome/89.0.4389.82 Safari/537.36" "208.48.247.69"
192.168.0.1 - - [24/Nov/2024:22:58:52 +0000] "GET /api/v1/user HTTP/1.1" 301 2081 "https://harris.org" "Mozilla/5.0 (Windows NT 10.0; Win64; x64) AppleWebKit/537.36 (KHTML, like Gecko) Chrome/90.0.4430.85 Safari/537.36" "205.191.11.200"
192.168.0.1 - - [10/Nov/2024:22:58:52 +0000] "GET /api/v1/login HTTP/1.1" 404 2931 "https://shaw.info" "Mozilla/5.0 (Windows NT 10.0; Win64; x64) AppleWebKit/537.36 (KHTML, like Gecko) Chrome/90.0.4430.85 Safari/537.36" "165.136.77.131"
192.168.0.1 - - [26/Nov/2024:22:58:52 +0000] "GET /api/v1/data HTTP/1.1" 200 4659 "https://clayton.info" "Mozilla/5.0 (Windows NT 6.1; WOW64; rv:33.0) Gecko/20100101 Firefox/33.0" "214.143.27.29"
192.168.0.2 - - [26/Nov/2024:22:58:52 +0000] "GET /api/v1/status HTTP/1.1" 404 2648 "https://young-charles.com" "Mozilla/5.0 (Windows NT 10.0; Win64; x64) AppleWebKit/537.36 (KHTML, like Gecko) Chrome/90.0.4430.85 Safari/537.36" "41.220.50.77"
192.168.0.3 - - [05/Dec/2024:22:58:52 +0000] "GET /api/v1/data HTTP/1.1" 200 1921 "https://ray.biz" "Mozilla/5.0 (Windows NT 10.0; Win64; x64) AppleWebKit/537.36 (KHTML, like Gecko) Chrome/89.0.4389.82 Safari/537.36" "185.244.212.15"
192.168.0.3 - - [10/Nov/2024:22:58:52 +0000] "GET /api/v1/login HTTP/1.1" 500 680 "https://walker.biz" "Mozilla/5.0 (Windows NT 6.1; WOW64; rv:33.0) Gecko/20100101 Firefox/33.0" "76.189.35.248"
192.168.0.1 - - [09/Nov/2024:22:58:52 +0000] "GET /api/v1/login HTTP/1.1" 404 2050 "https://atkins-burke.com" "Mozilla/5.0 (Windows NT 10.0; Win64; x64) AppleWebKit/537.36 (KHTML, like Gecko) Chrome/90.0.4430.85 Safari/537.36" "221.130.51.122"
192.168.0.3 - - [10/Nov/2024:22:58:52 +0000] "GET /api/v1/data HTTP/1.1" 400 2745 "https://tran-kim.com" "Mozilla/5.0 (Windows NT 10.0; Win64; x64) AppleWebKit/537.36 (KHTML, like Gecko) Chrome/90.0.4430.85 Safari/537.36" "100.0.63.220"
192.168.0.1 - - [27/Nov/2024:22:58:52 +0000] "GET /api/v1/user HTTP/1.1" 500 3056 "https://fields-dickson.com" "Mozilla/5.0 (Windows NT 6.1; WOW64; rv:33.0) Gecko/20100101 Firefox/33.0" "10.115.189.0"
192.168.0.3 - - [08/Nov/2024:22:58:52 +0000] "GET /api/v1/login HTTP/1.1" 404 197 "https://mullins.com" "Mozilla/5.0 (Windows NT 10.0; Win64; x64) AppleWebKit/537.36 (KHTML, like Gecko) Chrome/90.0.4430.85 Safari/537.36" "143.13.241.24"
192.168.0.3 - - [03/Dec/2024:22:58:52 +0000] "GET /api/v1/resource HTTP/1.1" 401 2446 "https://brewer-turner.info" "Mozilla/5.0 (Windows NT 10.0; Win64; x64) AppleWebKit/537.36 (KHTML, like Gecko) Chrome/89.0.4389.82 Safari/537.36" "15.108.48.167"
192.168.0.1 - - [27/Nov/2024:22:58:52 +0000] "GET /api/v1/status HTTP/1.1" 200 273 "https://bolton-park.com" "Mozilla/5.0 (Windows NT 10.0; Win64; x64) AppleWebKit/537.36 (KHTML, like Gecko) Chrome/90.0.4430.85 Safari/537.36" "108.253.54.7"
192.168.0.3 - - [07/Dec/2024:22:58:52 +0000] "GET /api/v1/resource HTTP/1.1" 200 306 "https://mckenzie-hughes.com" "Mozilla/5.0 (Windows NT 6.1; WOW64; rv:33.0) Gecko/20100101 Firefox/33.0" "103.19.161.90"
192.168.0.3 - - [10/Nov/2024:22:58:52 +0000] "GET /api/v1/login HTTP/1.1" 500 3281 "https://hood.com" "Mozilla/5.0 (Windows NT 6.1; WOW64; rv:33.0) Gecko/20100101 Firefox/33.0" "63.37.115.85"
192.168.0.1 - - [30/Nov/2024:22:58:52 +0000] "GET /api/v1/resource HTTP/1.1" 400 4343 "https://thomas.org" "Mozilla/5.0 (Windows NT 10.0; Win64; x64) AppleWebKit/537.36 (KHTML, like Gecko) Chrome/90.0.4430.85 Safari/537.36" "65.100.223.152"
192.168.0.3 - - [21/Nov/2024:22:58:52 +0000] "GET /api/v1/user HTTP/1.1" 200 3244 "https://velazquez.info" "Mozilla/5.0 (Windows NT 6.1; WOW64; rv:33.0) Gecko/20100101 Firefox/33.0" "182.224.130.247"
192.168.0.3 - - [01/Dec/2024:22:58:52 +0000] "GET /api/v1/data HTTP/1.1" 200 1299 "https://smith.com" "Mozilla/5.0 (Windows NT 10.0; Win64; x64) AppleWebKit/537.36 (KHTML, like Gecko) Chrome/90.0.4430.85 Safari/537.36" "84.108.77.53"
192.168.0.1 - - [18/Nov/2024:22:58:52 +0000] "GET /api/v1/status HTTP/1.1" 301 4560 "https://conner.info" "Mozilla/5.0 (Windows NT 6.1; WOW64; rv:33.0) Gecko/20100101 Firefox/33.0" "52.223.75.203"
192.168.0.1 - - [11/Nov/2024:22:58:52 +0000] "GET /api/v1/user HTTP/1.1" 200 3377 "https://perez-ramos.com" "Mozilla/5.0 (Windows NT 10.0; Win64; x64) AppleWebKit/537.36 (KHTML, like Gecko) Chrome/89.0.4389.82 Safari/537.36" "188.79.145.115"
192.168.0.2 - - [02/Dec/2024:22:58:52 +0000] "GET /api/v1/data HTTP/1.1" 400 1205 "https://scott.com" "Mozilla/5.0 (Windows NT 6.1; WOW64; rv:33.0) Gecko/20100101 Firefox/33.0" "3.140.240.65"
192.168.0.2 - - [10/Nov/2024:22:58:52 +0000] "GET /api/v1/resource HTTP/1.1" 400 2150 "https://graham-sanders.info" "Mozilla/5.0 (Windows NT 6.1; WOW64; rv:33.0) Gecko/20100101 Firefox/33.0" "52.60.148.77"
192.168.0.1 - - [08/Nov/2024:22:58:52 +0000] "GET /api/v1/status HTTP/1.1" 400 1509 "https://fernandez-ellis.org" "Mozilla/5.0 (Windows NT 10.0; Win64; x64) AppleWebKit/537.36 (KHTML, like Gecko) Chrome/89.0.4389.82 Safari/537.36" "164.110.139.61"
192.168.0.2 - - [14/Nov/2024:22:58:52 +0000] "GET /api/v1/login HTTP/1.1" 500 4106 "https://perry.com" "Mozilla/5.0 (Windows NT 6.1; WOW64; rv:33.0) Gecko/20100101 Firefox/33.0" "149.18.43.116"
192.168.0.1 - - [15/Nov/2024:22:58:52 +0000] "GET /api/v1/login HTTP/1.1" 404 3062 "https://melton.info" "Mozilla/5.0 (Windows NT 10.0; Win64; x64) AppleWebKit/537.36 (KHTML, like Gecko) Chrome/89.0.4389.82 Safari/537.36" "39.132.34.175"
192.168.0.2 - - [03/Dec/2024:22:58:52 +0000] "GET /api/v1/resource HTTP/1.1" 401 2651 "https://wood.net" "Mozilla/5.0 (Windows NT 10.0; Win64; x64) AppleWebKit/537.36 (KHTML, like Gecko) Chrome/90.0.4430.85 Safari/537.36" "151.143.249.0"
192.168.0.3 - - [14/Nov/2024:22:58:52 +0000] "GET /api/v1/resource HTTP/1.1" 200 3172 "https://carter.com" "Mozilla/5.0 (Windows NT 6.1; WOW64; rv:33.0) Gecko/20100101 Firefox/33.0" "130.178.44.246"
192.168.0.1 - - [12/Nov/2024:22:58:52 +0000] "GET /api/v1/login HTTP/1.1" 404 4976 "https://carroll.com" "Mozilla/5.0 (Windows NT 10.0; Win64; x64) AppleWebKit/537.36 (KHTML, like Gecko) Chrome/90.0.4430.85 Safari/537.36" "147.37.99.134"
192.168.0.3 - - [14/Nov/2024:22:58:52 +0000] "GET /api/v1/login HTTP/1.1" 500 1557 "https://russell-maxwell.com" "Mozilla/5.0 (Windows NT 10.0; Win64; x64) AppleWebKit/537.36 (KHTML, like Gecko) Chrome/89.0.4389.82 Safari/537.36" "128.220.33.251"
192.168.0.3 - - [08/Dec/2024:22:58:52 +0000] "GET /api/v1/resource HTTP/1.1" 404 4193 "https://guzman.com" "Mozilla/5.0 (Windows NT 6.1; WOW64; rv:33.0) Gecko/20100101 Firefox/33.0" "179.13.236.83"
192.168.0.2 - - [08/Dec/2024:22:58:52 +0000] "GET /api/v1/user HTTP/1.1" 301 3484 "https://walters.biz" "Mozilla/5.0 (Windows NT 10.0; Win64; x64) AppleWebKit/537.36 (KHTML, like Gecko) Chrome/89.0.4389.82 Safari/537.36" "116.197.225.90"
192.168.0.2 - - [29/Nov/2024:22:58:52 +0000] "GET /api/v1/status HTTP/1.1" 301 2752 "https://ray.com" "Mozilla/5.0 (Windows NT 6.1; WOW64; rv:33.0) Gecko/20100101 Firefox/33.0" "154.64.2.134"
192.168.0.3 - - [27/Nov/2024:22:58:52 +0000] "GET /api/v1/user HTTP/1.1" 404 4614 "https://vance-miles.com" "Mozilla/5.0 (Windows NT 10.0; Win64; x64) AppleWebKit/537.36 (KHTML, like Gecko) Chrome/89.0.4389.82 Safari/537.36" "202.137.163.216"
192.168.0.2 - - [21/Nov/2024:22:58:52 +0000] "GET /api/v1/user HTTP/1.1" 500 4031 "https://lamb.com" "Mozilla/5.0 (Windows NT 10.0; Win64; x64) AppleWebKit/537.36 (KHTML, like Gecko) Chrome/89.0.4389.82 Safari/537.36" "90.220.181.4"
192.168.0.3 - - [10/Nov/2024:22:58:52 +0000] "GET /api/v1/data HTTP/1.1" 404 1755 "https://butler.org" "Mozilla/5.0 (Windows NT 6.1; WOW64; rv:33.0) Gecko/20100101 Firefox/33.0" "47.197.94.166"
192.168.0.2 - - [27/Nov/2024:22:58:52 +0000] "GET /api/v1/data HTTP/1.1" 301 2197 "https://simpson.net" "Mozilla/5.0 (Windows NT 10.0; Win64; x64) AppleWebKit/537.36 (KHTML, like Gecko) Chrome/90.0.4430.85 Safari/537.36" "33.67.120.41"
192.168.0.1 - - [16/Nov/2024:22:58:52 +0000] "GET /api/v1/user HTTP/1.1" 500 2427 "https://mitchell-garcia.com" "Mozilla/5.0 (Windows NT 10.0; Win64; x64) AppleWebKit/537.36 (KHTML, like Gecko) Chrome/89.0.4389.82 Safari/537.36" "24.19.24.118"
192.168.0.1 - - [05/Dec/2024:22:58:52 +0000] "GET /api/v1/login HTTP/1.1" 404 3751 "https://tucker-evans.com" "Mozilla/5.0 (Windows NT 10.0; Win64; x64) AppleWebKit/537.36 (KHTML, like Gecko) Chrome/90.0.4430.85 Safari/537.36" "124.239.63.179"
192.168.0.3 - - [28/Nov/2024:22:58:52 +0000] "GET /api/v1/resource HTTP/1.1" 500 3610 "https://bailey-dawson.biz" "Mozilla/5.0 (Windows NT 10.0; Win64; x64) AppleWebKit/537.36 (KHTML, like Gecko) Chrome/90.0.4430.85 Safari/537.36" "29.217.62.244"
192.168.0.3 - - [07/Dec/2024:22:58:52 +0000] "GET /api/v1/login HTTP/1.1" 200 3055 "https://pena.info" "Mozilla/5.0 (Windows NT 10.0; Win64; x64) AppleWebKit/537.36 (KHTML, like Gecko) Chrome/90.0.4430.85 Safari/537.36" "216.220.150.218"
192.168.0.1 - - [12/Nov/2024:22:58:52 +0000] "GET /api/v1/status HTTP/1.1" 500 4269 "https://stanley.info" "Mozilla/5.0 (Windows NT 10.0; Win64; x64) AppleWebKit/537.36 (KHTML, like Gecko) Chrome/90.0.4430.85 Safari/537.36" "105.126.22.219"
192.168.0.2 - - [24/Nov/2024:22:58:52 +0000] "GET /api/v1/user HTTP/1.1" 200 2052 "https://dunlap.com" "Mozilla/5.0 (Windows NT 6.1; WOW64; rv:33.0) Gecko/20100101 Firefox/33.0" "222.38.158.207"
192.168.0.2 - - [19/Nov/2024:22:58:52 +0000] "GET /api/v1/user HTTP/1.1" 404 886 "https://medina.net" "Mozilla/5.0 (Windows NT 10.0; Win64; x64) AppleWebKit/537.36 (KHTML, like Gecko) Chrome/90.0.4430.85 Safari/537.36" "18.1.204.173"
192.168.0.3 - - [13/Nov/2024:22:58:52 +0000] "GET /api/v1/status HTTP/1.1" 500 1588 "https://king.com" "Mozilla/5.0 (Windows NT 10.0; Win64; x64) AppleWebKit/537.36 (KHTML, like Gecko) Chrome/89.0.4389.82 Safari/537.36" "13.50.204.45"
192.168.0.3 - - [11/Nov/2024:22:58:52 +0000] "GET /api/v1/resource HTTP/1.1" 404 2080 "https://knight-barker.biz" "Mozilla/5.0 (Windows NT 10.0; Win64; x64) AppleWebKit/537.36 (KHTML, like Gecko) Chrome/89.0.4389.82 Safari/537.36" "48.26.237.163"
192.168.0.3 - - [03/Dec/2024:22:58:52 +0000] "GET /api/v1/status HTTP/1.1" 404 2032 "https://horne-scott.org" "Mozilla/5.0 (Windows NT 6.1; WOW64; rv:33.0) Gecko/20100101 Firefox/33.0" "107.73.167.40"
192.168.0.1 - - [18/Nov/2024:22:58:52 +0000] "GET /api/v1/user HTTP/1.1" 400 372 "https://chavez-fletcher.com" "Mozilla/5.0 (Windows NT 6.1; WOW64; rv:33.0) Gecko/20100101 Firefox/33.0" "141.245.18.60"
192.168.0.1 - - [11/Nov/2024:22:58:52 +0000] "GET /api/v1/login HTTP/1.1" 500 2944 "https://carrillo.net" "Mozilla/5.0 (Windows NT 10.0; Win64; x64) AppleWebKit/537.36 (KHTML, like Gecko) Chrome/89.0.4389.82 Safari/537.36" "186.79.242.72"
192.168.0.3 - - [28/Nov/2024:22:58:52 +0000] "GET /api/v1/login HTTP/1.1" 401 257 "https://todd.info" "Mozilla/5.0 (Windows NT 10.0; Win64; x64) AppleWebKit/537.36 (KHTML, like Gecko) Chrome/90.0.4430.85 Safari/537.36" "213.2.52.29"
192.168.0.1 - - [24/Nov/2024:22:58:52 +0000] "GET /api/v1/user HTTP/1.1" 200 2360 "https://ferguson-williams.com" "Mozilla/5.0 (Windows NT 10.0; Win64; x64) AppleWebKit/537.36 (KHTML, like Gecko) Chrome/90.0.4430.85 Safari/537.36" "26.50.215.172"
192.168.0.3 - - [15/Nov/2024:22:58:52 +0000] "GET /api/v1/login HTTP/1.1" 400 3962 "https://wilson.com" "Mozilla/5.0 (Windows NT 10.0; Win64; x64) AppleWebKit/537.36 (KHTML, like Gecko) Chrome/89.0.4389.82 Safari/537.36" "35.116.234.118"
192.168.0.3 - - [08/Nov/2024:22:58:52 +0000] "GET /api/v1/resource HTTP/1.1" 500 3806 "https://monroe.net" "Mozilla/5.0 (Windows NT 10.0; Win64; x64) AppleWebKit/537.36 (KHTML, like Gecko) Chrome/89.0.4389.82 Safari/537.36" "206.147.55.98"
192.168.0.2 - - [03/Dec/2024:22:58:52 +0000] "GET /api/v1/status HTTP/1.1" 200 4395 "https://green.net" "Mozilla/5.0 (Windows NT 6.1; WOW64; rv:33.0) Gecko/20100101 Firefox/33.0" "35.107.115.29"
192.168.0.3 - - [14/Nov/2024:22:58:52 +0000] "GET /api/v1/status HTTP/1.1" 500 2453 "https://lopez.info" "Mozilla/5.0 (Windows NT 6.1; WOW64; rv:33.0) Gecko/20100101 Firefox/33.0" "97.97.134.104"
192.168.0.1 - - [06/Dec/2024:22:58:52 +0000] "GET /api/v1/status HTTP/1.1" 401 3711 "https://ramsey.com" "Mozilla/5.0 (Windows NT 10.0; Win64; x64) AppleWebKit/537.36 (KHTML, like Gecko) Chrome/89.0.4389.82 Safari/537.36" "216.102.247.26"
192.168.0.1 - - [06/Dec/2024:22:58:52 +0000] "GET /api/v1/user HTTP/1.1" 404 4878 "https://adkins-johnson.com" "Mozilla/5.0 (Windows NT 10.0; Win64; x64) AppleWebKit/537.36 (KHTML, like Gecko) Chrome/89.0.4389.82 Safari/537.36" "91.85.74.45"
192.168.0.2 - - [25/Nov/2024:22:58:52 +0000] "GET /api/v1/status HTTP/1.1" 301 4711 "https://parker-robinson.biz" "Mozilla/5.0 (Windows NT 10.0; Win64; x64) AppleWebKit/537.36 (KHTML, like Gecko) Chrome/89.0.4389.82 Safari/537.36" "162.93.221.175"
192.168.0.1 - - [09/Nov/2024:22:58:52 +0000] "GET /api/v1/status HTTP/1.1" 404 848 "https://dawson.com" "Mozilla/5.0 (Windows NT 10.0; Win64; x64) AppleWebKit/537.36 (KHTML, like Gecko) Chrome/90.0.4430.85 Safari/537.36" "187.10.111.144"
192.168.0.1 - - [06/Dec/2024:22:58:52 +0000] "GET /api/v1/resource HTTP/1.1" 500 4216 "https://nunez.com" "Mozilla/5.0 (Windows NT 6.1; WOW64; rv:33.0) Gecko/20100101 Firefox/33.0" "159.15.106.116"
192.168.0.3 - - [21/Nov/2024:22:58:52 +0000] "GET /api/v1/resource HTTP/1.1" 400 4138 "https://oconnell.org" "Mozilla/5.0 (Windows NT 10.0; Win64; x64) AppleWebKit/537.36 (KHTML, like Gecko) Chrome/90.0.4430.85 Safari/537.36" "149.193.148.69"
192.168.0.2 - - [12/Nov/2024:22:58:52 +0000] "GET /api/v1/resource HTTP/1.1" 500 3725 "https://cobb.com" "Mozilla/5.0 (Windows NT 6.1; WOW64; rv:33.0) Gecko/20100101 Firefox/33.0" "202.114.227.243"
192.168.0.2 - - [19/Nov/2024:22:58:52 +0000] "GET /api/v1/login HTTP/1.1" 401 1541 "https://hernandez-garcia.org" "Mozilla/5.0 (Windows NT 10.0; Win64; x64) AppleWebKit/537.36 (KHTML, like Gecko) Chrome/89.0.4389.82 Safari/537.36" "76.80.88.165"
192.168.0.1 - - [24/Nov/2024:22:58:52 +0000] "GET /api/v1/login HTTP/1.1" 301 124 "https://morales-white.com" "Mozilla/5.0 (Windows NT 10.0; Win64; x64) AppleWebKit/537.36 (KHTML, like Gecko) Chrome/89.0.4389.82 Safari/537.36" "49.22.3.62"
192.168.0.3 - - [18/Nov/2024:22:58:52 +0000] "GET /api/v1/user HTTP/1.1" 400 4507 "https://gomez.com" "Mozilla/5.0 (Windows NT 10.0; Win64; x64) AppleWebKit/537.36 (KHTML, like Gecko) Chrome/89.0.4389.82 Safari/537.36" "100.207.21.1"
192.168.0.1 - - [14/Nov/2024:22:58:52 +0000] "GET /api/v1/resource HTTP/1.1" 404 3021 "https://brown.com" "Mozilla/5.0 (Windows NT 6.1; WOW64; rv:33.0) Gecko/20100101 Firefox/33.0" "101.161.124.94"
192.168.0.3 - - [14/Nov/2024:22:58:52 +0000] "GET /api/v1/resource HTTP/1.1" 301 716 "https://vasquez-scott.com" "Mozilla/5.0 (Windows NT 10.0; Win64; x64) AppleWebKit/537.36 (KHTML, like Gecko) Chrome/90.0.4430.85 Safari/537.36" "76.225.81.61"
192.168.0.3 - - [17/Nov/2024:22:58:52 +0000] "GET /api/v1/resource HTTP/1.1" 200 4074 "https://sims.info" "Mozilla/5.0 (Windows NT 10.0; Win64; x64) AppleWebKit/537.36 (KHTML, like Gecko) Chrome/90.0.4430.85 Safari/537.36" "91.237.81.121"
192.168.0.2 - - [08/Dec/2024:22:58:52 +0000] "GET /api/v1/status HTTP/1.1" 301 3163 "https://schmidt-kim.com" "Mozilla/5.0 (Windows NT 10.0; Win64; x64) AppleWebKit/537.36 (KHTML, like Gecko) Chrome/90.0.4430.85 Safari/537.36" "117.195.219.190"
192.168.0.1 - - [13/Nov/2024:22:58:52 +0000] "GET /api/v1/login HTTP/1.1" 301 129 "https://conway.org" "Mozilla/5.0 (Windows NT 10.0; Win64; x64) AppleWebKit/537.36 (KHTML, like Gecko) Chrome/89.0.4389.82 Safari/537.36" "68.165.204.218"
192.168.0.1 - - [05/Dec/2024:22:58:52 +0000] "GET /api/v1/data HTTP/1.1" 400 3541 "https://alexander.org" "Mozilla/5.0 (Windows NT 6.1; WOW64; rv:33.0) Gecko/20100101 Firefox/33.0" "216.104.114.82"
192.168.0.3 - - [20/Nov/2024:22:58:52 +0000] "GET /api/v1/login HTTP/1.1" 500 1483 "https://mcguire-cook.com" "Mozilla/5.0 (Windows NT 10.0; Win64; x64) AppleWebKit/537.36 (KHTML, like Gecko) Chrome/89.0.4389.82 Safari/537.36" "146.126.172.13"
192.168.0.2 - - [29/Nov/2024:22:58:52 +0000] "GET /api/v1/status HTTP/1.1" 401 3484 "https://johnson.com" "Mozilla/5.0 (Windows NT 6.1; WOW64; rv:33.0) Gecko/20100101 Firefox/33.0" "118.219.38.143"
192.168.0.3 - - [26/Nov/2024:22:58:52 +0000] "GET /api/v1/user HTTP/1.1" 500 1091 "https://pratt-thomas.com" "Mozilla/5.0 (Windows NT 10.0; Win64; x64) AppleWebKit/537.36 (KHTML, like Gecko) Chrome/90.0.4430.85 Safari/537.36" "15.120.126.155"
192.168.0.3 - - [29/Nov/2024:22:58:52 +0000] "GET /api/v1/user HTTP/1.1" 200 4558 "https://jones.com" "Mozilla/5.0 (Windows NT 10.0; Win64; x64) AppleWebKit/537.36 (KHTML, like Gecko) Chrome/90.0.4430.85 Safari/537.36" "155.197.230.124"
192.168.0.2 - - [29/Nov/2024:22:58:52 +0000] "GET /api/v1/data HTTP/1.1" 301 322 "https://nelson-fletcher.org" "Mozilla/5.0 (Windows NT 10.0; Win64; x64) AppleWebKit/537.36 (KHTML, like Gecko) Chrome/89.0.4389.82 Safari/537.36" "14.122.43.91"
192.168.0.2 - - [03/Dec/2024:22:58:52 +0000] "GET /api/v1/status HTTP/1.1" 301 927 "https://carter.com" "Mozilla/5.0 (Windows NT 10.0; Win64; x64) AppleWebKit/537.36 (KHTML, like Gecko) Chrome/89.0.4389.82 Safari/537.36" "136.62.88.33"
192.168.0.3 - - [25/Nov/2024:22:58:52 +0000] "GET /api/v1/resource HTTP/1.1" 500 3402 "https://rivera-armstrong.net" "Mozilla/5.0 (Windows NT 10.0; Win64; x64) AppleWebKit/537.36 (KHTML, like Gecko) Chrome/90.0.4430.85 Safari/537.36" "122.136.39.252"
192.168.0.3 - - [01/Dec/2024:22:58:52 +0000] "GET /api/v1/user HTTP/1.1" 400 3961 "https://hamilton-mcgee.com" "Mozilla/5.0 (Windows NT 10.0; Win64; x64) AppleWebKit/537.36 (KHTML, like Gecko) Chrome/90.0.4430.85 Safari/537.36" "134.151.160.65"
192.168.0.2 - - [09/Nov/2024:22:58:52 +0000] "GET /api/v1/status HTTP/1.1" 200 4196 "https://barnes.com" "Mozilla/5.0 (Windows NT 6.1; WOW64; rv:33.0) Gecko/20100101 Firefox/33.0" "107.192.206.81"
192.168.0.2 - - [08/Dec/2024:22:58:52 +0000] "GET /api/v1/login HTTP/1.1" 200 4147 "https://haley.info" "Mozilla/5.0 (Windows NT 10.0; Win64; x64) AppleWebKit/537.36 (KHTML, like Gecko) Chrome/89.0.4389.82 Safari/537.36" "81.11.228.155"
192.168.0.3 - - [17/Nov/2024:22:58:52 +0000] "GET /api/v1/login HTTP/1.1" 401 3791 "https://leonard-edwards.biz" "Mozilla/5.0 (Windows NT 6.1; WOW64; rv:33.0) Gecko/20100101 Firefox/33.0" "24.187.138.228"
192.168.0.1 - - [10/Nov/2024:22:58:52 +0000] "GET /api/v1/resource HTTP/1.1" 404 798 "https://stewart.com" "Mozilla/5.0 (Windows NT 6.1; WOW64; rv:33.0) Gecko/20100101 Firefox/33.0" "86.38.8.44"
192.168.0.2 - - [17/Nov/2024:22:58:52 +0000] "GET /api/v1/resource HTTP/1.1" 400 4477 "https://duffy.com" "Mozilla/5.0 (Windows NT 10.0; Win64; x64) AppleWebKit/537.36 (KHTML, like Gecko) Chrome/89.0.4389.82 Safari/537.36" "167.231.104.33"
192.168.0.3 - - [17/Nov/2024:22:58:52 +0000] "GET /api/v1/resource HTTP/1.1" 200 437 "https://allen.com" "Mozilla/5.0 (Windows NT 10.0; Win64; x64) AppleWebKit/537.36 (KHTML, like Gecko) Chrome/90.0.4430.85 Safari/537.36" "182.226.177.207"
192.168.0.1 - - [01/Dec/2024:22:58:52 +0000] "GET /api/v1/login HTTP/1.1" 404 1101 "https://hill.com" "Mozilla/5.0 (Windows NT 10.0; Win64; x64) AppleWebKit/537.36 (KHTML, like Gecko) Chrome/90.0.4430.85 Safari/537.36" "184.4.192.33"
192.168.0.3 - - [19/Nov/2024:22:58:52 +0000] "GET /api/v1/user HTTP/1.1" 301 4186 "https://schwartz.com" "Mozilla/5.0 (Windows NT 10.0; Win64; x64) AppleWebKit/537.36 (KHTML, like Gecko) Chrome/89.0.4389.82 Safari/537.36" "144.1.205.244"
192.168.0.3 - - [27/Nov/2024:22:58:52 +0000] "GET /api/v1/resource HTTP/1.1" 401 2378 "https://green.com" "Mozilla/5.0 (Windows NT 10.0; Win64; x64) AppleWebKit/537.36 (KHTML, like Gecko) Chrome/89.0.4389.82 Safari/537.36" "49.59.207.55"
192.168.0.1 - - [21/Nov/2024:22:58:52 +0000] "GET /api/v1/status HTTP/1.1" 400 4681 "https://wiley-ruiz.com" "Mozilla/5.0 (Windows NT 6.1; WOW64; rv:33.0) Gecko/20100101 Firefox/33.0" "119.234.150.129"
192.168.0.3 - - [11/Nov/2024:22:58:52 +0000] "GET /api/v1/resource HTTP/1.1" 400 3192 "https://johnson.com" "Mozilla/5.0 (Windows NT 10.0; Win64; x64) AppleWebKit/537.36 (KHTML, like Gecko) Chrome/89.0.4389.82 Safari/537.36" "133.152.52.49"
192.168.0.1 - - [01/Dec/2024:22:58:52 +0000] "GET /api/v1/user HTTP/1.1" 404 341 "https://smith.biz" "Mozilla/5.0 (Windows NT 10.0; Win64; x64) AppleWebKit/537.36 (KHTML, like Gecko) Chrome/89.0.4389.82 Safari/537.36" "10.108.191.234"
192.168.0.2 - - [15/Nov/2024:22:58:52 +0000] "GET /api/v1/status HTTP/1.1" 200 3796 "https://johnson.com" "Mozilla/5.0 (Windows NT 10.0; Win64; x64) AppleWebKit/537.36 (KHTML, like Gecko) Chrome/89.0.4389.82 Safari/537.36" "168.18.244.187"
192.168.0.3 - - [07/Dec/2024:22:58:52 +0000] "GET /api/v1/user HTTP/1.1" 200 2889 "https://russo.com" "Mozilla/5.0 (Windows NT 6.1; WOW64; rv:33.0) Gecko/20100101 Firefox/33.0" "138.192.115.138"
192.168.0.3 - - [09/Nov/2024:22:58:52 +0000] "GET /api/v1/data HTTP/1.1" 400 4316 "https://harvey-cooper.biz" "Mozilla/5.0 (Windows NT 10.0; Win64; x64) AppleWebKit/537.36 (KHTML, like Gecko) Chrome/90.0.4430.85 Safari/537.36" "162.118.245.211"
192.168.0.1 - - [08/Dec/2024:22:58:52 +0000] "GET /api/v1/resource HTTP/1.1" 400 3410 "https://salazar-moore.com" "Mozilla/5.0 (Windows NT 10.0; Win64; x64) AppleWebKit/537.36 (KHTML, like Gecko) Chrome/89.0.4389.82 Safari/537.36" "21.60.139.208"
192.168.0.3 - - [23/Nov/2024:22:58:52 +0000] "GET /api/v1/login HTTP/1.1" 500 1948 "https://watkins.com" "Mozilla/5.0 (Windows NT 6.1; WOW64; rv:33.0) Gecko/20100101 Firefox/33.0" "50.107.230.193"
192.168.0.2 - - [03/Dec/2024:22:58:52 +0000] "GET /api/v1/login HTTP/1.1" 200 3006 "https://adams.net" "Mozilla/5.0 (Windows NT 10.0; Win64; x64) AppleWebKit/537.36 (KHTML, like Gecko) Chrome/89.0.4389.82 Safari/537.36" "46.224.29.197"
192.168.0.1 - - [06/Dec/2024:22:58:52 +0000] "GET /api/v1/user HTTP/1.1" 401 2316 "https://cervantes-greene.com" "Mozilla/5.0 (Windows NT 10.0; Win64; x64) AppleWebKit/537.36 (KHTML, like Gecko) Chrome/90.0.4430.85 Safari/537.36" "135.255.143.43"
192.168.0.1 - - [06/Dec/2024:22:58:52 +0000] "GET /api/v1/user HTTP/1.1" 301 1885 "https://gonzalez.biz" "Mozilla/5.0 (Windows NT 6.1; WOW64; rv:33.0) Gecko/20100101 Firefox/33.0" "93.159.1.130"
192.168.0.2 - - [12/Nov/2024:22:58:52 +0000] "GET /api/v1/user HTTP/1.1" 401 1246 "https://hughes.com" "Mozilla/5.0 (Windows NT 10.0; Win64; x64) AppleWebKit/537.36 (KHTML, like Gecko) Chrome/90.0.4430.85 Safari/537.36" "183.80.24.178"
192.168.0.1 - - [30/Nov/2024:22:58:52 +0000] "GET /api/v1/resource HTTP/1.1" 400 613 "https://sosa.com" "Mozilla/5.0 (Windows NT 10.0; Win64; x64) AppleWebKit/537.36 (KHTML, like Gecko) Chrome/89.0.4389.82 Safari/537.36" "181.246.33.152"
192.168.0.2 - - [20/Nov/2024:22:58:52 +0000] "GET /api/v1/data HTTP/1.1" 200 3276 "https://mathews.com" "Mozilla/5.0 (Windows NT 6.1; WOW64; rv:33.0) Gecko/20100101 Firefox/33.0" "90.145.94.165"
192.168.0.2 - - [24/Nov/2024:22:58:52 +0000] "GET /api/v1/login HTTP/1.1" 200 1883 "https://osborne-farmer.com" "Mozilla/5.0 (Windows NT 6.1; WOW64; rv:33.0) Gecko/20100101 Firefox/33.0" "215.76.219.30"
192.168.0.3 - - [10/Nov/2024:22:58:52 +0000] "GET /api/v1/data HTTP/1.1" 200 582 "https://barr.com" "Mozilla/5.0 (Windows NT 10.0; Win64; x64) AppleWebKit/537.36 (KHTML, like Gecko) Chrome/89.0.4389.82 Safari/537.36" "86.135.78.249"
192.168.0.2 - - [08/Dec/2024:22:58:52 +0000] "GET /api/v1/resource HTTP/1.1" 400 3378 "https://allen.org" "Mozilla/5.0 (Windows NT 10.0; Win64; x64) AppleWebKit/537.36 (KHTML, like Gecko) Chrome/89.0.4389.82 Safari/537.36" "140.135.12.126"
192.168.0.1 - - [08/Dec/2024:22:58:52 +0000] "GET /api/v1/login HTTP/1.1" 301 2744 "https://quinn-carter.com" "Mozilla/5.0 (Windows NT 10.0; Win64; x64) AppleWebKit/537.36 (KHTML, like Gecko) Chrome/90.0.4430.85 Safari/537.36" "85.47.223.0"
192.168.0.1 - - [05/Dec/2024:22:58:52 +0000] "GET /api/v1/login HTTP/1.1" 401 1177 "https://jackson-caldwell.org" "Mozilla/5.0 (Windows NT 10.0; Win64; x64) AppleWebKit/537.36 (KHTML, like Gecko) Chrome/89.0.4389.82 Safari/537.36" "164.255.100.183"
192.168.0.3 - - [08/Nov/2024:22:58:52 +0000] "GET /api/v1/login HTTP/1.1" 401 3813 "https://pearson.com" "Mozilla/5.0 (Windows NT 10.0; Win64; x64) AppleWebKit/537.36 (KHTML, like Gecko) Chrome/90.0.4430.85 Safari/537.36" "196.249.20.190"
192.168.0.3 - - [26/Nov/2024:22:58:52 +0000] "GET /api/v1/data HTTP/1.1" 301 120 "https://olson-morales.com" "Mozilla/5.0 (Windows NT 6.1; WOW64; rv:33.0) Gecko/20100101 Firefox/33.0" "139.15.55.144"
192.168.0.2 - - [09/Nov/2024:22:58:52 +0000] "GET /api/v1/data HTTP/1.1" 404 1158 "https://harris-williams.net" "Mozilla/5.0 (Windows NT 10.0; Win64; x64) AppleWebKit/537.36 (KHTML, like Gecko) Chrome/89.0.4389.82 Safari/537.36" "34.129.22.138"
192.168.0.3 - - [04/Dec/2024:22:58:52 +0000] "GET /api/v1/user HTTP/1.1" 404 4590 "https://long.com" "Mozilla/5.0 (Windows NT 10.0; Win64; x64) AppleWebKit/537.36 (KHTML, like Gecko) Chrome/90.0.4430.85 Safari/537.36" "99.161.169.28"
192.168.0.1 - - [17/Nov/2024:22:58:52 +0000] "GET /api/v1/resource HTTP/1.1" 400 4645 "https://joseph.com" "Mozilla/5.0 (Windows NT 10.0; Win64; x64) AppleWebKit/537.36 (KHTML, like Gecko) Chrome/89.0.4389.82 Safari/537.36" "52.169.42.105"
192.168.0.2 - - [30/Nov/2024:22:58:52 +0000] "GET /api/v1/login HTTP/1.1" 301 1758 "https://guerra-wagner.com" "Mozilla/5.0 (Windows NT 6.1; WOW64; rv:33.0) Gecko/20100101 Firefox/33.0" "76.163.106.112"
192.168.0.3 - - [12/Nov/2024:22:58:52 +0000] "GET /api/v1/login HTTP/1.1" 400 4385 "https://gibson.com" "Mozilla/5.0 (Windows NT 10.0; Win64; x64) AppleWebKit/537.36 (KHTML, like Gecko) Chrome/90.0.4430.85 Safari/537.36" "35.254.153.14"
192.168.0.1 - - [26/Nov/2024:22:58:52 +0000] "GET /api/v1/status HTTP/1.1" 401 3154 "https://lewis-miller.net" "Mozilla/5.0 (Windows NT 10.0; Win64; x64) AppleWebKit/537.36 (KHTML, like Gecko) Chrome/89.0.4389.82 Safari/537.36" "12.47.108.137"
192.168.0.2 - - [03/Dec/2024:22:58:52 +0000] "GET /api/v1/login HTTP/1.1" 400 2572 "https://rice.com" "Mozilla/5.0 (Windows NT 6.1; WOW64; rv:33.0) Gecko/20100101 Firefox/33.0" "126.71.75.214"
192.168.0.2 - - [16/Nov/2024:22:58:52 +0000] "GET /api/v1/status HTTP/1.1" 401 2208 "https://walton.biz" "Mozilla/5.0 (Windows NT 10.0; Win64; x64) AppleWebKit/537.36 (KHTML, like Gecko) Chrome/89.0.4389.82 Safari/537.36" "42.137.46.9"
192.168.0.3 - - [24/Nov/2024:22:58:52 +0000] "GET /api/v1/resource HTTP/1.1" 301 4817 "https://farmer.com" "Mozilla/5.0 (Windows NT 10.0; Win64; x64) AppleWebKit/537.36 (KHTML, like Gecko) Chrome/89.0.4389.82 Safari/537.36" "215.23.173.158"
192.168.0.3 - - [21/Nov/2024:22:58:52 +0000] "GET /api/v1/login HTTP/1.1" 401 2769 "https://king-thompson.net" "Mozilla/5.0 (Windows NT 10.0; Win64; x64) AppleWebKit/537.36 (KHTML, like Gecko) Chrome/90.0.4430.85 Safari/537.36" "206.239.22.222"
192.168.0.2 - - [10/Nov/2024:22:58:52 +0000] "GET /api/v1/data HTTP/1.1" 500 3666 "https://allen.com" "Mozilla/5.0 (Windows NT 10.0; Win64; x64) AppleWebKit/537.36 (KHTML, like Gecko) Chrome/89.0.4389.82 Safari/537.36" "103.219.95.168"
192.168.0.2 - - [17/Nov/2024:22:58:52 +0000] "GET /api/v1/login HTTP/1.1" 400 2409 "https://marquez.com" "Mozilla/5.0 (Windows NT 6.1; WOW64; rv:33.0) Gecko/20100101 Firefox/33.0" "172.120.156.235"
192.168.0.1 - - [10/Nov/2024:22:58:52 +0000] "GET /api/v1/data HTTP/1.1" 200 4757 "https://franco.info" "Mozilla/5.0 (Windows NT 10.0; Win64; x64) AppleWebKit/537.36 (KHTML, like Gecko) Chrome/89.0.4389.82 Safari/537.36" "182.230.196.128"
192.168.0.3 - - [15/Nov/2024:22:58:52 +0000] "GET /api/v1/data HTTP/1.1" 401 264 "https://ward.com" "Mozilla/5.0 (Windows NT 10.0; Win64; x64) AppleWebKit/537.36 (KHTML, like Gecko) Chrome/90.0.4430.85 Safari/537.36" "211.240.149.60"
192.168.0.2 - - [22/Nov/2024:22:58:52 +0000] "GET /api/v1/resource HTTP/1.1" 400 2336 "https://gill.com" "Mozilla/5.0 (Windows NT 6.1; WOW64; rv:33.0) Gecko/20100101 Firefox/33.0" "77.174.106.102"
192.168.0.2 - - [03/Dec/2024:22:58:52 +0000] "GET /api/v1/user HTTP/1.1" 500 796 "https://little.com" "Mozilla/5.0 (Windows NT 6.1; WOW64; rv:33.0) Gecko/20100101 Firefox/33.0" "24.38.7.60"
192.168.0.2 - - [03/Dec/2024:22:58:52 +0000] "GET /api/v1/data HTTP/1.1" 500 4296 "https://miles-clark.com" "Mozilla/5.0 (Windows NT 10.0; Win64; x64) AppleWebKit/537.36 (KHTML, like Gecko) Chrome/89.0.4389.82 Safari/537.36" "193.144.40.105"
192.168.0.1 - - [28/Nov/2024:22:58:52 +0000] "GET /api/v1/user HTTP/1.1" 301 2109 "https://conner.com" "Mozilla/5.0 (Windows NT 10.0; Win64; x64) AppleWebKit/537.36 (KHTML, like Gecko) Chrome/89.0.4389.82 Safari/537.36" "53.190.155.228"
192.168.0.3 - - [27/Nov/2024:22:58:52 +0000] "GET /api/v1/resource HTTP/1.1" 200 4855 "https://james-henry.com" "Mozilla/5.0 (Windows NT 10.0; Win64; x64) AppleWebKit/537.36 (KHTML, like Gecko) Chrome/89.0.4389.82 Safari/537.36" "5.229.204.254"
192.168.0.1 - - [22/Nov/2024:22:58:52 +0000] "GET /api/v1/resource HTTP/1.1" 400 1260 "https://thomas-thomas.biz" "Mozilla/5.0 (Windows NT 10.0; Win64; x64) AppleWebKit/537.36 (KHTML, like Gecko) Chrome/90.0.4430.85 Safari/537.36" "61.218.119.18"
192.168.0.2 - - [27/Nov/2024:22:58:52 +0000] "GET /api/v1/data HTTP/1.1" 500 3248 "https://anderson.net" "Mozilla/5.0 (Windows NT 6.1; WOW64; rv:33.0) Gecko/20100101 Firefox/33.0" "204.72.186.160"
192.168.0.2 - - [18/Nov/2024:22:58:52 +0000] "GET /api/v1/user HTTP/1.1" 404 4068 "https://goodwin.org" "Mozilla/5.0 (Windows NT 10.0; Win64; x64) AppleWebKit/537.36 (KHTML, like Gecko) Chrome/89.0.4389.82 Safari/537.36" "171.112.209.84"
192.168.0.2 - - [24/Nov/2024:22:58:52 +0000] "GET /api/v1/login HTTP/1.1" 401 3487 "https://reyes-walker.com" "Mozilla/5.0 (Windows NT 10.0; Win64; x64) AppleWebKit/537.36 (KHTML, like Gecko) Chrome/90.0.4430.85 Safari/537.36" "142.221.32.77"
192.168.0.3 - - [26/Nov/2024:22:58:52 +0000] "GET /api/v1/status HTTP/1.1" 301 2404 "https://gross.com" "Mozilla/5.0 (Windows NT 10.0; Win64; x64) AppleWebKit/537.36 (KHTML, like Gecko) Chrome/90.0.4430.85 Safari/537.36" "35.84.123.182"
192.168.0.2 - - [20/Nov/2024:22:58:52 +0000] "GET /api/v1/data HTTP/1.1" 200 4807 "https://reeves.com" "Mozilla/5.0 (Windows NT 10.0; Win64; x64) AppleWebKit/537.36 (KHTML, like Gecko) Chrome/90.0.4430.85 Safari/537.36" "48.184.235.160"
192.168.0.2 - - [15/Nov/2024:22:58:52 +0000] "GET /api/v1/data HTTP/1.1" 200 4060 "https://gonzalez.com" "Mozilla/5.0 (Windows NT 10.0; Win64; x64) AppleWebKit/537.36 (KHTML, like Gecko) Chrome/90.0.4430.85 Safari/537.36" "175.124.91.9"
192.168.0.2 - - [02/Dec/2024:22:58:52 +0000] "GET /api/v1/resource HTTP/1.1" 200 1571 "https://ibarra.com" "Mozilla/5.0 (Windows NT 10.0; Win64; x64) AppleWebKit/537.36 (KHTML, like Gecko) Chrome/89.0.4389.82 Safari/537.36" "131.121.98.225"
192.168.0.1 - - [26/Nov/2024:22:58:52 +0000] "GET /api/v1/login HTTP/1.1" 301 2976 "https://moore.net" "Mozilla/5.0 (Windows NT 6.1; WOW64; rv:33.0) Gecko/20100101 Firefox/33.0" "8.254.141.190"
192.168.0.3 - - [24/Nov/2024:22:58:52 +0000] "GET /api/v1/status HTTP/1.1" 500 3656 "https://cross-young.com" "Mozilla/5.0 (Windows NT 10.0; Win64; x64) AppleWebKit/537.36 (KHTML, like Gecko) Chrome/90.0.4430.85 Safari/537.36" "15.252.169.214"
192.168.0.3 - - [19/Nov/2024:22:58:52 +0000] "GET /api/v1/resource HTTP/1.1" 200 4227 "https://johnson-cervantes.net" "Mozilla/5.0 (Windows NT 6.1; WOW64; rv:33.0) Gecko/20100101 Firefox/33.0" "118.60.143.186"
192.168.0.1 - - [19/Nov/2024:22:58:52 +0000] "GET /api/v1/status HTTP/1.1" 400 1488 "https://edwards.org" "Mozilla/5.0 (Windows NT 10.0; Win64; x64) AppleWebKit/537.36 (KHTML, like Gecko) Chrome/90.0.4430.85 Safari/537.36" "92.67.160.36"
192.168.0.2 - - [09/Nov/2024:22:58:52 +0000] "GET /api/v1/user HTTP/1.1" 404 1245 "https://grant.com" "Mozilla/5.0 (Windows NT 10.0; Win64; x64) AppleWebKit/537.36 (KHTML, like Gecko) Chrome/89.0.4389.82 Safari/537.36" "167.233.240.125"
192.168.0.3 - - [23/Nov/2024:22:58:52 +0000] "GET /api/v1/user HTTP/1.1" 500 2063 "https://delgado.com" "Mozilla/5.0 (Windows NT 6.1; WOW64; rv:33.0) Gecko/20100101 Firefox/33.0" "55.206.234.86"
192.168.0.1 - - [17/Nov/2024:22:58:52 +0000] "GET /api/v1/resource HTTP/1.1" 400 4117 "https://perkins.com" "Mozilla/5.0 (Windows NT 10.0; Win64; x64) AppleWebKit/537.36 (KHTML, like Gecko) Chrome/90.0.4430.85 Safari/537.36" "136.31.120.138"
192.168.0.3 - - [08/Nov/2024:22:58:52 +0000] "GET /api/v1/data HTTP/1.1" 401 2583 "https://mendoza.com" "Mozilla/5.0 (Windows NT 10.0; Win64; x64) AppleWebKit/537.36 (KHTML, like Gecko) Chrome/89.0.4389.82 Safari/537.36" "106.106.187.17"
192.168.0.3 - - [26/Nov/2024:22:58:52 +0000] "GET /api/v1/resource HTTP/1.1" 401 1267 "https://franklin.com" "Mozilla/5.0 (Windows NT 6.1; WOW64; rv:33.0) Gecko/20100101 Firefox/33.0" "203.8.160.211"
192.168.0.3 - - [05/Dec/2024:22:58:52 +0000] "GET /api/v1/login HTTP/1.1" 401 4084 "https://long-sanchez.com" "Mozilla/5.0 (Windows NT 6.1; WOW64; rv:33.0) Gecko/20100101 Firefox/33.0" "115.35.107.189"
192.168.0.3 - - [16/Nov/2024:22:58:52 +0000] "GET /api/v1/login HTTP/1.1" 401 4088 "https://patterson.com" "Mozilla/5.0 (Windows NT 10.0; Win64; x64) AppleWebKit/537.36 (KHTML, like Gecko) Chrome/90.0.4430.85 Safari/537.36" "213.17.180.154"
192.168.0.2 - - [29/Nov/2024:22:58:52 +0000] "GET /api/v1/user HTTP/1.1" 401 4245 "https://martin-gomez.net" "Mozilla/5.0 (Windows NT 10.0; Win64; x64) AppleWebKit/537.36 (KHTML, like Gecko) Chrome/90.0.4430.85 Safari/537.36" "42.134.107.175"
192.168.0.2 - - [08/Dec/2024:22:58:52 +0000] "GET /api/v1/data HTTP/1.1" 400 620 "https://logan-chavez.com" "Mozilla/5.0 (Windows NT 6.1; WOW64; rv:33.0) Gecko/20100101 Firefox/33.0" "95.64.104.148"
192.168.0.2 - - [12/Nov/2024:22:58:52 +0000] "GET /api/v1/data HTTP/1.1" 301 684 "https://cooper.com" "Mozilla/5.0 (Windows NT 10.0; Win64; x64) AppleWebKit/537.36 (KHTML, like Gecko) Chrome/90.0.4430.85 Safari/537.36" "175.102.91.55"
192.168.0.1 - - [19/Nov/2024:22:58:52 +0000] "GET /api/v1/data HTTP/1.1" 500 679 "https://winters-tucker.com" "Mozilla/5.0 (Windows NT 6.1; WOW64; rv:33.0) Gecko/20100101 Firefox/33.0" "173.51.48.46"
192.168.0.2 - - [02/Dec/2024:22:58:52 +0000] "GET /api/v1/status HTTP/1.1" 400 2714 "https://hurley.com" "Mozilla/5.0 (Windows NT 10.0; Win64; x64) AppleWebKit/537.36 (KHTML, like Gecko) Chrome/89.0.4389.82 Safari/537.36" "137.15.36.187"
192.168.0.3 - - [10/Nov/2024:22:58:52 +0000] "GET /api/v1/resource HTTP/1.1" 401 3359 "https://little.com" "Mozilla/5.0 (Windows NT 6.1; WOW64; rv:33.0) Gecko/20100101 Firefox/33.0" "25.59.57.158"
192.168.0.3 - - [26/Nov/2024:22:58:52 +0000] "GET /api/v1/user HTTP/1.1" 301 3521 "https://hansen.com" "Mozilla/5.0 (Windows NT 10.0; Win64; x64) AppleWebKit/537.36 (KHTML, like Gecko) Chrome/89.0.4389.82 Safari/537.36" "187.210.87.28"
192.168.0.2 - - [08/Nov/2024:22:58:52 +0000] "GET /api/v1/status HTTP/1.1" 301 3285 "https://baird.com" "Mozilla/5.0 (Windows NT 10.0; Win64; x64) AppleWebKit/537.36 (KHTML, like Gecko) Chrome/89.0.4389.82 Safari/537.36" "108.184.14.183"
192.168.0.3 - - [29/Nov/2024:22:58:52 +0000] "GET /api/v1/data HTTP/1.1" 400 940 "https://wheeler-johnson.biz" "Mozilla/5.0 (Windows NT 10.0; Win64; x64) AppleWebKit/537.36 (KHTML, like Gecko) Chrome/90.0.4430.85 Safari/537.36" "2.138.108.254"
192.168.0.2 - - [01/Dec/2024:22:58:52 +0000] "GET /api/v1/data HTTP/1.1" 401 2825 "https://thompson.info" "Mozilla/5.0 (Windows NT 10.0; Win64; x64) AppleWebKit/537.36 (KHTML, like Gecko) Chrome/90.0.4430.85 Safari/537.36" "159.69.26.216"
192.168.0.1 - - [08/Nov/2024:22:58:52 +0000] "GET /api/v1/status HTTP/1.1" 200 3077 "https://wilson.net" "Mozilla/5.0 (Windows NT 6.1; WOW64; rv:33.0) Gecko/20100101 Firefox/33.0" "132.226.87.201"
192.168.0.1 - - [09/Nov/2024:22:58:52 +0000] "GET /api/v1/login HTTP/1.1" 400 3225 "https://sparks-flynn.com" "Mozilla/5.0 (Windows NT 6.1; WOW64; rv:33.0) Gecko/20100101 Firefox/33.0" "148.234.131.209"
192.168.0.2 - - [23/Nov/2024:22:58:52 +0000] "GET /api/v1/resource HTTP/1.1" 401 3050 "https://khan.biz" "Mozilla/5.0 (Windows NT 10.0; Win64; x64) AppleWebKit/537.36 (KHTML, like Gecko) Chrome/90.0.4430.85 Safari/537.36" "118.122.131.61"
192.168.0.1 - - [03/Dec/2024:22:58:52 +0000] "GET /api/v1/user HTTP/1.1" 500 345 "https://garcia-fox.com" "Mozilla/5.0 (Windows NT 6.1; WOW64; rv:33.0) Gecko/20100101 Firefox/33.0" "200.178.128.86"
192.168.0.1 - - [10/Nov/2024:22:58:52 +0000] "GET /api/v1/login HTTP/1.1" 301 4673 "https://lewis.com" "Mozilla/5.0 (Windows NT 10.0; Win64; x64) AppleWebKit/537.36 (KHTML, like Gecko) Chrome/89.0.4389.82 Safari/537.36" "147.133.113.1"
192.168.0.3 - - [16/Nov/2024:22:58:52 +0000] "GET /api/v1/login HTTP/1.1" 401 4353 "https://gill-ho.com" "Mozilla/5.0 (Windows NT 10.0; Win64; x64) AppleWebKit/537.36 (KHTML, like Gecko) Chrome/90.0.4430.85 Safari/537.36" "40.37.164.200"
192.168.0.2 - - [20/Nov/2024:22:58:52 +0000] "GET /api/v1/resource HTTP/1.1" 200 2060 "https://walker-pitts.com" "Mozilla/5.0 (Windows NT 10.0; Win64; x64) AppleWebKit/537.36 (KHTML, like Gecko) Chrome/90.0.4430.85 Safari/537.36" "20.164.132.231"
192.168.0.1 - - [04/Dec/2024:22:58:52 +0000] "GET /api/v1/status HTTP/1.1" 401 4152 "https://martinez.com" "Mozilla/5.0 (Windows NT 10.0; Win64; x64) AppleWebKit/537.36 (KHTML, like Gecko) Chrome/90.0.4430.85 Safari/537.36" "183.208.141.235"
192.168.0.1 - - [12/Nov/2024:22:58:52 +0000] "GET /api/v1/user HTTP/1.1" 404 2774 "https://coffey.info" "Mozilla/5.0 (Windows NT 6.1; WOW64; rv:33.0) Gecko/20100101 Firefox/33.0" "60.202.199.54"
192.168.0.2 - - [27/Nov/2024:22:58:52 +0000] "GET /api/v1/login HTTP/1.1" 400 1818 "https://lin-byrd.com" "Mozilla/5.0 (Windows NT 6.1; WOW64; rv:33.0) Gecko/20100101 Firefox/33.0" "177.248.168.48"
192.168.0.1 - - [09/Nov/2024:22:58:52 +0000] "GET /api/v1/login HTTP/1.1" 401 1639 "https://rose-johnson.com" "Mozilla/5.0 (Windows NT 10.0; Win64; x64) AppleWebKit/537.36 (KHTML, like Gecko) Chrome/89.0.4389.82 Safari/537.36" "148.97.141.51"
192.168.0.1 - - [19/Nov/2024:22:58:52 +0000] "GET /api/v1/data HTTP/1.1" 404 2960 "https://ibarra.org" "Mozilla/5.0 (Windows NT 10.0; Win64; x64) AppleWebKit/537.36 (KHTML, like Gecko) Chrome/89.0.4389.82 Safari/537.36" "172.2.98.234"
192.168.0.3 - - [19/Nov/2024:22:58:52 +0000] "GET /api/v1/resource HTTP/1.1" 200 1996 "https://hines.com" "Mozilla/5.0 (Windows NT 10.0; Win64; x64) AppleWebKit/537.36 (KHTML, like Gecko) Chrome/90.0.4430.85 Safari/537.36" "27.210.156.211"
192.168.0.2 - - [12/Nov/2024:22:58:52 +0000] "GET /api/v1/data HTTP/1.1" 404 3282 "https://anderson.com" "Mozilla/5.0 (Windows NT 10.0; Win64; x64) AppleWebKit/537.36 (KHTML, like Gecko) Chrome/89.0.4389.82 Safari/537.36" "207.101.232.245"
192.168.0.3 - - [27/Nov/2024:22:58:52 +0000] "GET /api/v1/data HTTP/1.1" 301 3043 "https://terry-donovan.com" "Mozilla/5.0 (Windows NT 6.1; WOW64; rv:33.0) Gecko/20100101 Firefox/33.0" "157.217.225.43"
192.168.0.1 - - [13/Nov/2024:22:58:52 +0000] "GET /api/v1/resource HTTP/1.1" 404 3030 "https://walker-cooper.com" "Mozilla/5.0 (Windows NT 6.1; WOW64; rv:33.0) Gecko/20100101 Firefox/33.0" "99.168.2.24"
192.168.0.3 - - [05/Dec/2024:22:58:52 +0000] "GET /api/v1/status HTTP/1.1" 301 1932 "https://kelly-ritter.org" "Mozilla/5.0 (Windows NT 6.1; WOW64; rv:33.0) Gecko/20100101 Firefox/33.0" "182.147.97.193"
192.168.0.2 - - [02/Dec/2024:22:58:52 +0000] "GET /api/v1/resource HTTP/1.1" 400 952 "https://morgan.com" "Mozilla/5.0 (Windows NT 10.0; Win64; x64) AppleWebKit/537.36 (KHTML, like Gecko) Chrome/89.0.4389.82 Safari/537.36" "74.35.46.176"
192.168.0.1 - - [09/Nov/2024:22:58:52 +0000] "GET /api/v1/user HTTP/1.1" 400 4893 "https://ingram.com" "Mozilla/5.0 (Windows NT 6.1; WOW64; rv:33.0) Gecko/20100101 Firefox/33.0" "178.10.252.110"
192.168.0.1 - - [01/Dec/2024:22:58:52 +0000] "GET /api/v1/resource HTTP/1.1" 200 3311 "https://harris.com" "Mozilla/5.0 (Windows NT 10.0; Win64; x64) AppleWebKit/537.36 (KHTML, like Gecko) Chrome/90.0.4430.85 Safari/537.36" "110.154.205.171"
192.168.0.3 - - [29/Nov/2024:22:58:52 +0000] "GET /api/v1/data HTTP/1.1" 400 1605 "https://guzman-cunningham.com" "Mozilla/5.0 (Windows NT 10.0; Win64; x64) AppleWebKit/537.36 (KHTML, like Gecko) Chrome/90.0.4430.85 Safari/537.36" "10.47.82.231"
192.168.0.2 - - [08/Nov/2024:22:58:52 +0000] "GET /api/v1/data HTTP/1.1" 500 1531 "https://austin.com" "Mozilla/5.0 (Windows NT 10.0; Win64; x64) AppleWebKit/537.36 (KHTML, like Gecko) Chrome/89.0.4389.82 Safari/537.36" "193.1.63.184"
192.168.0.3 - - [16/Nov/2024:22:58:52 +0000] "GET /api/v1/login HTTP/1.1" 301 1850 "https://jenkins.net" "Mozilla/5.0 (Windows NT 10.0; Win64; x64) AppleWebKit/537.36 (KHTML, like Gecko) Chrome/89.0.4389.82 Safari/537.36" "11.244.148.180"
192.168.0.1 - - [24/Nov/2024:22:58:52 +0000] "GET /api/v1/resource HTTP/1.1" 404 769 "https://hartman.info" "Mozilla/5.0 (Windows NT 10.0; Win64; x64) AppleWebKit/537.36 (KHTML, like Gecko) Chrome/89.0.4389.82 Safari/537.36" "209.61.87.43"
192.168.0.2 - - [06/Dec/2024:22:58:52 +0000] "GET /api/v1/login HTTP/1.1" 301 1006 "https://salinas-smith.net" "Mozilla/5.0 (Windows NT 10.0; Win64; x64) AppleWebKit/537.36 (KHTML, like Gecko) Chrome/89.0.4389.82 Safari/537.36" "76.182.90.181"
192.168.0.1 - - [12/Nov/2024:22:58:52 +0000] "GET /api/v1/login HTTP/1.1" 400 2104 "https://wright.com" "Mozilla/5.0 (Windows NT 10.0; Win64; x64) AppleWebKit/537.36 (KHTML, like Gecko) Chrome/89.0.4389.82 Safari/537.36" "193.157.126.112"
192.168.0.2 - - [13/Nov/2024:22:58:52 +0000] "GET /api/v1/login HTTP/1.1" 301 610 "https://martin.biz" "Mozilla/5.0 (Windows NT 10.0; Win64; x64) AppleWebKit/537.36 (KHTML, like Gecko) Chrome/89.0.4389.82 Safari/537.36" "184.86.159.11"
192.168.0.2 - - [28/Nov/2024:22:58:52 +0000] "GET /api/v1/status HTTP/1.1" 404 2627 "https://jones.com" "Mozilla/5.0 (Windows NT 10.0; Win64; x64) AppleWebKit/537.36 (KHTML, like Gecko) Chrome/89.0.4389.82 Safari/537.36" "104.0.114.55"
192.168.0.3 - - [25/Nov/2024:22:58:52 +0000] "GET /api/v1/status HTTP/1.1" 404 160 "https://gray.com" "Mozilla/5.0 (Windows NT 10.0; Win64; x64) AppleWebKit/537.36 (KHTML, like Gecko) Chrome/90.0.4430.85 Safari/537.36" "194.41.29.90"
192.168.0.2 - - [07/Dec/2024:22:58:52 +0000] "GET /api/v1/login HTTP/1.1" 400 1057 "https://martin-moore.com" "Mozilla/5.0 (Windows NT 6.1; WOW64; rv:33.0) Gecko/20100101 Firefox/33.0" "102.138.135.92"
192.168.0.2 - - [13/Nov/2024:22:58:52 +0000] "GET /api/v1/resource HTTP/1.1" 401 1959 "https://flores-gregory.com" "Mozilla/5.0 (Windows NT 6.1; WOW64; rv:33.0) Gecko/20100101 Firefox/33.0" "215.75.116.99"
192.168.0.3 - - [18/Nov/2024:22:58:52 +0000] "GET /api/v1/data HTTP/1.1" 301 576 "https://johnson.com" "Mozilla/5.0 (Windows NT 6.1; WOW64; rv:33.0) Gecko/20100101 Firefox/33.0" "133.212.247.7"
192.168.0.2 - - [14/Nov/2024:22:58:52 +0000] "GET /api/v1/user HTTP/1.1" 400 3406 "https://nguyen-mcguire.net" "Mozilla/5.0 (Windows NT 6.1; WOW64; rv:33.0) Gecko/20100101 Firefox/33.0" "103.137.250.167"
192.168.0.1 - - [12/Nov/2024:22:58:52 +0000] "GET /api/v1/resource HTTP/1.1" 500 384 "https://delgado.com" "Mozilla/5.0 (Windows NT 6.1; WOW64; rv:33.0) Gecko/20100101 Firefox/33.0" "53.208.121.148"
192.168.0.2 - - [12/Nov/2024:22:58:52 +0000] "GET /api/v1/status HTTP/1.1" 301 233 "https://brady.com" "Mozilla/5.0 (Windows NT 10.0; Win64; x64) AppleWebKit/537.36 (KHTML, like Gecko) Chrome/90.0.4430.85 Safari/537.36" "154.78.16.176"
