192.168.0.1 - - [07/Dec/2024:22:58:51 +0000] "GET /api/v1/status HTTP/1.1" 400 513 "https://perez-mcgee.com" "Mozilla/5.0 (Windows NT 10.0; Win64; x64) AppleWebKit/537.36 (KHTML, like Gecko) Chrome/89.0.4389.82 Safari/537.36" "72.222.173.100"
192.168.0.3 - - [19/Nov/2024:22:58:51 +0000] "GET /api/v1/user HTTP/1.1" 404 1493 "https://vasquez.com" "Mozilla/5.0 (Windows NT 10.0; Win64; x64) AppleWebKit/537.36 (KHTML, like Gecko) Chrome/89.0.4389.82 Safari/537.36" "89.196.103.240"
192.168.0.1 - - [21/Nov/2024:22:58:51 +0000] "GET /api/v1/resource HTTP/1.1" 500 3312 "https://mathews.com" "Mozilla/5.0 (Windows NT 6.1; WOW64; rv:33.0) Gecko/20100101 Firefox/33.0" "94.244.165.2"
192.168.0.2 - - [23/Nov/2024:22:58:51 +0000] "GET /api/v1/user HTTP/1.1" 400 3106 "https://mitchell.com" "Mozilla/5.0 (Windows NT 6.1; WOW64; rv:33.0) Gecko/20100101 Firefox/33.0" "58.23.53.137"
192.168.0.1 - - [17/Nov/2024:22:58:51 +0000] "GET /api/v1/login HTTP/1.1" 200 559 "https://avila.org" "Mozilla/5.0 (Windows NT 6.1; WOW64; rv:33.0) Gecko/20100101 Firefox/33.0" "211.99.162.104"
192.168.0.1 - - [06/Dec/2024:22:58:51 +0000] "GET /api/v1/data HTTP/1.1" 500 1308 "https://cox.com" "Mozilla/5.0 (Windows NT 10.0; Win64; x64) AppleWebKit/537.36 (KHTML, like Gecko) Chrome/90.0.4430.85 Safari/537.36" "57.240.134.247"
192.168.0.2 - - [23/Nov/2024:22:58:51 +0000] "GET /api/v1/user HTTP/1.1" 200 2158 "https://stevenson-jackson.com" "Mozilla/5.0 (Windows NT 6.1; WOW64; rv:33.0) Gecko/20100101 Firefox/33.0" "20.244.239.176"
192.168.0.2 - - [08/Nov/2024:22:58:51 +0000] "GET /api/v1/user HTTP/1.1" 200 629 "https://wong.com" "Mozilla/5.0 (Windows NT 6.1; WOW64; rv:33.0) Gecko/20100101 Firefox/33.0" "54.107.100.118"
192.168.0.1 - - [20/Nov/2024:22:58:51 +0000] "GET /api/v1/data HTTP/1.1" 400 2200 "https://fritz.com" "Mozilla/5.0 (Windows NT 6.1; WOW64; rv:33.0) Gecko/20100101 Firefox/33.0" "102.111.29.34"
192.168.0.3 - - [06/Dec/2024:22:58:51 +0000] "GET /api/v1/login HTTP/1.1" 400 1262 "https://mitchell.com" "Mozilla/5.0 (Windows NT 10.0; Win64; x64) AppleWebKit/537.36 (KHTML, like Gecko) Chrome/89.0.4389.82 Safari/537.36" "58.54.33.58"
192.168.0.3 - - [30/Nov/2024:22:58:51 +0000] "GET /api/v1/user HTTP/1.1" 401 2180 "https://moore.com" "Mozilla/5.0 (Windows NT 6.1; WOW64; rv:33.0) Gecko/20100101 Firefox/33.0" "66.248.201.51"
192.168.0.2 - - [08/Nov/2024:22:58:51 +0000] "GET /api/v1/user HTTP/1.1" 400 4914 "https://dorsey.com" "Mozilla/5.0 (Windows NT 6.1; WOW64; rv:33.0) Gecko/20100101 Firefox/33.0" "144.1.18.246"
192.168.0.2 - - [10/Nov/2024:22:58:51 +0000] "GET /api/v1/data HTTP/1.1" 500 1040 "https://benson.org" "Mozilla/5.0 (Windows NT 10.0; Win64; x64) AppleWebKit/537.36 (KHTML, like Gecko) Chrome/89.0.4389.82 Safari/537.36" "109.199.49.229"
192.168.0.2 - - [08/Dec/2024:22:58:51 +0000] "GET /api/v1/login HTTP/1.1" 401 460 "https://jimenez-curry.com" "Mozilla/5.0 (Windows NT 10.0; Win64; x64) AppleWebKit/537.36 (KHTML, like Gecko) Chrome/89.0.4389.82 Safari/537.36" "31.196.68.53"
192.168.0.1 - - [01/Dec/2024:22:58:51 +0000] "GET /api/v1/user HTTP/1.1" 301 2549 "https://short.org" "Mozilla/5.0 (Windows NT 10.0; Win64; x64) AppleWebKit/537.36 (KHTML, like Gecko) Chrome/89.0.4389.82 Safari/537.36" "118.132.61.216"
192.168.0.1 - - [03/Dec/2024:22:58:51 +0000] "GET /api/v1/status HTTP/1.1" 500 3255 "https://lam.com" "Mozilla/5.0 (Windows NT 10.0; Win64; x64) AppleWebKit/537.36 (KHTML, like Gecko) Chrome/89.0.4389.82 Safari/537.36" "192.27.219.228"
192.168.0.3 - - [10/Nov/2024:22:58:51 +0000] "GET /api/v1/user HTTP/1.1" 401 1905 "https://martin.com" "Mozilla/5.0 (Windows NT 10.0; Win64; x64) AppleWebKit/537.36 (KHTML, like Gecko) Chrome/90.0.4430.85 Safari/537.36" "138.229.48.81"
192.168.0.2 - - [25/Nov/2024:22:58:51 +0000] "GET /api/v1/status HTTP/1.1" 200 101 "https://owens-jenkins.com" "Mozilla/5.0 (Windows NT 10.0; Win64; x64) AppleWebKit/537.36 (KHTML, like Gecko) Chrome/89.0.4389.82 Safari/537.36" "205.100.95.152"
192.168.0.2 - - [30/Nov/2024:22:58:51 +0000] "GET /api/v1/data HTTP/1.1" 301 4344 "https://richmond-holland.com" "Mozilla/5.0 (Windows NT 10.0; Win64; x64) AppleWebKit/537.36 (KHTML, like Gecko) Chrome/89.0.4389.82 Safari/537.36" "179.38.74.152"
192.168.0.2 - - [16/Nov/2024:22:58:51 +0000] "GET /api/v1/resource HTTP/1.1" 404 4078 "https://watson.com" "Mozilla/5.0 (Windows NT 10.0; Win64; x64) AppleWebKit/537.36 (KHTML, like Gecko) Chrome/89.0.4389.82 Safari/537.36" "79.2.176.164"
192.168.0.2 - - [21/Nov/2024:22:58:51 +0000] "GET /api/v1/user HTTP/1.1" 404 822 "https://diaz-nielsen.info" "Mozilla/5.0 (Windows NT 6.1; WOW64; rv:33.0) Gecko/20100101 Firefox/33.0" "201.241.153.228"
192.168.0.2 - - [08/Nov/2024:22:58:51 +0000] "GET /api/v1/resource HTTP/1.1" 400 2302 "https://garcia-edwards.com" "Mozilla/5.0 (Windows NT 10.0; Win64; x64) AppleWebKit/537.36 (KHTML, like Gecko) Chrome/89.0.4389.82 Safari/537.36" "187.180.106.240"
192.168.0.2 - - [24/Nov/2024:22:58:51 +0000] "GET /api/v1/status HTTP/1.1" 500 4390 "https://roberts-johnson.com" "Mozilla/5.0 (Windows NT 10.0; Win64; x64) AppleWebKit/537.36 (KHTML, like Gecko) Chrome/90.0.4430.85 Safari/537.36" "115.108.188.216"
192.168.0.2 - - [26/Nov/2024:22:58:51 +0000] "GET /api/v1/status HTTP/1.1" 500 956 "https://garrett-nguyen.net" "Mozilla/5.0 (Windows NT 10.0; Win64; x64) AppleWebKit/537.36 (KHTML, like Gecko) Chrome/90.0.4430.85 Safari/537.36" "181.176.217.170"
192.168.0.2 - - [23/Nov/2024:22:58:51 +0000] "GET /api/v1/login HTTP/1.1" 404 1790 "https://powell.com" "Mozilla/5.0 (Windows NT 10.0; Win64; x64) AppleWebKit/537.36 (KHTML, like Gecko) Chrome/90.0.4430.85 Safari/537.36" "13.53.6.213"
192.168.0.2 - - [30/Nov/2024:22:58:51 +0000] "GET /api/v1/user HTTP/1.1" 500 3203 "https://mendoza.com" "Mozilla/5.0 (Windows NT 6.1; WOW64; rv:33.0) Gecko/20100101 Firefox/33.0" "126.160.80.65"
192.168.0.2 - - [23/Nov/2024:22:58:51 +0000] "GET /api/v1/data HTTP/1.1" 500 3590 "https://phillips.com" "Mozilla/5.0 (Windows NT 10.0; Win64; x64) AppleWebKit/537.36 (KHTML, like Gecko) Chrome/90.0.4430.85 Safari/537.36" "181.7.174.243"
192.168.0.3 - - [25/Nov/2024:22:58:51 +0000] "GET /api/v1/login HTTP/1.1" 400 3596 "https://vasquez.com" "Mozilla/5.0 (Windows NT 10.0; Win64; x64) AppleWebKit/537.36 (KHTML, like Gecko) Chrome/89.0.4389.82 Safari/537.36" "69.246.1.217"
192.168.0.1 - - [08/Dec/2024:22:58:51 +0000] "GET /api/v1/data HTTP/1.1" 401 1036 "https://torres.com" "Mozilla/5.0 (Windows NT 10.0; Win64; x64) AppleWebKit/537.36 (KHTML, like Gecko) Chrome/90.0.4430.85 Safari/537.36" "29.226.149.231"
192.168.0.3 - - [12/Nov/2024:22:58:51 +0000] "GET /api/v1/login HTTP/1.1" 400 3664 "https://rodriguez.com" "Mozilla/5.0 (Windows NT 6.1; WOW64; rv:33.0) Gecko/20100101 Firefox/33.0" "181.206.113.32"
192.168.0.2 - - [16/Nov/2024:22:58:51 +0000] "GET /api/v1/status HTTP/1.1" 404 4193 "https://crawford.org" "Mozilla/5.0 (Windows NT 6.1; WOW64; rv:33.0) Gecko/20100101 Firefox/33.0" "56.25.246.43"
192.168.0.3 - - [02/Dec/2024:22:58:51 +0000] "GET /api/v1/resource HTTP/1.1" 500 843 "https://matthews-king.com" "Mozilla/5.0 (Windows NT 6.1; WOW64; rv:33.0) Gecko/20100101 Firefox/33.0" "123.34.156.91"
192.168.0.1 - - [01/Dec/2024:22:58:51 +0000] "GET /api/v1/login HTTP/1.1" 301 3973 "https://finley.com" "Mozilla/5.0 (Windows NT 6.1; WOW64; rv:33.0) Gecko/20100101 Firefox/33.0" "158.204.111.182"
192.168.0.1 - - [21/Nov/2024:22:58:51 +0000] "GET /api/v1/status HTTP/1.1" 401 990 "https://richardson-gibson.com" "Mozilla/5.0 (Windows NT 10.0; Win64; x64) AppleWebKit/537.36 (KHTML, like Gecko) Chrome/90.0.4430.85 Safari/537.36" "145.185.25.229"
192.168.0.1 - - [05/Dec/2024:22:58:51 +0000] "GET /api/v1/data HTTP/1.1" 404 3513 "https://grant-petersen.com" "Mozilla/5.0 (Windows NT 10.0; Win64; x64) AppleWebKit/537.36 (KHTML, like Gecko) Chrome/90.0.4430.85 Safari/537.36" "216.109.199.23"
192.168.0.2 - - [17/Nov/2024:22:58:51 +0000] "GET /api/v1/resource HTTP/1.1" 301 3113 "https://archer-shaffer.com" "Mozilla/5.0 (Windows NT 10.0; Win64; x64) AppleWebKit/537.36 (KHTML, like Gecko) Chrome/89.0.4389.82 Safari/537.36" "3.96.130.159"
192.168.0.3 - - [07/Dec/2024:22:58:51 +0000] "GET /api/v1/user HTTP/1.1" 404 2330 "https://welch.com" "Mozilla/5.0 (Windows NT 6.1; WOW64; rv:33.0) Gecko/20100101 Firefox/33.0" "99.122.55.234"
192.168.0.1 - - [05/Dec/2024:22:58:51 +0000] "GET /api/v1/data HTTP/1.1" 404 815 "https://lewis-donovan.net" "Mozilla/5.0 (Windows NT 10.0; Win64; x64) AppleWebKit/537.36 (KHTML, like Gecko) Chrome/89.0.4389.82 Safari/537.36" "31.133.76.240"
192.168.0.1 - - [03/Dec/2024:22:58:51 +0000] "GET /api/v1/login HTTP/1.1" 400 1032 "https://ellis.info" "Mozilla/5.0 (Windows NT 10.0; Win64; x64) AppleWebKit/537.36 (KHTML, like Gecko) Chrome/89.0.4389.82 Safari/537.36" "74.119.157.217"
192.168.0.1 - - [17/Nov/2024:22:58:51 +0000] "GET /api/v1/user HTTP/1.1" 404 421 "https://morgan-thomas.net" "Mozilla/5.0 (Windows NT 10.0; Win64; x64) AppleWebKit/537.36 (KHTML, like Gecko) Chrome/89.0.4389.82 Safari/537.36" "216.149.157.70"
192.168.0.1 - - [23/Nov/2024:22:58:51 +0000] "GET /api/v1/login HTTP/1.1" 401 2235 "https://washington.com" "Mozilla/5.0 (Windows NT 10.0; Win64; x64) AppleWebKit/537.36 (KHTML, like Gecko) Chrome/90.0.4430.85 Safari/537.36" "121.154.184.16"
192.168.0.1 - - [08/Dec/2024:22:58:51 +0000] "GET /api/v1/data HTTP/1.1" 500 933 "https://ray.com" "Mozilla/5.0 (Windows NT 10.0; Win64; x64) AppleWebKit/537.36 (KHTML, like Gecko) Chrome/90.0.4430.85 Safari/537.36" "213.71.229.20"
192.168.0.2 - - [16/Nov/2024:22:58:51 +0000] "GET /api/v1/data HTTP/1.1" 301 2482 "https://smith.net" "Mozilla/5.0 (Windows NT 6.1; WOW64; rv:33.0) Gecko/20100101 Firefox/33.0" "65.158.238.150"
192.168.0.1 - - [12/Nov/2024:22:58:51 +0000] "GET /api/v1/status HTTP/1.1" 200 740 "https://martin.com" "Mozilla/5.0 (Windows NT 10.0; Win64; x64) AppleWebKit/537.36 (KHTML, like Gecko) Chrome/90.0.4430.85 Safari/537.36" "122.116.8.60"
192.168.0.3 - - [26/Nov/2024:22:58:51 +0000] "GET /api/v1/status HTTP/1.1" 500 2582 "https://allen.com" "Mozilla/5.0 (Windows NT 10.0; Win64; x64) AppleWebKit/537.36 (KHTML, like Gecko) Chrome/90.0.4430.85 Safari/537.36" "210.117.188.5"
192.168.0.2 - - [19/Nov/2024:22:58:51 +0000] "GET /api/v1/resource HTTP/1.1" 401 1830 "https://tyler-perry.org" "Mozilla/5.0 (Windows NT 10.0; Win64; x64) AppleWebKit/537.36 (KHTML, like Gecko) Chrome/90.0.4430.85 Safari/537.36" "173.50.69.103"
192.168.0.3 - - [17/Nov/2024:22:58:51 +0000] "GET /api/v1/data HTTP/1.1" 500 2953 "https://ware-johnson.com" "Mozilla/5.0 (Windows NT 10.0; Win64; x64) AppleWebKit/537.36 (KHTML, like Gecko) Chrome/89.0.4389.82 Safari/537.36" "105.199.137.41"
192.168.0.3 - - [20/Nov/2024:22:58:51 +0000] "GET /api/v1/login HTTP/1.1" 404 340 "https://jenkins.com" "Mozilla/5.0 (Windows NT 10.0; Win64; x64) AppleWebKit/537.36 (KHTML, like Gecko) Chrome/90.0.4430.85 Safari/537.36" "113.88.160.182"
192.168.0.2 - - [30/Nov/2024:22:58:51 +0000] "GET /api/v1/resource HTTP/1.1" 500 4201 "https://maldonado.org" "Mozilla/5.0 (Windows NT 10.0; Win64; x64) AppleWebKit/537.36 (KHTML, like Gecko) Chrome/90.0.4430.85 Safari/537.36" "64.248.128.210"
192.168.0.1 - - [09/Nov/2024:22:58:51 +0000] "GET /api/v1/resource HTTP/1.1" 401 2663 "https://perez.biz" "Mozilla/5.0 (Windows NT 6.1; WOW64; rv:33.0) Gecko/20100101 Firefox/33.0" "24.42.159.42"
192.168.0.2 - - [30/Nov/2024:22:58:51 +0000] "GET /api/v1/user HTTP/1.1" 500 4879 "https://brooks.org" "Mozilla/5.0 (Windows NT 10.0; Win64; x64) AppleWebKit/537.36 (KHTML, like Gecko) Chrome/89.0.4389.82 Safari/537.36" "204.181.70.39"
192.168.0.2 - - [21/Nov/2024:22:58:51 +0000] "GET /api/v1/data HTTP/1.1" 200 2040 "https://graham-gonzales.org" "Mozilla/5.0 (Windows NT 6.1; WOW64; rv:33.0) Gecko/20100101 Firefox/33.0" "2.209.68.1"
192.168.0.1 - - [17/Nov/2024:22:58:51 +0000] "GET /api/v1/resource HTTP/1.1" 500 3276 "https://rodriguez.com" "Mozilla/5.0 (Windows NT 10.0; Win64; x64) AppleWebKit/537.36 (KHTML, like Gecko) Chrome/89.0.4389.82 Safari/537.36" "190.237.169.96"
192.168.0.3 - - [28/Nov/2024:22:58:51 +0000] "GET /api/v1/data HTTP/1.1" 404 4633 "https://garcia.com" "Mozilla/5.0 (Windows NT 10.0; Win64; x64) AppleWebKit/537.36 (KHTML, like Gecko) Chrome/89.0.4389.82 Safari/537.36" "168.53.82.147"
192.168.0.2 - - [14/Nov/2024:22:58:51 +0000] "GET /api/v1/data HTTP/1.1" 301 792 "https://giles.com" "Mozilla/5.0 (Windows NT 10.0; Win64; x64) AppleWebKit/537.36 (KHTML, like Gecko) Chrome/90.0.4430.85 Safari/537.36" "19.78.5.71"
192.168.0.2 - - [21/Nov/2024:22:58:51 +0000] "GET /api/v1/data HTTP/1.1" 400 3238 "https://harris.com" "Mozilla/5.0 (Windows NT 10.0; Win64; x64) AppleWebKit/537.36 (KHTML, like Gecko) Chrome/90.0.4430.85 Safari/537.36" "157.154.111.62"
192.168.0.3 - - [07/Dec/2024:22:58:51 +0000] "GET /api/v1/login HTTP/1.1" 401 3470 "https://torres-fox.info" "Mozilla/5.0 (Windows NT 10.0; Win64; x64) AppleWebKit/537.36 (KHTML, like Gecko) Chrome/90.0.4430.85 Safari/537.36" "151.91.132.105"
192.168.0.3 - - [21/Nov/2024:22:58:51 +0000] "GET /api/v1/status HTTP/1.1" 404 1448 "https://simpson-stone.info" "Mozilla/5.0 (Windows NT 10.0; Win64; x64) AppleWebKit/537.36 (KHTML, like Gecko) Chrome/89.0.4389.82 Safari/537.36" "185.214.52.224"
192.168.0.2 - - [04/Dec/2024:22:58:51 +0000] "GET /api/v1/data HTTP/1.1" 404 3159 "https://cruz.net" "Mozilla/5.0 (Windows NT 10.0; Win64; x64) AppleWebKit/537.36 (KHTML, like Gecko) Chrome/90.0.4430.85 Safari/537.36" "46.78.52.241"
192.168.0.2 - - [03/Dec/2024:22:58:51 +0000] "GET /api/v1/login HTTP/1.1" 301 4156 "https://wright-edwards.com" "Mozilla/5.0 (Windows NT 10.0; Win64; x64) AppleWebKit/537.36 (KHTML, like Gecko) Chrome/90.0.4430.85 Safari/537.36" "134.114.22.134"
192.168.0.2 - - [20/Nov/2024:22:58:51 +0000] "GET /api/v1/status HTTP/1.1" 301 3178 "https://raymond.org" "Mozilla/5.0 (Windows NT 10.0; Win64; x64) AppleWebKit/537.36 (KHTML, like Gecko) Chrome/90.0.4430.85 Safari/537.36" "188.17.153.238"
192.168.0.1 - - [27/Nov/2024:22:58:51 +0000] "GET /api/v1/data HTTP/1.1" 400 3710 "https://dunn-gibson.com" "Mozilla/5.0 (Windows NT 10.0; Win64; x64) AppleWebKit/537.36 (KHTML, like Gecko) Chrome/90.0.4430.85 Safari/537.36" "106.88.14.30"
192.168.0.2 - - [14/Nov/2024:22:58:51 +0000] "GET /api/v1/login HTTP/1.1" 500 4674 "https://maynard.com" "Mozilla/5.0 (Windows NT 6.1; WOW64; rv:33.0) Gecko/20100101 Firefox/33.0" "78.34.177.18"
192.168.0.1 - - [09/Nov/2024:22:58:51 +0000] "GET /api/v1/resource HTTP/1.1" 301 4214 "https://nielsen.org" "Mozilla/5.0 (Windows NT 6.1; WOW64; rv:33.0) Gecko/20100101 Firefox/33.0" "53.70.54.36"
192.168.0.2 - - [08/Nov/2024:22:58:51 +0000] "GET /api/v1/data HTTP/1.1" 500 3869 "https://barnes.org" "Mozilla/5.0 (Windows NT 6.1; WOW64; rv:33.0) Gecko/20100101 Firefox/33.0" "94.37.48.229"
192.168.0.3 - - [15/Nov/2024:22:58:51 +0000] "GET /api/v1/login HTTP/1.1" 200 3983 "https://lee.com" "Mozilla/5.0 (Windows NT 10.0; Win64; x64) AppleWebKit/537.36 (KHTML, like Gecko) Chrome/89.0.4389.82 Safari/537.36" "153.101.88.51"
192.168.0.1 - - [08/Dec/2024:22:58:51 +0000] "GET /api/v1/login HTTP/1.1" 500 4431 "https://little.info" "Mozilla/5.0 (Windows NT 10.0; Win64; x64) AppleWebKit/537.36 (KHTML, like Gecko) Chrome/89.0.4389.82 Safari/537.36" "208.170.202.148"
192.168.0.3 - - [22/Nov/2024:22:58:51 +0000] "GET /api/v1/login HTTP/1.1" 404 3612 "https://wilkins.biz" "Mozilla/5.0 (Windows NT 10.0; Win64; x64) AppleWebKit/537.36 (KHTML, like Gecko) Chrome/90.0.4430.85 Safari/537.36" "90.228.150.170"
192.168.0.3 - - [08/Nov/2024:22:58:51 +0000] "GET /api/v1/data HTTP/1.1" 404 2146 "https://lambert.com" "Mozilla/5.0 (Windows NT 10.0; Win64; x64) AppleWebKit/537.36 (KHTML, like Gecko) Chrome/90.0.4430.85 Safari/537.36" "33.131.210.239"
192.168.0.3 - - [06/Dec/2024:22:58:51 +0000] "GET /api/v1/user HTTP/1.1" 200 2589 "https://mcguire-matthews.net" "Mozilla/5.0 (Windows NT 10.0; Win64; x64) AppleWebKit/537.36 (KHTML, like Gecko) Chrome/89.0.4389.82 Safari/537.36" "214.152.100.0"
192.168.0.3 - - [23/Nov/2024:22:58:51 +0000] "GET /api/v1/resource HTTP/1.1" 500 1037 "https://jones-maynard.org" "Mozilla/5.0 (Windows NT 10.0; Win64; x64) AppleWebKit/537.36 (KHTML, like Gecko) Chrome/90.0.4430.85 Safari/537.36" "150.115.181.98"
192.168.0.1 - - [08/Nov/2024:22:58:51 +0000] "GET /api/v1/data HTTP/1.1" 400 2254 "https://cuevas.com" "Mozilla/5.0 (Windows NT 10.0; Win64; x64) AppleWebKit/537.36 (KHTML, like Gecko) Chrome/89.0.4389.82 Safari/537.36" "123.139.79.59"
192.168.0.1 - - [13/Nov/2024:22:58:51 +0000] "GET /api/v1/login HTTP/1.1" 400 2714 "https://powers.biz" "Mozilla/5.0 (Windows NT 10.0; Win64; x64) AppleWebKit/537.36 (KHTML, like Gecko) Chrome/90.0.4430.85 Safari/537.36" "144.60.119.29"
192.168.0.2 - - [18/Nov/2024:22:58:51 +0000] "GET /api/v1/user HTTP/1.1" 500 1330 "https://ramirez.org" "Mozilla/5.0 (Windows NT 6.1; WOW64; rv:33.0) Gecko/20100101 Firefox/33.0" "203.93.17.80"
192.168.0.2 - - [09/Nov/2024:22:58:51 +0000] "GET /api/v1/data HTTP/1.1" 500 3015 "https://king-davis.com" "Mozilla/5.0 (Windows NT 6.1; WOW64; rv:33.0) Gecko/20100101 Firefox/33.0" "20.207.61.23"
192.168.0.2 - - [17/Nov/2024:22:58:51 +0000] "GET /api/v1/user HTTP/1.1" 200 4680 "https://foster.com" "Mozilla/5.0 (Windows NT 10.0; Win64; x64) AppleWebKit/537.36 (KHTML, like Gecko) Chrome/90.0.4430.85 Safari/537.36" "67.166.140.148"
192.168.0.2 - - [24/Nov/2024:22:58:51 +0000] "GET /api/v1/user HTTP/1.1" 301 134 "https://young-shaw.info" "Mozilla/5.0 (Windows NT 10.0; Win64; x64) AppleWebKit/537.36 (KHTML, like Gecko) Chrome/89.0.4389.82 Safari/537.36" "3.179.69.203"
192.168.0.2 - - [25/Nov/2024:22:58:51 +0000] "GET /api/v1/user HTTP/1.1" 301 3488 "https://mathis-white.info" "Mozilla/5.0 (Windows NT 10.0; Win64; x64) AppleWebKit/537.36 (KHTML, like Gecko) Chrome/90.0.4430.85 Safari/537.36" "6.119.195.135"
192.168.0.1 - - [24/Nov/2024:22:58:51 +0000] "GET /api/v1/user HTTP/1.1" 400 3954 "https://rodriguez.com" "Mozilla/5.0 (Windows NT 10.0; Win64; x64) AppleWebKit/537.36 (KHTML, like Gecko) Chrome/90.0.4430.85 Safari/537.36" "202.210.234.116"
192.168.0.2 - - [24/Nov/2024:22:58:51 +0000] "GET /api/v1/status HTTP/1.1" 401 1515 "https://shaw-ross.com" "Mozilla/5.0 (Windows NT 6.1; WOW64; rv:33.0) Gecko/20100101 Firefox/33.0" "154.6.236.183"
192.168.0.1 - - [20/Nov/2024:22:58:51 +0000] "GET /api/v1/user HTTP/1.1" 401 1898 "https://warren.com" "Mozilla/5.0 (Windows NT 10.0; Win64; x64) AppleWebKit/537.36 (KHTML, like Gecko) Chrome/89.0.4389.82 Safari/537.36" "144.5.171.165"
192.168.0.2 - - [09/Nov/2024:22:58:51 +0000] "GET /api/v1/user HTTP/1.1" 200 4472 "https://bautista-hayes.com" "Mozilla/5.0 (Windows NT 10.0; Win64; x64) AppleWebKit/537.36 (KHTML, like Gecko) Chrome/89.0.4389.82 Safari/537.36" "211.16.235.129"
192.168.0.3 - - [08/Nov/2024:22:58:51 +0000] "GET /api/v1/data HTTP/1.1" 401 3259 "https://mcclure-hunter.com" "Mozilla/5.0 (Windows NT 6.1; WOW64; rv:33.0) Gecko/20100101 Firefox/33.0" "177.134.155.95"
192.168.0.3 - - [01/Dec/2024:22:58:51 +0000] "GET /api/v1/status HTTP/1.1" 301 1786 "https://bailey.net" "Mozilla/5.0 (Windows NT 6.1; WOW64; rv:33.0) Gecko/20100101 Firefox/33.0" "53.72.251.202"
192.168.0.2 - - [02/Dec/2024:22:58:51 +0000] "GET /api/v1/user HTTP/1.1" 404 4326 "https://myers.net" "Mozilla/5.0 (Windows NT 10.0; Win64; x64) AppleWebKit/537.36 (KHTML, like Gecko) Chrome/89.0.4389.82 Safari/537.36" "175.180.87.181"
192.168.0.1 - - [08/Dec/2024:22:58:51 +0000] "GET /api/v1/user HTTP/1.1" 401 3419 "https://morgan-moore.com" "Mozilla/5.0 (Windows NT 10.0; Win64; x64) AppleWebKit/537.36 (KHTML, like Gecko) Chrome/89.0.4389.82 Safari/537.36" "113.180.96.190"
192.168.0.1 - - [17/Nov/2024:22:58:51 +0000] "GET /api/v1/data HTTP/1.1" 400 1373 "https://chavez.com" "Mozilla/5.0 (Windows NT 6.1; WOW64; rv:33.0) Gecko/20100101 Firefox/33.0" "223.149.85.181"
192.168.0.1 - - [19/Nov/2024:22:58:51 +0000] "GET /api/v1/data HTTP/1.1" 401 2445 "https://johnson-hutchinson.org" "Mozilla/5.0 (Windows NT 6.1; WOW64; rv:33.0) Gecko/20100101 Firefox/33.0" "176.52.210.159"
192.168.0.3 - - [27/Nov/2024:22:58:51 +0000] "GET /api/v1/user HTTP/1.1" 400 1801 "https://mendoza.com" "Mozilla/5.0 (Windows NT 10.0; Win64; x64) AppleWebKit/537.36 (KHTML, like Gecko) Chrome/90.0.4430.85 Safari/537.36" "38.246.205.205"
192.168.0.1 - - [23/Nov/2024:22:58:51 +0000] "GET /api/v1/user HTTP/1.1" 404 5000 "https://cortez-swanson.com" "Mozilla/5.0 (Windows NT 6.1; WOW64; rv:33.0) Gecko/20100101 Firefox/33.0" "14.114.146.98"
192.168.0.2 - - [08/Nov/2024:22:58:51 +0000] "GET /api/v1/data HTTP/1.1" 500 2098 "https://barker.com" "Mozilla/5.0 (Windows NT 6.1; WOW64; rv:33.0) Gecko/20100101 Firefox/33.0" "11.166.174.81"
192.168.0.2 - - [05/Dec/2024:22:58:51 +0000] "GET /api/v1/data HTTP/1.1" 400 166 "https://tran.com" "Mozilla/5.0 (Windows NT 10.0; Win64; x64) AppleWebKit/537.36 (KHTML, like Gecko) Chrome/90.0.4430.85 Safari/537.36" "111.79.169.64"
192.168.0.2 - - [25/Nov/2024:22:58:51 +0000] "GET /api/v1/data HTTP/1.1" 500 4328 "https://singleton-stephenson.com" "Mozilla/5.0 (Windows NT 6.1; WOW64; rv:33.0) Gecko/20100101 Firefox/33.0" "155.200.120.62"
192.168.0.2 - - [24/Nov/2024:22:58:51 +0000] "GET /api/v1/data HTTP/1.1" 404 460 "https://strickland.net" "Mozilla/5.0 (Windows NT 10.0; Win64; x64) AppleWebKit/537.36 (KHTML, like Gecko) Chrome/90.0.4430.85 Safari/537.36" "133.66.62.64"
192.168.0.1 - - [22/Nov/2024:22:58:51 +0000] "GET /api/v1/login HTTP/1.1" 400 1022 "https://mckinney.com" "Mozilla/5.0 (Windows NT 10.0; Win64; x64) AppleWebKit/537.36 (KHTML, like Gecko) Chrome/89.0.4389.82 Safari/537.36" "86.108.50.223"
192.168.0.2 - - [21/Nov/2024:22:58:51 +0000] "GET /api/v1/user HTTP/1.1" 500 3336 "https://howell.com" "Mozilla/5.0 (Windows NT 6.1; WOW64; rv:33.0) Gecko/20100101 Firefox/33.0" "211.64.221.162"
192.168.0.2 - - [10/Nov/2024:22:58:51 +0000] "GET /api/v1/status HTTP/1.1" 200 2792 "https://stone-brown.com" "Mozilla/5.0 (Windows NT 10.0; Win64; x64) AppleWebKit/537.36 (KHTML, like Gecko) Chrome/89.0.4389.82 Safari/537.36" "41.221.1.212"
192.168.0.1 - - [09/Nov/2024:22:58:51 +0000] "GET /api/v1/data HTTP/1.1" 404 4542 "https://king-taylor.com" "Mozilla/5.0 (Windows NT 10.0; Win64; x64) AppleWebKit/537.36 (KHTML, like Gecko) Chrome/89.0.4389.82 Safari/537.36" "119.131.29.237"
192.168.0.2 - - [23/Nov/2024:22:58:51 +0000] "GET /api/v1/login HTTP/1.1" 401 4482 "https://guerrero.biz" "Mozilla/5.0 (Windows NT 6.1; WOW64; rv:33.0) Gecko/20100101 Firefox/33.0" "208.233.165.100"
192.168.0.2 - - [22/Nov/2024:22:58:51 +0000] "GET /api/v1/user HTTP/1.1" 301 452 "https://freeman.com" "Mozilla/5.0 (Windows NT 10.0; Win64; x64) AppleWebKit/537.36 (KHTML, like Gecko) Chrome/90.0.4430.85 Safari/537.36" "89.49.114.119"
192.168.0.1 - - [15/Nov/2024:22:58:51 +0000] "GET /api/v1/status HTTP/1.1" 400 4775 "https://morales.com" "Mozilla/5.0 (Windows NT 10.0; Win64; x64) AppleWebKit/537.36 (KHTML, like Gecko) Chrome/89.0.4389.82 Safari/537.36" "152.9.89.31"
192.168.0.1 - - [03/Dec/2024:22:58:51 +0000] "GET /api/v1/data HTTP/1.1" 301 4825 "https://padilla.com" "Mozilla/5.0 (Windows NT 10.0; Win64; x64) AppleWebKit/537.36 (KHTML, like Gecko) Chrome/90.0.4430.85 Safari/537.36" "3.84.65.158"
192.168.0.2 - - [20/Nov/2024:22:58:51 +0000] "GET /api/v1/login HTTP/1.1" 200 2710 "https://hicks-allison.com" "Mozilla/5.0 (Windows NT 6.1; WOW64; rv:33.0) Gecko/20100101 Firefox/33.0" "194.71.184.80"
192.168.0.2 - - [26/Nov/2024:22:58:51 +0000] "GET /api/v1/status HTTP/1.1" 500 2608 "https://taylor-hall.biz" "Mozilla/5.0 (Windows NT 10.0; Win64; x64) AppleWebKit/537.36 (KHTML, like Gecko) Chrome/90.0.4430.85 Safari/537.36" "205.243.148.202"
192.168.0.1 - - [14/Nov/2024:22:58:51 +0000] "GET /api/v1/status HTTP/1.1" 404 2017 "https://odom.com" "Mozilla/5.0 (Windows NT 10.0; Win64; x64) AppleWebKit/537.36 (KHTML, like Gecko) Chrome/89.0.4389.82 Safari/537.36" "87.6.224.17"
192.168.0.3 - - [27/Nov/2024:22:58:51 +0000] "GET /api/v1/user HTTP/1.1" 401 2607 "https://hall-henry.com" "Mozilla/5.0 (Windows NT 10.0; Win64; x64) AppleWebKit/537.36 (KHTML, like Gecko) Chrome/90.0.4430.85 Safari/537.36" "164.144.211.49"
192.168.0.2 - - [20/Nov/2024:22:58:51 +0000] "GET /api/v1/resource HTTP/1.1" 404 1540 "https://zuniga.com" "Mozilla/5.0 (Windows NT 6.1; WOW64; rv:33.0) Gecko/20100101 Firefox/33.0" "2.32.98.206"
192.168.0.1 - - [20/Nov/2024:22:58:51 +0000] "GET /api/v1/login HTTP/1.1" 301 2743 "https://jones.com" "Mozilla/5.0 (Windows NT 6.1; WOW64; rv:33.0) Gecko/20100101 Firefox/33.0" "6.97.90.104"
192.168.0.2 - - [24/Nov/2024:22:58:51 +0000] "GET /api/v1/user HTTP/1.1" 301 2034 "https://nelson.info" "Mozilla/5.0 (Windows NT 10.0; Win64; x64) AppleWebKit/537.36 (KHTML, like Gecko) Chrome/90.0.4430.85 Safari/537.36" "119.174.185.33"
192.168.0.1 - - [05/Dec/2024:22:58:51 +0000] "GET /api/v1/status HTTP/1.1" 500 1721 "https://joseph.org" "Mozilla/5.0 (Windows NT 10.0; Win64; x64) AppleWebKit/537.36 (KHTML, like Gecko) Chrome/89.0.4389.82 Safari/537.36" "85.120.198.184"
192.168.0.3 - - [18/Nov/2024:22:58:51 +0000] "GET /api/v1/data HTTP/1.1" 404 422 "https://whitaker-reeves.com" "Mozilla/5.0 (Windows NT 10.0; Win64; x64) AppleWebKit/537.36 (KHTML, like Gecko) Chrome/89.0.4389.82 Safari/537.36" "102.148.4.100"
192.168.0.2 - - [18/Nov/2024:22:58:51 +0000] "GET /api/v1/resource HTTP/1.1" 401 4739 "https://schwartz.com" "Mozilla/5.0 (Windows NT 10.0; Win64; x64) AppleWebKit/537.36 (KHTML, like Gecko) Chrome/90.0.4430.85 Safari/537.36" "2.154.21.202"
192.168.0.1 - - [14/Nov/2024:22:58:51 +0000] "GET /api/v1/data HTTP/1.1" 400 393 "https://bowman.com" "Mozilla/5.0 (Windows NT 10.0; Win64; x64) AppleWebKit/537.36 (KHTML, like Gecko) Chrome/89.0.4389.82 Safari/537.36" "219.60.20.5"
192.168.0.2 - - [05/Dec/2024:22:58:51 +0000] "GET /api/v1/data HTTP/1.1" 200 2306 "https://wheeler.biz" "Mozilla/5.0 (Windows NT 10.0; Win64; x64) AppleWebKit/537.36 (KHTML, like Gecko) Chrome/90.0.4430.85 Safari/537.36" "172.61.233.164"
192.168.0.1 - - [05/Dec/2024:22:58:51 +0000] "GET /api/v1/resource HTTP/1.1" 301 858 "https://lopez.net" "Mozilla/5.0 (Windows NT 6.1; WOW64; rv:33.0) Gecko/20100101 Firefox/33.0" "163.250.101.48"
192.168.0.1 - - [28/Nov/2024:22:58:51 +0000] "GET /api/v1/user HTTP/1.1" 500 1635 "https://jones.com" "Mozilla/5.0 (Windows NT 10.0; Win64; x64) AppleWebKit/537.36 (KHTML, like Gecko) Chrome/89.0.4389.82 Safari/537.36" "200.138.138.56"
192.168.0.3 - - [24/Nov/2024:22:58:51 +0000] "GET /api/v1/status HTTP/1.1" 400 2732 "https://jackson.com" "Mozilla/5.0 (Windows NT 10.0; Win64; x64) AppleWebKit/537.36 (KHTML, like Gecko) Chrome/89.0.4389.82 Safari/537.36" "11.193.156.205"
192.168.0.3 - - [18/Nov/2024:22:58:51 +0000] "GET /api/v1/data HTTP/1.1" 400 1075 "https://gray-morris.net" "Mozilla/5.0 (Windows NT 6.1; WOW64; rv:33.0) Gecko/20100101 Firefox/33.0" "67.0.94.121"
192.168.0.1 - - [27/Nov/2024:22:58:51 +0000] "GET /api/v1/status HTTP/1.1" 301 2725 "https://castillo.net" "Mozilla/5.0 (Windows NT 6.1; WOW64; rv:33.0) Gecko/20100101 Firefox/33.0" "170.128.201.65"
192.168.0.2 - - [25/Nov/2024:22:58:51 +0000] "GET /api/v1/status HTTP/1.1" 401 2054 "https://jones.com" "Mozilla/5.0 (Windows NT 10.0; Win64; x64) AppleWebKit/537.36 (KHTML, like Gecko) Chrome/89.0.4389.82 Safari/537.36" "55.73.167.137"
192.168.0.3 - - [28/Nov/2024:22:58:51 +0000] "GET /api/v1/resource HTTP/1.1" 400 4872 "https://martin-murphy.com" "Mozilla/5.0 (Windows NT 10.0; Win64; x64) AppleWebKit/537.36 (KHTML, like Gecko) Chrome/90.0.4430.85 Safari/537.36" "33.71.167.34"
192.168.0.1 - - [02/Dec/2024:22:58:51 +0000] "GET /api/v1/login HTTP/1.1" 200 328 "https://kelley-taylor.com" "Mozilla/5.0 (Windows NT 10.0; Win64; x64) AppleWebKit/537.36 (KHTML, like Gecko) Chrome/90.0.4430.85 Safari/537.36" "40.165.122.219"
192.168.0.3 - - [20/Nov/2024:22:58:51 +0000] "GET /api/v1/status HTTP/1.1" 500 4135 "https://robbins.com" "Mozilla/5.0 (Windows NT 6.1; WOW64; rv:33.0) Gecko/20100101 Firefox/33.0" "51.95.47.195"
192.168.0.2 - - [08/Nov/2024:22:58:51 +0000] "GET /api/v1/data HTTP/1.1" 401 270 "https://owens.info" "Mozilla/5.0 (Windows NT 6.1; WOW64; rv:33.0) Gecko/20100101 Firefox/33.0" "121.162.76.171"
192.168.0.3 - - [14/Nov/2024:22:58:51 +0000] "GET /api/v1/resource HTTP/1.1" 400 4003 "https://lopez-cole.biz" "Mozilla/5.0 (Windows NT 6.1; WOW64; rv:33.0) Gecko/20100101 Firefox/33.0" "70.81.150.13"
192.168.0.1 - - [26/Nov/2024:22:58:51 +0000] "GET /api/v1/login HTTP/1.1" 401 822 "https://wright.com" "Mozilla/5.0 (Windows NT 10.0; Win64; x64) AppleWebKit/537.36 (KHTML, like Gecko) Chrome/90.0.4430.85 Safari/537.36" "14.178.152.128"
192.168.0.3 - - [26/Nov/2024:22:58:51 +0000] "GET /api/v1/user HTTP/1.1" 400 2895 "https://dean-gross.biz" "Mozilla/5.0 (Windows NT 10.0; Win64; x64) AppleWebKit/537.36 (KHTML, like Gecko) Chrome/90.0.4430.85 Safari/537.36" "104.180.172.170"
192.168.0.1 - - [29/Nov/2024:22:58:51 +0000] "GET /api/v1/status HTTP/1.1" 400 3215 "https://jones.com" "Mozilla/5.0 (Windows NT 10.0; Win64; x64) AppleWebKit/537.36 (KHTML, like Gecko) Chrome/90.0.4430.85 Safari/537.36" "214.37.20.237"
192.168.0.1 - - [09/Nov/2024:22:58:51 +0000] "GET /api/v1/login HTTP/1.1" 404 4003 "https://hughes.info" "Mozilla/5.0 (Windows NT 10.0; Win64; x64) AppleWebKit/537.36 (KHTML, like Gecko) Chrome/90.0.4430.85 Safari/537.36" "76.52.156.178"
192.168.0.3 - - [25/Nov/2024:22:58:51 +0000] "GET /api/v1/resource HTTP/1.1" 200 3279 "https://dyer.net" "Mozilla/5.0 (Windows NT 10.0; Win64; x64) AppleWebKit/537.36 (KHTML, like Gecko) Chrome/89.0.4389.82 Safari/537.36" "80.77.123.230"
192.168.0.2 - - [03/Dec/2024:22:58:51 +0000] "GET /api/v1/user HTTP/1.1" 500 1049 "https://lee.com" "Mozilla/5.0 (Windows NT 6.1; WOW64; rv:33.0) Gecko/20100101 Firefox/33.0" "205.0.121.15"
192.168.0.1 - - [11/Nov/2024:22:58:51 +0000] "GET /api/v1/login HTTP/1.1" 301 1161 "https://elliott.com" "Mozilla/5.0 (Windows NT 6.1; WOW64; rv:33.0) Gecko/20100101 Firefox/33.0" "9.162.10.0"
192.168.0.1 - - [09/Nov/2024:22:58:51 +0000] "GET /api/v1/status HTTP/1.1" 400 2325 "https://payne-jones.net" "Mozilla/5.0 (Windows NT 10.0; Win64; x64) AppleWebKit/537.36 (KHTML, like Gecko) Chrome/89.0.4389.82 Safari/537.36" "173.7.23.154"
192.168.0.3 - - [07/Dec/2024:22:58:51 +0000] "GET /api/v1/status HTTP/1.1" 200 1190 "https://hernandez.com" "Mozilla/5.0 (Windows NT 6.1; WOW64; rv:33.0) Gecko/20100101 Firefox/33.0" "203.163.10.133"
192.168.0.2 - - [15/Nov/2024:22:58:51 +0000] "GET /api/v1/login HTTP/1.1" 401 2794 "https://cantrell.com" "Mozilla/5.0 (Windows NT 10.0; Win64; x64) AppleWebKit/537.36 (KHTML, like Gecko) Chrome/89.0.4389.82 Safari/537.36" "45.10.157.97"
192.168.0.3 - - [29/Nov/2024:22:58:51 +0000] "GET /api/v1/resource HTTP/1.1" 404 4952 "https://norman-horne.com" "Mozilla/5.0 (Windows NT 6.1; WOW64; rv:33.0) Gecko/20100101 Firefox/33.0" "136.198.79.185"
192.168.0.3 - - [07/Dec/2024:22:58:51 +0000] "GET /api/v1/user HTTP/1.1" 404 376 "https://thomas-simon.net" "Mozilla/5.0 (Windows NT 10.0; Win64; x64) AppleWebKit/537.36 (KHTML, like Gecko) Chrome/89.0.4389.82 Safari/537.36" "63.209.142.125"
192.168.0.2 - - [28/Nov/2024:22:58:51 +0000] "GET /api/v1/resource HTTP/1.1" 500 2186 "https://hernandez.biz" "Mozilla/5.0 (Windows NT 6.1; WOW64; rv:33.0) Gecko/20100101 Firefox/33.0" "141.42.102.159"
192.168.0.1 - - [20/Nov/2024:22:58:51 +0000] "GET /api/v1/login HTTP/1.1" 404 2044 "https://davidson.com" "Mozilla/5.0 (Windows NT 10.0; Win64; x64) AppleWebKit/537.36 (KHTML, like Gecko) Chrome/90.0.4430.85 Safari/537.36" "175.52.135.243"
192.168.0.1 - - [21/Nov/2024:22:58:51 +0000] "GET /api/v1/resource HTTP/1.1" 401 4361 "https://wilkins.com" "Mozilla/5.0 (Windows NT 6.1; WOW64; rv:33.0) Gecko/20100101 Firefox/33.0" "204.37.50.206"
192.168.0.3 - - [22/Nov/2024:22:58:51 +0000] "GET /api/v1/login HTTP/1.1" 301 341 "https://garcia.info" "Mozilla/5.0 (Windows NT 10.0; Win64; x64) AppleWebKit/537.36 (KHTML, like Gecko) Chrome/90.0.4430.85 Safari/537.36" "4.115.137.110"
192.168.0.2 - - [08/Dec/2024:22:58:51 +0000] "GET /api/v1/login HTTP/1.1" 200 3508 "https://schmitt.biz" "Mozilla/5.0 (Windows NT 6.1; WOW64; rv:33.0) Gecko/20100101 Firefox/33.0" "112.168.54.209"
192.168.0.2 - - [09/Nov/2024:22:58:51 +0000] "GET /api/v1/resource HTTP/1.1" 400 4391 "https://novak.com" "Mozilla/5.0 (Windows NT 10.0; Win64; x64) AppleWebKit/537.36 (KHTML, like Gecko) Chrome/90.0.4430.85 Safari/537.36" "77.65.188.216"
192.168.0.3 - - [25/Nov/2024:22:58:51 +0000] "GET /api/v1/user HTTP/1.1" 400 1908 "https://schaefer.com" "Mozilla/5.0 (Windows NT 10.0; Win64; x64) AppleWebKit/537.36 (KHTML, like Gecko) Chrome/89.0.4389.82 Safari/537.36" "114.246.59.164"
192.168.0.3 - - [16/Nov/2024:22:58:51 +0000] "GET /api/v1/resource HTTP/1.1" 400 1162 "https://arellano-donaldson.net" "Mozilla/5.0 (Windows NT 10.0; Win64; x64) AppleWebKit/537.36 (KHTML, like Gecko) Chrome/89.0.4389.82 Safari/537.36" "211.220.225.25"
192.168.0.1 - - [03/Dec/2024:22:58:51 +0000] "GET /api/v1/login HTTP/1.1" 200 110 "https://rogers.com" "Mozilla/5.0 (Windows NT 10.0; Win64; x64) AppleWebKit/537.36 (KHTML, like Gecko) Chrome/89.0.4389.82 Safari/537.36" "23.232.126.179"
192.168.0.1 - - [27/Nov/2024:22:58:51 +0000] "GET /api/v1/login HTTP/1.1" 404 3767 "https://lucas.com" "Mozilla/5.0 (Windows NT 10.0; Win64; x64) AppleWebKit/537.36 (KHTML, like Gecko) Chrome/89.0.4389.82 Safari/537.36" "40.252.193.240"
192.168.0.3 - - [12/Nov/2024:22:58:51 +0000] "GET /api/v1/resource HTTP/1.1" 401 4947 "https://patterson.com" "Mozilla/5.0 (Windows NT 6.1; WOW64; rv:33.0) Gecko/20100101 Firefox/33.0" "98.199.180.53"
192.168.0.1 - - [24/Nov/2024:22:58:51 +0000] "GET /api/v1/resource HTTP/1.1" 301 4868 "https://king.net" "Mozilla/5.0 (Windows NT 6.1; WOW64; rv:33.0) Gecko/20100101 Firefox/33.0" "43.118.121.131"
192.168.0.2 - - [20/Nov/2024:22:58:51 +0000] "GET /api/v1/data HTTP/1.1" 404 4308 "https://kelly.info" "Mozilla/5.0 (Windows NT 10.0; Win64; x64) AppleWebKit/537.36 (KHTML, like Gecko) Chrome/89.0.4389.82 Safari/537.36" "88.62.158.172"
192.168.0.3 - - [02/Dec/2024:22:58:51 +0000] "GET /api/v1/data HTTP/1.1" 400 577 "https://reyes-soto.com" "Mozilla/5.0 (Windows NT 10.0; Win64; x64) AppleWebKit/537.36 (KHTML, like Gecko) Chrome/90.0.4430.85 Safari/537.36" "3.97.117.220"
192.168.0.3 - - [26/Nov/2024:22:58:51 +0000] "GET /api/v1/resource HTTP/1.1" 401 1392 "https://oneill-gardner.com" "Mozilla/5.0 (Windows NT 6.1; WOW64; rv:33.0) Gecko/20100101 Firefox/33.0" "19.236.30.54"
192.168.0.2 - - [27/Nov/2024:22:58:51 +0000] "GET /api/v1/resource HTTP/1.1" 500 4317 "https://dodson.net" "Mozilla/5.0 (Windows NT 10.0; Win64; x64) AppleWebKit/537.36 (KHTML, like Gecko) Chrome/89.0.4389.82 Safari/537.36" "149.185.27.0"
192.168.0.2 - - [17/Nov/2024:22:58:51 +0000] "GET /api/v1/login HTTP/1.1" 404 3800 "https://khan.net" "Mozilla/5.0 (Windows NT 10.0; Win64; x64) AppleWebKit/537.36 (KHTML, like Gecko) Chrome/90.0.4430.85 Safari/537.36" "217.200.217.142"
192.168.0.2 - - [16/Nov/2024:22:58:51 +0000] "GET /api/v1/user HTTP/1.1" 401 4363 "https://adams.com" "Mozilla/5.0 (Windows NT 10.0; Win64; x64) AppleWebKit/537.36 (KHTML, like Gecko) Chrome/89.0.4389.82 Safari/537.36" "218.167.30.211"
192.168.0.2 - - [17/Nov/2024:22:58:51 +0000] "GET /api/v1/status HTTP/1.1" 200 3309 "https://hammond.com" "Mozilla/5.0 (Windows NT 10.0; Win64; x64) AppleWebKit/537.36 (KHTML, like Gecko) Chrome/89.0.4389.82 Safari/537.36" "220.100.80.186"
192.168.0.1 - - [30/Nov/2024:22:58:51 +0000] "GET /api/v1/user HTTP/1.1" 401 249 "https://chen.info" "Mozilla/5.0 (Windows NT 10.0; Win64; x64) AppleWebKit/537.36 (KHTML, like Gecko) Chrome/89.0.4389.82 Safari/537.36" "122.83.167.248"
192.168.0.1 - - [08/Nov/2024:22:58:51 +0000] "GET /api/v1/status HTTP/1.1" 400 2788 "https://woodward-evans.com" "Mozilla/5.0 (Windows NT 10.0; Win64; x64) AppleWebKit/537.36 (KHTML, like Gecko) Chrome/89.0.4389.82 Safari/537.36" "156.2.93.150"
192.168.0.3 - - [11/Nov/2024:22:58:51 +0000] "GET /api/v1/login HTTP/1.1" 500 1526 "https://ward.com" "Mozilla/5.0 (Windows NT 10.0; Win64; x64) AppleWebKit/537.36 (KHTML, like Gecko) Chrome/89.0.4389.82 Safari/537.36" "41.159.52.133"
192.168.0.3 - - [01/Dec/2024:22:58:51 +0000] "GET /api/v1/data HTTP/1.1" 500 3754 "https://hodge-little.net" "Mozilla/5.0 (Windows NT 10.0; Win64; x64) AppleWebKit/537.36 (KHTML, like Gecko) Chrome/89.0.4389.82 Safari/537.36" "16.87.209.33"
192.168.0.3 - - [10/Nov/2024:22:58:51 +0000] "GET /api/v1/resource HTTP/1.1" 401 111 "https://young-williams.com" "Mozilla/5.0 (Windows NT 10.0; Win64; x64) AppleWebKit/537.36 (KHTML, like Gecko) Chrome/90.0.4430.85 Safari/537.36" "107.209.168.180"
192.168.0.2 - - [25/Nov/2024:22:58:51 +0000] "GET /api/v1/resource HTTP/1.1" 301 965 "https://garcia.com" "Mozilla/5.0 (Windows NT 10.0; Win64; x64) AppleWebKit/537.36 (KHTML, like Gecko) Chrome/90.0.4430.85 Safari/537.36" "104.235.188.166"
192.168.0.3 - - [16/Nov/2024:22:58:51 +0000] "GET /api/v1/status HTTP/1.1" 500 2411 "https://abbott-tanner.com" "Mozilla/5.0 (Windows NT 10.0; Win64; x64) AppleWebKit/537.36 (KHTML, like Gecko) Chrome/89.0.4389.82 Safari/537.36" "132.31.40.11"
192.168.0.1 - - [13/Nov/2024:22:58:51 +0000] "GET /api/v1/resource HTTP/1.1" 301 3142 "https://garcia.com" "Mozilla/5.0 (Windows NT 6.1; WOW64; rv:33.0) Gecko/20100101 Firefox/33.0" "45.12.250.201"
192.168.0.2 - - [13/Nov/2024:22:58:51 +0000] "GET /api/v1/login HTTP/1.1" 404 2529 "https://long-santiago.com" "Mozilla/5.0 (Windows NT 10.0; Win64; x64) AppleWebKit/537.36 (KHTML, like Gecko) Chrome/90.0.4430.85 Safari/537.36" "134.26.165.50"
192.168.0.1 - - [01/Dec/2024:22:58:51 +0000] "GET /api/v1/status HTTP/1.1" 500 2718 "https://munoz-carroll.com" "Mozilla/5.0 (Windows NT 6.1; WOW64; rv:33.0) Gecko/20100101 Firefox/33.0" "64.193.144.117"
192.168.0.1 - - [03/Dec/2024:22:58:51 +0000] "GET /api/v1/login HTTP/1.1" 401 1900 "https://cummings.info" "Mozilla/5.0 (Windows NT 10.0; Win64; x64) AppleWebKit/537.36 (KHTML, like Gecko) Chrome/90.0.4430.85 Safari/537.36" "23.81.205.188"
192.168.0.3 - - [23/Nov/2024:22:58:51 +0000] "GET /api/v1/status HTTP/1.1" 500 1787 "https://gonzales.com" "Mozilla/5.0 (Windows NT 10.0; Win64; x64) AppleWebKit/537.36 (KHTML, like Gecko) Chrome/90.0.4430.85 Safari/537.36" "53.177.57.161"
192.168.0.1 - - [13/Nov/2024:22:58:51 +0000] "GET /api/v1/login HTTP/1.1" 400 341 "https://crosby.com" "Mozilla/5.0 (Windows NT 10.0; Win64; x64) AppleWebKit/537.36 (KHTML, like Gecko) Chrome/89.0.4389.82 Safari/537.36" "189.106.250.59"
192.168.0.2 - - [27/Nov/2024:22:58:51 +0000] "GET /api/v1/status HTTP/1.1" 401 2003 "https://johnson.biz" "Mozilla/5.0 (Windows NT 10.0; Win64; x64) AppleWebKit/537.36 (KHTML, like Gecko) Chrome/90.0.4430.85 Safari/537.36" "208.176.148.227"
192.168.0.3 - - [09/Nov/2024:22:58:51 +0000] "GET /api/v1/user HTTP/1.1" 404 179 "https://carter-williams.com" "Mozilla/5.0 (Windows NT 10.0; Win64; x64) AppleWebKit/537.36 (KHTML, like Gecko) Chrome/89.0.4389.82 Safari/537.36" "118.217.158.116"
192.168.0.2 - - [16/Nov/2024:22:58:51 +0000] "GET /api/v1/data HTTP/1.1" 404 796 "https://price.biz" "Mozilla/5.0 (Windows NT 10.0; Win64; x64) AppleWebKit/537.36 (KHTML, like Gecko) Chrome/89.0.4389.82 Safari/537.36" "141.168.227.145"
192.168.0.3 - - [01/Dec/2024:22:58:51 +0000] "GET /api/v1/user HTTP/1.1" 500 1865 "https://jones-holt.net" "Mozilla/5.0 (Windows NT 10.0; Win64; x64) AppleWebKit/537.36 (KHTML, like Gecko) Chrome/90.0.4430.85 Safari/537.36" "177.8.27.195"
192.168.0.2 - - [18/Nov/2024:22:58:51 +0000] "GET /api/v1/user HTTP/1.1" 301 2598 "https://holloway.com" "Mozilla/5.0 (Windows NT 10.0; Win64; x64) AppleWebKit/537.36 (KHTML, like Gecko) Chrome/90.0.4430.85 Safari/537.36" "40.205.96.121"
192.168.0.3 - - [22/Nov/2024:22:58:51 +0000] "GET /api/v1/data HTTP/1.1" 301 3790 "https://moran-jones.com" "Mozilla/5.0 (Windows NT 6.1; WOW64; rv:33.0) Gecko/20100101 Firefox/33.0" "142.161.54.240"
192.168.0.2 - - [30/Nov/2024:22:58:51 +0000] "GET /api/v1/login HTTP/1.1" 404 670 "https://payne.com" "Mozilla/5.0 (Windows NT 6.1; WOW64; rv:33.0) Gecko/20100101 Firefox/33.0" "205.143.61.240"
192.168.0.2 - - [06/Dec/2024:22:58:51 +0000] "GET /api/v1/login HTTP/1.1" 401 394 "https://lynch-klein.com" "Mozilla/5.0 (Windows NT 10.0; Win64; x64) AppleWebKit/537.36 (KHTML, like Gecko) Chrome/89.0.4389.82 Safari/537.36" "51.172.50.175"
192.168.0.1 - - [06/Dec/2024:22:58:51 +0000] "GET /api/v1/login HTTP/1.1" 401 4505 "https://white-phillips.com" "Mozilla/5.0 (Windows NT 10.0; Win64; x64) AppleWebKit/537.36 (KHTML, like Gecko) Chrome/89.0.4389.82 Safari/537.36" "43.228.21.0"
192.168.0.2 - - [09/Nov/2024:22:58:51 +0000] "GET /api/v1/status HTTP/1.1" 404 2842 "https://neal.net" "Mozilla/5.0 (Windows NT 6.1; WOW64; rv:33.0) Gecko/20100101 Firefox/33.0" "181.64.73.36"
192.168.0.2 - - [11/Nov/2024:22:58:51 +0000] "GET /api/v1/user HTTP/1.1" 200 3752 "https://morgan-madden.net" "Mozilla/5.0 (Windows NT 6.1; WOW64; rv:33.0) Gecko/20100101 Firefox/33.0" "172.241.14.176"
192.168.0.3 - - [10/Nov/2024:22:58:51 +0000] "GET /api/v1/data HTTP/1.1" 404 205 "https://powell-morales.org" "Mozilla/5.0 (Windows NT 10.0; Win64; x64) AppleWebKit/537.36 (KHTML, like Gecko) Chrome/89.0.4389.82 Safari/537.36" "42.237.179.158"
192.168.0.1 - - [09/Nov/2024:22:58:51 +0000] "GET /api/v1/data HTTP/1.1" 401 3128 "https://roberts.biz" "Mozilla/5.0 (Windows NT 10.0; Win64; x64) AppleWebKit/537.36 (KHTML, like Gecko) Chrome/90.0.4430.85 Safari/537.36" "11.191.30.146"
192.168.0.1 - - [03/Dec/2024:22:58:51 +0000] "GET /api/v1/status HTTP/1.1" 200 3907 "https://garrett.info" "Mozilla/5.0 (Windows NT 6.1; WOW64; rv:33.0) Gecko/20100101 Firefox/33.0" "72.249.176.55"
192.168.0.1 - - [04/Dec/2024:22:58:51 +0000] "GET /api/v1/resource HTTP/1.1" 404 3031 "https://white.com" "Mozilla/5.0 (Windows NT 10.0; Win64; x64) AppleWebKit/537.36 (KHTML, like Gecko) Chrome/90.0.4430.85 Safari/537.36" "69.96.227.1"
192.168.0.3 - - [20/Nov/2024:22:58:51 +0000] "GET /api/v1/user HTTP/1.1" 301 4642 "https://cannon-hebert.net" "Mozilla/5.0 (Windows NT 6.1; WOW64; rv:33.0) Gecko/20100101 Firefox/33.0" "76.7.224.77"
192.168.0.2 - - [03/Dec/2024:22:58:51 +0000] "GET /api/v1/login HTTP/1.1" 404 4451 "https://arellano-dunn.net" "Mozilla/5.0 (Windows NT 10.0; Win64; x64) AppleWebKit/537.36 (KHTML, like Gecko) Chrome/90.0.4430.85 Safari/537.36" "151.214.10.194"
192.168.0.2 - - [16/Nov/2024:22:58:51 +0000] "GET /api/v1/data HTTP/1.1" 401 834 "https://walker-nichols.com" "Mozilla/5.0 (Windows NT 10.0; Win64; x64) AppleWebKit/537.36 (KHTML, like Gecko) Chrome/89.0.4389.82 Safari/537.36" "145.82.93.140"
192.168.0.3 - - [28/Nov/2024:22:58:51 +0000] "GET /api/v1/data HTTP/1.1" 200 2313 "https://wright-myers.com" "Mozilla/5.0 (Windows NT 10.0; Win64; x64) AppleWebKit/537.36 (KHTML, like Gecko) Chrome/89.0.4389.82 Safari/537.36" "123.136.226.24"
192.168.0.1 - - [14/Nov/2024:22:58:51 +0000] "GET /api/v1/user HTTP/1.1" 404 4634 "https://hall.com" "Mozilla/5.0 (Windows NT 10.0; Win64; x64) AppleWebKit/537.36 (KHTML, like Gecko) Chrome/89.0.4389.82 Safari/537.36" "161.190.22.35"
192.168.0.1 - - [26/Nov/2024:22:58:51 +0000] "GET /api/v1/login HTTP/1.1" 301 2442 "https://richmond.com" "Mozilla/5.0 (Windows NT 10.0; Win64; x64) AppleWebKit/537.36 (KHTML, like Gecko) Chrome/89.0.4389.82 Safari/537.36" "147.214.197.55"
192.168.0.1 - - [19/Nov/2024:22:58:51 +0000] "GET /api/v1/resource HTTP/1.1" 200 2187 "https://diaz.org" "Mozilla/5.0 (Windows NT 10.0; Win64; x64) AppleWebKit/537.36 (KHTML, like Gecko) Chrome/89.0.4389.82 Safari/537.36" "84.125.48.254"
192.168.0.3 - - [19/Nov/2024:22:58:51 +0000] "GET /api/v1/data HTTP/1.1" 404 1666 "https://romero.com" "Mozilla/5.0 (Windows NT 10.0; Win64; x64) AppleWebKit/537.36 (KHTML, like Gecko) Chrome/90.0.4430.85 Safari/537.36" "109.155.244.86"
192.168.0.3 - - [16/Nov/2024:22:58:51 +0000] "GET /api/v1/data HTTP/1.1" 401 3574 "https://lee.com" "Mozilla/5.0 (Windows NT 10.0; Win64; x64) AppleWebKit/537.36 (KHTML, like Gecko) Chrome/90.0.4430.85 Safari/537.36" "167.85.0.147"
192.168.0.1 - - [30/Nov/2024:22:58:51 +0000] "GET /api/v1/login HTTP/1.1" 500 4033 "https://hall-willis.net" "Mozilla/5.0 (Windows NT 10.0; Win64; x64) AppleWebKit/537.36 (KHTML, like Gecko) Chrome/89.0.4389.82 Safari/537.36" "84.135.149.155"
192.168.0.2 - - [19/Nov/2024:22:58:51 +0000] "GET /api/v1/login HTTP/1.1" 200 1078 "https://hansen.net" "Mozilla/5.0 (Windows NT 10.0; Win64; x64) AppleWebKit/537.36 (KHTML, like Gecko) Chrome/89.0.4389.82 Safari/537.36" "205.87.117.78"
192.168.0.3 - - [11/Nov/2024:22:58:51 +0000] "GET /api/v1/resource HTTP/1.1" 301 345 "https://moore-thompson.com" "Mozilla/5.0 (Windows NT 10.0; Win64; x64) AppleWebKit/537.36 (KHTML, like Gecko) Chrome/90.0.4430.85 Safari/537.36" "5.0.245.166"
192.168.0.3 - - [23/Nov/2024:22:58:51 +0000] "GET /api/v1/resource HTTP/1.1" 500 4454 "https://robinson.com" "Mozilla/5.0 (Windows NT 10.0; Win64; x64) AppleWebKit/537.36 (KHTML, like Gecko) Chrome/90.0.4430.85 Safari/537.36" "152.197.134.226"
192.168.0.2 - - [24/Nov/2024:22:58:51 +0000] "GET /api/v1/data HTTP/1.1" 301 4407 "https://donovan.com" "Mozilla/5.0 (Windows NT 6.1; WOW64; rv:33.0) Gecko/20100101 Firefox/33.0" "215.139.165.171"
192.168.0.2 - - [13/Nov/2024:22:58:51 +0000] "GET /api/v1/resource HTTP/1.1" 404 1840 "https://guzman.com" "Mozilla/5.0 (Windows NT 10.0; Win64; x64) AppleWebKit/537.36 (KHTML, like Gecko) Chrome/89.0.4389.82 Safari/537.36" "81.17.250.245"
192.168.0.1 - - [08/Dec/2024:22:58:51 +0000] "GET /api/v1/status HTTP/1.1" 404 4352 "https://parsons-torres.com" "Mozilla/5.0 (Windows NT 10.0; Win64; x64) AppleWebKit/537.36 (KHTML, like Gecko) Chrome/90.0.4430.85 Safari/537.36" "51.64.243.243"
192.168.0.3 - - [02/Dec/2024:22:58:51 +0000] "GET /api/v1/user HTTP/1.1" 500 4372 "https://owens.com" "Mozilla/5.0 (Windows NT 10.0; Win64; x64) AppleWebKit/537.36 (KHTML, like Gecko) Chrome/90.0.4430.85 Safari/537.36" "181.232.25.44"
192.168.0.1 - - [09/Nov/2024:22:58:51 +0000] "GET /api/v1/data HTTP/1.1" 500 3185 "https://lopez.net" "Mozilla/5.0 (Windows NT 6.1; WOW64; rv:33.0) Gecko/20100101 Firefox/33.0" "41.210.41.224"
192.168.0.2 - - [06/Dec/2024:22:58:51 +0000] "GET /api/v1/login HTTP/1.1" 200 2371 "https://williams.com" "Mozilla/5.0 (Windows NT 6.1; WOW64; rv:33.0) Gecko/20100101 Firefox/33.0" "220.254.39.162"
192.168.0.1 - - [08/Nov/2024:22:58:51 +0000] "GET /api/v1/user HTTP/1.1" 401 2811 "https://sanders.com" "Mozilla/5.0 (Windows NT 10.0; Win64; x64) AppleWebKit/537.36 (KHTML, like Gecko) Chrome/90.0.4430.85 Safari/537.36" "25.61.0.0"
192.168.0.3 - - [27/Nov/2024:22:58:51 +0000] "GET /api/v1/data HTTP/1.1" 301 1261 "https://hunter-atkinson.com" "Mozilla/5.0 (Windows NT 6.1; WOW64; rv:33.0) Gecko/20100101 Firefox/33.0" "172.89.43.30"
192.168.0.1 - - [26/Nov/2024:22:58:51 +0000] "GET /api/v1/user HTTP/1.1" 401 4453 "https://allen.com" "Mozilla/5.0 (Windows NT 10.0; Win64; x64) AppleWebKit/537.36 (KHTML, like Gecko) Chrome/90.0.4430.85 Safari/537.36" "31.154.110.50"
192.168.0.3 - - [14/Nov/2024:22:58:51 +0000] "GET /api/v1/resource HTTP/1.1" 200 3649 "https://weiss.com" "Mozilla/5.0 (Windows NT 10.0; Win64; x64) AppleWebKit/537.36 (KHTML, like Gecko) Chrome/89.0.4389.82 Safari/537.36" "187.63.251.178"
192.168.0.2 - - [05/Dec/2024:22:58:51 +0000] "GET /api/v1/user HTTP/1.1" 401 3368 "https://fisher.com" "Mozilla/5.0 (Windows NT 6.1; WOW64; rv:33.0) Gecko/20100101 Firefox/33.0" "112.150.156.171"
192.168.0.2 - - [27/Nov/2024:22:58:51 +0000] "GET /api/v1/data HTTP/1.1" 200 3850 "https://simmons.com" "Mozilla/5.0 (Windows NT 10.0; Win64; x64) AppleWebKit/537.36 (KHTML, like Gecko) Chrome/90.0.4430.85 Safari/537.36" "180.112.218.64"
192.168.0.1 - - [02/Dec/2024:22:58:51 +0000] "GET /api/v1/user HTTP/1.1" 404 560 "https://benjamin.biz" "Mozilla/5.0 (Windows NT 6.1; WOW64; rv:33.0) Gecko/20100101 Firefox/33.0" "163.84.64.94"
192.168.0.3 - - [16/Nov/2024:22:58:51 +0000] "GET /api/v1/status HTTP/1.1" 401 4897 "https://sellers.com" "Mozilla/5.0 (Windows NT 10.0; Win64; x64) AppleWebKit/537.36 (KHTML, like Gecko) Chrome/89.0.4389.82 Safari/537.36" "93.146.8.28"
192.168.0.2 - - [21/Nov/2024:22:58:51 +0000] "GET /api/v1/resource HTTP/1.1" 200 3338 "https://petty-lewis.com" "Mozilla/5.0 (Windows NT 10.0; Win64; x64) AppleWebKit/537.36 (KHTML, like Gecko) Chrome/90.0.4430.85 Safari/537.36" "17.185.253.166"
192.168.0.2 - - [01/Dec/2024:22:58:51 +0000] "GET /api/v1/user HTTP/1.1" 301 2539 "https://schultz-keller.biz" "Mozilla/5.0 (Windows NT 6.1; WOW64; rv:33.0) Gecko/20100101 Firefox/33.0" "187.45.192.15"
192.168.0.1 - - [06/Dec/2024:22:58:51 +0000] "GET /api/v1/resource HTTP/1.1" 200 4753 "https://morris.biz" "Mozilla/5.0 (Windows NT 10.0; Win64; x64) AppleWebKit/537.36 (KHTML, like Gecko) Chrome/90.0.4430.85 Safari/537.36" "95.39.125.198"
192.168.0.2 - - [04/Dec/2024:22:58:51 +0000] "GET /api/v1/login HTTP/1.1" 404 3312 "https://gomez.com" "Mozilla/5.0 (Windows NT 6.1; WOW64; rv:33.0) Gecko/20100101 Firefox/33.0" "27.151.167.8"
192.168.0.1 - - [10/Nov/2024:22:58:51 +0000] "GET /api/v1/login HTTP/1.1" 400 4757 "https://moore.biz" "Mozilla/5.0 (Windows NT 6.1; WOW64; rv:33.0) Gecko/20100101 Firefox/33.0" "88.155.205.23"
192.168.0.1 - - [24/Nov/2024:22:58:51 +0000] "GET /api/v1/login HTTP/1.1" 500 2594 "https://powell-nash.com" "Mozilla/5.0 (Windows NT 10.0; Win64; x64) AppleWebKit/537.36 (KHTML, like Gecko) Chrome/90.0.4430.85 Safari/537.36" "150.191.224.2"
192.168.0.1 - - [28/Nov/2024:22:58:51 +0000] "GET /api/v1/login HTTP/1.1" 404 3982 "https://sharp-ali.info" "Mozilla/5.0 (Windows NT 10.0; Win64; x64) AppleWebKit/537.36 (KHTML, like Gecko) Chrome/90.0.4430.85 Safari/537.36" "42.174.74.112"
192.168.0.2 - - [25/Nov/2024:22:58:51 +0000] "GET /api/v1/login HTTP/1.1" 500 4195 "https://lopez.com" "Mozilla/5.0 (Windows NT 10.0; Win64; x64) AppleWebKit/537.36 (KHTML, like Gecko) Chrome/89.0.4389.82 Safari/537.36" "219.82.199.62"
192.168.0.3 - - [19/Nov/2024:22:58:51 +0000] "GET /api/v1/user HTTP/1.1" 400 1741 "https://richards.com" "Mozilla/5.0 (Windows NT 10.0; Win64; x64) AppleWebKit/537.36 (KHTML, like Gecko) Chrome/90.0.4430.85 Safari/537.36" "31.209.66.66"
