192.168.0.2 - - [23/Nov/2024:22:58:50 +0000] "GET /api/v1/data HTTP/1.1" 200 1002 "https://jones.com" "Mozilla/5.0 (Windows NT 10.0; Win64; x64) AppleWebKit/537.36 (KHTML, like Gecko) Chrome/90.0.4430.85 Safari/537.36" "52.85.111.23"
192.168.0.2 - - [15/Nov/2024:22:58:50 +0000] "GET /api/v1/login HTTP/1.1" 401 112 "https://smith.com" "Mozilla/5.0 (Windows NT 6.1; WOW64; rv:33.0) Gecko/20100101 Firefox/33.0" "68.121.63.160"
192.168.0.1 - - [20/Nov/2024:22:58:50 +0000] "GET /api/v1/status HTTP/1.1" 401 750 "https://black.biz" "Mozilla/5.0 (Windows NT 10.0; Win64; x64) AppleWebKit/537.36 (KHTML, like Gecko) Chrome/89.0.4389.82 Safari/537.36" "175.212.218.190"
192.168.0.3 - - [20/Nov/2024:22:58:50 +0000] "GET /api/v1/data HTTP/1.1" 200 651 "https://mendoza.com" "Mozilla/5.0 (Windows NT 10.0; Win64; x64) AppleWebKit/537.36 (KHTML, like Gecko) Chrome/89.0.4389.82 Safari/537.36" "11.49.152.229"
192.168.0.3 - - [29/Nov/2024:22:58:50 +0000] "GET /api/v1/data HTTP/1.1" 401 4115 "https://walsh.com" "Mozilla/5.0 (Windows NT 10.0; Win64; x64) AppleWebKit/537.36 (KHTML, like Gecko) Chrome/89.0.4389.82 Safari/537.36" "120.58.93.15"
192.168.0.1 - - [23/Nov/2024:22:58:50 +0000] "GET /api/v1/login HTTP/1.1" 301 4869 "https://gonzalez.com" "Mozilla/5.0 (Windows NT 10.0; Win64; x64) AppleWebKit/537.36 (KHTML, like Gecko) Chrome/90.0.4430.85 Safari/537.36" "108.47.234.12"
192.168.0.2 - - [08/Dec/2024:22:58:50 +0000] "GET /api/v1/login HTTP/1.1" 500 3703 "https://morris.net" "Mozilla/5.0 (Windows NT 10.0; Win64; x64) AppleWebKit/537.36 (KHTML, like Gecko) Chrome/89.0.4389.82 Safari/537.36" "45.83.30.99"
192.168.0.3 - - [08/Nov/2024:22:58:50 +0000] "GET /api/v1/status HTTP/1.1" 301 4019 "https://hernandez.com" "Mozilla/5.0 (Windows NT 10.0; Win64; x64) AppleWebKit/537.36 (KHTML, like Gecko) Chrome/90.0.4430.85 Safari/537.36" "23.156.167.214"
192.168.0.1 - - [14/Nov/2024:22:58:50 +0000] "GET /api/v1/data HTTP/1.1" 301 3175 "https://simon.net" "Mozilla/5.0 (Windows NT 6.1; WOW64; rv:33.0) Gecko/20100101 Firefox/33.0" "1.248.65.40"
192.168.0.2 - - [24/Nov/2024:22:58:50 +0000] "GET /api/v1/status HTTP/1.1" 301 3759 "https://english-castro.info" "Mozilla/5.0 (Windows NT 6.1; WOW64; rv:33.0) Gecko/20100101 Firefox/33.0" "93.46.34.96"
192.168.0.3 - - [18/Nov/2024:22:58:50 +0000] "GET /api/v1/status HTTP/1.1" 200 1963 "https://davis.com" "Mozilla/5.0 (Windows NT 10.0; Win64; x64) AppleWebKit/537.36 (KHTML, like Gecko) Chrome/89.0.4389.82 Safari/537.36" "120.74.128.55"
192.168.0.2 - - [17/Nov/2024:22:58:50 +0000] "GET /api/v1/status HTTP/1.1" 401 410 "https://williams.info" "Mozilla/5.0 (Windows NT 10.0; Win64; x64) AppleWebKit/537.36 (KHTML, like Gecko) Chrome/90.0.4430.85 Safari/537.36" "193.168.171.219"
192.168.0.2 - - [06/Dec/2024:22:58:50 +0000] "GET /api/v1/login HTTP/1.1" 200 4130 "https://bullock-aguirre.com" "Mozilla/5.0 (Windows NT 10.0; Win64; x64) AppleWebKit/537.36 (KHTML, like Gecko) Chrome/89.0.4389.82 Safari/537.36" "105.65.61.158"
192.168.0.2 - - [10/Nov/2024:22:58:50 +0000] "GET /api/v1/data HTTP/1.1" 404 1229 "https://smith-sanders.biz" "Mozilla/5.0 (Windows NT 6.1; WOW64; rv:33.0) Gecko/20100101 Firefox/33.0" "198.150.15.17"
192.168.0.2 - - [11/Nov/2024:22:58:50 +0000] "GET /api/v1/user HTTP/1.1" 401 1595 "https://robinson.info" "Mozilla/5.0 (Windows NT 10.0; Win64; x64) AppleWebKit/537.36 (KHTML, like Gecko) Chrome/90.0.4430.85 Safari/537.36" "163.51.167.247"
192.168.0.3 - - [05/Dec/2024:22:58:50 +0000] "GET /api/v1/login HTTP/1.1" 401 3727 "https://lee-johnson.org" "Mozilla/5.0 (Windows NT 10.0; Win64; x64) AppleWebKit/537.36 (KHTML, like Gecko) Chrome/89.0.4389.82 Safari/537.36" "89.235.228.166"
192.168.0.1 - - [17/Nov/2024:22:58:50 +0000] "GET /api/v1/resource HTTP/1.1" 500 2173 "https://castro.com" "Mozilla/5.0 (Windows NT 10.0; Win64; x64) AppleWebKit/537.36 (KHTML, like Gecko) Chrome/89.0.4389.82 Safari/537.36" "171.50.102.198"
192.168.0.1 - - [25/Nov/2024:22:58:50 +0000] "GET /api/v1/status HTTP/1.1" 404 4522 "https://jenkins-jones.com" "Mozilla/5.0 (Windows NT 10.0; Win64; x64) AppleWebKit/537.36 (KHTML, like Gecko) Chrome/89.0.4389.82 Safari/537.36" "77.139.55.254"
192.168.0.3 - - [28/Nov/2024:22:58:50 +0000] "GET /api/v1/data HTTP/1.1" 200 795 "https://thornton.com" "Mozilla/5.0 (Windows NT 10.0; Win64; x64) AppleWebKit/537.36 (KHTML, like Gecko) Chrome/90.0.4430.85 Safari/537.36" "81.145.136.223"
192.168.0.1 - - [28/Nov/2024:22:58:50 +0000] "GET /api/v1/login HTTP/1.1" 404 1409 "https://moore.com" "Mozilla/5.0 (Windows NT 10.0; Win64; x64) AppleWebKit/537.36 (KHTML, like Gecko) Chrome/89.0.4389.82 Safari/537.36" "170.159.96.252"
192.168.0.1 - - [22/Nov/2024:22:58:50 +0000] "GET /api/v1/data HTTP/1.1" 400 4378 "https://horton.com" "Mozilla/5.0 (Windows NT 6.1; WOW64; rv:33.0) Gecko/20100101 Firefox/33.0" "144.116.87.58"
192.168.0.2 - - [12/Nov/2024:22:58:50 +0000] "GET /api/v1/status HTTP/1.1" 401 1408 "https://davis.net" "Mozilla/5.0 (Windows NT 6.1; WOW64; rv:33.0) Gecko/20100101 Firefox/33.0" "63.209.235.146"
192.168.0.3 - - [10/Nov/2024:22:58:50 +0000] "GET /api/v1/login HTTP/1.1" 200 3477 "https://fuentes.com" "Mozilla/5.0 (Windows NT 10.0; Win64; x64) AppleWebKit/537.36 (KHTML, like Gecko) Chrome/89.0.4389.82 Safari/537.36" "81.45.252.89"
192.168.0.1 - - [02/Dec/2024:22:58:50 +0000] "GET /api/v1/resource HTTP/1.1" 401 1901 "https://luna.com" "Mozilla/5.0 (Windows NT 6.1; WOW64; rv:33.0) Gecko/20100101 Firefox/33.0" "34.252.6.199"
192.168.0.1 - - [08/Nov/2024:22:58:50 +0000] "GET /api/v1/data HTTP/1.1" 301 2176 "https://shaffer.com" "Mozilla/5.0 (Windows NT 6.1; WOW64; rv:33.0) Gecko/20100101 Firefox/33.0" "135.20.168.47"
192.168.0.2 - - [16/Nov/2024:22:58:50 +0000] "GET /api/v1/login HTTP/1.1" 500 3247 "https://mullen.com" "Mozilla/5.0 (Windows NT 10.0; Win64; x64) AppleWebKit/537.36 (KHTML, like Gecko) Chrome/89.0.4389.82 Safari/537.36" "197.12.30.57"
192.168.0.3 - - [17/Nov/2024:22:58:50 +0000] "GET /api/v1/resource HTTP/1.1" 401 3913 "https://carpenter.com" "Mozilla/5.0 (Windows NT 10.0; Win64; x64) AppleWebKit/537.36 (KHTML, like Gecko) Chrome/89.0.4389.82 Safari/537.36" "195.14.55.133"
192.168.0.3 - - [08/Dec/2024:22:58:50 +0000] "GET /api/v1/user HTTP/1.1" 404 1316 "https://merritt.org" "Mozilla/5.0 (Windows NT 6.1; WOW64; rv:33.0) Gecko/20100101 Firefox/33.0" "149.8.128.80"
192.168.0.1 - - [01/Dec/2024:22:58:50 +0000] "GET /api/v1/data HTTP/1.1" 401 1362 "https://ali.com" "Mozilla/5.0 (Windows NT 10.0; Win64; x64) AppleWebKit/537.36 (KHTML, like Gecko) Chrome/90.0.4430.85 Safari/537.36" "173.86.28.194"
192.168.0.2 - - [27/Nov/2024:22:58:50 +0000] "GET /api/v1/status HTTP/1.1" 401 252 "https://freeman.com" "Mozilla/5.0 (Windows NT 10.0; Win64; x64) AppleWebKit/537.36 (KHTML, like Gecko) Chrome/90.0.4430.85 Safari/537.36" "9.123.199.215"
192.168.0.1 - - [09/Nov/2024:22:58:50 +0000] "GET /api/v1/data HTTP/1.1" 404 4707 "https://johnson.com" "Mozilla/5.0 (Windows NT 10.0; Win64; x64) AppleWebKit/537.36 (KHTML, like Gecko) Chrome/89.0.4389.82 Safari/537.36" "152.237.5.246"
192.168.0.2 - - [01/Dec/2024:22:58:50 +0000] "GET /api/v1/user HTTP/1.1" 301 4589 "https://huynh-becker.com" "Mozilla/5.0 (Windows NT 10.0; Win64; x64) AppleWebKit/537.36 (KHTML, like Gecko) Chrome/90.0.4430.85 Safari/537.36" "41.254.207.12"
192.168.0.3 - - [10/Nov/2024:22:58:50 +0000] "GET /api/v1/status HTTP/1.1" 401 3041 "https://walker.com" "Mozilla/5.0 (Windows NT 10.0; Win64; x64) AppleWebKit/537.36 (KHTML, like Gecko) Chrome/89.0.4389.82 Safari/537.36" "33.217.8.218"
192.168.0.1 - - [13/Nov/2024:22:58:50 +0000] "GET /api/v1/resource HTTP/1.1" 301 1238 "https://wong-hampton.com" "Mozilla/5.0 (Windows NT 6.1; WOW64; rv:33.0) Gecko/20100101 Firefox/33.0" "210.196.15.83"
192.168.0.1 - - [09/Nov/2024:22:58:50 +0000] "GET /api/v1/login HTTP/1.1" 404 4659 "https://williams.com" "Mozilla/5.0 (Windows NT 10.0; Win64; x64) AppleWebKit/537.36 (KHTML, like Gecko) Chrome/90.0.4430.85 Safari/537.36" "126.209.215.19"
192.168.0.1 - - [22/Nov/2024:22:58:50 +0000] "GET /api/v1/user HTTP/1.1" 500 2549 "https://mcclain.com" "Mozilla/5.0 (Windows NT 6.1; WOW64; rv:33.0) Gecko/20100101 Firefox/33.0" "14.254.141.52"
192.168.0.2 - - [17/Nov/2024:22:58:50 +0000] "GET /api/v1/login HTTP/1.1" 301 1499 "https://york.info" "Mozilla/5.0 (Windows NT 10.0; Win64; x64) AppleWebKit/537.36 (KHTML, like Gecko) Chrome/90.0.4430.85 Safari/537.36" "109.31.224.2"
192.168.0.3 - - [19/Nov/2024:22:58:50 +0000] "GET /api/v1/resource HTTP/1.1" 200 2523 "https://johns.com" "Mozilla/5.0 (Windows NT 10.0; Win64; x64) AppleWebKit/537.36 (KHTML, like Gecko) Chrome/89.0.4389.82 Safari/537.36" "103.51.22.211"
192.168.0.3 - - [25/Nov/2024:22:58:50 +0000] "GET /api/v1/status HTTP/1.1" 400 4746 "https://johnson-hodge.com" "Mozilla/5.0 (Windows NT 10.0; Win64; x64) AppleWebKit/537.36 (KHTML, like Gecko) Chrome/90.0.4430.85 Safari/537.36" "104.154.197.45"
192.168.0.3 - - [06/Dec/2024:22:58:50 +0000] "GET /api/v1/resource HTTP/1.1" 400 1766 "https://sanchez.com" "Mozilla/5.0 (Windows NT 10.0; Win64; x64) AppleWebKit/537.36 (KHTML, like Gecko) Chrome/90.0.4430.85 Safari/537.36" "211.69.22.190"
192.168.0.1 - - [18/Nov/2024:22:58:50 +0000] "GET /api/v1/user HTTP/1.1" 500 267 "https://taylor.org" "Mozilla/5.0 (Windows NT 10.0; Win64; x64) AppleWebKit/537.36 (KHTML, like Gecko) Chrome/89.0.4389.82 Safari/537.36" "190.3.1.247"
192.168.0.2 - - [14/Nov/2024:22:58:50 +0000] "GET /api/v1/data HTTP/1.1" 401 3579 "https://todd.com" "Mozilla/5.0 (Windows NT 10.0; Win64; x64) AppleWebKit/537.36 (KHTML, like Gecko) Chrome/89.0.4389.82 Safari/537.36" "192.201.41.221"
192.168.0.2 - - [08/Dec/2024:22:58:50 +0000] "GET /api/v1/login HTTP/1.1" 400 4290 "https://cain.org" "Mozilla/5.0 (Windows NT 6.1; WOW64; rv:33.0) Gecko/20100101 Firefox/33.0" "131.148.107.206"
192.168.0.3 - - [25/Nov/2024:22:58:50 +0000] "GET /api/v1/resource HTTP/1.1" 401 675 "https://gomez.org" "Mozilla/5.0 (Windows NT 10.0; Win64; x64) AppleWebKit/537.36 (KHTML, like Gecko) Chrome/89.0.4389.82 Safari/537.36" "165.211.60.9"
192.168.0.1 - - [25/Nov/2024:22:58:50 +0000] "GET /api/v1/status HTTP/1.1" 200 2782 "https://baker.com" "Mozilla/5.0 (Windows NT 6.1; WOW64; rv:33.0) Gecko/20100101 Firefox/33.0" "28.242.42.6"
192.168.0.1 - - [02/Dec/2024:22:58:50 +0000] "GET /api/v1/resource HTTP/1.1" 401 2905 "https://nash-park.net" "Mozilla/5.0 (Windows NT 6.1; WOW64; rv:33.0) Gecko/20100101 Firefox/33.0" "148.109.22.247"
192.168.0.1 - - [24/Nov/2024:22:58:50 +0000] "GET /api/v1/resource HTTP/1.1" 200 1127 "https://gonzales-holt.com" "Mozilla/5.0 (Windows NT 6.1; WOW64; rv:33.0) Gecko/20100101 Firefox/33.0" "194.153.58.123"
192.168.0.3 - - [17/Nov/2024:22:58:50 +0000] "GET /api/v1/status HTTP/1.1" 500 1996 "https://solis-farmer.org" "Mozilla/5.0 (Windows NT 6.1; WOW64; rv:33.0) Gecko/20100101 Firefox/33.0" "148.237.225.85"
192.168.0.1 - - [07/Dec/2024:22:58:50 +0000] "GET /api/v1/data HTTP/1.1" 500 1182 "https://chase.com" "Mozilla/5.0 (Windows NT 6.1; WOW64; rv:33.0) Gecko/20100101 Firefox/33.0" "146.191.160.163"
192.168.0.3 - - [07/Dec/2024:22:58:50 +0000] "GET /api/v1/status HTTP/1.1" 400 3661 "https://griffith.info" "Mozilla/5.0 (Windows NT 6.1; WOW64; rv:33.0) Gecko/20100101 Firefox/33.0" "103.96.112.240"
192.168.0.3 - - [13/Nov/2024:22:58:50 +0000] "GET /api/v1/login HTTP/1.1" 404 3800 "https://maldonado.com" "Mozilla/5.0 (Windows NT 10.0; Win64; x64) AppleWebKit/537.36 (KHTML, like Gecko) Chrome/89.0.4389.82 Safari/537.36" "191.237.228.103"
192.168.0.1 - - [04/Dec/2024:22:58:50 +0000] "GET /api/v1/status HTTP/1.1" 400 3081 "https://zamora.com" "Mozilla/5.0 (Windows NT 6.1; WOW64; rv:33.0) Gecko/20100101 Firefox/33.0" "178.245.80.220"
192.168.0.1 - - [04/Dec/2024:22:58:50 +0000] "GET /api/v1/status HTTP/1.1" 401 2508 "https://hill.net" "Mozilla/5.0 (Windows NT 10.0; Win64; x64) AppleWebKit/537.36 (KHTML, like Gecko) Chrome/90.0.4430.85 Safari/537.36" "139.164.201.167"
192.168.0.3 - - [07/Dec/2024:22:58:50 +0000] "GET /api/v1/status HTTP/1.1" 500 3805 "https://andrade.info" "Mozilla/5.0 (Windows NT 6.1; WOW64; rv:33.0) Gecko/20100101 Firefox/33.0" "9.136.72.52"
192.168.0.2 - - [11/Nov/2024:22:58:50 +0000] "GET /api/v1/login HTTP/1.1" 401 4956 "https://sandoval.com" "Mozilla/5.0 (Windows NT 10.0; Win64; x64) AppleWebKit/537.36 (KHTML, like Gecko) Chrome/90.0.4430.85 Safari/537.36" "17.148.32.75"
192.168.0.1 - - [05/Dec/2024:22:58:50 +0000] "GET /api/v1/login HTTP/1.1" 400 483 "https://smith.net" "Mozilla/5.0 (Windows NT 10.0; Win64; x64) AppleWebKit/537.36 (KHTML, like Gecko) Chrome/89.0.4389.82 Safari/537.36" "57.231.166.164"
192.168.0.2 - - [08/Dec/2024:22:58:50 +0000] "GET /api/v1/resource HTTP/1.1" 301 4226 "https://gross.com" "Mozilla/5.0 (Windows NT 10.0; Win64; x64) AppleWebKit/537.36 (KHTML, like Gecko) Chrome/90.0.4430.85 Safari/537.36" "14.42.91.202"
192.168.0.2 - - [27/Nov/2024:22:58:50 +0000] "GET /api/v1/login HTTP/1.1" 500 2733 "https://johns.com" "Mozilla/5.0 (Windows NT 10.0; Win64; x64) AppleWebKit/537.36 (KHTML, like Gecko) Chrome/89.0.4389.82 Safari/537.36" "169.20.151.160"
192.168.0.1 - - [08/Dec/2024:22:58:50 +0000] "GET /api/v1/data HTTP/1.1" 301 4700 "https://mathews.com" "Mozilla/5.0 (Windows NT 6.1; WOW64; rv:33.0) Gecko/20100101 Firefox/33.0" "216.141.70.173"
192.168.0.1 - - [19/Nov/2024:22:58:50 +0000] "GET /api/v1/user HTTP/1.1" 200 307 "https://ruiz-patterson.biz" "Mozilla/5.0 (Windows NT 10.0; Win64; x64) AppleWebKit/537.36 (KHTML, like Gecko) Chrome/90.0.4430.85 Safari/537.36" "182.199.252.142"
192.168.0.1 - - [04/Dec/2024:22:58:50 +0000] "GET /api/v1/resource HTTP/1.1" 401 1546 "https://ross.com" "Mozilla/5.0 (Windows NT 10.0; Win64; x64) AppleWebKit/537.36 (KHTML, like Gecko) Chrome/90.0.4430.85 Safari/537.36" "71.195.115.151"
192.168.0.1 - - [21/Nov/2024:22:58:50 +0000] "GET /api/v1/data HTTP/1.1" 500 1132 "https://underwood-reed.net" "Mozilla/5.0 (Windows NT 6.1; WOW64; rv:33.0) Gecko/20100101 Firefox/33.0" "186.191.4.245"
192.168.0.3 - - [29/Nov/2024:22:58:50 +0000] "GET /api/v1/user HTTP/1.1" 301 2040 "https://brown.com" "Mozilla/5.0 (Windows NT 10.0; Win64; x64) AppleWebKit/537.36 (KHTML, like Gecko) Chrome/89.0.4389.82 Safari/537.36" "72.29.254.22"
192.168.0.2 - - [02/Dec/2024:22:58:50 +0000] "GET /api/v1/resource HTTP/1.1" 301 2331 "https://davis.com" "Mozilla/5.0 (Windows NT 10.0; Win64; x64) AppleWebKit/537.36 (KHTML, like Gecko) Chrome/90.0.4430.85 Safari/537.36" "84.23.229.164"
192.168.0.1 - - [18/Nov/2024:22:58:50 +0000] "GET /api/v1/data HTTP/1.1" 301 4523 "https://diaz.net" "Mozilla/5.0 (Windows NT 10.0; Win64; x64) AppleWebKit/537.36 (KHTML, like Gecko) Chrome/90.0.4430.85 Safari/537.36" "92.35.253.218"
192.168.0.3 - - [12/Nov/2024:22:58:50 +0000] "GET /api/v1/user HTTP/1.1" 500 4251 "https://smith.com" "Mozilla/5.0 (Windows NT 6.1; WOW64; rv:33.0) Gecko/20100101 Firefox/33.0" "77.101.59.70"
192.168.0.1 - - [08/Dec/2024:22:58:50 +0000] "GET /api/v1/status HTTP/1.1" 301 1300 "https://schmitt.com" "Mozilla/5.0 (Windows NT 6.1; WOW64; rv:33.0) Gecko/20100101 Firefox/33.0" "155.136.90.124"
192.168.0.2 - - [27/Nov/2024:22:58:50 +0000] "GET /api/v1/data HTTP/1.1" 400 1990 "https://reynolds.com" "Mozilla/5.0 (Windows NT 10.0; Win64; x64) AppleWebKit/537.36 (KHTML, like Gecko) Chrome/90.0.4430.85 Safari/537.36" "118.106.121.169"
192.168.0.3 - - [26/Nov/2024:22:58:50 +0000] "GET /api/v1/data HTTP/1.1" 301 1548 "https://george-wu.com" "Mozilla/5.0 (Windows NT 10.0; Win64; x64) AppleWebKit/537.36 (KHTML, like Gecko) Chrome/89.0.4389.82 Safari/537.36" "43.196.211.102"
192.168.0.3 - - [23/Nov/2024:22:58:50 +0000] "GET /api/v1/status HTTP/1.1" 301 753 "https://russo.com" "Mozilla/5.0 (Windows NT 10.0; Win64; x64) AppleWebKit/537.36 (KHTML, like Gecko) Chrome/89.0.4389.82 Safari/537.36" "144.41.205.171"
192.168.0.3 - - [05/Dec/2024:22:58:50 +0000] "GET /api/v1/user HTTP/1.1" 200 2825 "https://jackson.com" "Mozilla/5.0 (Windows NT 6.1; WOW64; rv:33.0) Gecko/20100101 Firefox/33.0" "214.89.210.178"
192.168.0.1 - - [08/Nov/2024:22:58:50 +0000] "GET /api/v1/status HTTP/1.1" 404 3999 "https://morris-carter.org" "Mozilla/5.0 (Windows NT 6.1; WOW64; rv:33.0) Gecko/20100101 Firefox/33.0" "84.247.44.90"
192.168.0.2 - - [09/Nov/2024:22:58:50 +0000] "GET /api/v1/status HTTP/1.1" 400 3539 "https://martin.com" "Mozilla/5.0 (Windows NT 10.0; Win64; x64) AppleWebKit/537.36 (KHTML, like Gecko) Chrome/89.0.4389.82 Safari/537.36" "153.200.234.65"
192.168.0.1 - - [16/Nov/2024:22:58:50 +0000] "GET /api/v1/data HTTP/1.1" 500 4777 "https://stout.org" "Mozilla/5.0 (Windows NT 10.0; Win64; x64) AppleWebKit/537.36 (KHTML, like Gecko) Chrome/90.0.4430.85 Safari/537.36" "77.110.115.6"
192.168.0.1 - - [19/Nov/2024:22:58:50 +0000] "GET /api/v1/user HTTP/1.1" 500 1405 "https://patton-greene.com" "Mozilla/5.0 (Windows NT 6.1; WOW64; rv:33.0) Gecko/20100101 Firefox/33.0" "102.109.230.152"
192.168.0.1 - - [23/Nov/2024:22:58:50 +0000] "GET /api/v1/status HTTP/1.1" 200 1235 "https://zuniga.info" "Mozilla/5.0 (Windows NT 10.0; Win64; x64) AppleWebKit/537.36 (KHTML, like Gecko) Chrome/89.0.4389.82 Safari/537.36" "178.107.5.183"
192.168.0.2 - - [23/Nov/2024:22:58:50 +0000] "GET /api/v1/status HTTP/1.1" 500 1687 "https://cortez.net" "Mozilla/5.0 (Windows NT 10.0; Win64; x64) AppleWebKit/537.36 (KHTML, like Gecko) Chrome/89.0.4389.82 Safari/537.36" "186.89.217.207"
192.168.0.2 - - [11/Nov/2024:22:58:50 +0000] "GET /api/v1/data HTTP/1.1" 400 3792 "https://galvan.com" "Mozilla/5.0 (Windows NT 6.1; WOW64; rv:33.0) Gecko/20100101 Firefox/33.0" "21.116.163.248"
192.168.0.3 - - [08/Dec/2024:22:58:50 +0000] "GET /api/v1/data HTTP/1.1" 301 2054 "https://payne.com" "Mozilla/5.0 (Windows NT 10.0; Win64; x64) AppleWebKit/537.36 (KHTML, like Gecko) Chrome/90.0.4430.85 Safari/537.36" "141.118.0.49"
192.168.0.2 - - [05/Dec/2024:22:58:50 +0000] "GET /api/v1/resource HTTP/1.1" 301 4202 "https://morales.com" "Mozilla/5.0 (Windows NT 6.1; WOW64; rv:33.0) Gecko/20100101 Firefox/33.0" "150.76.230.203"
192.168.0.1 - - [08/Dec/2024:22:58:50 +0000] "GET /api/v1/user HTTP/1.1" 401 3506 "https://sanchez-mercado.com" "Mozilla/5.0 (Windows NT 10.0; Win64; x64) AppleWebKit/537.36 (KHTML, like Gecko) Chrome/89.0.4389.82 Safari/537.36" "58.141.37.90"
192.168.0.1 - - [03/Dec/2024:22:58:50 +0000] "GET /api/v1/data HTTP/1.1" 500 1154 "https://moody-diaz.com" "Mozilla/5.0 (Windows NT 10.0; Win64; x64) AppleWebKit/537.36 (KHTML, like Gecko) Chrome/89.0.4389.82 Safari/537.36" "83.101.242.29"
192.168.0.2 - - [05/Dec/2024:22:58:50 +0000] "GET /api/v1/login HTTP/1.1" 301 3698 "https://rhodes-stephenson.com" "Mozilla/5.0 (Windows NT 6.1; WOW64; rv:33.0) Gecko/20100101 Firefox/33.0" "157.34.11.33"
192.168.0.2 - - [06/Dec/2024:22:58:50 +0000] "GET /api/v1/login HTTP/1.1" 301 1470 "https://ashley.biz" "Mozilla/5.0 (Windows NT 6.1; WOW64; rv:33.0) Gecko/20100101 Firefox/33.0" "22.167.159.66"
192.168.0.3 - - [07/Dec/2024:22:58:50 +0000] "GET /api/v1/data HTTP/1.1" 200 2567 "https://marshall.org" "Mozilla/5.0 (Windows NT 6.1; WOW64; rv:33.0) Gecko/20100101 Firefox/33.0" "220.245.131.250"
192.168.0.1 - - [08/Nov/2024:22:58:50 +0000] "GET /api/v1/status HTTP/1.1" 404 4390 "https://nelson.com" "Mozilla/5.0 (Windows NT 10.0; Win64; x64) AppleWebKit/537.36 (KHTML, like Gecko) Chrome/89.0.4389.82 Safari/537.36" "10.125.183.224"
192.168.0.1 - - [09/Nov/2024:22:58:50 +0000] "GET /api/v1/user HTTP/1.1" 301 4020 "https://giles-skinner.com" "Mozilla/5.0 (Windows NT 10.0; Win64; x64) AppleWebKit/537.36 (KHTML, like Gecko) Chrome/90.0.4430.85 Safari/537.36" "128.30.93.184"
192.168.0.1 - - [14/Nov/2024:22:58:50 +0000] "GET /api/v1/user HTTP/1.1" 200 4454 "https://levine.net" "Mozilla/5.0 (Windows NT 10.0; Win64; x64) AppleWebKit/537.36 (KHTML, like Gecko) Chrome/89.0.4389.82 Safari/537.36" "48.95.22.103"
192.168.0.3 - - [10/Nov/2024:22:58:50 +0000] "GET /api/v1/user HTTP/1.1" 200 2417 "https://evans.net" "Mozilla/5.0 (Windows NT 10.0; Win64; x64) AppleWebKit/537.36 (KHTML, like Gecko) Chrome/90.0.4430.85 Safari/537.36" "115.224.79.159"
192.168.0.1 - - [18/Nov/2024:22:58:50 +0000] "GET /api/v1/data HTTP/1.1" 404 2640 "https://duffy.com" "Mozilla/5.0 (Windows NT 10.0; Win64; x64) AppleWebKit/537.36 (KHTML, like Gecko) Chrome/90.0.4430.85 Safari/537.36" "35.81.172.240"
192.168.0.1 - - [14/Nov/2024:22:58:50 +0000] "GET /api/v1/login HTTP/1.1" 301 2931 "https://reid.com" "Mozilla/5.0 (Windows NT 10.0; Win64; x64) AppleWebKit/537.36 (KHTML, like Gecko) Chrome/90.0.4430.85 Safari/537.36" "203.140.149.96"
192.168.0.3 - - [13/Nov/2024:22:58:50 +0000] "GET /api/v1/user HTTP/1.1" 404 1001 "https://anderson.net" "Mozilla/5.0 (Windows NT 6.1; WOW64; rv:33.0) Gecko/20100101 Firefox/33.0" "70.121.105.226"
192.168.0.1 - - [04/Dec/2024:22:58:50 +0000] "GET /api/v1/resource HTTP/1.1" 400 4492 "https://watts.com" "Mozilla/5.0 (Windows NT 10.0; Win64; x64) AppleWebKit/537.36 (KHTML, like Gecko) Chrome/89.0.4389.82 Safari/537.36" "76.251.145.202"
192.168.0.3 - - [19/Nov/2024:22:58:50 +0000] "GET /api/v1/resource HTTP/1.1" 200 1996 "https://knight.com" "Mozilla/5.0 (Windows NT 10.0; Win64; x64) AppleWebKit/537.36 (KHTML, like Gecko) Chrome/90.0.4430.85 Safari/537.36" "94.251.49.118"
192.168.0.2 - - [22/Nov/2024:22:58:50 +0000] "GET /api/v1/status HTTP/1.1" 404 3723 "https://rodriguez-pierce.org" "Mozilla/5.0 (Windows NT 10.0; Win64; x64) AppleWebKit/537.36 (KHTML, like Gecko) Chrome/90.0.4430.85 Safari/537.36" "45.177.220.247"
192.168.0.2 - - [16/Nov/2024:22:58:50 +0000] "GET /api/v1/resource HTTP/1.1" 500 2014 "https://rivera.com" "Mozilla/5.0 (Windows NT 10.0; Win64; x64) AppleWebKit/537.36 (KHTML, like Gecko) Chrome/89.0.4389.82 Safari/537.36" "101.29.189.201"
192.168.0.3 - - [07/Dec/2024:22:58:50 +0000] "GET /api/v1/status HTTP/1.1" 500 2774 "https://ramirez-peterson.com" "Mozilla/5.0 (Windows NT 10.0; Win64; x64) AppleWebKit/537.36 (KHTML, like Gecko) Chrome/90.0.4430.85 Safari/537.36" "31.96.46.181"
192.168.0.1 - - [27/Nov/2024:22:58:50 +0000] "GET /api/v1/login HTTP/1.1" 401 280 "https://long.com" "Mozilla/5.0 (Windows NT 6.1; WOW64; rv:33.0) Gecko/20100101 Firefox/33.0" "36.123.120.160"
192.168.0.3 - - [27/Nov/2024:22:58:50 +0000] "GET /api/v1/login HTTP/1.1" 400 2694 "https://walls-rhodes.com" "Mozilla/5.0 (Windows NT 6.1; WOW64; rv:33.0) Gecko/20100101 Firefox/33.0" "121.63.80.125"
192.168.0.2 - - [02/Dec/2024:22:58:50 +0000] "GET /api/v1/user HTTP/1.1" 500 1000 "https://ferguson-bond.org" "Mozilla/5.0 (Windows NT 10.0; Win64; x64) AppleWebKit/537.36 (KHTML, like Gecko) Chrome/90.0.4430.85 Safari/537.36" "153.56.73.34"
192.168.0.2 - - [08/Dec/2024:22:58:50 +0000] "GET /api/v1/resource HTTP/1.1" 200 1232 "https://jefferson.org" "Mozilla/5.0 (Windows NT 6.1; WOW64; rv:33.0) Gecko/20100101 Firefox/33.0" "54.18.116.206"
192.168.0.2 - - [25/Nov/2024:22:58:50 +0000] "GET /api/v1/user HTTP/1.1" 400 1841 "https://curry.com" "Mozilla/5.0 (Windows NT 6.1; WOW64; rv:33.0) Gecko/20100101 Firefox/33.0" "162.148.193.29"
192.168.0.2 - - [16/Nov/2024:22:58:50 +0000] "GET /api/v1/resource HTTP/1.1" 401 3614 "https://kelley.com" "Mozilla/5.0 (Windows NT 10.0; Win64; x64) AppleWebKit/537.36 (KHTML, like Gecko) Chrome/89.0.4389.82 Safari/537.36" "91.207.66.192"
192.168.0.3 - - [23/Nov/2024:22:58:50 +0000] "GET /api/v1/user HTTP/1.1" 500 3376 "https://payne-bowman.biz" "Mozilla/5.0 (Windows NT 10.0; Win64; x64) AppleWebKit/537.36 (KHTML, like Gecko) Chrome/89.0.4389.82 Safari/537.36" "222.255.100.201"
192.168.0.3 - - [09/Nov/2024:22:58:50 +0000] "GET /api/v1/resource HTTP/1.1" 404 327 "https://ford.net" "Mozilla/5.0 (Windows NT 6.1; WOW64; rv:33.0) Gecko/20100101 Firefox/33.0" "3.110.179.248"
192.168.0.3 - - [22/Nov/2024:22:58:50 +0000] "GET /api/v1/status HTTP/1.1" 404 131 "https://thompson.com" "Mozilla/5.0 (Windows NT 6.1; WOW64; rv:33.0) Gecko/20100101 Firefox/33.0" "60.98.55.171"
192.168.0.1 - - [22/Nov/2024:22:58:50 +0000] "GET /api/v1/status HTTP/1.1" 401 2473 "https://ward.biz" "Mozilla/5.0 (Windows NT 6.1; WOW64; rv:33.0) Gecko/20100101 Firefox/33.0" "169.126.66.137"
192.168.0.3 - - [27/Nov/2024:22:58:50 +0000] "GET /api/v1/data HTTP/1.1" 500 2007 "https://mccarthy-patel.com" "Mozilla/5.0 (Windows NT 10.0; Win64; x64) AppleWebKit/537.36 (KHTML, like Gecko) Chrome/90.0.4430.85 Safari/537.36" "191.185.39.69"
192.168.0.1 - - [03/Dec/2024:22:58:50 +0000] "GET /api/v1/user HTTP/1.1" 401 3919 "https://hampton.com" "Mozilla/5.0 (Windows NT 10.0; Win64; x64) AppleWebKit/537.36 (KHTML, like Gecko) Chrome/89.0.4389.82 Safari/537.36" "147.64.245.67"
192.168.0.3 - - [07/Dec/2024:22:58:50 +0000] "GET /api/v1/data HTTP/1.1" 301 295 "https://townsend.com" "Mozilla/5.0 (Windows NT 6.1; WOW64; rv:33.0) Gecko/20100101 Firefox/33.0" "21.68.139.198"
192.168.0.2 - - [16/Nov/2024:22:58:50 +0000] "GET /api/v1/user HTTP/1.1" 200 3645 "https://farley-palmer.com" "Mozilla/5.0 (Windows NT 10.0; Win64; x64) AppleWebKit/537.36 (KHTML, like Gecko) Chrome/90.0.4430.85 Safari/537.36" "187.71.171.37"
192.168.0.2 - - [09/Nov/2024:22:58:50 +0000] "GET /api/v1/status HTTP/1.1" 400 1047 "https://rowe.biz" "Mozilla/5.0 (Windows NT 10.0; Win64; x64) AppleWebKit/537.36 (KHTML, like Gecko) Chrome/90.0.4430.85 Safari/537.36" "3.228.79.80"
192.168.0.3 - - [16/Nov/2024:22:58:50 +0000] "GET /api/v1/status HTTP/1.1" 401 3548 "https://ortega.com" "Mozilla/5.0 (Windows NT 10.0; Win64; x64) AppleWebKit/537.36 (KHTML, like Gecko) Chrome/89.0.4389.82 Safari/537.36" "162.187.78.33"
192.168.0.3 - - [01/Dec/2024:22:58:50 +0000] "GET /api/v1/login HTTP/1.1" 500 561 "https://bautista.com" "Mozilla/5.0 (Windows NT 10.0; Win64; x64) AppleWebKit/537.36 (KHTML, like Gecko) Chrome/90.0.4430.85 Safari/537.36" "135.100.94.113"
192.168.0.2 - - [30/Nov/2024:22:58:50 +0000] "GET /api/v1/user HTTP/1.1" 200 2370 "https://collier.biz" "Mozilla/5.0 (Windows NT 6.1; WOW64; rv:33.0) Gecko/20100101 Firefox/33.0" "141.171.205.67"
192.168.0.3 - - [02/Dec/2024:22:58:50 +0000] "GET /api/v1/user HTTP/1.1" 401 2896 "https://cuevas.com" "Mozilla/5.0 (Windows NT 6.1; WOW64; rv:33.0) Gecko/20100101 Firefox/33.0" "144.119.114.69"
192.168.0.3 - - [21/Nov/2024:22:58:50 +0000] "GET /api/v1/data HTTP/1.1" 200 4707 "https://suarez.com" "Mozilla/5.0 (Windows NT 6.1; WOW64; rv:33.0) Gecko/20100101 Firefox/33.0" "167.65.164.52"
192.168.0.3 - - [29/Nov/2024:22:58:50 +0000] "GET /api/v1/status HTTP/1.1" 500 1491 "https://ramirez-lyons.net" "Mozilla/5.0 (Windows NT 10.0; Win64; x64) AppleWebKit/537.36 (KHTML, like Gecko) Chrome/89.0.4389.82 Safari/537.36" "148.180.174.175"
192.168.0.1 - - [07/Dec/2024:22:58:50 +0000] "GET /api/v1/data HTTP/1.1" 400 1652 "https://owen.com" "Mozilla/5.0 (Windows NT 6.1; WOW64; rv:33.0) Gecko/20100101 Firefox/33.0" "216.247.167.132"
192.168.0.2 - - [01/Dec/2024:22:58:50 +0000] "GET /api/v1/status HTTP/1.1" 301 3195 "https://alvarez.info" "Mozilla/5.0 (Windows NT 10.0; Win64; x64) AppleWebKit/537.36 (KHTML, like Gecko) Chrome/90.0.4430.85 Safari/537.36" "78.235.90.168"
192.168.0.1 - - [09/Nov/2024:22:58:50 +0000] "GET /api/v1/login HTTP/1.1" 404 3161 "https://hamilton.info" "Mozilla/5.0 (Windows NT 10.0; Win64; x64) AppleWebKit/537.36 (KHTML, like Gecko) Chrome/90.0.4430.85 Safari/537.36" "76.168.53.116"
192.168.0.3 - - [25/Nov/2024:22:58:50 +0000] "GET /api/v1/resource HTTP/1.1" 401 4170 "https://price.com" "Mozilla/5.0 (Windows NT 6.1; WOW64; rv:33.0) Gecko/20100101 Firefox/33.0" "47.230.189.174"
192.168.0.2 - - [02/Dec/2024:22:58:50 +0000] "GET /api/v1/user HTTP/1.1" 200 4037 "https://gonzales.com" "Mozilla/5.0 (Windows NT 10.0; Win64; x64) AppleWebKit/537.36 (KHTML, like Gecko) Chrome/89.0.4389.82 Safari/537.36" "180.250.5.31"
192.168.0.1 - - [03/Dec/2024:22:58:50 +0000] "GET /api/v1/data HTTP/1.1" 301 4947 "https://jones.com" "Mozilla/5.0 (Windows NT 10.0; Win64; x64) AppleWebKit/537.36 (KHTML, like Gecko) Chrome/90.0.4430.85 Safari/537.36" "152.155.142.155"
192.168.0.3 - - [30/Nov/2024:22:58:50 +0000] "GET /api/v1/user HTTP/1.1" 400 4023 "https://daniels-cunningham.com" "Mozilla/5.0 (Windows NT 6.1; WOW64; rv:33.0) Gecko/20100101 Firefox/33.0" "114.253.63.122"
192.168.0.2 - - [09/Nov/2024:22:58:50 +0000] "GET /api/v1/resource HTTP/1.1" 404 4742 "https://ewing.org" "Mozilla/5.0 (Windows NT 6.1; WOW64; rv:33.0) Gecko/20100101 Firefox/33.0" "129.65.104.200"
192.168.0.3 - - [06/Dec/2024:22:58:50 +0000] "GET /api/v1/user HTTP/1.1" 404 3946 "https://klein.biz" "Mozilla/5.0 (Windows NT 10.0; Win64; x64) AppleWebKit/537.36 (KHTML, like Gecko) Chrome/90.0.4430.85 Safari/537.36" "31.97.234.214"
192.168.0.3 - - [10/Nov/2024:22:58:50 +0000] "GET /api/v1/status HTTP/1.1" 301 4558 "https://kirby-boyd.com" "Mozilla/5.0 (Windows NT 10.0; Win64; x64) AppleWebKit/537.36 (KHTML, like Gecko) Chrome/89.0.4389.82 Safari/537.36" "209.136.78.239"
192.168.0.2 - - [01/Dec/2024:22:58:50 +0000] "GET /api/v1/data HTTP/1.1" 404 1159 "https://brown-perez.com" "Mozilla/5.0 (Windows NT 10.0; Win64; x64) AppleWebKit/537.36 (KHTML, like Gecko) Chrome/90.0.4430.85 Safari/537.36" "59.207.102.206"
192.168.0.3 - - [17/Nov/2024:22:58:50 +0000] "GET /api/v1/user HTTP/1.1" 200 2088 "https://mckenzie-bennett.net" "Mozilla/5.0 (Windows NT 6.1; WOW64; rv:33.0) Gecko/20100101 Firefox/33.0" "196.209.80.54"
192.168.0.3 - - [18/Nov/2024:22:58:50 +0000] "GET /api/v1/data HTTP/1.1" 404 854 "https://greene.com" "Mozilla/5.0 (Windows NT 6.1; WOW64; rv:33.0) Gecko/20100101 Firefox/33.0" "152.173.16.201"
192.168.0.1 - - [30/Nov/2024:22:58:50 +0000] "GET /api/v1/user HTTP/1.1" 301 246 "https://medina-turner.net" "Mozilla/5.0 (Windows NT 6.1; WOW64; rv:33.0) Gecko/20100101 Firefox/33.0" "105.139.68.223"
192.168.0.3 - - [01/Dec/2024:22:58:50 +0000] "GET /api/v1/login HTTP/1.1" 400 3391 "https://stanley-hawkins.com" "Mozilla/5.0 (Windows NT 10.0; Win64; x64) AppleWebKit/537.36 (KHTML, like Gecko) Chrome/89.0.4389.82 Safari/537.36" "213.114.50.51"
192.168.0.1 - - [22/Nov/2024:22:58:50 +0000] "GET /api/v1/resource HTTP/1.1" 301 3328 "https://chambers.info" "Mozilla/5.0 (Windows NT 6.1; WOW64; rv:33.0) Gecko/20100101 Firefox/33.0" "176.59.62.100"
192.168.0.1 - - [07/Dec/2024:22:58:50 +0000] "GET /api/v1/resource HTTP/1.1" 401 2642 "https://moore.com" "Mozilla/5.0 (Windows NT 10.0; Win64; x64) AppleWebKit/537.36 (KHTML, like Gecko) Chrome/89.0.4389.82 Safari/537.36" "184.79.52.160"
192.168.0.2 - - [27/Nov/2024:22:58:50 +0000] "GET /api/v1/login HTTP/1.1" 404 2049 "https://blevins.com" "Mozilla/5.0 (Windows NT 10.0; Win64; x64) AppleWebKit/537.36 (KHTML, like Gecko) Chrome/89.0.4389.82 Safari/537.36" "47.84.24.74"
192.168.0.2 - - [04/Dec/2024:22:58:50 +0000] "GET /api/v1/status HTTP/1.1" 500 4198 "https://burke-sullivan.com" "Mozilla/5.0 (Windows NT 10.0; Win64; x64) AppleWebKit/537.36 (KHTML, like Gecko) Chrome/90.0.4430.85 Safari/537.36" "24.184.181.127"
192.168.0.2 - - [08/Dec/2024:22:58:50 +0000] "GET /api/v1/status HTTP/1.1" 401 3702 "https://keller.info" "Mozilla/5.0 (Windows NT 10.0; Win64; x64) AppleWebKit/537.36 (KHTML, like Gecko) Chrome/89.0.4389.82 Safari/537.36" "67.133.225.175"
192.168.0.3 - - [17/Nov/2024:22:58:50 +0000] "GET /api/v1/data HTTP/1.1" 200 2256 "https://schmidt-nelson.com" "Mozilla/5.0 (Windows NT 10.0; Win64; x64) AppleWebKit/537.36 (KHTML, like Gecko) Chrome/89.0.4389.82 Safari/537.36" "27.171.151.206"
192.168.0.3 - - [21/Nov/2024:22:58:50 +0000] "GET /api/v1/data HTTP/1.1" 500 1744 "https://thompson.com" "Mozilla/5.0 (Windows NT 10.0; Win64; x64) AppleWebKit/537.36 (KHTML, like Gecko) Chrome/89.0.4389.82 Safari/537.36" "216.149.14.75"
192.168.0.3 - - [16/Nov/2024:22:58:50 +0000] "GET /api/v1/resource HTTP/1.1" 404 4878 "https://simon-maxwell.org" "Mozilla/5.0 (Windows NT 10.0; Win64; x64) AppleWebKit/537.36 (KHTML, like Gecko) Chrome/89.0.4389.82 Safari/537.36" "85.158.50.246"
192.168.0.2 - - [13/Nov/2024:22:58:50 +0000] "GET /api/v1/data HTTP/1.1" 301 3058 "https://brock.com" "Mozilla/5.0 (Windows NT 10.0; Win64; x64) AppleWebKit/537.36 (KHTML, like Gecko) Chrome/89.0.4389.82 Safari/537.36" "13.216.82.247"
192.168.0.1 - - [02/Dec/2024:22:58:50 +0000] "GET /api/v1/login HTTP/1.1" 500 4830 "https://thomas.com" "Mozilla/5.0 (Windows NT 10.0; Win64; x64) AppleWebKit/537.36 (KHTML, like Gecko) Chrome/90.0.4430.85 Safari/537.36" "55.118.63.222"
192.168.0.1 - - [04/Dec/2024:22:58:50 +0000] "GET /api/v1/data HTTP/1.1" 500 3488 "https://jones.info" "Mozilla/5.0 (Windows NT 6.1; WOW64; rv:33.0) Gecko/20100101 Firefox/33.0" "156.188.149.121"
192.168.0.2 - - [25/Nov/2024:22:58:50 +0000] "GET /api/v1/login HTTP/1.1" 301 2470 "https://cooper.com" "Mozilla/5.0 (Windows NT 10.0; Win64; x64) AppleWebKit/537.36 (KHTML, like Gecko) Chrome/89.0.4389.82 Safari/537.36" "104.100.63.204"
192.168.0.1 - - [09/Nov/2024:22:58:50 +0000] "GET /api/v1/data HTTP/1.1" 301 3595 "https://barnes-smith.info" "Mozilla/5.0 (Windows NT 10.0; Win64; x64) AppleWebKit/537.36 (KHTML, like Gecko) Chrome/90.0.4430.85 Safari/537.36" "196.233.10.106"
192.168.0.1 - - [26/Nov/2024:22:58:50 +0000] "GET /api/v1/resource HTTP/1.1" 404 4850 "https://moore-fitzgerald.com" "Mozilla/5.0 (Windows NT 10.0; Win64; x64) AppleWebKit/537.36 (KHTML, like Gecko) Chrome/90.0.4430.85 Safari/537.36" "89.106.21.108"
192.168.0.1 - - [27/Nov/2024:22:58:50 +0000] "GET /api/v1/login HTTP/1.1" 400 1637 "https://jensen.biz" "Mozilla/5.0 (Windows NT 6.1; WOW64; rv:33.0) Gecko/20100101 Firefox/33.0" "91.228.34.151"
192.168.0.3 - - [09/Nov/2024:22:58:50 +0000] "GET /api/v1/user HTTP/1.1" 500 454 "https://wyatt.com" "Mozilla/5.0 (Windows NT 6.1; WOW64; rv:33.0) Gecko/20100101 Firefox/33.0" "186.69.199.116"
192.168.0.2 - - [27/Nov/2024:22:58:50 +0000] "GET /api/v1/status HTTP/1.1" 200 2347 "https://stevens.com" "Mozilla/5.0 (Windows NT 10.0; Win64; x64) AppleWebKit/537.36 (KHTML, like Gecko) Chrome/89.0.4389.82 Safari/537.36" "119.254.23.93"
192.168.0.2 - - [11/Nov/2024:22:58:50 +0000] "GET /api/v1/resource HTTP/1.1" 400 3354 "https://french.com" "Mozilla/5.0 (Windows NT 10.0; Win64; x64) AppleWebKit/537.36 (KHTML, like Gecko) Chrome/89.0.4389.82 Safari/537.36" "86.143.172.205"
192.168.0.3 - - [12/Nov/2024:22:58:50 +0000] "GET /api/v1/login HTTP/1.1" 200 647 "https://yates.com" "Mozilla/5.0 (Windows NT 10.0; Win64; x64) AppleWebKit/537.36 (KHTML, like Gecko) Chrome/89.0.4389.82 Safari/537.36" "86.151.92.118"
192.168.0.2 - - [10/Nov/2024:22:58:50 +0000] "GET /api/v1/login HTTP/1.1" 404 4810 "https://murphy.net" "Mozilla/5.0 (Windows NT 10.0; Win64; x64) AppleWebKit/537.36 (KHTML, like Gecko) Chrome/90.0.4430.85 Safari/537.36" "206.231.20.128"
192.168.0.3 - - [20/Nov/2024:22:58:50 +0000] "GET /api/v1/login HTTP/1.1" 500 3410 "https://martin.com" "Mozilla/5.0 (Windows NT 10.0; Win64; x64) AppleWebKit/537.36 (KHTML, like Gecko) Chrome/90.0.4430.85 Safari/537.36" "158.7.165.30"
192.168.0.2 - - [06/Dec/2024:22:58:50 +0000] "GET /api/v1/resource HTTP/1.1" 500 4129 "https://dalton-harper.biz" "Mozilla/5.0 (Windows NT 10.0; Win64; x64) AppleWebKit/537.36 (KHTML, like Gecko) Chrome/90.0.4430.85 Safari/537.36" "37.252.48.209"
192.168.0.3 - - [16/Nov/2024:22:58:50 +0000] "GET /api/v1/login HTTP/1.1" 500 174 "https://wade.com" "Mozilla/5.0 (Windows NT 10.0; Win64; x64) AppleWebKit/537.36 (KHTML, like Gecko) Chrome/89.0.4389.82 Safari/537.36" "219.236.12.152"
192.168.0.1 - - [13/Nov/2024:22:58:50 +0000] "GET /api/v1/user HTTP/1.1" 404 1956 "https://thornton.org" "Mozilla/5.0 (Windows NT 6.1; WOW64; rv:33.0) Gecko/20100101 Firefox/33.0" "131.174.121.225"
192.168.0.2 - - [27/Nov/2024:22:58:50 +0000] "GET /api/v1/resource HTTP/1.1" 200 4403 "https://stevens-baxter.org" "Mozilla/5.0 (Windows NT 10.0; Win64; x64) AppleWebKit/537.36 (KHTML, like Gecko) Chrome/89.0.4389.82 Safari/537.36" "209.32.222.126"
192.168.0.3 - - [02/Dec/2024:22:58:50 +0000] "GET /api/v1/user HTTP/1.1" 500 2528 "https://bates-zhang.org" "Mozilla/5.0 (Windows NT 10.0; Win64; x64) AppleWebKit/537.36 (KHTML, like Gecko) Chrome/89.0.4389.82 Safari/537.36" "200.183.209.210"
192.168.0.3 - - [16/Nov/2024:22:58:50 +0000] "GET /api/v1/user HTTP/1.1" 404 281 "https://fuller-cooper.biz" "Mozilla/5.0 (Windows NT 10.0; Win64; x64) AppleWebKit/537.36 (KHTML, like Gecko) Chrome/89.0.4389.82 Safari/537.36" "192.212.81.187"
192.168.0.2 - - [27/Nov/2024:22:58:50 +0000] "GET /api/v1/status HTTP/1.1" 400 3625 "https://jacobson-vega.biz" "Mozilla/5.0 (Windows NT 6.1; WOW64; rv:33.0) Gecko/20100101 Firefox/33.0" "35.124.244.163"
192.168.0.2 - - [18/Nov/2024:22:58:50 +0000] "GET /api/v1/status HTTP/1.1" 200 685 "https://cline-taylor.com" "Mozilla/5.0 (Windows NT 6.1; WOW64; rv:33.0) Gecko/20100101 Firefox/33.0" "154.167.250.162"
192.168.0.1 - - [12/Nov/2024:22:58:50 +0000] "GET /api/v1/data HTTP/1.1" 301 4048 "https://harris.com" "Mozilla/5.0 (Windows NT 6.1; WOW64; rv:33.0) Gecko/20100101 Firefox/33.0" "114.99.238.212"
192.168.0.2 - - [11/Nov/2024:22:58:50 +0000] "GET /api/v1/status HTTP/1.1" 200 1346 "https://rojas.com" "Mozilla/5.0 (Windows NT 10.0; Win64; x64) AppleWebKit/537.36 (KHTML, like Gecko) Chrome/90.0.4430.85 Safari/537.36" "100.41.16.117"
192.168.0.3 - - [06/Dec/2024:22:58:50 +0000] "GET /api/v1/login HTTP/1.1" 404 4912 "https://herring-house.net" "Mozilla/5.0 (Windows NT 10.0; Win64; x64) AppleWebKit/537.36 (KHTML, like Gecko) Chrome/89.0.4389.82 Safari/537.36" "10.127.33.249"
192.168.0.1 - - [10/Nov/2024:22:58:50 +0000] "GET /api/v1/user HTTP/1.1" 500 4356 "https://benson-allison.com" "Mozilla/5.0 (Windows NT 6.1; WOW64; rv:33.0) Gecko/20100101 Firefox/33.0" "42.204.40.118"
192.168.0.3 - - [15/Nov/2024:22:58:50 +0000] "GET /api/v1/data HTTP/1.1" 404 2700 "https://baker.net" "Mozilla/5.0 (Windows NT 10.0; Win64; x64) AppleWebKit/537.36 (KHTML, like Gecko) Chrome/89.0.4389.82 Safari/537.36" "211.6.168.55"
192.168.0.1 - - [13/Nov/2024:22:58:50 +0000] "GET /api/v1/resource HTTP/1.1" 401 4460 "https://hall.info" "Mozilla/5.0 (Windows NT 10.0; Win64; x64) AppleWebKit/537.36 (KHTML, like Gecko) Chrome/89.0.4389.82 Safari/537.36" "163.245.249.170"
192.168.0.1 - - [24/Nov/2024:22:58:50 +0000] "GET /api/v1/status HTTP/1.1" 400 3887 "https://cannon.com" "Mozilla/5.0 (Windows NT 10.0; Win64; x64) AppleWebKit/537.36 (KHTML, like Gecko) Chrome/89.0.4389.82 Safari/537.36" "149.193.183.208"
192.168.0.1 - - [12/Nov/2024:22:58:50 +0000] "GET /api/v1/status HTTP/1.1" 500 4549 "https://mills-brown.com" "Mozilla/5.0 (Windows NT 10.0; Win64; x64) AppleWebKit/537.36 (KHTML, like Gecko) Chrome/90.0.4430.85 Safari/537.36" "175.91.63.234"
192.168.0.2 - - [09/Nov/2024:22:58:50 +0000] "GET /api/v1/user HTTP/1.1" 404 3209 "https://curtis.com" "Mozilla/5.0 (Windows NT 10.0; Win64; x64) AppleWebKit/537.36 (KHTML, like Gecko) Chrome/90.0.4430.85 Safari/537.36" "104.249.15.179"
192.168.0.1 - - [24/Nov/2024:22:58:50 +0000] "GET /api/v1/login HTTP/1.1" 500 3546 "https://porter-gray.com" "Mozilla/5.0 (Windows NT 10.0; Win64; x64) AppleWebKit/537.36 (KHTML, like Gecko) Chrome/90.0.4430.85 Safari/537.36" "29.109.255.44"
192.168.0.2 - - [08/Nov/2024:22:58:50 +0000] "GET /api/v1/resource HTTP/1.1" 301 545 "https://thomas.org" "Mozilla/5.0 (Windows NT 10.0; Win64; x64) AppleWebKit/537.36 (KHTML, like Gecko) Chrome/90.0.4430.85 Safari/537.36" "49.242.31.242"
192.168.0.2 - - [23/Nov/2024:22:58:50 +0000] "GET /api/v1/data HTTP/1.1" 401 944 "https://stewart.info" "Mozilla/5.0 (Windows NT 10.0; Win64; x64) AppleWebKit/537.36 (KHTML, like Gecko) Chrome/89.0.4389.82 Safari/537.36" "106.209.174.231"
192.168.0.1 - - [13/Nov/2024:22:58:50 +0000] "GET /api/v1/status HTTP/1.1" 500 1681 "https://stone.biz" "Mozilla/5.0 (Windows NT 10.0; Win64; x64) AppleWebKit/537.36 (KHTML, like Gecko) Chrome/89.0.4389.82 Safari/537.36" "188.235.135.36"
192.168.0.1 - - [22/Nov/2024:22:58:50 +0000] "GET /api/v1/login HTTP/1.1" 200 1113 "https://duncan.com" "Mozilla/5.0 (Windows NT 10.0; Win64; x64) AppleWebKit/537.36 (KHTML, like Gecko) Chrome/89.0.4389.82 Safari/537.36" "106.197.189.72"
192.168.0.2 - - [18/Nov/2024:22:58:50 +0000] "GET /api/v1/resource HTTP/1.1" 500 2798 "https://wilson-foster.com" "Mozilla/5.0 (Windows NT 10.0; Win64; x64) AppleWebKit/537.36 (KHTML, like Gecko) Chrome/90.0.4430.85 Safari/537.36" "197.169.135.175"
192.168.0.3 - - [02/Dec/2024:22:58:50 +0000] "GET /api/v1/status HTTP/1.1" 301 4525 "https://harris-chavez.biz" "Mozilla/5.0 (Windows NT 6.1; WOW64; rv:33.0) Gecko/20100101 Firefox/33.0" "133.13.60.91"
192.168.0.3 - - [25/Nov/2024:22:58:50 +0000] "GET /api/v1/user HTTP/1.1" 200 3257 "https://jones.com" "Mozilla/5.0 (Windows NT 10.0; Win64; x64) AppleWebKit/537.36 (KHTML, like Gecko) Chrome/90.0.4430.85 Safari/537.36" "153.154.21.192"
192.168.0.3 - - [14/Nov/2024:22:58:50 +0000] "GET /api/v1/resource HTTP/1.1" 500 4412 "https://singleton.com" "Mozilla/5.0 (Windows NT 6.1; WOW64; rv:33.0) Gecko/20100101 Firefox/33.0" "73.112.253.79"
192.168.0.3 - - [13/Nov/2024:22:58:50 +0000] "GET /api/v1/user HTTP/1.1" 500 1484 "https://cruz.com" "Mozilla/5.0 (Windows NT 10.0; Win64; x64) AppleWebKit/537.36 (KHTML, like Gecko) Chrome/89.0.4389.82 Safari/537.36" "66.144.105.110"
192.168.0.3 - - [22/Nov/2024:22:58:50 +0000] "GET /api/v1/login HTTP/1.1" 301 263 "https://charles-fuller.com" "Mozilla/5.0 (Windows NT 6.1; WOW64; rv:33.0) Gecko/20100101 Firefox/33.0" "147.212.214.240"
192.168.0.2 - - [30/Nov/2024:22:58:50 +0000] "GET /api/v1/login HTTP/1.1" 401 3424 "https://gray-atkinson.com" "Mozilla/5.0 (Windows NT 10.0; Win64; x64) AppleWebKit/537.36 (KHTML, like Gecko) Chrome/90.0.4430.85 Safari/537.36" "55.155.170.76"
192.168.0.2 - - [29/Nov/2024:22:58:50 +0000] "GET /api/v1/data HTTP/1.1" 400 2820 "https://lee-davis.org" "Mozilla/5.0 (Windows NT 10.0; Win64; x64) AppleWebKit/537.36 (KHTML, like Gecko) Chrome/90.0.4430.85 Safari/537.36" "20.113.152.23"
192.168.0.1 - - [16/Nov/2024:22:58:50 +0000] "GET /api/v1/status HTTP/1.1" 400 4427 "https://collins.com" "Mozilla/5.0 (Windows NT 6.1; WOW64; rv:33.0) Gecko/20100101 Firefox/33.0" "83.246.128.21"
192.168.0.1 - - [11/Nov/2024:22:58:50 +0000] "GET /api/v1/login HTTP/1.1" 400 3636 "https://carroll.com" "Mozilla/5.0 (Windows NT 10.0; Win64; x64) AppleWebKit/537.36 (KHTML, like Gecko) Chrome/90.0.4430.85 Safari/537.36" "145.222.149.83"
192.168.0.2 - - [07/Dec/2024:22:58:50 +0000] "GET /api/v1/data HTTP/1.1" 301 4363 "https://evans.com" "Mozilla/5.0 (Windows NT 6.1; WOW64; rv:33.0) Gecko/20100101 Firefox/33.0" "186.243.224.254"
192.168.0.3 - - [04/Dec/2024:22:58:50 +0000] "GET /api/v1/resource HTTP/1.1" 200 3861 "https://brady-pearson.com" "Mozilla/5.0 (Windows NT 10.0; Win64; x64) AppleWebKit/537.36 (KHTML, like Gecko) Chrome/90.0.4430.85 Safari/537.36" "174.198.82.109"
192.168.0.3 - - [27/Nov/2024:22:58:50 +0000] "GET /api/v1/data HTTP/1.1" 500 4030 "https://brown.org" "Mozilla/5.0 (Windows NT 10.0; Win64; x64) AppleWebKit/537.36 (KHTML, like Gecko) Chrome/90.0.4430.85 Safari/537.36" "81.82.123.212"
192.168.0.3 - - [21/Nov/2024:22:58:50 +0000] "GET /api/v1/data HTTP/1.1" 301 3340 "https://cross.com" "Mozilla/5.0 (Windows NT 10.0; Win64; x64) AppleWebKit/537.36 (KHTML, like Gecko) Chrome/89.0.4389.82 Safari/537.36" "79.181.218.230"
192.168.0.2 - - [18/Nov/2024:22:58:50 +0000] "GET /api/v1/status HTTP/1.1" 200 1126 "https://case.com" "Mozilla/5.0 (Windows NT 6.1; WOW64; rv:33.0) Gecko/20100101 Firefox/33.0" "79.139.165.237"
192.168.0.1 - - [01/Dec/2024:22:58:50 +0000] "GET /api/v1/status HTTP/1.1" 500 4267 "https://brown.com" "Mozilla/5.0 (Windows NT 6.1; WOW64; rv:33.0) Gecko/20100101 Firefox/33.0" "155.244.138.216"
192.168.0.2 - - [17/Nov/2024:22:58:50 +0000] "GET /api/v1/login HTTP/1.1" 400 260 "https://woods.net" "Mozilla/5.0 (Windows NT 10.0; Win64; x64) AppleWebKit/537.36 (KHTML, like Gecko) Chrome/89.0.4389.82 Safari/537.36" "137.88.31.46"
192.168.0.2 - - [12/Nov/2024:22:58:50 +0000] "GET /api/v1/status HTTP/1.1" 500 172 "https://conley.info" "Mozilla/5.0 (Windows NT 10.0; Win64; x64) AppleWebKit/537.36 (KHTML, like Gecko) Chrome/90.0.4430.85 Safari/537.36" "35.194.98.143"
192.168.0.2 - - [25/Nov/2024:22:58:50 +0000] "GET /api/v1/status HTTP/1.1" 301 2301 "https://porter.com" "Mozilla/5.0 (Windows NT 10.0; Win64; x64) AppleWebKit/537.36 (KHTML, like Gecko) Chrome/89.0.4389.82 Safari/537.36" "212.107.14.47"
192.168.0.2 - - [18/Nov/2024:22:58:50 +0000] "GET /api/v1/login HTTP/1.1" 200 1296 "https://stewart.com" "Mozilla/5.0 (Windows NT 6.1; WOW64; rv:33.0) Gecko/20100101 Firefox/33.0" "45.251.234.114"
192.168.0.2 - - [13/Nov/2024:22:58:50 +0000] "GET /api/v1/status HTTP/1.1" 404 4251 "https://hayes-garrett.com" "Mozilla/5.0 (Windows NT 10.0; Win64; x64) AppleWebKit/537.36 (KHTML, like Gecko) Chrome/89.0.4389.82 Safari/537.36" "162.165.193.248"
192.168.0.2 - - [17/Nov/2024:22:58:50 +0000] "GET /api/v1/user HTTP/1.1" 200 510 "https://johnston-hood.com" "Mozilla/5.0 (Windows NT 10.0; Win64; x64) AppleWebKit/537.36 (KHTML, like Gecko) Chrome/90.0.4430.85 Safari/537.36" "31.43.254.202"
192.168.0.1 - - [26/Nov/2024:22:58:50 +0000] "GET /api/v1/data HTTP/1.1" 500 999 "https://jones.com" "Mozilla/5.0 (Windows NT 6.1; WOW64; rv:33.0) Gecko/20100101 Firefox/33.0" "67.124.132.141"
192.168.0.3 - - [05/Dec/2024:22:58:50 +0000] "GET /api/v1/resource HTTP/1.1" 200 283 "https://stafford.info" "Mozilla/5.0 (Windows NT 6.1; WOW64; rv:33.0) Gecko/20100101 Firefox/33.0" "35.137.130.66"
192.168.0.1 - - [26/Nov/2024:22:58:50 +0000] "GET /api/v1/status HTTP/1.1" 301 3133 "https://joseph-moore.net" "Mozilla/5.0 (Windows NT 10.0; Win64; x64) AppleWebKit/537.36 (KHTML, like Gecko) Chrome/89.0.4389.82 Safari/537.36" "185.139.123.171"
192.168.0.1 - - [09/Nov/2024:22:58:50 +0000] "GET /api/v1/status HTTP/1.1" 200 287 "https://pratt.com" "Mozilla/5.0 (Windows NT 10.0; Win64; x64) AppleWebKit/537.36 (KHTML, like Gecko) Chrome/89.0.4389.82 Safari/537.36" "14.121.89.75"
192.168.0.3 - - [20/Nov/2024:22:58:50 +0000] "GET /api/v1/login HTTP/1.1" 404 4664 "https://floyd.com" "Mozilla/5.0 (Windows NT 10.0; Win64; x64) AppleWebKit/537.36 (KHTML, like Gecko) Chrome/89.0.4389.82 Safari/537.36" "47.229.11.118"
192.168.0.1 - - [22/Nov/2024:22:58:50 +0000] "GET /api/v1/data HTTP/1.1" 200 3532 "https://woods.net" "Mozilla/5.0 (Windows NT 6.1; WOW64; rv:33.0) Gecko/20100101 Firefox/33.0" "86.216.75.107"
192.168.0.1 - - [30/Nov/2024:22:58:50 +0000] "GET /api/v1/data HTTP/1.1" 500 4216 "https://marshall.com" "Mozilla/5.0 (Windows NT 10.0; Win64; x64) AppleWebKit/537.36 (KHTML, like Gecko) Chrome/90.0.4430.85 Safari/537.36" "187.117.83.180"
192.168.0.2 - - [04/Dec/2024:22:58:50 +0000] "GET /api/v1/resource HTTP/1.1" 401 4716 "https://sparks.com" "Mozilla/5.0 (Windows NT 10.0; Win64; x64) AppleWebKit/537.36 (KHTML, like Gecko) Chrome/90.0.4430.85 Safari/537.36" "192.165.246.234"
192.168.0.2 - - [06/Dec/2024:22:58:50 +0000] "GET /api/v1/data HTTP/1.1" 401 2738 "https://lewis.com" "Mozilla/5.0 (Windows NT 10.0; Win64; x64) AppleWebKit/537.36 (KHTML, like Gecko) Chrome/89.0.4389.82 Safari/537.36" "110.237.71.181"
192.168.0.3 - - [24/Nov/2024:22:58:50 +0000] "GET /api/v1/status HTTP/1.1" 301 275 "https://hahn.org" "Mozilla/5.0 (Windows NT 10.0; Win64; x64) AppleWebKit/537.36 (KHTML, like Gecko) Chrome/89.0.4389.82 Safari/537.36" "178.176.111.249"
192.168.0.2 - - [13/Nov/2024:22:58:50 +0000] "GET /api/v1/user HTTP/1.1" 301 1243 "https://henderson.com" "Mozilla/5.0 (Windows NT 10.0; Win64; x64) AppleWebKit/537.36 (KHTML, like Gecko) Chrome/89.0.4389.82 Safari/537.36" "209.120.96.240"
192.168.0.2 - - [10/Nov/2024:22:58:50 +0000] "GET /api/v1/user HTTP/1.1" 500 2250 "https://yates.org" "Mozilla/5.0 (Windows NT 10.0; Win64; x64) AppleWebKit/537.36 (KHTML, like Gecko) Chrome/90.0.4430.85 Safari/537.36" "175.251.198.19"
192.168.0.1 - - [20/Nov/2024:22:58:50 +0000] "GET /api/v1/data HTTP/1.1" 404 3966 "https://franklin.com" "Mozilla/5.0 (Windows NT 10.0; Win64; x64) AppleWebKit/537.36 (KHTML, like Gecko) Chrome/89.0.4389.82 Safari/537.36" "198.236.199.197"
192.168.0.1 - - [27/Nov/2024:22:58:50 +0000] "GET /api/v1/user HTTP/1.1" 400 4900 "https://price.com" "Mozilla/5.0 (Windows NT 10.0; Win64; x64) AppleWebKit/537.36 (KHTML, like Gecko) Chrome/90.0.4430.85 Safari/537.36" "64.180.252.70"
192.168.0.1 - - [30/Nov/2024:22:58:50 +0000] "GET /api/v1/data HTTP/1.1" 400 2429 "https://moore-brown.net" "Mozilla/5.0 (Windows NT 10.0; Win64; x64) AppleWebKit/537.36 (KHTML, like Gecko) Chrome/90.0.4430.85 Safari/537.36" "10.18.198.216"
192.168.0.3 - - [28/Nov/2024:22:58:50 +0000] "GET /api/v1/login HTTP/1.1" 401 1151 "https://anderson-parker.biz" "Mozilla/5.0 (Windows NT 10.0; Win64; x64) AppleWebKit/537.36 (KHTML, like Gecko) Chrome/89.0.4389.82 Safari/537.36" "36.100.98.51"
192.168.0.2 - - [07/Dec/2024:22:58:50 +0000] "GET /api/v1/resource HTTP/1.1" 404 3173 "https://sanders.info" "Mozilla/5.0 (Windows NT 10.0; Win64; x64) AppleWebKit/537.36 (KHTML, like Gecko) Chrome/90.0.4430.85 Safari/537.36" "41.171.146.131"
192.168.0.3 - - [27/Nov/2024:22:58:50 +0000] "GET /api/v1/data HTTP/1.1" 400 272 "https://schmitt.com" "Mozilla/5.0 (Windows NT 10.0; Win64; x64) AppleWebKit/537.36 (KHTML, like Gecko) Chrome/89.0.4389.82 Safari/537.36" "38.227.66.111"
192.168.0.3 - - [12/Nov/2024:22:58:50 +0000] "GET /api/v1/user HTTP/1.1" 500 2300 "https://cruz.com" "Mozilla/5.0 (Windows NT 10.0; Win64; x64) AppleWebKit/537.36 (KHTML, like Gecko) Chrome/89.0.4389.82 Safari/537.36" "148.206.44.154"
192.168.0.1 - - [09/Nov/2024:22:58:50 +0000] "GET /api/v1/status HTTP/1.1" 200 1759 "https://daniel.net" "Mozilla/5.0 (Windows NT 10.0; Win64; x64) AppleWebKit/537.36 (KHTML, like Gecko) Chrome/89.0.4389.82 Safari/537.36" "60.68.199.79"
192.168.0.3 - - [04/Dec/2024:22:58:50 +0000] "GET /api/v1/data HTTP/1.1" 400 1381 "https://robbins.org" "Mozilla/5.0 (Windows NT 10.0; Win64; x64) AppleWebKit/537.36 (KHTML, like Gecko) Chrome/90.0.4430.85 Safari/537.36" "46.160.223.4"
192.168.0.1 - - [24/Nov/2024:22:58:50 +0000] "GET /api/v1/login HTTP/1.1" 404 2958 "https://hogan-hall.com" "Mozilla/5.0 (Windows NT 10.0; Win64; x64) AppleWebKit/537.36 (KHTML, like Gecko) Chrome/90.0.4430.85 Safari/537.36" "208.159.195.14"
192.168.0.1 - - [15/Nov/2024:22:58:50 +0000] "GET /api/v1/data HTTP/1.1" 404 201 "https://kelley-ali.com" "Mozilla/5.0 (Windows NT 6.1; WOW64; rv:33.0) Gecko/20100101 Firefox/33.0" "166.131.227.121"
