192.168.0.1 - - [10/Nov/2024:22:58:51 +0000] "GET /api/v1/status HTTP/1.1" 500 4010 "https://morris.org" "Mozilla/5.0 (Windows NT 10.0; Win64; x64) AppleWebKit/537.36 (KHTML, like Gecko) Chrome/89.0.4389.82 Safari/537.36" "219.189.153.167"
192.168.0.3 - - [24/Nov/2024:22:58:51 +0000] "GET /api/v1/status HTTP/1.1" 400 3381 "https://cooley.com" "Mozilla/5.0 (Windows NT 6.1; WOW64; rv:33.0) Gecko/20100101 Firefox/33.0" "108.17.202.66"
192.168.0.3 - - [05/Dec/2024:22:58:51 +0000] "GET /api/v1/data HTTP/1.1" 400 169 "https://richmond.com" "Mozilla/5.0 (Windows NT 10.0; Win64; x64) AppleWebKit/537.36 (KHTML, like Gecko) Chrome/90.0.4430.85 Safari/537.36" "213.215.29.124"
192.168.0.2 - - [09/Nov/2024:22:58:51 +0000] "GET /api/v1/login HTTP/1.1" 401 149 "https://clark-kim.org" "Mozilla/5.0 (Windows NT 10.0; Win64; x64) AppleWebKit/537.36 (KHTML, like Gecko) Chrome/89.0.4389.82 Safari/537.36" "202.89.128.104"
192.168.0.1 - - [10/Nov/2024:22:58:51 +0000] "GET /api/v1/login HTTP/1.1" 400 1880 "https://briggs-brown.org" "Mozilla/5.0 (Windows NT 10.0; Win64; x64) AppleWebKit/537.36 (KHTML, like Gecko) Chrome/89.0.4389.82 Safari/537.36" "196.141.198.157"
192.168.0.3 - - [26/Nov/2024:22:58:51 +0000] "GET /api/v1/data HTTP/1.1" 400 4204 "https://nguyen.com" "Mozilla/5.0 (Windows NT 6.1; WOW64; rv:33.0) Gecko/20100101 Firefox/33.0" "211.64.158.166"
192.168.0.1 - - [03/Dec/2024:22:58:51 +0000] "GET /api/v1/login HTTP/1.1" 404 207 "https://oliver.com" "Mozilla/5.0 (Windows NT 10.0; Win64; x64) AppleWebKit/537.36 (KHTML, like Gecko) Chrome/89.0.4389.82 Safari/537.36" "178.237.194.187"
192.168.0.2 - - [07/Dec/2024:22:58:51 +0000] "GET /api/v1/login HTTP/1.1" 401 2541 "https://white.com" "Mozilla/5.0 (Windows NT 6.1; WOW64; rv:33.0) Gecko/20100101 Firefox/33.0" "52.165.208.40"
192.168.0.2 - - [29/Nov/2024:22:58:51 +0000] "GET /api/v1/login HTTP/1.1" 301 3410 "https://young-smith.com" "Mozilla/5.0 (Windows NT 10.0; Win64; x64) AppleWebKit/537.36 (KHTML, like Gecko) Chrome/90.0.4430.85 Safari/537.36" "158.183.217.148"
192.168.0.3 - - [30/Nov/2024:22:58:51 +0000] "GET /api/v1/login HTTP/1.1" 404 420 "https://williams-church.net" "Mozilla/5.0 (Windows NT 10.0; Win64; x64) AppleWebKit/537.36 (KHTML, like Gecko) Chrome/89.0.4389.82 Safari/537.36" "80.32.16.33"
192.168.0.1 - - [16/Nov/2024:22:58:51 +0000] "GET /api/v1/data HTTP/1.1" 404 4502 "https://mcclain.org" "Mozilla/5.0 (Windows NT 6.1; WOW64; rv:33.0) Gecko/20100101 Firefox/33.0" "185.119.53.198"
192.168.0.3 - - [07/Dec/2024:22:58:51 +0000] "GET /api/v1/status HTTP/1.1" 301 3748 "https://bautista.org" "Mozilla/5.0 (Windows NT 10.0; Win64; x64) AppleWebKit/537.36 (KHTML, like Gecko) Chrome/90.0.4430.85 Safari/537.36" "1.154.98.79"
192.168.0.1 - - [18/Nov/2024:22:58:51 +0000] "GET /api/v1/login HTTP/1.1" 401 1378 "https://sanders-jordan.biz" "Mozilla/5.0 (Windows NT 10.0; Win64; x64) AppleWebKit/537.36 (KHTML, like Gecko) Chrome/89.0.4389.82 Safari/537.36" "145.201.187.186"
192.168.0.1 - - [08/Nov/2024:22:58:51 +0000] "GET /api/v1/resource HTTP/1.1" 401 1229 "https://marshall.com" "Mozilla/5.0 (Windows NT 10.0; Win64; x64) AppleWebKit/537.36 (KHTML, like Gecko) Chrome/89.0.4389.82 Safari/537.36" "198.88.165.196"
192.168.0.1 - - [04/Dec/2024:22:58:51 +0000] "GET /api/v1/resource HTTP/1.1" 401 1720 "https://jenkins.com" "Mozilla/5.0 (Windows NT 10.0; Win64; x64) AppleWebKit/537.36 (KHTML, like Gecko) Chrome/89.0.4389.82 Safari/537.36" "202.32.177.29"
192.168.0.3 - - [21/Nov/2024:22:58:51 +0000] "GET /api/v1/resource HTTP/1.1" 400 250 "https://carpenter.com" "Mozilla/5.0 (Windows NT 10.0; Win64; x64) AppleWebKit/537.36 (KHTML, like Gecko) Chrome/89.0.4389.82 Safari/537.36" "116.59.69.20"
192.168.0.2 - - [28/Nov/2024:22:58:51 +0000] "GET /api/v1/status HTTP/1.1" 301 543 "https://hooper-perry.biz" "Mozilla/5.0 (Windows NT 6.1; WOW64; rv:33.0) Gecko/20100101 Firefox/33.0" "180.26.13.67"
192.168.0.3 - - [05/Dec/2024:22:58:51 +0000] "GET /api/v1/user HTTP/1.1" 400 3271 "https://gilbert.com" "Mozilla/5.0 (Windows NT 6.1; WOW64; rv:33.0) Gecko/20100101 Firefox/33.0" "67.145.12.176"
192.168.0.1 - - [18/Nov/2024:22:58:51 +0000] "GET /api/v1/data HTTP/1.1" 404 1459 "https://terrell.org" "Mozilla/5.0 (Windows NT 10.0; Win64; x64) AppleWebKit/537.36 (KHTML, like Gecko) Chrome/89.0.4389.82 Safari/537.36" "204.190.198.144"
192.168.0.2 - - [08/Nov/2024:22:58:51 +0000] "GET /api/v1/data HTTP/1.1" 301 561 "https://gilbert.com" "Mozilla/5.0 (Windows NT 10.0; Win64; x64) AppleWebKit/537.36 (KHTML, like Gecko) Chrome/90.0.4430.85 Safari/537.36" "41.194.100.157"
192.168.0.3 - - [13/Nov/2024:22:58:51 +0000] "GET /api/v1/login HTTP/1.1" 404 2791 "https://woods-lee.com" "Mozilla/5.0 (Windows NT 10.0; Win64; x64) AppleWebKit/537.36 (KHTML, like Gecko) Chrome/90.0.4430.85 Safari/537.36" "56.130.126.113"
192.168.0.1 - - [12/Nov/2024:22:58:51 +0000] "GET /api/v1/data HTTP/1.1" 401 2132 "https://lindsey-allen.info" "Mozilla/5.0 (Windows NT 6.1; WOW64; rv:33.0) Gecko/20100101 Firefox/33.0" "2.58.78.46"
192.168.0.1 - - [02/Dec/2024:22:58:51 +0000] "GET /api/v1/status HTTP/1.1" 301 3317 "https://benton-carroll.org" "Mozilla/5.0 (Windows NT 6.1; WOW64; rv:33.0) Gecko/20100101 Firefox/33.0" "5.83.11.0"
192.168.0.2 - - [10/Nov/2024:22:58:51 +0000] "GET /api/v1/user HTTP/1.1" 404 944 "https://dixon.com" "Mozilla/5.0 (Windows NT 10.0; Win64; x64) AppleWebKit/537.36 (KHTML, like Gecko) Chrome/89.0.4389.82 Safari/537.36" "31.196.13.177"
192.168.0.3 - - [01/Dec/2024:22:58:51 +0000] "GET /api/v1/status HTTP/1.1" 401 288 "https://jones-wilson.org" "Mozilla/5.0 (Windows NT 10.0; Win64; x64) AppleWebKit/537.36 (KHTML, like Gecko) Chrome/90.0.4430.85 Safari/537.36" "83.217.86.168"
192.168.0.3 - - [24/Nov/2024:22:58:51 +0000] "GET /api/v1/resource HTTP/1.1" 500 4627 "https://thornton.biz" "Mozilla/5.0 (Windows NT 10.0; Win64; x64) AppleWebKit/537.36 (KHTML, like Gecko) Chrome/90.0.4430.85 Safari/537.36" "144.111.206.133"
192.168.0.3 - - [16/Nov/2024:22:58:51 +0000] "GET /api/v1/status HTTP/1.1" 401 685 "https://rosales.com" "Mozilla/5.0 (Windows NT 10.0; Win64; x64) AppleWebKit/537.36 (KHTML, like Gecko) Chrome/89.0.4389.82 Safari/537.36" "111.148.234.115"
192.168.0.2 - - [06/Dec/2024:22:58:51 +0000] "GET /api/v1/user HTTP/1.1" 500 1395 "https://curtis-roy.org" "Mozilla/5.0 (Windows NT 6.1; WOW64; rv:33.0) Gecko/20100101 Firefox/33.0" "84.172.47.36"
192.168.0.1 - - [18/Nov/2024:22:58:51 +0000] "GET /api/v1/resource HTTP/1.1" 401 1958 "https://wagner-jordan.com" "Mozilla/5.0 (Windows NT 6.1; WOW64; rv:33.0) Gecko/20100101 Firefox/33.0" "173.15.30.211"
192.168.0.1 - - [05/Dec/2024:22:58:51 +0000] "GET /api/v1/resource HTTP/1.1" 404 4609 "https://rice-jones.biz" "Mozilla/5.0 (Windows NT 6.1; WOW64; rv:33.0) Gecko/20100101 Firefox/33.0" "84.167.110.105"
192.168.0.1 - - [01/Dec/2024:22:58:51 +0000] "GET /api/v1/data HTTP/1.1" 404 4332 "https://carlson.com" "Mozilla/5.0 (Windows NT 6.1; WOW64; rv:33.0) Gecko/20100101 Firefox/33.0" "8.195.153.150"
192.168.0.2 - - [25/Nov/2024:22:58:51 +0000] "GET /api/v1/data HTTP/1.1" 500 4681 "https://ramirez.com" "Mozilla/5.0 (Windows NT 10.0; Win64; x64) AppleWebKit/537.36 (KHTML, like Gecko) Chrome/89.0.4389.82 Safari/537.36" "66.129.140.63"
192.168.0.1 - - [28/Nov/2024:22:58:51 +0000] "GET /api/v1/status HTTP/1.1" 200 3400 "https://mueller.info" "Mozilla/5.0 (Windows NT 6.1; WOW64; rv:33.0) Gecko/20100101 Firefox/33.0" "145.150.117.254"
192.168.0.3 - - [21/Nov/2024:22:58:51 +0000] "GET /api/v1/login HTTP/1.1" 301 270 "https://smith.com" "Mozilla/5.0 (Windows NT 6.1; WOW64; rv:33.0) Gecko/20100101 Firefox/33.0" "16.226.236.197"
192.168.0.1 - - [21/Nov/2024:22:58:51 +0000] "GET /api/v1/login HTTP/1.1" 301 4249 "https://gray-trevino.com" "Mozilla/5.0 (Windows NT 10.0; Win64; x64) AppleWebKit/537.36 (KHTML, like Gecko) Chrome/90.0.4430.85 Safari/537.36" "104.127.43.98"
192.168.0.2 - - [05/Dec/2024:22:58:51 +0000] "GET /api/v1/data HTTP/1.1" 400 2694 "https://cruz.com" "Mozilla/5.0 (Windows NT 10.0; Win64; x64) AppleWebKit/537.36 (KHTML, like Gecko) Chrome/89.0.4389.82 Safari/537.36" "7.188.154.198"
192.168.0.2 - - [29/Nov/2024:22:58:51 +0000] "GET /api/v1/status HTTP/1.1" 200 4753 "https://mitchell.info" "Mozilla/5.0 (Windows NT 10.0; Win64; x64) AppleWebKit/537.36 (KHTML, like Gecko) Chrome/89.0.4389.82 Safari/537.36" "61.225.31.13"
192.168.0.3 - - [13/Nov/2024:22:58:51 +0000] "GET /api/v1/status HTTP/1.1" 200 2577 "https://lee.com" "Mozilla/5.0 (Windows NT 6.1; WOW64; rv:33.0) Gecko/20100101 Firefox/33.0" "153.172.188.19"
192.168.0.2 - - [18/Nov/2024:22:58:51 +0000] "GET /api/v1/data HTTP/1.1" 200 4347 "https://coleman.org" "Mozilla/5.0 (Windows NT 10.0; Win64; x64) AppleWebKit/537.36 (KHTML, like Gecko) Chrome/89.0.4389.82 Safari/537.36" "37.239.122.122"
192.168.0.3 - - [18/Nov/2024:22:58:51 +0000] "GET /api/v1/status HTTP/1.1" 404 1504 "https://vasquez.net" "Mozilla/5.0 (Windows NT 10.0; Win64; x64) AppleWebKit/537.36 (KHTML, like Gecko) Chrome/89.0.4389.82 Safari/537.36" "221.73.50.242"
192.168.0.3 - - [21/Nov/2024:22:58:51 +0000] "GET /api/v1/login HTTP/1.1" 404 4826 "https://burch.net" "Mozilla/5.0 (Windows NT 6.1; WOW64; rv:33.0) Gecko/20100101 Firefox/33.0" "43.51.113.44"
192.168.0.1 - - [28/Nov/2024:22:58:51 +0000] "GET /api/v1/user HTTP/1.1" 301 4779 "https://stewart.com" "Mozilla/5.0 (Windows NT 6.1; WOW64; rv:33.0) Gecko/20100101 Firefox/33.0" "214.233.233.124"
192.168.0.2 - - [17/Nov/2024:22:58:51 +0000] "GET /api/v1/data HTTP/1.1" 200 4872 "https://rodriguez.biz" "Mozilla/5.0 (Windows NT 10.0; Win64; x64) AppleWebKit/537.36 (KHTML, like Gecko) Chrome/89.0.4389.82 Safari/537.36" "107.237.168.108"
192.168.0.3 - - [10/Nov/2024:22:58:51 +0000] "GET /api/v1/login HTTP/1.1" 500 3869 "https://alvarado.com" "Mozilla/5.0 (Windows NT 6.1; WOW64; rv:33.0) Gecko/20100101 Firefox/33.0" "78.185.223.39"
192.168.0.2 - - [03/Dec/2024:22:58:51 +0000] "GET /api/v1/user HTTP/1.1" 404 4276 "https://riggs.org" "Mozilla/5.0 (Windows NT 6.1; WOW64; rv:33.0) Gecko/20100101 Firefox/33.0" "114.176.205.176"
192.168.0.3 - - [10/Nov/2024:22:58:51 +0000] "GET /api/v1/resource HTTP/1.1" 500 3656 "https://graves.biz" "Mozilla/5.0 (Windows NT 6.1; WOW64; rv:33.0) Gecko/20100101 Firefox/33.0" "144.232.8.197"
192.168.0.1 - - [29/Nov/2024:22:58:51 +0000] "GET /api/v1/login HTTP/1.1" 401 788 "https://lee-bailey.info" "Mozilla/5.0 (Windows NT 10.0; Win64; x64) AppleWebKit/537.36 (KHTML, like Gecko) Chrome/89.0.4389.82 Safari/537.36" "205.195.2.222"
192.168.0.2 - - [25/Nov/2024:22:58:51 +0000] "GET /api/v1/login HTTP/1.1" 404 1827 "https://whitaker.biz" "Mozilla/5.0 (Windows NT 10.0; Win64; x64) AppleWebKit/537.36 (KHTML, like Gecko) Chrome/90.0.4430.85 Safari/537.36" "25.16.110.81"
192.168.0.3 - - [28/Nov/2024:22:58:51 +0000] "GET /api/v1/data HTTP/1.1" 500 960 "https://cowan.com" "Mozilla/5.0 (Windows NT 6.1; WOW64; rv:33.0) Gecko/20100101 Firefox/33.0" "122.112.99.62"
192.168.0.2 - - [09/Nov/2024:22:58:51 +0000] "GET /api/v1/data HTTP/1.1" 301 3692 "https://kelley-garcia.org" "Mozilla/5.0 (Windows NT 6.1; WOW64; rv:33.0) Gecko/20100101 Firefox/33.0" "220.165.249.249"
192.168.0.3 - - [14/Nov/2024:22:58:51 +0000] "GET /api/v1/user HTTP/1.1" 200 1108 "https://kim-alexander.org" "Mozilla/5.0 (Windows NT 10.0; Win64; x64) AppleWebKit/537.36 (KHTML, like Gecko) Chrome/89.0.4389.82 Safari/537.36" "2.25.182.128"
192.168.0.1 - - [22/Nov/2024:22:58:51 +0000] "GET /api/v1/data HTTP/1.1" 301 1413 "https://reyes.com" "Mozilla/5.0 (Windows NT 10.0; Win64; x64) AppleWebKit/537.36 (KHTML, like Gecko) Chrome/89.0.4389.82 Safari/537.36" "221.187.247.91"
192.168.0.1 - - [29/Nov/2024:22:58:51 +0000] "GET /api/v1/login HTTP/1.1" 500 4482 "https://chen.com" "Mozilla/5.0 (Windows NT 10.0; Win64; x64) AppleWebKit/537.36 (KHTML, like Gecko) Chrome/90.0.4430.85 Safari/537.36" "170.13.5.219"
192.168.0.2 - - [02/Dec/2024:22:58:51 +0000] "GET /api/v1/resource HTTP/1.1" 404 1400 "https://adams.com" "Mozilla/5.0 (Windows NT 10.0; Win64; x64) AppleWebKit/537.36 (KHTML, like Gecko) Chrome/89.0.4389.82 Safari/537.36" "72.15.65.53"
192.168.0.2 - - [08/Dec/2024:22:58:51 +0000] "GET /api/v1/resource HTTP/1.1" 301 4223 "https://dean.org" "Mozilla/5.0 (Windows NT 10.0; Win64; x64) AppleWebKit/537.36 (KHTML, like Gecko) Chrome/90.0.4430.85 Safari/537.36" "215.255.235.56"
192.168.0.3 - - [12/Nov/2024:22:58:51 +0000] "GET /api/v1/data HTTP/1.1" 200 807 "https://moore.com" "Mozilla/5.0 (Windows NT 10.0; Win64; x64) AppleWebKit/537.36 (KHTML, like Gecko) Chrome/90.0.4430.85 Safari/537.36" "178.243.154.254"
192.168.0.2 - - [10/Nov/2024:22:58:51 +0000] "GET /api/v1/login HTTP/1.1" 400 460 "https://morales.com" "Mozilla/5.0 (Windows NT 10.0; Win64; x64) AppleWebKit/537.36 (KHTML, like Gecko) Chrome/90.0.4430.85 Safari/537.36" "46.21.61.255"
192.168.0.2 - - [24/Nov/2024:22:58:51 +0000] "GET /api/v1/user HTTP/1.1" 401 3763 "https://obrien-weiss.com" "Mozilla/5.0 (Windows NT 10.0; Win64; x64) AppleWebKit/537.36 (KHTML, like Gecko) Chrome/89.0.4389.82 Safari/537.36" "85.81.131.74"
192.168.0.1 - - [29/Nov/2024:22:58:51 +0000] "GET /api/v1/status HTTP/1.1" 401 3088 "https://jones.com" "Mozilla/5.0 (Windows NT 10.0; Win64; x64) AppleWebKit/537.36 (KHTML, like Gecko) Chrome/89.0.4389.82 Safari/537.36" "47.142.81.64"
192.168.0.2 - - [19/Nov/2024:22:58:51 +0000] "GET /api/v1/status HTTP/1.1" 400 429 "https://vaughn.com" "Mozilla/5.0 (Windows NT 10.0; Win64; x64) AppleWebKit/537.36 (KHTML, like Gecko) Chrome/90.0.4430.85 Safari/537.36" "177.134.225.248"
192.168.0.2 - - [18/Nov/2024:22:58:51 +0000] "GET /api/v1/data HTTP/1.1" 401 3383 "https://palmer.com" "Mozilla/5.0 (Windows NT 10.0; Win64; x64) AppleWebKit/537.36 (KHTML, like Gecko) Chrome/89.0.4389.82 Safari/537.36" "33.55.101.21"
192.168.0.3 - - [01/Dec/2024:22:58:51 +0000] "GET /api/v1/user HTTP/1.1" 301 1503 "https://williamson.com" "Mozilla/5.0 (Windows NT 6.1; WOW64; rv:33.0) Gecko/20100101 Firefox/33.0" "137.224.160.151"
192.168.0.2 - - [18/Nov/2024:22:58:51 +0000] "GET /api/v1/login HTTP/1.1" 301 155 "https://lewis-johnson.org" "Mozilla/5.0 (Windows NT 10.0; Win64; x64) AppleWebKit/537.36 (KHTML, like Gecko) Chrome/89.0.4389.82 Safari/537.36" "5.105.45.65"
192.168.0.2 - - [29/Nov/2024:22:58:51 +0000] "GET /api/v1/resource HTTP/1.1" 400 2309 "https://boyd.com" "Mozilla/5.0 (Windows NT 10.0; Win64; x64) AppleWebKit/537.36 (KHTML, like Gecko) Chrome/90.0.4430.85 Safari/537.36" "124.244.49.215"
192.168.0.2 - - [08/Dec/2024:22:58:51 +0000] "GET /api/v1/user HTTP/1.1" 400 876 "https://medina.com" "Mozilla/5.0 (Windows NT 6.1; WOW64; rv:33.0) Gecko/20100101 Firefox/33.0" "187.59.217.156"
192.168.0.2 - - [22/Nov/2024:22:58:51 +0000] "GET /api/v1/data HTTP/1.1" 404 4149 "https://flowers-hernandez.com" "Mozilla/5.0 (Windows NT 10.0; Win64; x64) AppleWebKit/537.36 (KHTML, like Gecko) Chrome/90.0.4430.85 Safari/537.36" "96.138.43.43"
192.168.0.1 - - [18/Nov/2024:22:58:51 +0000] "GET /api/v1/login HTTP/1.1" 200 4153 "https://moore.com" "Mozilla/5.0 (Windows NT 6.1; WOW64; rv:33.0) Gecko/20100101 Firefox/33.0" "132.47.214.38"
192.168.0.2 - - [12/Nov/2024:22:58:51 +0000] "GET /api/v1/user HTTP/1.1" 400 1854 "https://ramos.com" "Mozilla/5.0 (Windows NT 10.0; Win64; x64) AppleWebKit/537.36 (KHTML, like Gecko) Chrome/89.0.4389.82 Safari/537.36" "163.182.28.88"
192.168.0.2 - - [24/Nov/2024:22:58:51 +0000] "GET /api/v1/data HTTP/1.1" 301 2250 "https://daniel.org" "Mozilla/5.0 (Windows NT 6.1; WOW64; rv:33.0) Gecko/20100101 Firefox/33.0" "116.7.4.51"
192.168.0.3 - - [08/Dec/2024:22:58:51 +0000] "GET /api/v1/login HTTP/1.1" 401 243 "https://moran.biz" "Mozilla/5.0 (Windows NT 10.0; Win64; x64) AppleWebKit/537.36 (KHTML, like Gecko) Chrome/90.0.4430.85 Safari/537.36" "111.19.72.246"
192.168.0.1 - - [03/Dec/2024:22:58:51 +0000] "GET /api/v1/user HTTP/1.1" 500 1489 "https://vazquez-ortiz.net" "Mozilla/5.0 (Windows NT 10.0; Win64; x64) AppleWebKit/537.36 (KHTML, like Gecko) Chrome/89.0.4389.82 Safari/537.36" "168.8.20.61"
192.168.0.3 - - [16/Nov/2024:22:58:51 +0000] "GET /api/v1/user HTTP/1.1" 401 3997 "https://king.com" "Mozilla/5.0 (Windows NT 10.0; Win64; x64) AppleWebKit/537.36 (KHTML, like Gecko) Chrome/89.0.4389.82 Safari/537.36" "166.215.129.29"
192.168.0.3 - - [24/Nov/2024:22:58:51 +0000] "GET /api/v1/status HTTP/1.1" 200 4912 "https://brock.biz" "Mozilla/5.0 (Windows NT 10.0; Win64; x64) AppleWebKit/537.36 (KHTML, like Gecko) Chrome/90.0.4430.85 Safari/537.36" "178.246.152.150"
192.168.0.1 - - [09/Nov/2024:22:58:51 +0000] "GET /api/v1/data HTTP/1.1" 404 731 "https://fox.com" "Mozilla/5.0 (Windows NT 10.0; Win64; x64) AppleWebKit/537.36 (KHTML, like Gecko) Chrome/90.0.4430.85 Safari/537.36" "78.191.204.158"
192.168.0.1 - - [26/Nov/2024:22:58:51 +0000] "GET /api/v1/user HTTP/1.1" 404 482 "https://mcgee-mccarty.com" "Mozilla/5.0 (Windows NT 10.0; Win64; x64) AppleWebKit/537.36 (KHTML, like Gecko) Chrome/89.0.4389.82 Safari/537.36" "53.56.104.239"
192.168.0.3 - - [12/Nov/2024:22:58:51 +0000] "GET /api/v1/status HTTP/1.1" 401 2560 "https://walker.info" "Mozilla/5.0 (Windows NT 10.0; Win64; x64) AppleWebKit/537.36 (KHTML, like Gecko) Chrome/90.0.4430.85 Safari/537.36" "6.114.237.166"
192.168.0.1 - - [26/Nov/2024:22:58:51 +0000] "GET /api/v1/user HTTP/1.1" 301 4615 "https://coleman.net" "Mozilla/5.0 (Windows NT 6.1; WOW64; rv:33.0) Gecko/20100101 Firefox/33.0" "90.54.101.178"
192.168.0.1 - - [13/Nov/2024:22:58:51 +0000] "GET /api/v1/user HTTP/1.1" 400 4299 "https://andrade.com" "Mozilla/5.0 (Windows NT 10.0; Win64; x64) AppleWebKit/537.36 (KHTML, like Gecko) Chrome/89.0.4389.82 Safari/537.36" "87.60.160.134"
192.168.0.3 - - [26/Nov/2024:22:58:51 +0000] "GET /api/v1/status HTTP/1.1" 301 1592 "https://rocha.net" "Mozilla/5.0 (Windows NT 10.0; Win64; x64) AppleWebKit/537.36 (KHTML, like Gecko) Chrome/89.0.4389.82 Safari/537.36" "223.111.154.172"
192.168.0.1 - - [06/Dec/2024:22:58:51 +0000] "GET /api/v1/login HTTP/1.1" 500 4973 "https://chandler.com" "Mozilla/5.0 (Windows NT 10.0; Win64; x64) AppleWebKit/537.36 (KHTML, like Gecko) Chrome/90.0.4430.85 Safari/537.36" "138.226.249.112"
192.168.0.2 - - [09/Nov/2024:22:58:51 +0000] "GET /api/v1/login HTTP/1.1" 400 4327 "https://rowland.biz" "Mozilla/5.0 (Windows NT 10.0; Win64; x64) AppleWebKit/537.36 (KHTML, like Gecko) Chrome/89.0.4389.82 Safari/537.36" "18.214.40.62"
192.168.0.2 - - [05/Dec/2024:22:58:51 +0000] "GET /api/v1/resource HTTP/1.1" 401 4249 "https://howard.com" "Mozilla/5.0 (Windows NT 6.1; WOW64; rv:33.0) Gecko/20100101 Firefox/33.0" "195.155.26.122"
192.168.0.1 - - [29/Nov/2024:22:58:51 +0000] "GET /api/v1/data HTTP/1.1" 200 1628 "https://mitchell.com" "Mozilla/5.0 (Windows NT 10.0; Win64; x64) AppleWebKit/537.36 (KHTML, like Gecko) Chrome/90.0.4430.85 Safari/537.36" "208.90.48.232"
192.168.0.3 - - [20/Nov/2024:22:58:51 +0000] "GET /api/v1/login HTTP/1.1" 500 3314 "https://rodriguez.org" "Mozilla/5.0 (Windows NT 6.1; WOW64; rv:33.0) Gecko/20100101 Firefox/33.0" "50.51.22.161"
192.168.0.3 - - [08/Nov/2024:22:58:51 +0000] "GET /api/v1/status HTTP/1.1" 301 3917 "https://mercado.info" "Mozilla/5.0 (Windows NT 6.1; WOW64; rv:33.0) Gecko/20100101 Firefox/33.0" "109.247.16.154"
192.168.0.1 - - [19/Nov/2024:22:58:51 +0000] "GET /api/v1/user HTTP/1.1" 404 1381 "https://gardner.com" "Mozilla/5.0 (Windows NT 6.1; WOW64; rv:33.0) Gecko/20100101 Firefox/33.0" "201.60.23.1"
192.168.0.1 - - [23/Nov/2024:22:58:51 +0000] "GET /api/v1/login HTTP/1.1" 301 4588 "https://chaney.com" "Mozilla/5.0 (Windows NT 10.0; Win64; x64) AppleWebKit/537.36 (KHTML, like Gecko) Chrome/89.0.4389.82 Safari/537.36" "195.88.143.11"
192.168.0.1 - - [21/Nov/2024:22:58:51 +0000] "GET /api/v1/login HTTP/1.1" 301 2424 "https://sellers-peterson.com" "Mozilla/5.0 (Windows NT 10.0; Win64; x64) AppleWebKit/537.36 (KHTML, like Gecko) Chrome/89.0.4389.82 Safari/537.36" "47.235.226.90"
192.168.0.2 - - [08/Nov/2024:22:58:51 +0000] "GET /api/v1/data HTTP/1.1" 401 2127 "https://henderson-gibson.org" "Mozilla/5.0 (Windows NT 10.0; Win64; x64) AppleWebKit/537.36 (KHTML, like Gecko) Chrome/89.0.4389.82 Safari/537.36" "190.245.173.224"
192.168.0.3 - - [23/Nov/2024:22:58:51 +0000] "GET /api/v1/user HTTP/1.1" 404 4215 "https://carroll-robertson.com" "Mozilla/5.0 (Windows NT 10.0; Win64; x64) AppleWebKit/537.36 (KHTML, like Gecko) Chrome/90.0.4430.85 Safari/537.36" "214.37.109.198"
192.168.0.1 - - [19/Nov/2024:22:58:51 +0000] "GET /api/v1/user HTTP/1.1" 404 3530 "https://webb.com" "Mozilla/5.0 (Windows NT 10.0; Win64; x64) AppleWebKit/537.36 (KHTML, like Gecko) Chrome/90.0.4430.85 Safari/537.36" "166.42.191.6"
192.168.0.1 - - [09/Nov/2024:22:58:51 +0000] "GET /api/v1/status HTTP/1.1" 200 2978 "https://wilkins.biz" "Mozilla/5.0 (Windows NT 10.0; Win64; x64) AppleWebKit/537.36 (KHTML, like Gecko) Chrome/90.0.4430.85 Safari/537.36" "30.134.8.120"
192.168.0.3 - - [28/Nov/2024:22:58:51 +0000] "GET /api/v1/login HTTP/1.1" 400 2499 "https://robinson.com" "Mozilla/5.0 (Windows NT 10.0; Win64; x64) AppleWebKit/537.36 (KHTML, like Gecko) Chrome/90.0.4430.85 Safari/537.36" "70.43.72.38"
192.168.0.1 - - [20/Nov/2024:22:58:51 +0000] "GET /api/v1/login HTTP/1.1" 301 1476 "https://choi.biz" "Mozilla/5.0 (Windows NT 6.1; WOW64; rv:33.0) Gecko/20100101 Firefox/33.0" "121.34.244.44"
192.168.0.1 - - [15/Nov/2024:22:58:51 +0000] "GET /api/v1/data HTTP/1.1" 200 3968 "https://hayes.com" "Mozilla/5.0 (Windows NT 6.1; WOW64; rv:33.0) Gecko/20100101 Firefox/33.0" "144.78.109.58"
192.168.0.2 - - [24/Nov/2024:22:58:51 +0000] "GET /api/v1/data HTTP/1.1" 400 1056 "https://stanton.com" "Mozilla/5.0 (Windows NT 10.0; Win64; x64) AppleWebKit/537.36 (KHTML, like Gecko) Chrome/90.0.4430.85 Safari/537.36" "28.80.174.5"
192.168.0.1 - - [19/Nov/2024:22:58:51 +0000] "GET /api/v1/resource HTTP/1.1" 301 3390 "https://joyce.com" "Mozilla/5.0 (Windows NT 10.0; Win64; x64) AppleWebKit/537.36 (KHTML, like Gecko) Chrome/89.0.4389.82 Safari/537.36" "180.88.213.162"
192.168.0.2 - - [04/Dec/2024:22:58:51 +0000] "GET /api/v1/status HTTP/1.1" 500 3119 "https://mata.com" "Mozilla/5.0 (Windows NT 10.0; Win64; x64) AppleWebKit/537.36 (KHTML, like Gecko) Chrome/89.0.4389.82 Safari/537.36" "192.238.176.25"
192.168.0.3 - - [18/Nov/2024:22:58:51 +0000] "GET /api/v1/login HTTP/1.1" 200 358 "https://rowland-green.net" "Mozilla/5.0 (Windows NT 10.0; Win64; x64) AppleWebKit/537.36 (KHTML, like Gecko) Chrome/90.0.4430.85 Safari/537.36" "52.223.118.191"
192.168.0.1 - - [05/Dec/2024:22:58:51 +0000] "GET /api/v1/status HTTP/1.1" 301 4957 "https://bailey-williams.info" "Mozilla/5.0 (Windows NT 6.1; WOW64; rv:33.0) Gecko/20100101 Firefox/33.0" "71.193.122.246"
192.168.0.1 - - [29/Nov/2024:22:58:51 +0000] "GET /api/v1/resource HTTP/1.1" 301 3149 "https://day.com" "Mozilla/5.0 (Windows NT 10.0; Win64; x64) AppleWebKit/537.36 (KHTML, like Gecko) Chrome/89.0.4389.82 Safari/537.36" "210.246.231.90"
192.168.0.2 - - [23/Nov/2024:22:58:51 +0000] "GET /api/v1/status HTTP/1.1" 500 1729 "https://edwards.biz" "Mozilla/5.0 (Windows NT 6.1; WOW64; rv:33.0) Gecko/20100101 Firefox/33.0" "75.79.180.95"
192.168.0.2 - - [26/Nov/2024:22:58:51 +0000] "GET /api/v1/data HTTP/1.1" 401 3384 "https://ruiz-rivera.com" "Mozilla/5.0 (Windows NT 6.1; WOW64; rv:33.0) Gecko/20100101 Firefox/33.0" "223.245.175.255"
192.168.0.1 - - [15/Nov/2024:22:58:51 +0000] "GET /api/v1/status HTTP/1.1" 301 1163 "https://perez.org" "Mozilla/5.0 (Windows NT 10.0; Win64; x64) AppleWebKit/537.36 (KHTML, like Gecko) Chrome/90.0.4430.85 Safari/537.36" "138.122.85.12"
192.168.0.3 - - [24/Nov/2024:22:58:51 +0000] "GET /api/v1/user HTTP/1.1" 404 1254 "https://robles-stevens.biz" "Mozilla/5.0 (Windows NT 6.1; WOW64; rv:33.0) Gecko/20100101 Firefox/33.0" "153.84.35.232"
192.168.0.2 - - [18/Nov/2024:22:58:51 +0000] "GET /api/v1/user HTTP/1.1" 500 275 "https://richards-nunez.com" "Mozilla/5.0 (Windows NT 10.0; Win64; x64) AppleWebKit/537.36 (KHTML, like Gecko) Chrome/89.0.4389.82 Safari/537.36" "106.133.191.95"
192.168.0.2 - - [15/Nov/2024:22:58:51 +0000] "GET /api/v1/resource HTTP/1.1" 301 4484 "https://cervantes.com" "Mozilla/5.0 (Windows NT 10.0; Win64; x64) AppleWebKit/537.36 (KHTML, like Gecko) Chrome/90.0.4430.85 Safari/537.36" "162.127.152.173"
192.168.0.1 - - [05/Dec/2024:22:58:51 +0000] "GET /api/v1/resource HTTP/1.1" 404 2774 "https://berry.info" "Mozilla/5.0 (Windows NT 10.0; Win64; x64) AppleWebKit/537.36 (KHTML, like Gecko) Chrome/89.0.4389.82 Safari/537.36" "221.1.146.18"
192.168.0.1 - - [26/Nov/2024:22:58:51 +0000] "GET /api/v1/user HTTP/1.1" 200 2050 "https://duncan.com" "Mozilla/5.0 (Windows NT 10.0; Win64; x64) AppleWebKit/537.36 (KHTML, like Gecko) Chrome/89.0.4389.82 Safari/537.36" "19.18.37.36"
192.168.0.3 - - [18/Nov/2024:22:58:51 +0000] "GET /api/v1/user HTTP/1.1" 400 743 "https://henderson-rush.net" "Mozilla/5.0 (Windows NT 6.1; WOW64; rv:33.0) Gecko/20100101 Firefox/33.0" "31.204.215.134"
192.168.0.1 - - [09/Nov/2024:22:58:51 +0000] "GET /api/v1/login HTTP/1.1" 401 2659 "https://pennington.com" "Mozilla/5.0 (Windows NT 10.0; Win64; x64) AppleWebKit/537.36 (KHTML, like Gecko) Chrome/90.0.4430.85 Safari/537.36" "72.105.19.184"
192.168.0.2 - - [04/Dec/2024:22:58:51 +0000] "GET /api/v1/status HTTP/1.1" 400 4074 "https://lambert-davis.com" "Mozilla/5.0 (Windows NT 6.1; WOW64; rv:33.0) Gecko/20100101 Firefox/33.0" "185.169.60.21"
192.168.0.1 - - [15/Nov/2024:22:58:51 +0000] "GET /api/v1/resource HTTP/1.1" 200 3704 "https://hamilton.com" "Mozilla/5.0 (Windows NT 10.0; Win64; x64) AppleWebKit/537.36 (KHTML, like Gecko) Chrome/90.0.4430.85 Safari/537.36" "169.230.109.52"
192.168.0.3 - - [23/Nov/2024:22:58:51 +0000] "GET /api/v1/login HTTP/1.1" 301 3725 "https://bates-dyer.com" "Mozilla/5.0 (Windows NT 10.0; Win64; x64) AppleWebKit/537.36 (KHTML, like Gecko) Chrome/89.0.4389.82 Safari/537.36" "145.229.139.218"
192.168.0.2 - - [02/Dec/2024:22:58:51 +0000] "GET /api/v1/data HTTP/1.1" 404 1896 "https://morrison.info" "Mozilla/5.0 (Windows NT 10.0; Win64; x64) AppleWebKit/537.36 (KHTML, like Gecko) Chrome/89.0.4389.82 Safari/537.36" "24.226.150.72"
192.168.0.2 - - [11/Nov/2024:22:58:51 +0000] "GET /api/v1/data HTTP/1.1" 404 4291 "https://potts-chavez.com" "Mozilla/5.0 (Windows NT 6.1; WOW64; rv:33.0) Gecko/20100101 Firefox/33.0" "170.254.47.114"
192.168.0.3 - - [08/Dec/2024:22:58:51 +0000] "GET /api/v1/login HTTP/1.1" 400 2525 "https://patton-rodriguez.com" "Mozilla/5.0 (Windows NT 10.0; Win64; x64) AppleWebKit/537.36 (KHTML, like Gecko) Chrome/89.0.4389.82 Safari/537.36" "105.118.253.39"
192.168.0.3 - - [24/Nov/2024:22:58:51 +0000] "GET /api/v1/status HTTP/1.1" 200 2124 "https://stein.com" "Mozilla/5.0 (Windows NT 10.0; Win64; x64) AppleWebKit/537.36 (KHTML, like Gecko) Chrome/90.0.4430.85 Safari/537.36" "74.255.44.75"
192.168.0.1 - - [21/Nov/2024:22:58:51 +0000] "GET /api/v1/login HTTP/1.1" 301 3698 "https://lewis.com" "Mozilla/5.0 (Windows NT 10.0; Win64; x64) AppleWebKit/537.36 (KHTML, like Gecko) Chrome/89.0.4389.82 Safari/537.36" "69.2.165.207"
192.168.0.3 - - [06/Dec/2024:22:58:51 +0000] "GET /api/v1/data HTTP/1.1" 400 3866 "https://mclaughlin.com" "Mozilla/5.0 (Windows NT 10.0; Win64; x64) AppleWebKit/537.36 (KHTML, like Gecko) Chrome/90.0.4430.85 Safari/537.36" "155.65.111.90"
192.168.0.1 - - [11/Nov/2024:22:58:51 +0000] "GET /api/v1/user HTTP/1.1" 401 3216 "https://reese.com" "Mozilla/5.0 (Windows NT 6.1; WOW64; rv:33.0) Gecko/20100101 Firefox/33.0" "105.110.67.24"
192.168.0.2 - - [12/Nov/2024:22:58:51 +0000] "GET /api/v1/status HTTP/1.1" 404 2035 "https://frazier.com" "Mozilla/5.0 (Windows NT 10.0; Win64; x64) AppleWebKit/537.36 (KHTML, like Gecko) Chrome/89.0.4389.82 Safari/537.36" "162.89.85.151"
192.168.0.3 - - [03/Dec/2024:22:58:51 +0000] "GET /api/v1/data HTTP/1.1" 500 709 "https://barnes-robertson.com" "Mozilla/5.0 (Windows NT 6.1; WOW64; rv:33.0) Gecko/20100101 Firefox/33.0" "138.93.149.30"
192.168.0.3 - - [03/Dec/2024:22:58:51 +0000] "GET /api/v1/data HTTP/1.1" 500 4290 "https://ramirez-mckinney.com" "Mozilla/5.0 (Windows NT 10.0; Win64; x64) AppleWebKit/537.36 (KHTML, like Gecko) Chrome/89.0.4389.82 Safari/537.36" "217.182.246.86"
192.168.0.3 - - [14/Nov/2024:22:58:51 +0000] "GET /api/v1/user HTTP/1.1" 400 131 "https://nichols.info" "Mozilla/5.0 (Windows NT 10.0; Win64; x64) AppleWebKit/537.36 (KHTML, like Gecko) Chrome/89.0.4389.82 Safari/537.36" "41.151.82.48"
192.168.0.3 - - [15/Nov/2024:22:58:51 +0000] "GET /api/v1/resource HTTP/1.1" 400 2184 "https://martin.com" "Mozilla/5.0 (Windows NT 10.0; Win64; x64) AppleWebKit/537.36 (KHTML, like Gecko) Chrome/90.0.4430.85 Safari/537.36" "153.253.138.42"
192.168.0.1 - - [20/Nov/2024:22:58:51 +0000] "GET /api/v1/data HTTP/1.1" 401 4067 "https://scott.net" "Mozilla/5.0 (Windows NT 10.0; Win64; x64) AppleWebKit/537.36 (KHTML, like Gecko) Chrome/90.0.4430.85 Safari/537.36" "41.78.163.183"
192.168.0.1 - - [03/Dec/2024:22:58:51 +0000] "GET /api/v1/login HTTP/1.1" 401 2162 "https://jensen.com" "Mozilla/5.0 (Windows NT 6.1; WOW64; rv:33.0) Gecko/20100101 Firefox/33.0" "113.13.165.16"
192.168.0.1 - - [10/Nov/2024:22:58:51 +0000] "GET /api/v1/status HTTP/1.1" 401 3490 "https://jones-hart.com" "Mozilla/5.0 (Windows NT 10.0; Win64; x64) AppleWebKit/537.36 (KHTML, like Gecko) Chrome/89.0.4389.82 Safari/537.36" "23.191.108.168"
192.168.0.1 - - [11/Nov/2024:22:58:51 +0000] "GET /api/v1/user HTTP/1.1" 500 1254 "https://miller-pollard.com" "Mozilla/5.0 (Windows NT 6.1; WOW64; rv:33.0) Gecko/20100101 Firefox/33.0" "77.220.150.198"
192.168.0.2 - - [10/Nov/2024:22:58:51 +0000] "GET /api/v1/status HTTP/1.1" 500 4050 "https://boone.com" "Mozilla/5.0 (Windows NT 6.1; WOW64; rv:33.0) Gecko/20100101 Firefox/33.0" "178.159.227.212"
192.168.0.2 - - [01/Dec/2024:22:58:51 +0000] "GET /api/v1/login HTTP/1.1" 301 457 "https://fisher-cruz.com" "Mozilla/5.0 (Windows NT 6.1; WOW64; rv:33.0) Gecko/20100101 Firefox/33.0" "206.3.221.210"
192.168.0.2 - - [04/Dec/2024:22:58:51 +0000] "GET /api/v1/data HTTP/1.1" 200 3286 "https://king.com" "Mozilla/5.0 (Windows NT 10.0; Win64; x64) AppleWebKit/537.36 (KHTML, like Gecko) Chrome/89.0.4389.82 Safari/537.36" "132.4.14.36"
192.168.0.1 - - [26/Nov/2024:22:58:51 +0000] "GET /api/v1/data HTTP/1.1" 404 4099 "https://khan.com" "Mozilla/5.0 (Windows NT 10.0; Win64; x64) AppleWebKit/537.36 (KHTML, like Gecko) Chrome/89.0.4389.82 Safari/537.36" "88.140.32.1"
192.168.0.3 - - [11/Nov/2024:22:58:51 +0000] "GET /api/v1/resource HTTP/1.1" 301 4965 "https://silva-martin.com" "Mozilla/5.0 (Windows NT 10.0; Win64; x64) AppleWebKit/537.36 (KHTML, like Gecko) Chrome/90.0.4430.85 Safari/537.36" "2.134.70.236"
192.168.0.1 - - [06/Dec/2024:22:58:51 +0000] "GET /api/v1/data HTTP/1.1" 200 435 "https://taylor-mcdonald.com" "Mozilla/5.0 (Windows NT 10.0; Win64; x64) AppleWebKit/537.36 (KHTML, like Gecko) Chrome/90.0.4430.85 Safari/537.36" "111.220.83.195"
192.168.0.3 - - [08/Nov/2024:22:58:51 +0000] "GET /api/v1/login HTTP/1.1" 301 2966 "https://mcclure-chen.com" "Mozilla/5.0 (Windows NT 10.0; Win64; x64) AppleWebKit/537.36 (KHTML, like Gecko) Chrome/89.0.4389.82 Safari/537.36" "210.190.217.120"
192.168.0.2 - - [05/Dec/2024:22:58:51 +0000] "GET /api/v1/login HTTP/1.1" 400 1031 "https://marshall.org" "Mozilla/5.0 (Windows NT 6.1; WOW64; rv:33.0) Gecko/20100101 Firefox/33.0" "27.97.227.176"
192.168.0.2 - - [07/Dec/2024:22:58:51 +0000] "GET /api/v1/status HTTP/1.1" 301 4609 "https://cohen-ramirez.biz" "Mozilla/5.0 (Windows NT 10.0; Win64; x64) AppleWebKit/537.36 (KHTML, like Gecko) Chrome/90.0.4430.85 Safari/537.36" "206.73.187.70"
192.168.0.1 - - [09/Nov/2024:22:58:51 +0000] "GET /api/v1/status HTTP/1.1" 500 903 "https://phillips.com" "Mozilla/5.0 (Windows NT 10.0; Win64; x64) AppleWebKit/537.36 (KHTML, like Gecko) Chrome/90.0.4430.85 Safari/537.36" "69.75.174.40"
192.168.0.1 - - [12/Nov/2024:22:58:51 +0000] "GET /api/v1/status HTTP/1.1" 401 2474 "https://preston-blanchard.com" "Mozilla/5.0 (Windows NT 10.0; Win64; x64) AppleWebKit/537.36 (KHTML, like Gecko) Chrome/90.0.4430.85 Safari/537.36" "205.221.156.216"
192.168.0.3 - - [23/Nov/2024:22:58:51 +0000] "GET /api/v1/user HTTP/1.1" 301 1722 "https://rangel.biz" "Mozilla/5.0 (Windows NT 6.1; WOW64; rv:33.0) Gecko/20100101 Firefox/33.0" "173.58.142.219"
192.168.0.2 - - [13/Nov/2024:22:58:51 +0000] "GET /api/v1/status HTTP/1.1" 400 767 "https://chavez.com" "Mozilla/5.0 (Windows NT 10.0; Win64; x64) AppleWebKit/537.36 (KHTML, like Gecko) Chrome/89.0.4389.82 Safari/537.36" "198.214.148.153"
192.168.0.3 - - [08/Nov/2024:22:58:51 +0000] "GET /api/v1/resource HTTP/1.1" 404 1715 "https://davis.com" "Mozilla/5.0 (Windows NT 10.0; Win64; x64) AppleWebKit/537.36 (KHTML, like Gecko) Chrome/89.0.4389.82 Safari/537.36" "80.147.251.25"
192.168.0.3 - - [15/Nov/2024:22:58:51 +0000] "GET /api/v1/login HTTP/1.1" 401 1294 "https://clark.info" "Mozilla/5.0 (Windows NT 10.0; Win64; x64) AppleWebKit/537.36 (KHTML, like Gecko) Chrome/90.0.4430.85 Safari/537.36" "114.110.131.248"
192.168.0.3 - - [13/Nov/2024:22:58:51 +0000] "GET /api/v1/status HTTP/1.1" 404 3195 "https://kent-johnson.net" "Mozilla/5.0 (Windows NT 10.0; Win64; x64) AppleWebKit/537.36 (KHTML, like Gecko) Chrome/90.0.4430.85 Safari/537.36" "62.156.17.19"
192.168.0.1 - - [25/Nov/2024:22:58:51 +0000] "GET /api/v1/login HTTP/1.1" 500 3763 "https://schmidt.org" "Mozilla/5.0 (Windows NT 6.1; WOW64; rv:33.0) Gecko/20100101 Firefox/33.0" "101.247.100.7"
192.168.0.2 - - [11/Nov/2024:22:58:51 +0000] "GET /api/v1/resource HTTP/1.1" 200 166 "https://foster-tucker.com" "Mozilla/5.0 (Windows NT 6.1; WOW64; rv:33.0) Gecko/20100101 Firefox/33.0" "62.101.55.76"
192.168.0.1 - - [06/Dec/2024:22:58:51 +0000] "GET /api/v1/data HTTP/1.1" 500 2315 "https://bailey.com" "Mozilla/5.0 (Windows NT 6.1; WOW64; rv:33.0) Gecko/20100101 Firefox/33.0" "41.64.180.220"
192.168.0.3 - - [15/Nov/2024:22:58:51 +0000] "GET /api/v1/data HTTP/1.1" 400 127 "https://calderon-ramirez.com" "Mozilla/5.0 (Windows NT 6.1; WOW64; rv:33.0) Gecko/20100101 Firefox/33.0" "148.17.224.98"
192.168.0.3 - - [25/Nov/2024:22:58:51 +0000] "GET /api/v1/resource HTTP/1.1" 301 4920 "https://steele.net" "Mozilla/5.0 (Windows NT 6.1; WOW64; rv:33.0) Gecko/20100101 Firefox/33.0" "121.94.179.39"
192.168.0.1 - - [04/Dec/2024:22:58:51 +0000] "GET /api/v1/data HTTP/1.1" 500 156 "https://watts-miller.com" "Mozilla/5.0 (Windows NT 6.1; WOW64; rv:33.0) Gecko/20100101 Firefox/33.0" "125.187.125.72"
192.168.0.3 - - [19/Nov/2024:22:58:51 +0000] "GET /api/v1/resource HTTP/1.1" 404 3523 "https://hill.biz" "Mozilla/5.0 (Windows NT 6.1; WOW64; rv:33.0) Gecko/20100101 Firefox/33.0" "69.64.108.227"
192.168.0.3 - - [03/Dec/2024:22:58:51 +0000] "GET /api/v1/status HTTP/1.1" 500 3256 "https://jensen-hall.com" "Mozilla/5.0 (Windows NT 6.1; WOW64; rv:33.0) Gecko/20100101 Firefox/33.0" "142.199.184.55"
192.168.0.2 - - [04/Dec/2024:22:58:51 +0000] "GET /api/v1/login HTTP/1.1" 500 616 "https://mullen.net" "Mozilla/5.0 (Windows NT 10.0; Win64; x64) AppleWebKit/537.36 (KHTML, like Gecko) Chrome/90.0.4430.85 Safari/537.36" "47.63.210.254"
192.168.0.1 - - [22/Nov/2024:22:58:51 +0000] "GET /api/v1/login HTTP/1.1" 400 1091 "https://mcdonald.com" "Mozilla/5.0 (Windows NT 10.0; Win64; x64) AppleWebKit/537.36 (KHTML, like Gecko) Chrome/89.0.4389.82 Safari/537.36" "195.158.70.132"
192.168.0.2 - - [25/Nov/2024:22:58:51 +0000] "GET /api/v1/login HTTP/1.1" 301 176 "https://cole.com" "Mozilla/5.0 (Windows NT 10.0; Win64; x64) AppleWebKit/537.36 (KHTML, like Gecko) Chrome/90.0.4430.85 Safari/537.36" "63.40.52.120"
192.168.0.3 - - [14/Nov/2024:22:58:51 +0000] "GET /api/v1/resource HTTP/1.1" 401 1462 "https://todd.com" "Mozilla/5.0 (Windows NT 10.0; Win64; x64) AppleWebKit/537.36 (KHTML, like Gecko) Chrome/89.0.4389.82 Safari/537.36" "64.120.249.201"
192.168.0.3 - - [18/Nov/2024:22:58:51 +0000] "GET /api/v1/user HTTP/1.1" 401 4651 "https://perez.com" "Mozilla/5.0 (Windows NT 6.1; WOW64; rv:33.0) Gecko/20100101 Firefox/33.0" "202.114.127.116"
192.168.0.2 - - [18/Nov/2024:22:58:51 +0000] "GET /api/v1/user HTTP/1.1" 401 4706 "https://diaz.net" "Mozilla/5.0 (Windows NT 10.0; Win64; x64) AppleWebKit/537.36 (KHTML, like Gecko) Chrome/89.0.4389.82 Safari/537.36" "30.205.176.51"
192.168.0.1 - - [12/Nov/2024:22:58:51 +0000] "GET /api/v1/user HTTP/1.1" 301 1909 "https://garner.info" "Mozilla/5.0 (Windows NT 6.1; WOW64; rv:33.0) Gecko/20100101 Firefox/33.0" "85.188.74.188"
192.168.0.1 - - [07/Dec/2024:22:58:51 +0000] "GET /api/v1/data HTTP/1.1" 500 3116 "https://roach.info" "Mozilla/5.0 (Windows NT 10.0; Win64; x64) AppleWebKit/537.36 (KHTML, like Gecko) Chrome/89.0.4389.82 Safari/537.36" "187.136.99.151"
192.168.0.1 - - [18/Nov/2024:22:58:51 +0000] "GET /api/v1/resource HTTP/1.1" 301 4580 "https://wolf.com" "Mozilla/5.0 (Windows NT 10.0; Win64; x64) AppleWebKit/537.36 (KHTML, like Gecko) Chrome/90.0.4430.85 Safari/537.36" "170.39.161.53"
192.168.0.1 - - [18/Nov/2024:22:58:51 +0000] "GET /api/v1/data HTTP/1.1" 200 2791 "https://jones-mccormick.info" "Mozilla/5.0 (Windows NT 10.0; Win64; x64) AppleWebKit/537.36 (KHTML, like Gecko) Chrome/89.0.4389.82 Safari/537.36" "181.202.149.74"
192.168.0.3 - - [26/Nov/2024:22:58:51 +0000] "GET /api/v1/status HTTP/1.1" 500 1502 "https://ramirez-bell.com" "Mozilla/5.0 (Windows NT 6.1; WOW64; rv:33.0) Gecko/20100101 Firefox/33.0" "19.139.32.247"
192.168.0.3 - - [14/Nov/2024:22:58:51 +0000] "GET /api/v1/data HTTP/1.1" 200 1043 "https://garcia-woodward.info" "Mozilla/5.0 (Windows NT 10.0; Win64; x64) AppleWebKit/537.36 (KHTML, like Gecko) Chrome/89.0.4389.82 Safari/537.36" "80.111.121.245"
192.168.0.3 - - [10/Nov/2024:22:58:51 +0000] "GET /api/v1/data HTTP/1.1" 404 3170 "https://taylor.info" "Mozilla/5.0 (Windows NT 10.0; Win64; x64) AppleWebKit/537.36 (KHTML, like Gecko) Chrome/89.0.4389.82 Safari/537.36" "124.181.164.30"
192.168.0.1 - - [27/Nov/2024:22:58:51 +0000] "GET /api/v1/resource HTTP/1.1" 401 3042 "https://pruitt-adams.biz" "Mozilla/5.0 (Windows NT 10.0; Win64; x64) AppleWebKit/537.36 (KHTML, like Gecko) Chrome/90.0.4430.85 Safari/537.36" "5.244.173.25"
192.168.0.2 - - [18/Nov/2024:22:58:51 +0000] "GET /api/v1/status HTTP/1.1" 301 4344 "https://johnson.net" "Mozilla/5.0 (Windows NT 10.0; Win64; x64) AppleWebKit/537.36 (KHTML, like Gecko) Chrome/89.0.4389.82 Safari/537.36" "211.66.72.222"
192.168.0.1 - - [25/Nov/2024:22:58:51 +0000] "GET /api/v1/user HTTP/1.1" 400 3304 "https://smith-parker.info" "Mozilla/5.0 (Windows NT 10.0; Win64; x64) AppleWebKit/537.36 (KHTML, like Gecko) Chrome/89.0.4389.82 Safari/537.36" "154.1.87.52"
192.168.0.3 - - [13/Nov/2024:22:58:51 +0000] "GET /api/v1/user HTTP/1.1" 400 1275 "https://chung-carson.com" "Mozilla/5.0 (Windows NT 6.1; WOW64; rv:33.0) Gecko/20100101 Firefox/33.0" "197.64.122.30"
192.168.0.3 - - [28/Nov/2024:22:58:51 +0000] "GET /api/v1/login HTTP/1.1" 401 1593 "https://rodriguez-wade.com" "Mozilla/5.0 (Windows NT 6.1; WOW64; rv:33.0) Gecko/20100101 Firefox/33.0" "43.151.71.221"
192.168.0.3 - - [07/Dec/2024:22:58:51 +0000] "GET /api/v1/user HTTP/1.1" 404 894 "https://chen-tran.net" "Mozilla/5.0 (Windows NT 10.0; Win64; x64) AppleWebKit/537.36 (KHTML, like Gecko) Chrome/89.0.4389.82 Safari/537.36" "165.120.177.179"
192.168.0.1 - - [25/Nov/2024:22:58:51 +0000] "GET /api/v1/resource HTTP/1.1" 200 230 "https://mullins-park.com" "Mozilla/5.0 (Windows NT 10.0; Win64; x64) AppleWebKit/537.36 (KHTML, like Gecko) Chrome/90.0.4430.85 Safari/537.36" "221.245.101.224"
192.168.0.1 - - [18/Nov/2024:22:58:51 +0000] "GET /api/v1/data HTTP/1.1" 200 2066 "https://harris-cohen.com" "Mozilla/5.0 (Windows NT 6.1; WOW64; rv:33.0) Gecko/20100101 Firefox/33.0" "146.64.110.9"
192.168.0.3 - - [06/Dec/2024:22:58:51 +0000] "GET /api/v1/resource HTTP/1.1" 400 3592 "https://jones.com" "Mozilla/5.0 (Windows NT 10.0; Win64; x64) AppleWebKit/537.36 (KHTML, like Gecko) Chrome/90.0.4430.85 Safari/537.36" "198.229.167.46"
192.168.0.1 - - [21/Nov/2024:22:58:51 +0000] "GET /api/v1/resource HTTP/1.1" 401 2521 "https://fisher-robertson.net" "Mozilla/5.0 (Windows NT 6.1; WOW64; rv:33.0) Gecko/20100101 Firefox/33.0" "149.9.227.61"
192.168.0.2 - - [11/Nov/2024:22:58:51 +0000] "GET /api/v1/login HTTP/1.1" 301 2315 "https://burgess-herring.info" "Mozilla/5.0 (Windows NT 10.0; Win64; x64) AppleWebKit/537.36 (KHTML, like Gecko) Chrome/89.0.4389.82 Safari/537.36" "193.122.94.164"
192.168.0.2 - - [08/Dec/2024:22:58:51 +0000] "GET /api/v1/login HTTP/1.1" 200 4568 "https://davis.com" "Mozilla/5.0 (Windows NT 10.0; Win64; x64) AppleWebKit/537.36 (KHTML, like Gecko) Chrome/90.0.4430.85 Safari/537.36" "199.161.214.60"
192.168.0.3 - - [17/Nov/2024:22:58:51 +0000] "GET /api/v1/login HTTP/1.1" 200 4237 "https://castro.net" "Mozilla/5.0 (Windows NT 10.0; Win64; x64) AppleWebKit/537.36 (KHTML, like Gecko) Chrome/89.0.4389.82 Safari/537.36" "82.253.18.184"
192.168.0.1 - - [08/Nov/2024:22:58:51 +0000] "GET /api/v1/resource HTTP/1.1" 404 2075 "https://wood-odom.biz" "Mozilla/5.0 (Windows NT 6.1; WOW64; rv:33.0) Gecko/20100101 Firefox/33.0" "168.190.44.143"
192.168.0.3 - - [16/Nov/2024:22:58:51 +0000] "GET /api/v1/user HTTP/1.1" 404 1430 "https://patterson-graves.org" "Mozilla/5.0 (Windows NT 10.0; Win64; x64) AppleWebKit/537.36 (KHTML, like Gecko) Chrome/89.0.4389.82 Safari/537.36" "166.36.173.115"
192.168.0.1 - - [30/Nov/2024:22:58:51 +0000] "GET /api/v1/user HTTP/1.1" 301 1436 "https://bowen-lester.com" "Mozilla/5.0 (Windows NT 6.1; WOW64; rv:33.0) Gecko/20100101 Firefox/33.0" "177.140.175.58"
192.168.0.2 - - [02/Dec/2024:22:58:51 +0000] "GET /api/v1/resource HTTP/1.1" 401 2412 "https://collins.com" "Mozilla/5.0 (Windows NT 10.0; Win64; x64) AppleWebKit/537.36 (KHTML, like Gecko) Chrome/89.0.4389.82 Safari/537.36" "193.125.5.41"
192.168.0.2 - - [02/Dec/2024:22:58:51 +0000] "GET /api/v1/login HTTP/1.1" 500 1816 "https://holder.info" "Mozilla/5.0 (Windows NT 10.0; Win64; x64) AppleWebKit/537.36 (KHTML, like Gecko) Chrome/90.0.4430.85 Safari/537.36" "123.229.165.32"
192.168.0.3 - - [15/Nov/2024:22:58:51 +0000] "GET /api/v1/status HTTP/1.1" 404 2177 "https://salazar.info" "Mozilla/5.0 (Windows NT 6.1; WOW64; rv:33.0) Gecko/20100101 Firefox/33.0" "18.124.131.234"
192.168.0.2 - - [03/Dec/2024:22:58:51 +0000] "GET /api/v1/data HTTP/1.1" 500 743 "https://salinas-torres.info" "Mozilla/5.0 (Windows NT 10.0; Win64; x64) AppleWebKit/537.36 (KHTML, like Gecko) Chrome/89.0.4389.82 Safari/537.36" "15.27.237.219"
192.168.0.2 - - [30/Nov/2024:22:58:51 +0000] "GET /api/v1/resource HTTP/1.1" 500 2637 "https://harris-rodriguez.com" "Mozilla/5.0 (Windows NT 10.0; Win64; x64) AppleWebKit/537.36 (KHTML, like Gecko) Chrome/89.0.4389.82 Safari/537.36" "130.26.4.77"
192.168.0.2 - - [12/Nov/2024:22:58:51 +0000] "GET /api/v1/status HTTP/1.1" 200 4023 "https://barnett-mason.com" "Mozilla/5.0 (Windows NT 6.1; WOW64; rv:33.0) Gecko/20100101 Firefox/33.0" "119.104.104.245"
192.168.0.3 - - [22/Nov/2024:22:58:51 +0000] "GET /api/v1/data HTTP/1.1" 400 1270 "https://erickson.com" "Mozilla/5.0 (Windows NT 10.0; Win64; x64) AppleWebKit/537.36 (KHTML, like Gecko) Chrome/90.0.4430.85 Safari/537.36" "153.31.234.26"
192.168.0.3 - - [27/Nov/2024:22:58:51 +0000] "GET /api/v1/login HTTP/1.1" 200 4506 "https://conrad.org" "Mozilla/5.0 (Windows NT 6.1; WOW64; rv:33.0) Gecko/20100101 Firefox/33.0" "116.153.59.32"
192.168.0.2 - - [15/Nov/2024:22:58:51 +0000] "GET /api/v1/login HTTP/1.1" 401 4546 "https://watson-tyler.net" "Mozilla/5.0 (Windows NT 6.1; WOW64; rv:33.0) Gecko/20100101 Firefox/33.0" "79.170.147.22"
192.168.0.3 - - [23/Nov/2024:22:58:51 +0000] "GET /api/v1/data HTTP/1.1" 401 634 "https://garrett-robinson.biz" "Mozilla/5.0 (Windows NT 10.0; Win64; x64) AppleWebKit/537.36 (KHTML, like Gecko) Chrome/89.0.4389.82 Safari/537.36" "9.174.164.67"
192.168.0.3 - - [08/Dec/2024:22:58:51 +0000] "GET /api/v1/data HTTP/1.1" 301 3728 "https://sims.com" "Mozilla/5.0 (Windows NT 6.1; WOW64; rv:33.0) Gecko/20100101 Firefox/33.0" "98.9.245.60"
192.168.0.2 - - [08/Nov/2024:22:58:51 +0000] "GET /api/v1/user HTTP/1.1" 500 4758 "https://oneill-smith.com" "Mozilla/5.0 (Windows NT 6.1; WOW64; rv:33.0) Gecko/20100101 Firefox/33.0" "145.23.227.106"
192.168.0.3 - - [13/Nov/2024:22:58:51 +0000] "GET /api/v1/status HTTP/1.1" 200 1584 "https://trujillo.org" "Mozilla/5.0 (Windows NT 10.0; Win64; x64) AppleWebKit/537.36 (KHTML, like Gecko) Chrome/90.0.4430.85 Safari/537.36" "210.136.19.51"
192.168.0.1 - - [25/Nov/2024:22:58:51 +0000] "GET /api/v1/login HTTP/1.1" 200 3242 "https://wright.org" "Mozilla/5.0 (Windows NT 6.1; WOW64; rv:33.0) Gecko/20100101 Firefox/33.0" "116.170.37.76"
192.168.0.3 - - [04/Dec/2024:22:58:51 +0000] "GET /api/v1/status HTTP/1.1" 401 4836 "https://nelson.com" "Mozilla/5.0 (Windows NT 10.0; Win64; x64) AppleWebKit/537.36 (KHTML, like Gecko) Chrome/90.0.4430.85 Safari/537.36" "198.240.162.250"
192.168.0.2 - - [23/Nov/2024:22:58:51 +0000] "GET /api/v1/data HTTP/1.1" 200 4940 "https://pope-carrillo.com" "Mozilla/5.0 (Windows NT 10.0; Win64; x64) AppleWebKit/537.36 (KHTML, like Gecko) Chrome/90.0.4430.85 Safari/537.36" "36.224.151.33"
192.168.0.1 - - [12/Nov/2024:22:58:51 +0000] "GET /api/v1/data HTTP/1.1" 500 3186 "https://schneider.com" "Mozilla/5.0 (Windows NT 10.0; Win64; x64) AppleWebKit/537.36 (KHTML, like Gecko) Chrome/90.0.4430.85 Safari/537.36" "88.186.250.237"
192.168.0.1 - - [18/Nov/2024:22:58:51 +0000] "GET /api/v1/resource HTTP/1.1" 301 3693 "https://smith.com" "Mozilla/5.0 (Windows NT 6.1; WOW64; rv:33.0) Gecko/20100101 Firefox/33.0" "204.18.69.9"
192.168.0.1 - - [03/Dec/2024:22:58:51 +0000] "GET /api/v1/resource HTTP/1.1" 400 2927 "https://zuniga.com" "Mozilla/5.0 (Windows NT 10.0; Win64; x64) AppleWebKit/537.36 (KHTML, like Gecko) Chrome/90.0.4430.85 Safari/537.36" "74.139.204.223"
192.168.0.3 - - [08/Nov/2024:22:58:51 +0000] "GET /api/v1/user HTTP/1.1" 500 1138 "https://kelly.com" "Mozilla/5.0 (Windows NT 6.1; WOW64; rv:33.0) Gecko/20100101 Firefox/33.0" "206.186.111.156"
192.168.0.1 - - [21/Nov/2024:22:58:51 +0000] "GET /api/v1/resource HTTP/1.1" 401 4976 "https://williams-alexander.com" "Mozilla/5.0 (Windows NT 6.1; WOW64; rv:33.0) Gecko/20100101 Firefox/33.0" "129.13.123.180"
192.168.0.3 - - [27/Nov/2024:22:58:51 +0000] "GET /api/v1/status HTTP/1.1" 400 2379 "https://davis.com" "Mozilla/5.0 (Windows NT 10.0; Win64; x64) AppleWebKit/537.36 (KHTML, like Gecko) Chrome/89.0.4389.82 Safari/537.36" "196.199.233.187"
192.168.0.3 - - [19/Nov/2024:22:58:51 +0000] "GET /api/v1/login HTTP/1.1" 404 4096 "https://holmes-west.com" "Mozilla/5.0 (Windows NT 10.0; Win64; x64) AppleWebKit/537.36 (KHTML, like Gecko) Chrome/90.0.4430.85 Safari/537.36" "178.9.246.81"
192.168.0.2 - - [17/Nov/2024:22:58:51 +0000] "GET /api/v1/user HTTP/1.1" 200 3792 "https://johnson.com" "Mozilla/5.0 (Windows NT 6.1; WOW64; rv:33.0) Gecko/20100101 Firefox/33.0" "129.158.230.41"
192.168.0.1 - - [30/Nov/2024:22:58:51 +0000] "GET /api/v1/resource HTTP/1.1" 404 385 "https://drake-bennett.com" "Mozilla/5.0 (Windows NT 10.0; Win64; x64) AppleWebKit/537.36 (KHTML, like Gecko) Chrome/90.0.4430.85 Safari/537.36" "162.178.244.47"
192.168.0.1 - - [19/Nov/2024:22:58:51 +0000] "GET /api/v1/status HTTP/1.1" 500 1173 "https://turner-white.org" "Mozilla/5.0 (Windows NT 10.0; Win64; x64) AppleWebKit/537.36 (KHTML, like Gecko) Chrome/89.0.4389.82 Safari/537.36" "64.197.147.100"
192.168.0.2 - - [12/Nov/2024:22:58:51 +0000] "GET /api/v1/login HTTP/1.1" 500 4733 "https://hayes.com" "Mozilla/5.0 (Windows NT 6.1; WOW64; rv:33.0) Gecko/20100101 Firefox/33.0" "120.14.224.202"
192.168.0.2 - - [26/Nov/2024:22:58:51 +0000] "GET /api/v1/login HTTP/1.1" 404 695 "https://humphrey-mason.com" "Mozilla/5.0 (Windows NT 10.0; Win64; x64) AppleWebKit/537.36 (KHTML, like Gecko) Chrome/90.0.4430.85 Safari/537.36" "53.249.235.237"
192.168.0.3 - - [06/Dec/2024:22:58:51 +0000] "GET /api/v1/resource HTTP/1.1" 404 1881 "https://ryan-michael.com" "Mozilla/5.0 (Windows NT 6.1; WOW64; rv:33.0) Gecko/20100101 Firefox/33.0" "82.41.123.126"
192.168.0.2 - - [06/Dec/2024:22:58:51 +0000] "GET /api/v1/status HTTP/1.1" 404 762 "https://mcmillan-bryant.com" "Mozilla/5.0 (Windows NT 10.0; Win64; x64) AppleWebKit/537.36 (KHTML, like Gecko) Chrome/89.0.4389.82 Safari/537.36" "120.119.46.122"
192.168.0.2 - - [27/Nov/2024:22:58:51 +0000] "GET /api/v1/resource HTTP/1.1" 400 3595 "https://carson-sellers.com" "Mozilla/5.0 (Windows NT 6.1; WOW64; rv:33.0) Gecko/20100101 Firefox/33.0" "141.35.173.52"
192.168.0.1 - - [20/Nov/2024:22:58:51 +0000] "GET /api/v1/user HTTP/1.1" 200 3426 "https://jones.com" "Mozilla/5.0 (Windows NT 10.0; Win64; x64) AppleWebKit/537.36 (KHTML, like Gecko) Chrome/89.0.4389.82 Safari/537.36" "105.255.13.95"
192.168.0.2 - - [08/Dec/2024:22:58:51 +0000] "GET /api/v1/data HTTP/1.1" 400 172 "https://patton.com" "Mozilla/5.0 (Windows NT 6.1; WOW64; rv:33.0) Gecko/20100101 Firefox/33.0" "16.238.34.106"
192.168.0.1 - - [14/Nov/2024:22:58:51 +0000] "GET /api/v1/resource HTTP/1.1" 301 1259 "https://rodriguez.com" "Mozilla/5.0 (Windows NT 6.1; WOW64; rv:33.0) Gecko/20100101 Firefox/33.0" "161.191.120.1"
192.168.0.3 - - [06/Dec/2024:22:58:51 +0000] "GET /api/v1/resource HTTP/1.1" 401 4914 "https://reyes-lynn.info" "Mozilla/5.0 (Windows NT 6.1; WOW64; rv:33.0) Gecko/20100101 Firefox/33.0" "66.9.109.114"
192.168.0.1 - - [27/Nov/2024:22:58:51 +0000] "GET /api/v1/user HTTP/1.1" 400 533 "https://collins-gomez.org" "Mozilla/5.0 (Windows NT 10.0; Win64; x64) AppleWebKit/537.36 (KHTML, like Gecko) Chrome/89.0.4389.82 Safari/537.36" "152.107.167.217"
192.168.0.3 - - [02/Dec/2024:22:58:51 +0000] "GET /api/v1/user HTTP/1.1" 301 2897 "https://martin.net" "Mozilla/5.0 (Windows NT 10.0; Win64; x64) AppleWebKit/537.36 (KHTML, like Gecko) Chrome/89.0.4389.82 Safari/537.36" "98.60.63.215"
192.168.0.1 - - [08/Nov/2024:22:58:51 +0000] "GET /api/v1/user HTTP/1.1" 401 4929 "https://jackson-becker.net" "Mozilla/5.0 (Windows NT 6.1; WOW64; rv:33.0) Gecko/20100101 Firefox/33.0" "156.35.192.72"
192.168.0.3 - - [17/Nov/2024:22:58:51 +0000] "GET /api/v1/user HTTP/1.1" 301 4839 "https://nguyen.com" "Mozilla/5.0 (Windows NT 6.1; WOW64; rv:33.0) Gecko/20100101 Firefox/33.0" "219.149.19.33"
