192.168.0.2 - - [08/Dec/2024:22:58:52 +0000] "GET /api/v1/resource?id=112311 HTTP/1.1" 404 2294 "https://anderson.com" "Mozilla/5.0 (Windows NT 10.0; Win64; x64) AppleWebKit/537.36 (KHTML, like Gecko) Chrome/89.0.4389.82 Safari/537.36" "48.159.42.113"
192.168.0.3 - - [18/Nov/2024:22:58:52 +0000] "GET /api/v1/user?id=112311 HTTP/1.1" 404 2637 "https://robinson.com" "Mozilla/5.0 (Windows NT 10.0; Win64; x64) AppleWebKit/537.36 (KHTML, like Gecko) Chrome/90.0.4430.85 Safari/537.36" "71.93.3.147"
192.168.0.3 - - [03/Dec/2024:22:58:52 +0000] "GET /api/v1/status HTTP/1.1" 500 1425 "https://fields.com" "Mozilla/5.0 (Windows NT 6.1; WOW64; rv:33.0) Gecko/20100101 Firefox/33.0" "3.134.176.145"
192.168.0.3 - - [24/Nov/2024:22:58:52 +0000] "GET /api/v1/data HTTP/1.1" 404 1775 "https://flores-barrett.net" "Mozilla/5.0 (Windows NT 10.0; Win64; x64) AppleWebKit/537.36 (KHTML, like Gecko) Chrome/89.0.4389.82 Safari/537.36" "65.222.52.177"
192.168.0.2 - - [08/Dec/2024:22:58:52 +0000] "GET /api/v1/data HTTP/1.1" 404 1725 "https://figueroa-curtis.com" "Mozilla/5.0 (Windows NT 10.0; Win64; x64) AppleWebKit/537.36 (KHTML, like Gecko) Chrome/89.0.4389.82 Safari/537.36" "5.18.64.123"
192.168.0.3 - - [06/Dec/2024:22:58:52 +0000] "GET /api/v1/status HTTP/1.1" 401 1377 "https://lewis.com" "Mozilla/5.0 (Windows NT 10.0; Win64; x64) AppleWebKit/537.36 (KHTML, like Gecko) Chrome/90.0.4430.85 Safari/537.36" "59.118.92.185"
192.168.0.2 - - [21/Nov/2024:22:58:52 +0000] "GET /api/v1/login HTTP/1.1" 400 1315 "https://freeman-allison.com" "Mozilla/5.0 (Windows NT 10.0; Win64; x64) AppleWebKit/537.36 (KHTML, like Gecko) Chrome/90.0.4430.85 Safari/537.36" "4.121.173.80"
192.168.0.3 - - [12/Nov/2024:22:58:52 +0000] "GET /api/v1/login HTTP/1.1" 401 4760 "https://saunders.com" "Mozilla/5.0 (Windows NT 10.0; Win64; x64) AppleWebKit/537.36 (KHTML, like Gecko) Chrome/89.0.4389.82 Safari/537.36" "217.141.152.93"
192.168.0.1 - - [16/Nov/2024:22:58:52 +0000] "GET /api/v1/user HTTP/1.1" 301 2461 "https://hall-moore.com" "Mozilla/5.0 (Windows NT 10.0; Win64; x64) AppleWebKit/537.36 (KHTML, like Gecko) Chrome/89.0.4389.82 Safari/537.36" "137.35.61.23"
192.168.0.3 - - [26/Nov/2024:22:58:52 +0000] "GET /api/v1/resource HTTP/1.1" 401 394 "https://zamora.net" "Mozilla/5.0 (Windows NT 10.0; Win64; x64) AppleWebKit/537.36 (KHTML, like Gecko) Chrome/90.0.4430.85 Safari/537.36" "179.183.29.213"
192.168.0.3 - - [26/Nov/2024:22:58:52 +0000] "GET /api/v1/user HTTP/1.1" 500 4639 "https://noble.com" "Mozilla/5.0 (Windows NT 6.1; WOW64; rv:33.0) Gecko/20100101 Firefox/33.0" "196.44.132.199"
192.168.0.1 - - [07/Dec/2024:22:58:52 +0000] "GET /api/v1/user HTTP/1.1" 500 2424 "https://fitzgerald.info" "Mozilla/5.0 (Windows NT 10.0; Win64; x64) AppleWebKit/537.36 (KHTML, like Gecko) Chrome/90.0.4430.85 Safari/537.36" "32.129.4.152"
192.168.0.1 - - [18/Nov/2024:22:58:52 +0000] "GET /api/v1/data HTTP/1.1" 401 647 "https://cox.com" "Mozilla/5.0 (Windows NT 10.0; Win64; x64) AppleWebKit/537.36 (KHTML, like Gecko) Chrome/89.0.4389.82 Safari/537.36" "90.182.65.149"
192.168.0.3 - - [06/Dec/2024:22:58:52 +0000] "GET /api/v1/data HTTP/1.1" 404 2047 "https://george.com" "Mozilla/5.0 (Windows NT 10.0; Win64; x64) AppleWebKit/537.36 (KHTML, like Gecko) Chrome/89.0.4389.82 Safari/537.36" "90.52.67.227"
192.168.0.3 - - [13/Nov/2024:22:58:52 +0000] "GET /api/v1/status HTTP/1.1" 301 4326 "https://tran.org" "Mozilla/5.0 (Windows NT 10.0; Win64; x64) AppleWebKit/537.36 (KHTML, like Gecko) Chrome/90.0.4430.85 Safari/537.36" "48.38.223.3"
192.168.0.1 - - [24/Nov/2024:22:58:52 +0000] "GET /api/v1/resource HTTP/1.1" 404 2366 "https://boyd.biz" "Mozilla/5.0 (Windows NT 6.1; WOW64; rv:33.0) Gecko/20100101 Firefox/33.0" "13.165.92.9"
192.168.0.2 - - [13/Nov/2024:22:58:52 +0000] "GET /api/v1/login HTTP/1.1" 401 2431 "https://davies-lee.net" "Mozilla/5.0 (Windows NT 10.0; Win64; x64) AppleWebKit/537.36 (KHTML, like Gecko) Chrome/89.0.4389.82 Safari/537.36" "158.24.81.219"
192.168.0.2 - - [17/Nov/2024:22:58:52 +0000] "GET /api/v1/user HTTP/1.1" 404 2450 "https://harris.com" "Mozilla/5.0 (Windows NT 6.1; WOW64; rv:33.0) Gecko/20100101 Firefox/33.0" "82.24.60.173"
192.168.0.1 - - [08/Dec/2024:22:58:52 +0000] "GET /api/v1/status HTTP/1.1" 404 357 "https://hubbard.biz" "Mozilla/5.0 (Windows NT 10.0; Win64; x64) AppleWebKit/537.36 (KHTML, like Gecko) Chrome/90.0.4430.85 Safari/537.36" "169.124.21.41"
192.168.0.1 - - [10/Nov/2024:22:58:52 +0000] "GET /api/v1/data HTTP/1.1" 200 1065 "https://ball.com" "Mozilla/5.0 (Windows NT 10.0; Win64; x64) AppleWebKit/537.36 (KHTML, like Gecko) Chrome/90.0.4430.85 Safari/537.36" "118.167.52.163"
192.168.0.3 - - [25/Nov/2024:22:58:52 +0000] "GET /api/v1/resource HTTP/1.1" 401 3550 "https://turner-mitchell.com" "Mozilla/5.0 (Windows NT 10.0; Win64; x64) AppleWebKit/537.36 (KHTML, like Gecko) Chrome/90.0.4430.85 Safari/537.36" "126.146.81.82"
192.168.0.1 - - [23/Nov/2024:22:58:52 +0000] "GET /api/v1/login HTTP/1.1" 401 2136 "https://williams.biz" "Mozilla/5.0 (Windows NT 6.1; WOW64; rv:33.0) Gecko/20100101 Firefox/33.0" "106.11.232.93"
192.168.0.1 - - [24/Nov/2024:22:58:52 +0000] "GET /api/v1/resource HTTP/1.1" 301 1475 "https://york.biz" "Mozilla/5.0 (Windows NT 6.1; WOW64; rv:33.0) Gecko/20100101 Firefox/33.0" "54.212.67.114"
192.168.0.1 - - [13/Nov/2024:22:58:52 +0000] "GET /api/v1/status HTTP/1.1" 301 1468 "https://perry.com" "Mozilla/5.0 (Windows NT 6.1; WOW64; rv:33.0) Gecko/20100101 Firefox/33.0" "117.244.128.234"
192.168.0.1 - - [04/Dec/2024:22:58:52 +0000] "GET /api/v1/status HTTP/1.1" 301 2219 "https://brown-hall.com" "Mozilla/5.0 (Windows NT 10.0; Win64; x64) AppleWebKit/537.36 (KHTML, like Gecko) Chrome/90.0.4430.85 Safari/537.36" "134.12.29.231"
192.168.0.2 - - [12/Nov/2024:22:58:52 +0000] "GET /api/v1/resource HTTP/1.1" 301 1722 "https://lozano-brown.com" "Mozilla/5.0 (Windows NT 10.0; Win64; x64) AppleWebKit/537.36 (KHTML, like Gecko) Chrome/90.0.4430.85 Safari/537.36" "170.45.197.192"
192.168.0.2 - - [22/Nov/2024:22:58:52 +0000] "GET /api/v1/status HTTP/1.1" 301 402 "https://johnson-walker.com" "Mozilla/5.0 (Windows NT 10.0; Win64; x64) AppleWebKit/537.36 (KHTML, like Gecko) Chrome/89.0.4389.82 Safari/537.36" "80.120.88.243"
192.168.0.2 - - [18/Nov/2024:22:58:52 +0000] "GET /api/v1/user HTTP/1.1" 301 590 "https://petersen.com" "Mozilla/5.0 (Windows NT 10.0; Win64; x64) AppleWebKit/537.36 (KHTML, like Gecko) Chrome/89.0.4389.82 Safari/537.36" "55.64.237.94"
192.168.0.1 - - [26/Nov/2024:22:58:52 +0000] "GET /api/v1/user HTTP/1.1" 400 1470 "https://morris.biz" "Mozilla/5.0 (Windows NT 10.0; Win64; x64) AppleWebKit/537.36 (KHTML, like Gecko) Chrome/89.0.4389.82 Safari/537.36" "218.135.95.20"
192.168.0.2 - - [26/Nov/2024:22:58:52 +0000] "GET /api/v1/resource HTTP/1.1" 401 995 "https://mcdonald-figueroa.com" "Mozilla/5.0 (Windows NT 10.0; Win64; x64) AppleWebKit/537.36 (KHTML, like Gecko) Chrome/89.0.4389.82 Safari/537.36" "168.159.107.205"
192.168.0.1 - - [02/Dec/2024:22:58:52 +0000] "GET /api/v1/login HTTP/1.1" 500 4563 "https://norton-jones.org" "Mozilla/5.0 (Windows NT 10.0; Win64; x64) AppleWebKit/537.36 (KHTML, like Gecko) Chrome/89.0.4389.82 Safari/537.36" "99.169.187.176"
192.168.0.3 - - [03/Dec/2024:22:58:52 +0000] "GET /api/v1/user HTTP/1.1" 400 2916 "https://roberson.com" "Mozilla/5.0 (Windows NT 6.1; WOW64; rv:33.0) Gecko/20100101 Firefox/33.0" "186.219.152.100"
192.168.0.1 - - [06/Dec/2024:22:58:52 +0000] "GET /api/v1/user HTTP/1.1" 400 4926 "https://martinez.com" "Mozilla/5.0 (Windows NT 6.1; WOW64; rv:33.0) Gecko/20100101 Firefox/33.0" "201.61.232.107"
192.168.0.2 - - [19/Nov/2024:22:58:52 +0000] "GET /api/v1/data HTTP/1.1" 401 4850 "https://osborne.com" "Mozilla/5.0 (Windows NT 10.0; Win64; x64) AppleWebKit/537.36 (KHTML, like Gecko) Chrome/89.0.4389.82 Safari/537.36" "83.55.79.77"
192.168.0.2 - - [07/Dec/2024:22:58:52 +0000] "GET /api/v1/user HTTP/1.1" 401 4834 "https://campbell.net" "Mozilla/5.0 (Windows NT 10.0; Win64; x64) AppleWebKit/537.36 (KHTML, like Gecko) Chrome/90.0.4430.85 Safari/537.36" "155.232.235.111"
192.168.0.1 - - [02/Dec/2024:22:58:52 +0000] "GET /api/v1/user HTTP/1.1" 401 2968 "https://little-cobb.com" "Mozilla/5.0 (Windows NT 10.0; Win64; x64) AppleWebKit/537.36 (KHTML, like Gecko) Chrome/89.0.4389.82 Safari/537.36" "110.31.210.237"
192.168.0.3 - - [11/Nov/2024:22:58:52 +0000] "GET /api/v1/resource HTTP/1.1" 401 1846 "https://nelson.info" "Mozilla/5.0 (Windows NT 10.0; Win64; x64) AppleWebKit/537.36 (KHTML, like Gecko) Chrome/89.0.4389.82 Safari/537.36" "11.189.237.122"
192.168.0.1 - - [21/Nov/2024:22:58:52 +0000] "GET /api/v1/status HTTP/1.1" 401 2169 "https://hawkins.com" "Mozilla/5.0 (Windows NT 10.0; Win64; x64) AppleWebKit/537.36 (KHTML, like Gecko) Chrome/90.0.4430.85 Safari/537.36" "114.204.169.44"
192.168.0.3 - - [04/Dec/2024:22:58:52 +0000] "GET /api/v1/resource HTTP/1.1" 500 128 "https://french.com" "Mozilla/5.0 (Windows NT 10.0; Win64; x64) AppleWebKit/537.36 (KHTML, like Gecko) Chrome/89.0.4389.82 Safari/537.36" "97.209.1.196"
192.168.0.1 - - [02/Dec/2024:22:58:52 +0000] "GET /api/v1/status HTTP/1.1" 400 3316 "https://gray-kline.com" "Mozilla/5.0 (Windows NT 6.1; WOW64; rv:33.0) Gecko/20100101 Firefox/33.0" "95.15.181.104"
192.168.0.3 - - [22/Nov/2024:22:58:52 +0000] "GET /api/v1/user HTTP/1.1" 400 814 "https://arnold-dennis.biz" "Mozilla/5.0 (Windows NT 10.0; Win64; x64) AppleWebKit/537.36 (KHTML, like Gecko) Chrome/89.0.4389.82 Safari/537.36" "140.240.105.64"
192.168.0.2 - - [10/Nov/2024:22:58:52 +0000] "GET /api/v1/resource HTTP/1.1" 301 2265 "https://carey.com" "Mozilla/5.0 (Windows NT 10.0; Win64; x64) AppleWebKit/537.36 (KHTML, like Gecko) Chrome/89.0.4389.82 Safari/537.36" "112.185.216.207"
192.168.0.3 - - [16/Nov/2024:22:58:52 +0000] "GET /api/v1/resource HTTP/1.1" 400 2902 "https://gonzalez.biz" "Mozilla/5.0 (Windows NT 10.0; Win64; x64) AppleWebKit/537.36 (KHTML, like Gecko) Chrome/90.0.4430.85 Safari/537.36" "160.40.141.159"
192.168.0.3 - - [18/Nov/2024:22:58:52 +0000] "GET /api/v1/resource HTTP/1.1" 301 645 "https://harmon.info" "Mozilla/5.0 (Windows NT 10.0; Win64; x64) AppleWebKit/537.36 (KHTML, like Gecko) Chrome/90.0.4430.85 Safari/537.36" "83.155.206.77"
192.168.0.2 - - [06/Dec/2024:22:58:52 +0000] "GET /api/v1/login HTTP/1.1" 200 4934 "https://thornton.com" "Mozilla/5.0 (Windows NT 6.1; WOW64; rv:33.0) Gecko/20100101 Firefox/33.0" "58.227.170.30"
192.168.0.3 - - [29/Nov/2024:22:58:52 +0000] "GET /api/v1/user HTTP/1.1" 500 3747 "https://haynes.com" "Mozilla/5.0 (Windows NT 10.0; Win64; x64) AppleWebKit/537.36 (KHTML, like Gecko) Chrome/89.0.4389.82 Safari/537.36" "1.51.93.24"
192.168.0.1 - - [30/Nov/2024:22:58:52 +0000] "GET /api/v1/data HTTP/1.1" 401 4729 "https://schultz.com" "Mozilla/5.0 (Windows NT 6.1; WOW64; rv:33.0) Gecko/20100101 Firefox/33.0" "199.148.73.91"
192.168.0.1 - - [08/Nov/2024:22:58:52 +0000] "GET /api/v1/login HTTP/1.1" 404 1518 "https://johnston-lopez.com" "Mozilla/5.0 (Windows NT 6.1; WOW64; rv:33.0) Gecko/20100101 Firefox/33.0" "41.128.180.154"
192.168.0.3 - - [28/Nov/2024:22:58:52 +0000] "GET /api/v1/user HTTP/1.1" 301 1514 "https://flores.info" "Mozilla/5.0 (Windows NT 10.0; Win64; x64) AppleWebKit/537.36 (KHTML, like Gecko) Chrome/89.0.4389.82 Safari/537.36" "94.40.79.160"
192.168.0.3 - - [30/Nov/2024:22:58:52 +0000] "GET /api/v1/data HTTP/1.1" 401 1630 "https://johnson.com" "Mozilla/5.0 (Windows NT 6.1; WOW64; rv:33.0) Gecko/20100101 Firefox/33.0" "172.172.77.223"
192.168.0.2 - - [24/Nov/2024:22:58:52 +0000] "GET /api/v1/user HTTP/1.1" 400 2582 "https://hill.net" "Mozilla/5.0 (Windows NT 10.0; Win64; x64) AppleWebKit/537.36 (KHTML, like Gecko) Chrome/90.0.4430.85 Safari/537.36" "51.24.8.156"
192.168.0.3 - - [27/Nov/2024:22:58:52 +0000] "GET /api/v1/data HTTP/1.1" 500 181 "https://edwards-chavez.info" "Mozilla/5.0 (Windows NT 10.0; Win64; x64) AppleWebKit/537.36 (KHTML, like Gecko) Chrome/89.0.4389.82 Safari/537.36" "94.192.247.44"
192.168.0.3 - - [12/Nov/2024:22:58:52 +0000] "GET /api/v1/resource HTTP/1.1" 301 388 "https://ware-clark.com" "Mozilla/5.0 (Windows NT 6.1; WOW64; rv:33.0) Gecko/20100101 Firefox/33.0" "211.202.234.81"
192.168.0.3 - - [05/Dec/2024:22:58:52 +0000] "GET /api/v1/data HTTP/1.1" 404 2050 "https://mason-alexander.biz" "Mozilla/5.0 (Windows NT 10.0; Win64; x64) AppleWebKit/537.36 (KHTML, like Gecko) Chrome/90.0.4430.85 Safari/537.36" "128.181.224.23"
192.168.0.3 - - [17/Nov/2024:22:58:52 +0000] "GET /api/v1/login HTTP/1.1" 400 4930 "https://wagner-johnson.com" "Mozilla/5.0 (Windows NT 10.0; Win64; x64) AppleWebKit/537.36 (KHTML, like Gecko) Chrome/90.0.4430.85 Safari/537.36" "35.2.229.182"
192.168.0.1 - - [23/Nov/2024:22:58:52 +0000] "GET /api/v1/user HTTP/1.1" 200 1650 "https://robertson.com" "Mozilla/5.0 (Windows NT 6.1; WOW64; rv:33.0) Gecko/20100101 Firefox/33.0" "119.231.214.29"
192.168.0.1 - - [04/Dec/2024:22:58:52 +0000] "GET /api/v1/login HTTP/1.1" 404 4247 "https://bennett-jenkins.org" "Mozilla/5.0 (Windows NT 10.0; Win64; x64) AppleWebKit/537.36 (KHTML, like Gecko) Chrome/90.0.4430.85 Safari/537.36" "42.156.88.224"
192.168.0.2 - - [07/Dec/2024:22:58:52 +0000] "GET /api/v1/user HTTP/1.1" 200 323 "https://jackson.biz" "Mozilla/5.0 (Windows NT 10.0; Win64; x64) AppleWebKit/537.36 (KHTML, like Gecko) Chrome/90.0.4430.85 Safari/537.36" "142.29.215.56"
192.168.0.3 - - [15/Nov/2024:22:58:52 +0000] "GET /api/v1/data HTTP/1.1" 301 3176 "https://hoover-chavez.com" "Mozilla/5.0 (Windows NT 10.0; Win64; x64) AppleWebKit/537.36 (KHTML, like Gecko) Chrome/90.0.4430.85 Safari/537.36" "25.14.209.214"
192.168.0.3 - - [09/Nov/2024:22:58:52 +0000] "GET /api/v1/data HTTP/1.1" 400 779 "https://schroeder.com" "Mozilla/5.0 (Windows NT 6.1; WOW64; rv:33.0) Gecko/20100101 Firefox/33.0" "33.216.46.60"
192.168.0.2 - - [16/Nov/2024:22:58:52 +0000] "GET /api/v1/login HTTP/1.1" 200 1967 "https://rodriguez-morris.com" "Mozilla/5.0 (Windows NT 10.0; Win64; x64) AppleWebKit/537.36 (KHTML, like Gecko) Chrome/90.0.4430.85 Safari/537.36" "11.211.76.36"
192.168.0.1 - - [25/Nov/2024:22:58:52 +0000] "GET /api/v1/login HTTP/1.1" 400 228 "https://scott.com" "Mozilla/5.0 (Windows NT 10.0; Win64; x64) AppleWebKit/537.36 (KHTML, like Gecko) Chrome/90.0.4430.85 Safari/537.36" "7.148.189.243"
192.168.0.3 - - [28/Nov/2024:22:58:52 +0000] "GET /api/v1/data HTTP/1.1" 301 3468 "https://ortega.org" "Mozilla/5.0 (Windows NT 6.1; WOW64; rv:33.0) Gecko/20100101 Firefox/33.0" "168.76.162.169"
192.168.0.1 - - [08/Dec/2024:22:58:52 +0000] "GET /api/v1/login HTTP/1.1" 400 1230 "https://pitts.com" "Mozilla/5.0 (Windows NT 10.0; Win64; x64) AppleWebKit/537.36 (KHTML, like Gecko) Chrome/90.0.4430.85 Safari/537.36" "79.63.245.143"
192.168.0.2 - - [03/Dec/2024:22:58:52 +0000] "GET /api/v1/data HTTP/1.1" 200 3234 "https://kelly.org" "Mozilla/5.0 (Windows NT 6.1; WOW64; rv:33.0) Gecko/20100101 Firefox/33.0" "154.250.1.36"
192.168.0.2 - - [27/Nov/2024:22:58:52 +0000] "GET /api/v1/status HTTP/1.1" 401 1733 "https://levine.biz" "Mozilla/5.0 (Windows NT 10.0; Win64; x64) AppleWebKit/537.36 (KHTML, like Gecko) Chrome/90.0.4430.85 Safari/537.36" "131.41.252.25"
192.168.0.3 - - [24/Nov/2024:22:58:52 +0000] "GET /api/v1/data HTTP/1.1" 301 1849 "https://martinez-malone.com" "Mozilla/5.0 (Windows NT 6.1; WOW64; rv:33.0) Gecko/20100101 Firefox/33.0" "135.30.168.56"
192.168.0.2 - - [22/Nov/2024:22:58:52 +0000] "GET /api/v1/resource HTTP/1.1" 200 770 "https://vaughn-patterson.com" "Mozilla/5.0 (Windows NT 10.0; Win64; x64) AppleWebKit/537.36 (KHTML, like Gecko) Chrome/90.0.4430.85 Safari/537.36" "2.197.228.146"
192.168.0.2 - - [15/Nov/2024:22:58:52 +0000] "GET /api/v1/resource HTTP/1.1" 404 1344 "https://garcia.net" "Mozilla/5.0 (Windows NT 10.0; Win64; x64) AppleWebKit/537.36 (KHTML, like Gecko) Chrome/89.0.4389.82 Safari/537.36" "14.113.134.7"
192.168.0.3 - - [20/Nov/2024:22:58:52 +0000] "GET /api/v1/user HTTP/1.1" 404 4648 "https://wright-armstrong.info" "Mozilla/5.0 (Windows NT 6.1; WOW64; rv:33.0) Gecko/20100101 Firefox/33.0" "107.6.11.193"
192.168.0.1 - - [11/Nov/2024:22:58:52 +0000] "GET /api/v1/login HTTP/1.1" 401 1022 "https://brennan-sanchez.com" "Mozilla/5.0 (Windows NT 10.0; Win64; x64) AppleWebKit/537.36 (KHTML, like Gecko) Chrome/90.0.4430.85 Safari/537.36" "141.226.216.91"
192.168.0.1 - - [08/Nov/2024:22:58:52 +0000] "GET /api/v1/status HTTP/1.1" 401 2748 "https://price.com" "Mozilla/5.0 (Windows NT 10.0; Win64; x64) AppleWebKit/537.36 (KHTML, like Gecko) Chrome/90.0.4430.85 Safari/537.36" "73.80.9.73"
192.168.0.2 - - [16/Nov/2024:22:58:52 +0000] "GET /api/v1/status HTTP/1.1" 301 3040 "https://baker-johnson.com" "Mozilla/5.0 (Windows NT 10.0; Win64; x64) AppleWebKit/537.36 (KHTML, like Gecko) Chrome/90.0.4430.85 Safari/537.36" "144.142.113.196"
192.168.0.2 - - [22/Nov/2024:22:58:52 +0000] "GET /api/v1/status HTTP/1.1" 400 3868 "https://hart-adams.com" "Mozilla/5.0 (Windows NT 6.1; WOW64; rv:33.0) Gecko/20100101 Firefox/33.0" "5.211.176.184"
192.168.0.1 - - [13/Nov/2024:22:58:52 +0000] "GET /api/v1/status HTTP/1.1" 301 4793 "https://parker.net" "Mozilla/5.0 (Windows NT 10.0; Win64; x64) AppleWebKit/537.36 (KHTML, like Gecko) Chrome/89.0.4389.82 Safari/537.36" "220.22.18.227"
192.168.0.3 - - [29/Nov/2024:22:58:52 +0000] "GET /api/v1/resource HTTP/1.1" 200 352 "https://rubio.biz" "Mozilla/5.0 (Windows NT 10.0; Win64; x64) AppleWebKit/537.36 (KHTML, like Gecko) Chrome/89.0.4389.82 Safari/537.36" "139.218.63.24"
192.168.0.2 - - [27/Nov/2024:22:58:52 +0000] "GET /api/v1/status HTTP/1.1" 400 3841 "https://mccormick.com" "Mozilla/5.0 (Windows NT 6.1; WOW64; rv:33.0) Gecko/20100101 Firefox/33.0" "199.10.97.174"
192.168.0.3 - - [20/Nov/2024:22:58:52 +0000] "GET /api/v1/data HTTP/1.1" 401 1223 "https://allen.com" "Mozilla/5.0 (Windows NT 6.1; WOW64; rv:33.0) Gecko/20100101 Firefox/33.0" "62.52.71.30"
192.168.0.3 - - [08/Nov/2024:22:58:52 +0000] "GET /api/v1/resource HTTP/1.1" 400 3972 "https://brooks.info" "Mozilla/5.0 (Windows NT 6.1; WOW64; rv:33.0) Gecko/20100101 Firefox/33.0" "169.67.68.22"
192.168.0.1 - - [02/Dec/2024:22:58:52 +0000] "GET /api/v1/user HTTP/1.1" 401 3868 "https://boyer-santiago.com" "Mozilla/5.0 (Windows NT 6.1; WOW64; rv:33.0) Gecko/20100101 Firefox/33.0" "91.247.64.176"
192.168.0.2 - - [08/Nov/2024:22:58:52 +0000] "GET /api/v1/status HTTP/1.1" 301 3492 "https://long.biz" "Mozilla/5.0 (Windows NT 10.0; Win64; x64) AppleWebKit/537.36 (KHTML, like Gecko) Chrome/89.0.4389.82 Safari/537.36" "171.165.41.87"
192.168.0.3 - - [16/Nov/2024:22:58:52 +0000] "GET /api/v1/data HTTP/1.1" 500 4166 "https://fox-jordan.info" "Mozilla/5.0 (Windows NT 6.1; WOW64; rv:33.0) Gecko/20100101 Firefox/33.0" "63.114.142.246"
192.168.0.1 - - [22/Nov/2024:22:58:52 +0000] "GET /api/v1/status HTTP/1.1" 200 3167 "https://gardner-gomez.info" "Mozilla/5.0 (Windows NT 10.0; Win64; x64) AppleWebKit/537.36 (KHTML, like Gecko) Chrome/89.0.4389.82 Safari/537.36" "64.94.137.11"
192.168.0.1 - - [15/Nov/2024:22:58:52 +0000] "GET /api/v1/data HTTP/1.1" 301 2608 "https://ryan.info" "Mozilla/5.0 (Windows NT 10.0; Win64; x64) AppleWebKit/537.36 (KHTML, like Gecko) Chrome/89.0.4389.82 Safari/537.36" "78.77.197.111"
192.168.0.1 - - [01/Dec/2024:22:58:52 +0000] "GET /api/v1/status HTTP/1.1" 401 522 "https://taylor.net" "Mozilla/5.0 (Windows NT 10.0; Win64; x64) AppleWebKit/537.36 (KHTML, like Gecko) Chrome/90.0.4430.85 Safari/537.36" "155.113.139.43"
192.168.0.1 - - [09/Nov/2024:22:58:52 +0000] "GET /api/v1/data HTTP/1.1" 404 1206 "https://baker.com" "Mozilla/5.0 (Windows NT 10.0; Win64; x64) AppleWebKit/537.36 (KHTML, like Gecko) Chrome/89.0.4389.82 Safari/537.36" "39.190.80.124"
192.168.0.3 - - [01/Dec/2024:22:58:52 +0000] "GET /api/v1/login HTTP/1.1" 401 1139 "https://bailey-scott.com" "Mozilla/5.0 (Windows NT 10.0; Win64; x64) AppleWebKit/537.36 (KHTML, like Gecko) Chrome/89.0.4389.82 Safari/537.36" "19.138.209.161"
192.168.0.1 - - [02/Dec/2024:22:58:52 +0000] "GET /api/v1/data HTTP/1.1" 400 215 "https://atkins.com" "Mozilla/5.0 (Windows NT 10.0; Win64; x64) AppleWebKit/537.36 (KHTML, like Gecko) Chrome/89.0.4389.82 Safari/537.36" "215.134.195.200"
192.168.0.3 - - [04/Dec/2024:22:58:52 +0000] "GET /api/v1/resource HTTP/1.1" 404 1437 "https://baker-wood.com" "Mozilla/5.0 (Windows NT 10.0; Win64; x64) AppleWebKit/537.36 (KHTML, like Gecko) Chrome/89.0.4389.82 Safari/537.36" "10.8.88.87"
192.168.0.3 - - [02/Dec/2024:22:58:52 +0000] "GET /api/v1/user HTTP/1.1" 400 1422 "https://powell.info" "Mozilla/5.0 (Windows NT 6.1; WOW64; rv:33.0) Gecko/20100101 Firefox/33.0" "201.104.147.113"
192.168.0.1 - - [17/Nov/2024:22:58:52 +0000] "GET /api/v1/login HTTP/1.1" 400 3801 "https://holland.com" "Mozilla/5.0 (Windows NT 6.1; WOW64; rv:33.0) Gecko/20100101 Firefox/33.0" "136.105.255.28"
192.168.0.2 - - [30/Nov/2024:22:58:52 +0000] "GET /api/v1/user HTTP/1.1" 401 2023 "https://garcia.org" "Mozilla/5.0 (Windows NT 10.0; Win64; x64) AppleWebKit/537.36 (KHTML, like Gecko) Chrome/90.0.4430.85 Safari/537.36" "128.128.38.171"
192.168.0.3 - - [21/Nov/2024:22:58:52 +0000] "GET /api/v1/resource HTTP/1.1" 404 2938 "https://poole.net" "Mozilla/5.0 (Windows NT 10.0; Win64; x64) AppleWebKit/537.36 (KHTML, like Gecko) Chrome/90.0.4430.85 Safari/537.36" "138.238.233.171"
192.168.0.2 - - [27/Nov/2024:22:58:52 +0000] "GET /api/v1/resource HTTP/1.1" 404 389 "https://hawkins-rodriguez.biz" "Mozilla/5.0 (Windows NT 10.0; Win64; x64) AppleWebKit/537.36 (KHTML, like Gecko) Chrome/90.0.4430.85 Safari/537.36" "118.252.151.104"
192.168.0.3 - - [03/Dec/2024:22:58:52 +0000] "GET /api/v1/user HTTP/1.1" 400 2503 "https://rangel.com" "Mozilla/5.0 (Windows NT 10.0; Win64; x64) AppleWebKit/537.36 (KHTML, like Gecko) Chrome/89.0.4389.82 Safari/537.36" "12.128.66.239"
192.168.0.2 - - [25/Nov/2024:22:58:52 +0000] "GET /api/v1/user HTTP/1.1" 500 4200 "https://weiss-morris.org" "Mozilla/5.0 (Windows NT 6.1; WOW64; rv:33.0) Gecko/20100101 Firefox/33.0" "221.146.72.173"
192.168.0.3 - - [09/Nov/2024:22:58:52 +0000] "GET /api/v1/data HTTP/1.1" 404 1110 "https://wolfe.com" "Mozilla/5.0 (Windows NT 6.1; WOW64; rv:33.0) Gecko/20100101 Firefox/33.0" "79.74.162.46"
192.168.0.2 - - [12/Nov/2024:22:58:52 +0000] "GET /api/v1/data HTTP/1.1" 200 3738 "https://kidd-maddox.com" "Mozilla/5.0 (Windows NT 10.0; Win64; x64) AppleWebKit/537.36 (KHTML, like Gecko) Chrome/90.0.4430.85 Safari/537.36" "143.73.57.144"
192.168.0.1 - - [16/Nov/2024:22:58:52 +0000] "GET /api/v1/login HTTP/1.1" 200 3699 "https://richards.com" "Mozilla/5.0 (Windows NT 6.1; WOW64; rv:33.0) Gecko/20100101 Firefox/33.0" "4.155.170.84"
192.168.0.2 - - [05/Dec/2024:22:58:52 +0000] "GET /api/v1/status HTTP/1.1" 500 948 "https://peterson.info" "Mozilla/5.0 (Windows NT 10.0; Win64; x64) AppleWebKit/537.36 (KHTML, like Gecko) Chrome/90.0.4430.85 Safari/537.36" "92.167.218.160"
192.168.0.3 - - [30/Nov/2024:22:58:52 +0000] "GET /api/v1/login HTTP/1.1" 401 3510 "https://estrada-larson.com" "Mozilla/5.0 (Windows NT 6.1; WOW64; rv:33.0) Gecko/20100101 Firefox/33.0" "213.159.201.178"
192.168.0.3 - - [30/Nov/2024:22:58:52 +0000] "GET /api/v1/login HTTP/1.1" 500 1673 "https://ortiz-evans.org" "Mozilla/5.0 (Windows NT 10.0; Win64; x64) AppleWebKit/537.36 (KHTML, like Gecko) Chrome/90.0.4430.85 Safari/537.36" "53.11.210.225"
192.168.0.1 - - [11/Nov/2024:22:58:52 +0000] "GET /api/v1/login HTTP/1.1" 301 2361 "https://patterson-smith.com" "Mozilla/5.0 (Windows NT 6.1; WOW64; rv:33.0) Gecko/20100101 Firefox/33.0" "84.243.174.211"
192.168.0.1 - - [01/Dec/2024:22:58:52 +0000] "GET /api/v1/data HTTP/1.1" 404 734 "https://taylor.com" "Mozilla/5.0 (Windows NT 10.0; Win64; x64) AppleWebKit/537.36 (KHTML, like Gecko) Chrome/89.0.4389.82 Safari/537.36" "173.158.120.183"
192.168.0.1 - - [07/Dec/2024:22:58:52 +0000] "GET /api/v1/user HTTP/1.1" 301 4002 "https://walker.com" "Mozilla/5.0 (Windows NT 10.0; Win64; x64) AppleWebKit/537.36 (KHTML, like Gecko) Chrome/89.0.4389.82 Safari/537.36" "96.94.81.179"
192.168.0.1 - - [25/Nov/2024:22:58:52 +0000] "GET /api/v1/resource HTTP/1.1" 400 629 "https://lewis.com" "Mozilla/5.0 (Windows NT 10.0; Win64; x64) AppleWebKit/537.36 (KHTML, like Gecko) Chrome/89.0.4389.82 Safari/537.36" "58.40.204.171"
192.168.0.2 - - [13/Nov/2024:22:58:52 +0000] "GET /api/v1/data HTTP/1.1" 401 390 "https://collins-anthony.com" "Mozilla/5.0 (Windows NT 6.1; WOW64; rv:33.0) Gecko/20100101 Firefox/33.0" "128.31.252.64"
192.168.0.1 - - [21/Nov/2024:22:58:52 +0000] "GET /api/v1/status HTTP/1.1" 500 316 "https://maddox-smith.com" "Mozilla/5.0 (Windows NT 10.0; Win64; x64) AppleWebKit/537.36 (KHTML, like Gecko) Chrome/89.0.4389.82 Safari/537.36" "81.213.10.169"
192.168.0.1 - - [16/Nov/2024:22:58:52 +0000] "GET /api/v1/data HTTP/1.1" 500 1414 "https://johnson.com" "Mozilla/5.0 (Windows NT 6.1; WOW64; rv:33.0) Gecko/20100101 Firefox/33.0" "113.104.97.143"
192.168.0.2 - - [25/Nov/2024:22:58:52 +0000] "GET /api/v1/data HTTP/1.1" 301 4627 "https://mitchell.net" "Mozilla/5.0 (Windows NT 6.1; WOW64; rv:33.0) Gecko/20100101 Firefox/33.0" "57.107.17.80"
192.168.0.1 - - [09/Nov/2024:22:58:52 +0000] "GET /api/v1/user HTTP/1.1" 200 3767 "https://farmer-martin.com" "Mozilla/5.0 (Windows NT 10.0; Win64; x64) AppleWebKit/537.36 (KHTML, like Gecko) Chrome/89.0.4389.82 Safari/537.36" "8.101.210.200"
192.168.0.2 - - [14/Nov/2024:22:58:52 +0000] "GET /api/v1/user HTTP/1.1" 500 1993 "https://brennan-jefferson.com" "Mozilla/5.0 (Windows NT 6.1; WOW64; rv:33.0) Gecko/20100101 Firefox/33.0" "75.130.67.238"
192.168.0.3 - - [17/Nov/2024:22:58:52 +0000] "GET /api/v1/resource HTTP/1.1" 500 645 "https://baker-anderson.info" "Mozilla/5.0 (Windows NT 10.0; Win64; x64) AppleWebKit/537.36 (KHTML, like Gecko) Chrome/89.0.4389.82 Safari/537.36" "114.211.75.52"
192.168.0.1 - - [07/Dec/2024:22:58:52 +0000] "GET /api/v1/data HTTP/1.1" 301 3844 "https://scott.biz" "Mozilla/5.0 (Windows NT 10.0; Win64; x64) AppleWebKit/537.36 (KHTML, like Gecko) Chrome/90.0.4430.85 Safari/537.36" "24.219.201.59"
192.168.0.1 - - [13/Nov/2024:22:58:52 +0000] "GET /api/v1/user HTTP/1.1" 200 2954 "https://carter.com" "Mozilla/5.0 (Windows NT 6.1; WOW64; rv:33.0) Gecko/20100101 Firefox/33.0" "19.212.198.162"
192.168.0.2 - - [08/Dec/2024:22:58:52 +0000] "GET /api/v1/login HTTP/1.1" 401 1050 "https://hale.com" "Mozilla/5.0 (Windows NT 10.0; Win64; x64) AppleWebKit/537.36 (KHTML, like Gecko) Chrome/90.0.4430.85 Safari/537.36" "68.4.84.102"
192.168.0.2 - - [11/Nov/2024:22:58:52 +0000] "GET /api/v1/status HTTP/1.1" 401 2808 "https://chapman.info" "Mozilla/5.0 (Windows NT 10.0; Win64; x64) AppleWebKit/537.36 (KHTML, like Gecko) Chrome/90.0.4430.85 Safari/537.36" "153.129.148.87"
192.168.0.1 - - [23/Nov/2024:22:58:52 +0000] "GET /api/v1/login HTTP/1.1" 404 2263 "https://armstrong.org" "Mozilla/5.0 (Windows NT 10.0; Win64; x64) AppleWebKit/537.36 (KHTML, like Gecko) Chrome/90.0.4430.85 Safari/537.36" "37.203.129.190"
192.168.0.3 - - [21/Nov/2024:22:58:52 +0000] "GET /api/v1/user HTTP/1.1" 404 1019 "https://johnson-gilbert.com" "Mozilla/5.0 (Windows NT 10.0; Win64; x64) AppleWebKit/537.36 (KHTML, like Gecko) Chrome/89.0.4389.82 Safari/537.36" "129.36.2.110"
192.168.0.3 - - [05/Dec/2024:22:58:52 +0000] "GET /api/v1/status HTTP/1.1" 401 2938 "https://brock.com" "Mozilla/5.0 (Windows NT 10.0; Win64; x64) AppleWebKit/537.36 (KHTML, like Gecko) Chrome/90.0.4430.85 Safari/537.36" "7.219.168.84"
192.168.0.2 - - [14/Nov/2024:22:58:52 +0000] "GET /api/v1/resource HTTP/1.1" 401 2723 "https://torres.info" "Mozilla/5.0 (Windows NT 10.0; Win64; x64) AppleWebKit/537.36 (KHTML, like Gecko) Chrome/89.0.4389.82 Safari/537.36" "33.186.238.144"
192.168.0.2 - - [03/Dec/2024:22:58:52 +0000] "GET /api/v1/login HTTP/1.1" 200 4825 "https://petty-ferguson.com" "Mozilla/5.0 (Windows NT 10.0; Win64; x64) AppleWebKit/537.36 (KHTML, like Gecko) Chrome/89.0.4389.82 Safari/537.36" "39.219.217.228"
192.168.0.1 - - [24/Nov/2024:22:58:52 +0000] "GET /api/v1/data HTTP/1.1" 404 2468 "https://nicholson.com" "Mozilla/5.0 (Windows NT 10.0; Win64; x64) AppleWebKit/537.36 (KHTML, like Gecko) Chrome/89.0.4389.82 Safari/537.36" "18.92.81.239"
192.168.0.2 - - [22/Nov/2024:22:58:52 +0000] "GET /api/v1/status HTTP/1.1" 500 1904 "https://gross.info" "Mozilla/5.0 (Windows NT 10.0; Win64; x64) AppleWebKit/537.36 (KHTML, like Gecko) Chrome/89.0.4389.82 Safari/537.36" "102.43.207.148"
192.168.0.3 - - [12/Nov/2024:22:58:52 +0000] "GET /api/v1/data HTTP/1.1" 400 851 "https://fritz.net" "Mozilla/5.0 (Windows NT 10.0; Win64; x64) AppleWebKit/537.36 (KHTML, like Gecko) Chrome/89.0.4389.82 Safari/537.36" "138.36.222.203"
192.168.0.3 - - [01/Dec/2024:22:58:52 +0000] "GET /api/v1/data HTTP/1.1" 200 2702 "https://smith.org" "Mozilla/5.0 (Windows NT 10.0; Win64; x64) AppleWebKit/537.36 (KHTML, like Gecko) Chrome/89.0.4389.82 Safari/537.36" "94.197.128.253"
192.168.0.2 - - [12/Nov/2024:22:58:52 +0000] "GET /api/v1/data HTTP/1.1" 404 124 "https://pena.org" "Mozilla/5.0 (Windows NT 10.0; Win64; x64) AppleWebKit/537.36 (KHTML, like Gecko) Chrome/89.0.4389.82 Safari/537.36" "191.42.209.73"
192.168.0.2 - - [24/Nov/2024:22:58:52 +0000] "GET /api/v1/data HTTP/1.1" 200 4857 "https://bowman.com" "Mozilla/5.0 (Windows NT 10.0; Win64; x64) AppleWebKit/537.36 (KHTML, like Gecko) Chrome/89.0.4389.82 Safari/537.36" "24.140.134.66"
192.168.0.2 - - [06/Dec/2024:22:58:52 +0000] "GET /api/v1/status HTTP/1.1" 200 3516 "https://harper-martin.net" "Mozilla/5.0 (Windows NT 10.0; Win64; x64) AppleWebKit/537.36 (KHTML, like Gecko) Chrome/89.0.4389.82 Safari/537.36" "19.86.48.4"
192.168.0.1 - - [28/Nov/2024:22:58:52 +0000] "GET /api/v1/user HTTP/1.1" 404 918 "https://park.com" "Mozilla/5.0 (Windows NT 6.1; WOW64; rv:33.0) Gecko/20100101 Firefox/33.0" "90.49.150.85"
192.168.0.2 - - [03/Dec/2024:22:58:52 +0000] "GET /api/v1/resource HTTP/1.1" 500 873 "https://stafford-duncan.com" "Mozilla/5.0 (Windows NT 6.1; WOW64; rv:33.0) Gecko/20100101 Firefox/33.0" "198.34.96.156"
192.168.0.2 - - [19/Nov/2024:22:58:52 +0000] "GET /api/v1/user HTTP/1.1" 400 3514 "https://nguyen.com" "Mozilla/5.0 (Windows NT 10.0; Win64; x64) AppleWebKit/537.36 (KHTML, like Gecko) Chrome/90.0.4430.85 Safari/537.36" "131.146.213.135"
192.168.0.3 - - [27/Nov/2024:22:58:52 +0000] "GET /api/v1/login HTTP/1.1" 401 3899 "https://prince-mccarty.net" "Mozilla/5.0 (Windows NT 10.0; Win64; x64) AppleWebKit/537.36 (KHTML, like Gecko) Chrome/90.0.4430.85 Safari/537.36" "67.247.93.2"
192.168.0.1 - - [02/Dec/2024:22:58:52 +0000] "GET /api/v1/login HTTP/1.1" 301 3586 "https://williams.com" "Mozilla/5.0 (Windows NT 10.0; Win64; x64) AppleWebKit/537.36 (KHTML, like Gecko) Chrome/89.0.4389.82 Safari/537.36" "142.141.68.151"
192.168.0.1 - - [16/Nov/2024:22:58:52 +0000] "GET /api/v1/user HTTP/1.1" 400 2876 "https://mcfarland.com" "Mozilla/5.0 (Windows NT 6.1; WOW64; rv:33.0) Gecko/20100101 Firefox/33.0" "106.229.173.95"
192.168.0.3 - - [17/Nov/2024:22:58:52 +0000] "GET /api/v1/login HTTP/1.1" 401 2186 "https://savage.com" "Mozilla/5.0 (Windows NT 10.0; Win64; x64) AppleWebKit/537.36 (KHTML, like Gecko) Chrome/90.0.4430.85 Safari/537.36" "208.70.132.171"
192.168.0.3 - - [10/Nov/2024:22:58:52 +0000] "GET /api/v1/data HTTP/1.1" 200 2152 "https://daniels-thompson.com" "Mozilla/5.0 (Windows NT 10.0; Win64; x64) AppleWebKit/537.36 (KHTML, like Gecko) Chrome/90.0.4430.85 Safari/537.36" "108.45.56.240"
192.168.0.3 - - [22/Nov/2024:22:58:52 +0000] "GET /api/v1/resource HTTP/1.1" 400 4026 "https://levine-dalton.com" "Mozilla/5.0 (Windows NT 10.0; Win64; x64) AppleWebKit/537.36 (KHTML, like Gecko) Chrome/90.0.4430.85 Safari/537.36" "148.200.52.31"
192.168.0.3 - - [21/Nov/2024:22:58:52 +0000] "GET /api/v1/resource HTTP/1.1" 200 2848 "https://murphy-caldwell.com" "Mozilla/5.0 (Windows NT 6.1; WOW64; rv:33.0) Gecko/20100101 Firefox/33.0" "161.139.27.19"
192.168.0.2 - - [27/Nov/2024:22:58:52 +0000] "GET /api/v1/user HTTP/1.1" 200 3285 "https://stevens-williams.net" "Mozilla/5.0 (Windows NT 6.1; WOW64; rv:33.0) Gecko/20100101 Firefox/33.0" "91.59.227.8"
192.168.0.2 - - [02/Dec/2024:22:58:52 +0000] "GET /api/v1/data HTTP/1.1" 301 4528 "https://joseph.com" "Mozilla/5.0 (Windows NT 10.0; Win64; x64) AppleWebKit/537.36 (KHTML, like Gecko) Chrome/90.0.4430.85 Safari/537.36" "86.56.117.214"
192.168.0.1 - - [02/Dec/2024:22:58:52 +0000] "GET /api/v1/data HTTP/1.1" 301 4730 "https://clark.com" "Mozilla/5.0 (Windows NT 10.0; Win64; x64) AppleWebKit/537.36 (KHTML, like Gecko) Chrome/90.0.4430.85 Safari/537.36" "104.55.236.115"
192.168.0.2 - - [30/Nov/2024:22:58:52 +0000] "GET /api/v1/login HTTP/1.1" 404 890 "https://hughes.com" "Mozilla/5.0 (Windows NT 10.0; Win64; x64) AppleWebKit/537.36 (KHTML, like Gecko) Chrome/89.0.4389.82 Safari/537.36" "19.252.28.171"
192.168.0.3 - - [13/Nov/2024:22:58:52 +0000] "GET /api/v1/data HTTP/1.1" 401 2789 "https://andrade.biz" "Mozilla/5.0 (Windows NT 10.0; Win64; x64) AppleWebKit/537.36 (KHTML, like Gecko) Chrome/89.0.4389.82 Safari/537.36" "8.107.129.7"
192.168.0.2 - - [11/Nov/2024:22:58:52 +0000] "GET /api/v1/data HTTP/1.1" 404 2167 "https://martinez-hardin.info" "Mozilla/5.0 (Windows NT 10.0; Win64; x64) AppleWebKit/537.36 (KHTML, like Gecko) Chrome/89.0.4389.82 Safari/537.36" "21.101.58.80"
192.168.0.3 - - [05/Dec/2024:22:58:52 +0000] "GET /api/v1/data HTTP/1.1" 400 4311 "https://mcdaniel.net" "Mozilla/5.0 (Windows NT 10.0; Win64; x64) AppleWebKit/537.36 (KHTML, like Gecko) Chrome/89.0.4389.82 Safari/537.36" "192.241.227.34"
192.168.0.2 - - [22/Nov/2024:22:58:52 +0000] "GET /api/v1/user HTTP/1.1" 401 4343 "https://rodriguez-morgan.com" "Mozilla/5.0 (Windows NT 10.0; Win64; x64) AppleWebKit/537.36 (KHTML, like Gecko) Chrome/89.0.4389.82 Safari/537.36" "159.64.104.164"
192.168.0.3 - - [03/Dec/2024:22:58:52 +0000] "GET /api/v1/login HTTP/1.1" 301 2705 "https://leonard-ross.com" "Mozilla/5.0 (Windows NT 10.0; Win64; x64) AppleWebKit/537.36 (KHTML, like Gecko) Chrome/90.0.4430.85 Safari/537.36" "81.102.21.65"
192.168.0.2 - - [19/Nov/2024:22:58:52 +0000] "GET /api/v1/status HTTP/1.1" 301 3667 "https://martin.com" "Mozilla/5.0 (Windows NT 6.1; WOW64; rv:33.0) Gecko/20100101 Firefox/33.0" "87.145.246.146"
192.168.0.2 - - [17/Nov/2024:22:58:52 +0000] "GET /api/v1/data HTTP/1.1" 200 2093 "https://davis.com" "Mozilla/5.0 (Windows NT 10.0; Win64; x64) AppleWebKit/537.36 (KHTML, like Gecko) Chrome/89.0.4389.82 Safari/537.36" "175.5.180.111"
192.168.0.2 - - [18/Nov/2024:22:58:52 +0000] "GET /api/v1/status HTTP/1.1" 301 2524 "https://knight-williamson.com" "Mozilla/5.0 (Windows NT 10.0; Win64; x64) AppleWebKit/537.36 (KHTML, like Gecko) Chrome/89.0.4389.82 Safari/537.36" "93.41.91.79"
192.168.0.1 - - [21/Nov/2024:22:58:52 +0000] "GET /api/v1/user HTTP/1.1" 500 289 "https://gonzales.biz" "Mozilla/5.0 (Windows NT 6.1; WOW64; rv:33.0) Gecko/20100101 Firefox/33.0" "99.252.148.118"
192.168.0.2 - - [04/Dec/2024:22:58:52 +0000] "GET /api/v1/data HTTP/1.1" 401 4321 "https://sanchez-johnson.com" "Mozilla/5.0 (Windows NT 10.0; Win64; x64) AppleWebKit/537.36 (KHTML, like Gecko) Chrome/89.0.4389.82 Safari/537.36" "29.106.249.90"
192.168.0.2 - - [09/Nov/2024:22:58:52 +0000] "GET /api/v1/data HTTP/1.1" 400 1859 "https://schwartz-roberts.biz" "Mozilla/5.0 (Windows NT 10.0; Win64; x64) AppleWebKit/537.36 (KHTML, like Gecko) Chrome/89.0.4389.82 Safari/537.36" "76.216.43.164"
192.168.0.2 - - [11/Nov/2024:22:58:52 +0000] "GET /api/v1/user HTTP/1.1" 301 254 "https://cortez.org" "Mozilla/5.0 (Windows NT 10.0; Win64; x64) AppleWebKit/537.36 (KHTML, like Gecko) Chrome/90.0.4430.85 Safari/537.36" "219.52.226.77"
192.168.0.1 - - [13/Nov/2024:22:58:52 +0000] "GET /api/v1/login HTTP/1.1" 200 1107 "https://moore.com" "Mozilla/5.0 (Windows NT 10.0; Win64; x64) AppleWebKit/537.36 (KHTML, like Gecko) Chrome/89.0.4389.82 Safari/537.36" "6.203.11.90"
192.168.0.2 - - [23/Nov/2024:22:58:52 +0000] "GET /api/v1/user HTTP/1.1" 200 1700 "https://smith-white.com" "Mozilla/5.0 (Windows NT 6.1; WOW64; rv:33.0) Gecko/20100101 Firefox/33.0" "22.184.204.156"
192.168.0.3 - - [06/Dec/2024:22:58:52 +0000] "GET /api/v1/status HTTP/1.1" 404 2423 "https://taylor.info" "Mozilla/5.0 (Windows NT 10.0; Win64; x64) AppleWebKit/537.36 (KHTML, like Gecko) Chrome/90.0.4430.85 Safari/537.36" "93.224.69.10"
192.168.0.2 - - [05/Dec/2024:22:58:52 +0000] "GET /api/v1/status HTTP/1.1" 404 1597 "https://mcdonald.net" "Mozilla/5.0 (Windows NT 6.1; WOW64; rv:33.0) Gecko/20100101 Firefox/33.0" "214.159.253.88"
192.168.0.1 - - [12/Nov/2024:22:58:52 +0000] "GET /api/v1/user HTTP/1.1" 200 4808 "https://suarez.com" "Mozilla/5.0 (Windows NT 10.0; Win64; x64) AppleWebKit/537.36 (KHTML, like Gecko) Chrome/89.0.4389.82 Safari/537.36" "198.136.45.88"
192.168.0.1 - - [03/Dec/2024:22:58:52 +0000] "GET /api/v1/status HTTP/1.1" 404 2511 "https://schwartz-martinez.biz" "Mozilla/5.0 (Windows NT 10.0; Win64; x64) AppleWebKit/537.36 (KHTML, like Gecko) Chrome/90.0.4430.85 Safari/537.36" "174.157.50.11"
192.168.0.3 - - [24/Nov/2024:22:58:52 +0000] "GET /api/v1/data HTTP/1.1" 404 813 "https://smith.biz" "Mozilla/5.0 (Windows NT 6.1; WOW64; rv:33.0) Gecko/20100101 Firefox/33.0" "104.58.12.22"
192.168.0.2 - - [10/Nov/2024:22:58:52 +0000] "GET /api/v1/user HTTP/1.1" 401 3739 "https://willis.net" "Mozilla/5.0 (Windows NT 6.1; WOW64; rv:33.0) Gecko/20100101 Firefox/33.0" "31.170.101.62"
192.168.0.2 - - [05/Dec/2024:22:58:52 +0000] "GET /api/v1/data HTTP/1.1" 200 4519 "https://garcia-johnston.com" "Mozilla/5.0 (Windows NT 10.0; Win64; x64) AppleWebKit/537.36 (KHTML, like Gecko) Chrome/89.0.4389.82 Safari/537.36" "52.91.211.162"
192.168.0.2 - - [15/Nov/2024:22:58:52 +0000] "GET /api/v1/user HTTP/1.1" 500 3460 "https://webster.info" "Mozilla/5.0 (Windows NT 10.0; Win64; x64) AppleWebKit/537.36 (KHTML, like Gecko) Chrome/89.0.4389.82 Safari/537.36" "123.32.85.168"
192.168.0.1 - - [23/Nov/2024:22:58:52 +0000] "GET /api/v1/data HTTP/1.1" 400 1341 "https://wilson.info" "Mozilla/5.0 (Windows NT 10.0; Win64; x64) AppleWebKit/537.36 (KHTML, like Gecko) Chrome/90.0.4430.85 Safari/537.36" "193.219.72.153"
192.168.0.1 - - [05/Dec/2024:22:58:52 +0000] "GET /api/v1/user HTTP/1.1" 401 591 "https://baker.net" "Mozilla/5.0 (Windows NT 6.1; WOW64; rv:33.0) Gecko/20100101 Firefox/33.0" "138.142.240.55"
192.168.0.2 - - [15/Nov/2024:22:58:52 +0000] "GET /api/v1/login HTTP/1.1" 500 4018 "https://myers.com" "Mozilla/5.0 (Windows NT 10.0; Win64; x64) AppleWebKit/537.36 (KHTML, like Gecko) Chrome/89.0.4389.82 Safari/537.36" "82.62.70.45"
192.168.0.1 - - [05/Dec/2024:22:58:52 +0000] "GET /api/v1/data HTTP/1.1" 401 4027 "https://rivera-young.net" "Mozilla/5.0 (Windows NT 10.0; Win64; x64) AppleWebKit/537.36 (KHTML, like Gecko) Chrome/89.0.4389.82 Safari/537.36" "107.124.124.174"
192.168.0.2 - - [26/Nov/2024:22:58:52 +0000] "GET /api/v1/login HTTP/1.1" 301 1409 "https://lyons.org" "Mozilla/5.0 (Windows NT 10.0; Win64; x64) AppleWebKit/537.36 (KHTML, like Gecko) Chrome/89.0.4389.82 Safari/537.36" "137.30.75.196"
192.168.0.2 - - [30/Nov/2024:22:58:52 +0000] "GET /api/v1/login HTTP/1.1" 400 2844 "https://gibson-olsen.info" "Mozilla/5.0 (Windows NT 6.1; WOW64; rv:33.0) Gecko/20100101 Firefox/33.0" "23.59.14.21"
192.168.0.1 - - [24/Nov/2024:22:58:52 +0000] "GET /api/v1/user HTTP/1.1" 400 3951 "https://madden.org" "Mozilla/5.0 (Windows NT 10.0; Win64; x64) AppleWebKit/537.36 (KHTML, like Gecko) Chrome/89.0.4389.82 Safari/537.36" "168.8.183.248"
192.168.0.2 - - [08/Nov/2024:22:58:52 +0000] "GET /api/v1/user HTTP/1.1" 200 1946 "https://reed-henderson.com" "Mozilla/5.0 (Windows NT 10.0; Win64; x64) AppleWebKit/537.36 (KHTML, like Gecko) Chrome/89.0.4389.82 Safari/537.36" "72.253.227.100"
192.168.0.2 - - [10/Nov/2024:22:58:52 +0000] "GET /api/v1/user HTTP/1.1" 401 1635 "https://gray.com" "Mozilla/5.0 (Windows NT 10.0; Win64; x64) AppleWebKit/537.36 (KHTML, like Gecko) Chrome/90.0.4430.85 Safari/537.36" "170.12.142.72"
192.168.0.1 - - [29/Nov/2024:22:58:52 +0000] "GET /api/v1/login HTTP/1.1" 301 3243 "https://rasmussen.com" "Mozilla/5.0 (Windows NT 6.1; WOW64; rv:33.0) Gecko/20100101 Firefox/33.0" "142.20.101.242"
192.168.0.3 - - [11/Nov/2024:22:58:52 +0000] "GET /api/v1/status HTTP/1.1" 301 3785 "https://bennett-salazar.org" "Mozilla/5.0 (Windows NT 6.1; WOW64; rv:33.0) Gecko/20100101 Firefox/33.0" "137.49.65.36"
192.168.0.3 - - [10/Nov/2024:22:58:52 +0000] "GET /api/v1/data HTTP/1.1" 404 2684 "https://taylor-jones.net" "Mozilla/5.0 (Windows NT 10.0; Win64; x64) AppleWebKit/537.36 (KHTML, like Gecko) Chrome/89.0.4389.82 Safari/537.36" "24.215.177.21"
192.168.0.1 - - [30/Nov/2024:22:58:52 +0000] "GET /api/v1/data HTTP/1.1" 404 3775 "https://mcintosh.com" "Mozilla/5.0 (Windows NT 10.0; Win64; x64) AppleWebKit/537.36 (KHTML, like Gecko) Chrome/90.0.4430.85 Safari/537.36" "213.114.174.244"
192.168.0.1 - - [08/Dec/2024:22:58:52 +0000] "GET /api/v1/login HTTP/1.1" 400 240 "https://miller.com" "Mozilla/5.0 (Windows NT 6.1; WOW64; rv:33.0) Gecko/20100101 Firefox/33.0" "63.6.107.163"
192.168.0.2 - - [28/Nov/2024:22:58:52 +0000] "GET /api/v1/data HTTP/1.1" 401 2318 "https://gay.net" "Mozilla/5.0 (Windows NT 10.0; Win64; x64) AppleWebKit/537.36 (KHTML, like Gecko) Chrome/90.0.4430.85 Safari/537.36" "175.199.192.178"
192.168.0.3 - - [28/Nov/2024:22:58:52 +0000] "GET /api/v1/resource HTTP/1.1" 200 4861 "https://johnston.com" "Mozilla/5.0 (Windows NT 10.0; Win64; x64) AppleWebKit/537.36 (KHTML, like Gecko) Chrome/90.0.4430.85 Safari/537.36" "191.125.184.21"
192.168.0.3 - - [30/Nov/2024:22:58:52 +0000] "GET /api/v1/resource HTTP/1.1" 500 2525 "https://hall.org" "Mozilla/5.0 (Windows NT 10.0; Win64; x64) AppleWebKit/537.36 (KHTML, like Gecko) Chrome/89.0.4389.82 Safari/537.36" "134.255.55.194"
192.168.0.3 - - [14/Nov/2024:22:58:52 +0000] "GET /api/v1/user HTTP/1.1" 401 585 "https://lewis.com" "Mozilla/5.0 (Windows NT 6.1; WOW64; rv:33.0) Gecko/20100101 Firefox/33.0" "27.96.8.220"
192.168.0.2 - - [17/Nov/2024:22:58:52 +0000] "GET /api/v1/resource HTTP/1.1" 200 4677 "https://anderson.org" "Mozilla/5.0 (Windows NT 10.0; Win64; x64) AppleWebKit/537.36 (KHTML, like Gecko) Chrome/90.0.4430.85 Safari/537.36" "219.33.122.192"
192.168.0.2 - - [19/Nov/2024:22:58:52 +0000] "GET /api/v1/status HTTP/1.1" 500 2116 "https://martinez.com" "Mozilla/5.0 (Windows NT 6.1; WOW64; rv:33.0) Gecko/20100101 Firefox/33.0" "140.51.102.113"
192.168.0.2 - - [18/Nov/2024:22:58:52 +0000] "GET /api/v1/user HTTP/1.1" 200 252 "https://smith.com" "Mozilla/5.0 (Windows NT 6.1; WOW64; rv:33.0) Gecko/20100101 Firefox/33.0" "16.49.147.156"
192.168.0.3 - - [13/Nov/2024:22:58:52 +0000] "GET /api/v1/status HTTP/1.1" 200 378 "https://acosta.com" "Mozilla/5.0 (Windows NT 10.0; Win64; x64) AppleWebKit/537.36 (KHTML, like Gecko) Chrome/89.0.4389.82 Safari/537.36" "216.73.186.179"
192.168.0.1 - - [14/Nov/2024:22:58:52 +0000] "GET /api/v1/status HTTP/1.1" 500 3367 "https://choi-vazquez.com" "Mozilla/5.0 (Windows NT 10.0; Win64; x64) AppleWebKit/537.36 (KHTML, like Gecko) Chrome/89.0.4389.82 Safari/537.36" "110.100.10.88"
192.168.0.1 - - [14/Nov/2024:22:58:52 +0000] "GET /api/v1/user HTTP/1.1" 401 625 "https://lawson.com" "Mozilla/5.0 (Windows NT 10.0; Win64; x64) AppleWebKit/537.36 (KHTML, like Gecko) Chrome/90.0.4430.85 Safari/537.36" "116.3.129.89"
192.168.0.1 - - [20/Nov/2024:22:58:52 +0000] "GET /api/v1/data HTTP/1.1" 401 953 "https://marquez.net" "Mozilla/5.0 (Windows NT 6.1; WOW64; rv:33.0) Gecko/20100101 Firefox/33.0" "48.248.241.124"
192.168.0.3 - - [21/Nov/2024:22:58:52 +0000] "GET /api/v1/resource HTTP/1.1" 401 1187 "https://hensley-silva.info" "Mozilla/5.0 (Windows NT 6.1; WOW64; rv:33.0) Gecko/20100101 Firefox/33.0" "26.216.105.114"
192.168.0.2 - - [10/Nov/2024:22:58:52 +0000] "GET /api/v1/status HTTP/1.1" 500 1705 "https://hoffman-roach.com" "Mozilla/5.0 (Windows NT 10.0; Win64; x64) AppleWebKit/537.36 (KHTML, like Gecko) Chrome/89.0.4389.82 Safari/537.36" "131.17.237.82"
192.168.0.2 - - [29/Nov/2024:22:58:52 +0000] "GET /api/v1/login HTTP/1.1" 400 528 "https://shaw.net" "Mozilla/5.0 (Windows NT 10.0; Win64; x64) AppleWebKit/537.36 (KHTML, like Gecko) Chrome/89.0.4389.82 Safari/537.36" "67.57.112.30"
192.168.0.3 - - [15/Nov/2024:22:58:52 +0000] "GET /api/v1/user HTTP/1.1" 401 3627 "https://davis.com" "Mozilla/5.0 (Windows NT 10.0; Win64; x64) AppleWebKit/537.36 (KHTML, like Gecko) Chrome/90.0.4430.85 Safari/537.36" "40.52.13.165"
192.168.0.1 - - [13/Nov/2024:22:58:52 +0000] "GET /api/v1/login HTTP/1.1" 404 2275 "https://brown.net" "Mozilla/5.0 (Windows NT 10.0; Win64; x64) AppleWebKit/537.36 (KHTML, like Gecko) Chrome/89.0.4389.82 Safari/537.36" "178.95.156.170"
192.168.0.2 - - [04/Dec/2024:22:58:52 +0000] "GET /api/v1/data HTTP/1.1" 400 1351 "https://carlson.com" "Mozilla/5.0 (Windows NT 10.0; Win64; x64) AppleWebKit/537.36 (KHTML, like Gecko) Chrome/89.0.4389.82 Safari/537.36" "3.60.96.153"
192.168.0.1 - - [19/Nov/2024:22:58:52 +0000] "GET /api/v1/resource HTTP/1.1" 200 2596 "https://baldwin.biz" "Mozilla/5.0 (Windows NT 10.0; Win64; x64) AppleWebKit/537.36 (KHTML, like Gecko) Chrome/90.0.4430.85 Safari/537.36" "101.197.241.84"
192.168.0.2 - - [28/Nov/2024:22:58:52 +0000] "GET /api/v1/login HTTP/1.1" 401 3107 "https://browning.com" "Mozilla/5.0 (Windows NT 6.1; WOW64; rv:33.0) Gecko/20100101 Firefox/33.0" "121.23.80.91"
192.168.0.2 - - [04/Dec/2024:22:58:52 +0000] "GET /api/v1/data HTTP/1.1" 400 4046 "https://callahan.com" "Mozilla/5.0 (Windows NT 6.1; WOW64; rv:33.0) Gecko/20100101 Firefox/33.0" "120.130.68.252"
192.168.0.3 - - [15/Nov/2024:22:58:52 +0000] "GET /api/v1/data HTTP/1.1" 500 1880 "https://cameron.org" "Mozilla/5.0 (Windows NT 10.0; Win64; x64) AppleWebKit/537.36 (KHTML, like Gecko) Chrome/90.0.4430.85 Safari/537.36" "103.89.154.155"
192.168.0.2 - - [15/Nov/2024:22:58:52 +0000] "GET /api/v1/user HTTP/1.1" 301 4845 "https://graham.com" "Mozilla/5.0 (Windows NT 10.0; Win64; x64) AppleWebKit/537.36 (KHTML, like Gecko) Chrome/89.0.4389.82 Safari/537.36" "77.31.111.181"
192.168.0.3 - - [20/Nov/2024:22:58:52 +0000] "GET /api/v1/resource HTTP/1.1" 200 2434 "https://robbins-williams.com" "Mozilla/5.0 (Windows NT 10.0; Win64; x64) AppleWebKit/537.36 (KHTML, like Gecko) Chrome/89.0.4389.82 Safari/537.36" "29.164.50.203"
192.168.0.1 - - [08/Dec/2024:22:58:52 +0000] "GET /api/v1/user HTTP/1.1" 400 468 "https://ramsey-potter.com" "Mozilla/5.0 (Windows NT 6.1; WOW64; rv:33.0) Gecko/20100101 Firefox/33.0" "68.17.131.175"
192.168.0.2 - - [08/Nov/2024:22:58:52 +0000] "GET /api/v1/data HTTP/1.1" 200 4106 "https://anderson-nash.com" "Mozilla/5.0 (Windows NT 10.0; Win64; x64) AppleWebKit/537.36 (KHTML, like Gecko) Chrome/90.0.4430.85 Safari/537.36" "198.163.225.146"
192.168.0.3 - - [21/Nov/2024:22:58:52 +0000] "GET /api/v1/resource HTTP/1.1" 401 4372 "https://bowen.org" "Mozilla/5.0 (Windows NT 10.0; Win64; x64) AppleWebKit/537.36 (KHTML, like Gecko) Chrome/90.0.4430.85 Safari/537.36" "11.31.114.112"
192.168.0.1 - - [03/Dec/2024:22:58:52 +0000] "GET /api/v1/login HTTP/1.1" 401 1124 "https://adams.biz" "Mozilla/5.0 (Windows NT 6.1; WOW64; rv:33.0) Gecko/20100101 Firefox/33.0" "163.133.28.148"
192.168.0.3 - - [06/Dec/2024:22:58:52 +0000] "GET /api/v1/login HTTP/1.1" 404 2466 "https://garcia-williams.biz" "Mozilla/5.0 (Windows NT 10.0; Win64; x64) AppleWebKit/537.36 (KHTML, like Gecko) Chrome/89.0.4389.82 Safari/537.36" "112.229.128.182"
192.168.0.3 - - [15/Nov/2024:22:58:52 +0000] "GET /api/v1/status HTTP/1.1" 200 778 "https://simmons-tucker.com" "Mozilla/5.0 (Windows NT 10.0; Win64; x64) AppleWebKit/537.36 (KHTML, like Gecko) Chrome/90.0.4430.85 Safari/537.36" "105.166.151.206"
192.168.0.2 - - [17/Nov/2024:22:58:52 +0000] "GET /api/v1/resource HTTP/1.1" 500 1041 "https://gonzalez-ball.com" "Mozilla/5.0 (Windows NT 10.0; Win64; x64) AppleWebKit/537.36 (KHTML, like Gecko) Chrome/89.0.4389.82 Safari/537.36" "65.123.41.202"
192.168.0.2 - - [01/Dec/2024:22:58:52 +0000] "GET /api/v1/status HTTP/1.1" 301 4858 "https://scott.net" "Mozilla/5.0 (Windows NT 10.0; Win64; x64) AppleWebKit/537.36 (KHTML, like Gecko) Chrome/89.0.4389.82 Safari/537.36" "159.186.72.105"
192.168.0.1 - - [13/Nov/2024:22:58:52 +0000] "GET /api/v1/data HTTP/1.1" 404 2482 "https://freeman.com" "Mozilla/5.0 (Windows NT 10.0; Win64; x64) AppleWebKit/537.36 (KHTML, like Gecko) Chrome/90.0.4430.85 Safari/537.36" "3.26.210.208"
192.168.0.2 - - [24/Nov/2024:22:58:52 +0000] "GET /api/v1/user HTTP/1.1" 404 375 "https://black-mccoy.net" "Mozilla/5.0 (Windows NT 10.0; Win64; x64) AppleWebKit/537.36 (KHTML, like Gecko) Chrome/89.0.4389.82 Safari/537.36" "40.135.247.75"
192.168.0.2 - - [10/Nov/2024:22:58:52 +0000] "GET /api/v1/user HTTP/1.1" 301 403 "https://chavez.com" "Mozilla/5.0 (Windows NT 10.0; Win64; x64) AppleWebKit/537.36 (KHTML, like Gecko) Chrome/89.0.4389.82 Safari/537.36" "116.152.91.248"
192.168.0.2 - - [28/Nov/2024:22:58:52 +0000] "GET /api/v1/login HTTP/1.1" 404 2018 "https://salazar-thomas.com" "Mozilla/5.0 (Windows NT 6.1; WOW64; rv:33.0) Gecko/20100101 Firefox/33.0" "58.64.52.18"
192.168.0.1 - - [01/Dec/2024:22:58:52 +0000] "GET /api/v1/user HTTP/1.1" 301 1885 "https://cameron.com" "Mozilla/5.0 (Windows NT 6.1; WOW64; rv:33.0) Gecko/20100101 Firefox/33.0" "137.181.45.35"
192.168.0.2 - - [20/Nov/2024:22:58:52 +0000] "GET /api/v1/status HTTP/1.1" 400 1894 "https://hopkins.org" "Mozilla/5.0 (Windows NT 10.0; Win64; x64) AppleWebKit/537.36 (KHTML, like Gecko) Chrome/90.0.4430.85 Safari/537.36" "41.78.201.181"
192.168.0.2 - - [05/Dec/2024:22:58:52 +0000] "GET /api/v1/resource HTTP/1.1" 301 2524 "https://gordon.com" "Mozilla/5.0 (Windows NT 10.0; Win64; x64) AppleWebKit/537.36 (KHTML, like Gecko) Chrome/89.0.4389.82 Safari/537.36" "103.95.23.223"
192.168.0.2 - - [19/Nov/2024:22:58:52 +0000] "GET /api/v1/user HTTP/1.1" 401 133 "https://henson.com" "Mozilla/5.0 (Windows NT 10.0; Win64; x64) AppleWebKit/537.36 (KHTML, like Gecko) Chrome/90.0.4430.85 Safari/537.36" "109.16.207.147"
192.168.0.2 - - [21/Nov/2024:22:58:52 +0000] "GET /api/v1/user HTTP/1.1" 404 4525 "https://hernandez.com" "Mozilla/5.0 (Windows NT 10.0; Win64; x64) AppleWebKit/537.36 (KHTML, like Gecko) Chrome/89.0.4389.82 Safari/537.36" "219.219.31.13"
